node.exe : npm warn config cache-max This option has been deprecated in favor of `--prefer-online`
At line:1 char:1
+ & "D:\Program Files\nodejs/node.exe" "D:\Program Files\nodejs/node_mo ...
+ ~~~~~~~~~~~~~~~~~~~~~~~~~~~~~~~~~~~~~~~~~~~~~~~~~~~~~~~~~~~~~~~~~~~~~
    + CategoryInfo          : NotSpecified: (npm warn config...-prefer-online`:String) [], RemoteException
    + FullyQualifiedErrorId : NativeCommandError
 

> svaply-frontend@0.1.0 test
> jest --watchAll=false

FAIL src/components/dashboard/modules/__tests__/ProfileModule.test.tsx
  ΓùÅ Console

    console.error
      Warning: `ReactDOMTestUtils.act` is deprecated in favor of `React.act`. Import `act` from `react` instead of 
`react-dom/test-utils`. See https://react.dev/warnings/react-dom-test-utils for more info.

    [0m [90m 19 |[39m describe([32m'ProfileModule'[39m[33m,[39m () [33m=>[39m {
     [90m 20 |[39m   it([32m'renders without crashing'[39m[33m,[39m () [33m=>[39m {
    [31m[1m>[22m[39m[90m 21 |[39m     render([33m<[39m[33mProfileModule[39m user[33m=[39m{mockUser} [3
3m/[39m[33m>[39m)[33m;[39m
     [90m    |[39m           [31m[1m^[22m[39m
     [90m 22 |[39m     expect(screen[33m.[39mgetByText([32m'JD'[39m))[33m.[39mtoBeInTheDocument()[33m;[39
m [90m// UserAvatar initials[39m
     [90m 23 |[39m   })[33m;[39m
     [90m 24 |[39m[0m

      at printWarning (node_modules/react-dom/cjs/react-dom-test-utils.development.js:71:30)
      at error (node_modules/react-dom/cjs/react-dom-test-utils.development.js:45:7)
      at actWithWarning (node_modules/react-dom/cjs/react-dom-test-utils.development.js:1736:7)
      at node_modules/@testing-library/react/dist/act-compat.js:63:25
      at renderRoot (node_modules/@testing-library/react/dist/pure.js:159:26)
      at render (node_modules/@testing-library/react/dist/pure.js:246:10)
      at Object.<anonymous> (src/components/dashboard/modules/__tests__/ProfileModule.test.tsx:21:11)

    console.log
      UserAvatar - user.avatar: undefined

      at log (src/components/dashboard/modules/profile/UserAvatar.tsx:35:11)

    console.log
      UserAvatar - user.avatar_url: undefined

      at log (src/components/dashboard/modules/profile/UserAvatar.tsx:36:11)

    console.log
      UserAvatar - avatarUrl with cache-busting: undefined

      at log (src/components/dashboard/modules/profile/UserAvatar.tsx:37:11)

    console.log
      UserAvatar - user.avatar: undefined

      at log (src/components/dashboard/modules/profile/UserAvatar.tsx:35:11)

    console.log
      UserAvatar - user.avatar_url: undefined

      at log (src/components/dashboard/modules/profile/UserAvatar.tsx:36:11)

    console.log
      UserAvatar - avatarUrl with cache-busting: undefined

      at log (src/components/dashboard/modules/profile/UserAvatar.tsx:37:11)

    console.log
      UserAvatar - user.avatar: undefined

      at log (src/components/dashboard/modules/profile/UserAvatar.tsx:35:11)

    console.log
      UserAvatar - user.avatar_url: undefined

      at log (src/components/dashboard/modules/profile/UserAvatar.tsx:36:11)

    console.log
      UserAvatar - avatarUrl with cache-busting: undefined

      at log (src/components/dashboard/modules/profile/UserAvatar.tsx:37:11)

    console.log
      UserAvatar - user.avatar: undefined

      at log (src/components/dashboard/modules/profile/UserAvatar.tsx:35:11)

    console.log
      UserAvatar - user.avatar_url: undefined

      at log (src/components/dashboard/modules/profile/UserAvatar.tsx:36:11)

    console.log
      UserAvatar - avatarUrl with cache-busting: undefined

      at log (src/components/dashboard/modules/profile/UserAvatar.tsx:37:11)

    console.log
      UserAvatar - user.avatar: undefined

      at log (src/components/dashboard/modules/profile/UserAvatar.tsx:35:11)

    console.log
      UserAvatar - user.avatar_url: undefined

      at log (src/components/dashboard/modules/profile/UserAvatar.tsx:36:11)

    console.log
      UserAvatar - avatarUrl with cache-busting: undefined

      at log (src/components/dashboard/modules/profile/UserAvatar.tsx:37:11)

    console.log
      UserAvatar - user.avatar: undefined

      at log (src/components/dashboard/modules/profile/UserAvatar.tsx:35:11)

    console.log
      UserAvatar - user.avatar_url: undefined

      at log (src/components/dashboard/modules/profile/UserAvatar.tsx:36:11)

    console.log
      UserAvatar - avatarUrl with cache-busting: undefined

      at log (src/components/dashboard/modules/profile/UserAvatar.tsx:37:11)

    console.log
      UserAvatar - user.avatar: undefined

      at log (src/components/dashboard/modules/profile/UserAvatar.tsx:35:11)

    console.log
      UserAvatar - user.avatar_url: undefined

      at log (src/components/dashboard/modules/profile/UserAvatar.tsx:36:11)

    console.log
      UserAvatar - avatarUrl with cache-busting: undefined

      at log (src/components/dashboard/modules/profile/UserAvatar.tsx:37:11)

    console.log
      UserAvatar - user.avatar: undefined

      at log (src/components/dashboard/modules/profile/UserAvatar.tsx:35:11)

    console.log
      UserAvatar - user.avatar_url: undefined

      at log (src/components/dashboard/modules/profile/UserAvatar.tsx:36:11)

    console.log
      UserAvatar - avatarUrl with cache-busting: undefined

      at log (src/components/dashboard/modules/profile/UserAvatar.tsx:37:11)

    console.log
      UserAvatar - user.avatar: undefined

      at log (src/components/dashboard/modules/profile/UserAvatar.tsx:35:11)

    console.log
      UserAvatar - user.avatar_url: undefined

      at log (src/components/dashboard/modules/profile/UserAvatar.tsx:36:11)

    console.log
      UserAvatar - avatarUrl with cache-busting: undefined

      at log (src/components/dashboard/modules/profile/UserAvatar.tsx:37:11)

    console.log
      UserAvatar - user.avatar: undefined

      at log (src/components/dashboard/modules/profile/UserAvatar.tsx:35:11)

    console.log
      UserAvatar - user.avatar_url: undefined

      at log (src/components/dashboard/modules/profile/UserAvatar.tsx:36:11)

    console.log
      UserAvatar - avatarUrl with cache-busting: undefined

      at log (src/components/dashboard/modules/profile/UserAvatar.tsx:37:11)

  ΓùÅ ProfileModule ΓÇ║ handles user with profile picture

    TestingLibraryElementError: Unable to find an element with the alt text: John Doe

    Ignored nodes: comments, script, style
    [36m<body>[39m
      [36m<div>[39m
        [36m<div[39m
          [33mclass[39m=[32m"max-w-2xl mx-auto"[39m
        [36m>[39m
          [36m<div[39m
            [33mclass[39m=[32m"flex items-center gap-6 mb-6"[39m
          [36m>[39m
            [36m<div[39m
              [33mclass[39m=[32m"mb-6 relative inline-block"[39m
            [36m>[39m
              [36m<div[39m
                [33mclass[39m=[32m"w-48 h-48 text-6xl rounded-full mx-auto bg-purple-100 flex items-center justi
fy-center border-4 border-purple-200"[39m
              [36m>[39m
                [36m<span[39m
                  [33mclass[39m=[32m"font-bold text-purple-600"[39m
                [36m>[39m
                  [0mJD[0m
                [36m</span>[39m
              [36m</div>[39m
              [36m<div[39m
                [33mclass[39m=[32m"absolute bottom-0 right-0 z-10"[39m
              [36m>[39m
                [36m<div[39m
                  [33mclass[39m=[32m"relative"[39m
                [36m>[39m
                  [36m<button[39m
                    [33mclass[39m=[32m"bg-purple-600 hover:bg-purple-700 text-white p-2 rounded-full shadow-lg t
ransition-colors disabled:opacity-50 disabled:cursor-not-allowed"[39m
                    [33mtitle[39m=[32m"Prida┼Ñ fotku"[39m
                  [36m>[39m
                    [36m<svg[39m
                      [33maria-hidden[39m=[32m"true"[39m
                      [33mclass[39m=[32m"w-4 h-4"[39m
                      [33mdata-slot[39m=[32m"icon"[39m
                      [33mfill[39m=[32m"none"[39m
                      [33mstroke[39m=[32m"currentColor"[39m
                      [33mstroke-width[39m=[32m"1.5"[39m
                      [33mviewBox[39m=[32m"0 0 24 24"[39m
                      [33mxmlns[39m=[32m"http://www.w3.org/2000/svg"[39m
                    [36m>[39m
                      [36m<path[39m
                        [33md[39m=[32m"M6.827 6.175A2.31 2.31 0 0 1 5.186 7.23c-.38.054-.757.112-1.134.175C2.999
 7.58 2.25 8.507 2.25 9.574V18a2.25 2.25 0 0 0 2.25 2.25h15A2.25 2.25 0 0 0 21.75 18V9.574c0-1.067-.75-1.994-1.802-
2.169a47.865 47.865 0 0 0-1.134-.175 2.31 2.31 0 0 1-1.64-1.055l-.822-1.316a2.192 2.192 0 0 0-1.736-1.039 48.774 48
.774 0 0 0-5.232 0 2.192 2.192 0 0 0-1.736 1.039l-.821 1.316Z"[39m
                        [33mstroke-linecap[39m=[32m"round"[39m
                        [33mstroke-linejoin[39m=[32m"round"[39m
                      [36m/>[39m
                      [36m<path[39m
                        [33md[39m=[32m"M16.5 12.75a4.5 4.5 0 1 1-9 0 4.5 4.5 0 0 1 9 0ZM18.75 10.5h.008v.008h-.0
08V10.5Z"[39m
                        [33mstroke-linecap[39m=[32m"round"[39m
                        [33mstroke-linejoin[39m=[32m"round"[39m
                      [36m/>[39m
                    [36m</svg>[39m
                  [36m</button>[39m
                  [36m<input[39m
                    [33maccept[39m=[32m"image/*"[39m
                    [33mclass[39m=[32m"hidden"[39m
                    [33mtype[39m=[32m"file"[39m
                  [36m/>[39m
                [36m</div>[39m
              [36m</div>[39m
            [36m</div>[39m
            [36m<button[39m
              [33mclass[39m=[32m"px-12 py-2 bg-purple-100 text-purple-800 border border-purple-200 rounded-lg tr
ansition-colors hover:bg-purple-200"[39m
            [36m>[39m
              [0mUpravi┼Ñ profil[0m
            [36m</button>[39m
            [36m<button[39m
              [33mclass[39m=[32m"px-12 py-2 bg-purple-100 text-purple-800 border border-purple-200 rounded-lg tr
ansition-colors hover:bg-purple-200"[39m
            [36m>[39m
              [0mZru─ìnosti[0m
            [36m</button>[39m
          [36m</div>[39m
          [36m<div[39m
            [33mclass[39m=[32m"text-center"[39m
          [36m/>[39m
        [36m</div>[39m
      [36m</div>[39m
    [36m</body>[39m

    [0m [90m 42 |[39m     
     [90m 43 |[39m     render([33m<[39m[33mProfileModule[39m user[33m=[39m{userWithPicture} [33m/[39m[33
m>[39m)[33m;[39m
    [31m[1m>[22m[39m[90m 44 |[39m     [36mconst[39m img [33m=[39m screen[33m.[39mgetByAltText([32m'Joh
n Doe'[39m)[33m;[39m
     [90m    |[39m                        [31m[1m^[22m[39m
     [90m 45 |[39m     expect(img)[33m.[39mtoBeInTheDocument()[33m;[39m
     [90m 46 |[39m   })[33m;[39m
     [90m 47 |[39m[0m

      at Object.getElementError (node_modules/@testing-library/react/node_modules/@testing-library/dom/dist/config.
js:37:19)
      at node_modules/@testing-library/react/node_modules/@testing-library/dom/dist/query-helpers.js:76:38
      at node_modules/@testing-library/react/node_modules/@testing-library/dom/dist/query-helpers.js:52:17
      at node_modules/@testing-library/react/node_modules/@testing-library/dom/dist/query-helpers.js:95:19
      at Object.getByAltText (src/components/dashboard/modules/__tests__/ProfileModule.test.tsx:44:24)

FAIL src/components/dashboard/__tests__/SearchModule.test.tsx
  ΓùÅ Console

    console.error
      Warning: `ReactDOMTestUtils.act` is deprecated in favor of `React.act`. Import `act` from `react` instead of 
`react-dom/test-utils`. See https://react.dev/warnings/react-dom-test-utils for more info.

    [0m [90m 12 |[39m describe([32m'SearchModule'[39m[33m,[39m () [33m=>[39m {
     [90m 13 |[39m   it([32m'renders search header'[39m[33m,[39m () [33m=>[39m {
    [31m[1m>[22m[39m[90m 14 |[39m     render([33m<[39m[33mSearchModule[39m [33m/[39m[33m>[39m)[33m;
[39m
     [90m    |[39m           [31m[1m^[22m[39m
     [90m 15 |[39m     
     [90m 16 |[39m     expect(screen[33m.[39mgetByText([32m'Vyh─╛ad├ívanie zru─ìnost├¡'[39m))[33m.[39mtoBeI
nTheDocument()[33m;[39m
     [90m 17 |[39m   })[33m;[39m[0m

      at printWarning (node_modules/react-dom/cjs/react-dom-test-utils.development.js:71:30)
      at error (node_modules/react-dom/cjs/react-dom-test-utils.development.js:45:7)
      at actWithWarning (node_modules/react-dom/cjs/react-dom-test-utils.development.js:1736:7)
      at node_modules/@testing-library/react/dist/act-compat.js:63:25
      at renderRoot (node_modules/@testing-library/react/dist/pure.js:159:26)
      at render (node_modules/@testing-library/react/dist/pure.js:246:10)
      at Object.<anonymous> (src/components/dashboard/__tests__/SearchModule.test.tsx:14:11)

  ΓùÅ SearchModule ΓÇ║ renders search header

    TestingLibraryElementError: Unable to find an element with the text: Vyh─╛ad├ívanie zru─ìnost├¡. This could be 
because the text is broken up by multiple elements. In this case, you can provide a function for your text matcher 
to make your matcher more flexible.

    Ignored nodes: comments, script, style
    [36m<body>[39m
      [36m<div>[39m
        [36m<div[39m
          [33mclass[39m=[32m"max-w-4xl mx-auto"[39m
        [36m>[39m
          [36m<div[39m
            [33mclass[39m=[32m"bg-white rounded-xl shadow-sm border border-gray-200 p-6 mb-6"[39m
          [36m>[39m
            [36m<h2[39m
              [33mclass[39m=[32m"text-2xl font-bold text-gray-900 mb-6"[39m
            [36m>[39m
              [0mVyh─╛ad├ívanie[0m
            [36m</h2>[39m
            [36m<div[39m
              [33mclass[39m=[32m"relative"[39m
            [36m>[39m
              [36m<div[39m
                [33mclass[39m=[32m"absolute inset-y-0 left-0 pl-3 flex items-center pointer-events-none"[39m
              [36m>[39m
                [36m<svg[39m
                  [33maria-hidden[39m=[32m"true"[39m
                  [33mclass[39m=[32m"h-5 w-5 text-gray-400"[39m
                  [33mdata-slot[39m=[32m"icon"[39m
                  [33mfill[39m=[32m"none"[39m
                  [33mstroke[39m=[32m"currentColor"[39m
                  [33mstroke-width[39m=[32m"1.5"[39m
                  [33mviewBox[39m=[32m"0 0 24 24"[39m
                  [33mxmlns[39m=[32m"http://www.w3.org/2000/svg"[39m
                [36m>[39m
                  [36m<path[39m
                    [33md[39m=[32m"m21 21-5.197-5.197m0 0A7.5 7.5 0 1 0 5.196 5.196a7.5 7.5 0 0 0 10.607 10.607Z
"[39m
                    [33mstroke-linecap[39m=[32m"round"[39m
                    [33mstroke-linejoin[39m=[32m"round"[39m
                  [36m/>[39m
                [36m</svg>[39m
              [36m</div>[39m
              [36m<input[39m
                [33mclass[39m=[32m"block w-full pl-10 pr-3 py-3 border border-gray-300 rounded-lg focus:ring-2 f
ocus:ring-purple-500 focus:border-transparent"[39m
                [33mplaceholder[39m=[32m"H─╛ada┼Ñ pou┼╛├¡vate─╛ov, zru─ìnosti..."[39m
                [33mtype[39m=[32m"text"[39m
                [33mvalue[39m=[32m""[39m
              [36m/>[39m
            [36m</div>[39m
          [36m</div>[39m
          [36m<div[39m
            [33mclass[39m=[32m"text-center py-12"[39m
          [36m>[39m
            [36m<svg[39m
              [33maria-hidden[39m=[32m"true"[39m
              [33mclass[39m=[32m"w-16 h-16 text-gray-300 mx-auto mb-4"[39m
              [33mdata-slot[39m=[32m"icon"[39m
              [33mfill[39m=[32m"none"[39m
              [33mstroke[39m=[32m"currentColor"[39m
              [33mstroke-width[39m=[32m"1.5"[39m
              [33mviewBox[39m=[32m"0 0 24 24"[39m
              [33mxmlns[39m=[32m"http://www.w3.org/2000/svg"[39m
            [36m>[39m
              [36m<path[39m
                [33md[39m=[32m"m21 21-5.197-5.197m0 0A7.5 7.5 0 1 0 5.196 5.196a7.5 7.5 0 0 0 10.607 10.607Z"[3
9m
                [33mstroke-linecap[39m=[32m"round"[39m
                [33mstroke-linejoin[39m=[32m"round"[39m
              [36m/>[39m
            [36m</svg>[39m
            [36m<h3[39m
              [33mclass[39m=[32m"text-lg font-medium text-gray-900 mb-2"[39m
            [36m>[39m
              [0mZa─ìnite vyh─╛ad├íva┼Ñ[0m
            [36m</h3>[39m
            [36m<p[39m
              [33mclass[39m=[32m"text-gray-500"[39m
            [36m>[39m
              [0mN├íjdite pou┼╛├¡vate─╛ov so zru─ìnos┼Ñami, ktor├⌐ potrebujete[0m
            [36m</p>[39m
          [36m</div>[39m
        [36m</div>[39m
      [36m</div>[39m
    [36m</body>[39m

    [0m [90m 14 |[39m     render([33m<[39m[33mSearchModule[39m [33m/[39m[33m>[39m)[33m;[39m
     [90m 15 |[39m     
    [31m[1m>[22m[39m[90m 16 |[39m     expect(screen[33m.[39mgetByText([32m'Vyh─╛ad├ívanie zru─ìnost├¡'[39
m))[33m.[39mtoBeInTheDocument()[33m;[39m
     [90m    |[39m                   [31m[1m^[22m[39m
     [90m 17 |[39m   })[33m;[39m
     [90m 18 |[39m
     [90m 19 |[39m   it([32m'renders search input with placeholder'[39m[33m,[39m () [33m=>[39m {[0m

      at Object.getElementError (node_modules/@testing-library/react/node_modules/@testing-library/dom/dist/config.
js:37:19)
      at node_modules/@testing-library/react/node_modules/@testing-library/dom/dist/query-helpers.js:76:38
      at node_modules/@testing-library/react/node_modules/@testing-library/dom/dist/query-helpers.js:52:17
      at node_modules/@testing-library/react/node_modules/@testing-library/dom/dist/query-helpers.js:95:19
      at Object.getByText (src/components/dashboard/__tests__/SearchModule.test.tsx:16:19)

  ΓùÅ SearchModule ΓÇ║ renders search input with placeholder

    TestingLibraryElementError: Unable to find an element with the placeholder text of: H─╛ada┼Ñ zru─ìnosti, pou┼╛├
¡vate─╛ov alebo kateg├│rie...

    Ignored nodes: comments, script, style
    [36m<body>[39m
      [36m<div>[39m
        [36m<div[39m
          [33mclass[39m=[32m"max-w-4xl mx-auto"[39m
        [36m>[39m
          [36m<div[39m
            [33mclass[39m=[32m"bg-white rounded-xl shadow-sm border border-gray-200 p-6 mb-6"[39m
          [36m>[39m
            [36m<h2[39m
              [33mclass[39m=[32m"text-2xl font-bold text-gray-900 mb-6"[39m
            [36m>[39m
              [0mVyh─╛ad├ívanie[0m
            [36m</h2>[39m
            [36m<div[39m
              [33mclass[39m=[32m"relative"[39m
            [36m>[39m
              [36m<div[39m
                [33mclass[39m=[32m"absolute inset-y-0 left-0 pl-3 flex items-center pointer-events-none"[39m
              [36m>[39m
                [36m<svg[39m
                  [33maria-hidden[39m=[32m"true"[39m
                  [33mclass[39m=[32m"h-5 w-5 text-gray-400"[39m
                  [33mdata-slot[39m=[32m"icon"[39m
                  [33mfill[39m=[32m"none"[39m
                  [33mstroke[39m=[32m"currentColor"[39m
                  [33mstroke-width[39m=[32m"1.5"[39m
                  [33mviewBox[39m=[32m"0 0 24 24"[39m
                  [33mxmlns[39m=[32m"http://www.w3.org/2000/svg"[39m
                [36m>[39m
                  [36m<path[39m
                    [33md[39m=[32m"m21 21-5.197-5.197m0 0A7.5 7.5 0 1 0 5.196 5.196a7.5 7.5 0 0 0 10.607 10.607Z
"[39m
                    [33mstroke-linecap[39m=[32m"round"[39m
                    [33mstroke-linejoin[39m=[32m"round"[39m
                  [36m/>[39m
                [36m</svg>[39m
              [36m</div>[39m
              [36m<input[39m
                [33mclass[39m=[32m"block w-full pl-10 pr-3 py-3 border border-gray-300 rounded-lg focus:ring-2 f
ocus:ring-purple-500 focus:border-transparent"[39m
                [33mplaceholder[39m=[32m"H─╛ada┼Ñ pou┼╛├¡vate─╛ov, zru─ìnosti..."[39m
                [33mtype[39m=[32m"text"[39m
                [33mvalue[39m=[32m""[39m
              [36m/>[39m
            [36m</div>[39m
          [36m</div>[39m
          [36m<div[39m
            [33mclass[39m=[32m"text-center py-12"[39m
          [36m>[39m
            [36m<svg[39m
              [33maria-hidden[39m=[32m"true"[39m
              [33mclass[39m=[32m"w-16 h-16 text-gray-300 mx-auto mb-4"[39m
              [33mdata-slot[39m=[32m"icon"[39m
              [33mfill[39m=[32m"none"[39m
              [33mstroke[39m=[32m"currentColor"[39m
              [33mstroke-width[39m=[32m"1.5"[39m
              [33mviewBox[39m=[32m"0 0 24 24"[39m
              [33mxmlns[39m=[32m"http://www.w3.org/2000/svg"[39m
            [36m>[39m
              [36m<path[39m
                [33md[39m=[32m"m21 21-5.197-5.197m0 0A7.5 7.5 0 1 0 5.196 5.196a7.5 7.5 0 0 0 10.607 10.607Z"[3
9m
                [33mstroke-linecap[39m=[32m"round"[39m
                [33mstroke-linejoin[39m=[32m"round"[39m
              [36m/>[39m
            [36m</svg>[39m
            [36m<h3[39m
              [33mclass[39m=[32m"text-lg font-medium text-gray-900 mb-2"[39m
            [36m>[39m
              [0mZa─ìnite vyh─╛ad├íva┼Ñ[0m
            [36m</h3>[39m
            [36m<p[39m
              [33mclass[39m=[32m"text-gray-500"[39m
            [36m>[39m
              [0mN├íjdite pou┼╛├¡vate─╛ov so zru─ìnos┼Ñami, ktor├⌐ potrebujete[0m
            [36m</p>[39m
          [36m</div>[39m
        [36m</div>[39m
      [36m</div>[39m
    [36m</body>[39m

    [0m [90m 20 |[39m     render([33m<[39m[33mSearchModule[39m [33m/[39m[33m>[39m)[33m;[39m
     [90m 21 |[39m     
    [31m[1m>[22m[39m[90m 22 |[39m     [36mconst[39m searchInput [33m=[39m screen[33m.[39mgetByPlacehold
erText([32m'H─╛ada┼Ñ zru─ìnosti, pou┼╛├¡vate─╛ov alebo kateg├│rie...'[39m)[33m;[39m
     [90m    |[39m                                [31m[1m^[22m[39m
     [90m 23 |[39m     expect(searchInput)[33m.[39mtoBeInTheDocument()[33m;[39m
     [90m 24 |[39m   })[33m;[39m
     [90m 25 |[39m[0m

      at Object.getElementError (node_modules/@testing-library/react/node_modules/@testing-library/dom/dist/config.
js:37:19)
      at node_modules/@testing-library/react/node_modules/@testing-library/dom/dist/query-helpers.js:76:38
      at node_modules/@testing-library/react/node_modules/@testing-library/dom/dist/query-helpers.js:52:17
      at node_modules/@testing-library/react/node_modules/@testing-library/dom/dist/query-helpers.js:95:19
      at Object.getByPlaceholderText (src/components/dashboard/__tests__/SearchModule.test.tsx:22:32)

  ΓùÅ SearchModule ΓÇ║ updates search query when typing

    TestingLibraryElementError: Unable to find an element with the placeholder text of: H─╛ada┼Ñ zru─ìnosti, pou┼╛├
¡vate─╛ov alebo kateg├│rie...

    Ignored nodes: comments, script, style
    [36m<body>[39m
      [36m<div>[39m
        [36m<div[39m
          [33mclass[39m=[32m"max-w-4xl mx-auto"[39m
        [36m>[39m
          [36m<div[39m
            [33mclass[39m=[32m"bg-white rounded-xl shadow-sm border border-gray-200 p-6 mb-6"[39m
          [36m>[39m
            [36m<h2[39m
              [33mclass[39m=[32m"text-2xl font-bold text-gray-900 mb-6"[39m
            [36m>[39m
              [0mVyh─╛ad├ívanie[0m
            [36m</h2>[39m
            [36m<div[39m
              [33mclass[39m=[32m"relative"[39m
            [36m>[39m
              [36m<div[39m
                [33mclass[39m=[32m"absolute inset-y-0 left-0 pl-3 flex items-center pointer-events-none"[39m
              [36m>[39m
                [36m<svg[39m
                  [33maria-hidden[39m=[32m"true"[39m
                  [33mclass[39m=[32m"h-5 w-5 text-gray-400"[39m
                  [33mdata-slot[39m=[32m"icon"[39m
                  [33mfill[39m=[32m"none"[39m
                  [33mstroke[39m=[32m"currentColor"[39m
                  [33mstroke-width[39m=[32m"1.5"[39m
                  [33mviewBox[39m=[32m"0 0 24 24"[39m
                  [33mxmlns[39m=[32m"http://www.w3.org/2000/svg"[39m
                [36m>[39m
                  [36m<path[39m
                    [33md[39m=[32m"m21 21-5.197-5.197m0 0A7.5 7.5 0 1 0 5.196 5.196a7.5 7.5 0 0 0 10.607 10.607Z
"[39m
                    [33mstroke-linecap[39m=[32m"round"[39m
                    [33mstroke-linejoin[39m=[32m"round"[39m
                  [36m/>[39m
                [36m</svg>[39m
              [36m</div>[39m
              [36m<input[39m
                [33mclass[39m=[32m"block w-full pl-10 pr-3 py-3 border border-gray-300 rounded-lg focus:ring-2 f
ocus:ring-purple-500 focus:border-transparent"[39m
                [33mplaceholder[39m=[32m"H─╛ada┼Ñ pou┼╛├¡vate─╛ov, zru─ìnosti..."[39m
                [33mtype[39m=[32m"text"[39m
                [33mvalue[39m=[32m""[39m
              [36m/>[39m
            [36m</div>[39m
          [36m</div>[39m
          [36m<div[39m
            [33mclass[39m=[32m"text-center py-12"[39m
          [36m>[39m
            [36m<svg[39m
              [33maria-hidden[39m=[32m"true"[39m
              [33mclass[39m=[32m"w-16 h-16 text-gray-300 mx-auto mb-4"[39m
              [33mdata-slot[39m=[32m"icon"[39m
              [33mfill[39m=[32m"none"[39m
              [33mstroke[39m=[32m"currentColor"[39m
              [33mstroke-width[39m=[32m"1.5"[39m
              [33mviewBox[39m=[32m"0 0 24 24"[39m
              [33mxmlns[39m=[32m"http://www.w3.org/2000/svg"[39m
            [36m>[39m
              [36m<path[39m
                [33md[39m=[32m"m21 21-5.197-5.197m0 0A7.5 7.5 0 1 0 5.196 5.196a7.5 7.5 0 0 0 10.607 10.607Z"[3
9m
                [33mstroke-linecap[39m=[32m"round"[39m
                [33mstroke-linejoin[39m=[32m"round"[39m
              [36m/>[39m
            [36m</svg>[39m
            [36m<h3[39m
              [33mclass[39m=[32m"text-lg font-medium text-gray-900 mb-2"[39m
            [36m>[39m
              [0mZa─ìnite vyh─╛ad├íva┼Ñ[0m
            [36m</h3>[39m
            [36m<p[39m
              [33mclass[39m=[32m"text-gray-500"[39m
            [36m>[39m
              [0mN├íjdite pou┼╛├¡vate─╛ov so zru─ìnos┼Ñami, ktor├⌐ potrebujete[0m
            [36m</p>[39m
          [36m</div>[39m
        [36m</div>[39m
      [36m</div>[39m
    [36m</body>[39m

    [0m [90m 27 |[39m     render([33m<[39m[33mSearchModule[39m [33m/[39m[33m>[39m)[33m;[39m
     [90m 28 |[39m     
    [31m[1m>[22m[39m[90m 29 |[39m     [36mconst[39m searchInput [33m=[39m screen[33m.[39mgetByPlacehold
erText([32m'H─╛ada┼Ñ zru─ìnosti, pou┼╛├¡vate─╛ov alebo kateg├│rie...'[39m)[33m;[39m
     [90m    |[39m                                [31m[1m^[22m[39m
     [90m 30 |[39m     fireEvent[33m.[39mchange(searchInput[33m,[39m { target[33m:[39m { value[33m:[39m 
[32m'React'[39m } })[33m;[39m
     [90m 31 |[39m     
     [90m 32 |[39m     expect(searchInput)[33m.[39mtoHaveValue([32m'React'[39m)[33m;[39m[0m

      at Object.getElementError (node_modules/@testing-library/react/node_modules/@testing-library/dom/dist/config.
js:37:19)
      at node_modules/@testing-library/react/node_modules/@testing-library/dom/dist/query-helpers.js:76:38
      at node_modules/@testing-library/react/node_modules/@testing-library/dom/dist/query-helpers.js:52:17
      at node_modules/@testing-library/react/node_modules/@testing-library/dom/dist/query-helpers.js:95:19
      at Object.getByPlaceholderText (src/components/dashboard/__tests__/SearchModule.test.tsx:29:32)

  ΓùÅ SearchModule ΓÇ║ shows filters when filter button is clicked

    TestingLibraryElementError: Unable to find an accessible element with the role "button" and name `/filter/i`

    Here are the accessible roles:

      heading:

      Name "Vyh─╛ad├ívanie":
      [36m<h2[39m
        [33mclass[39m=[32m"text-2xl font-bold text-gray-900 mb-6"[39m
      [36m/>[39m

      Name "Za─ìnite vyh─╛ad├íva┼Ñ":
      [36m<h3[39m
        [33mclass[39m=[32m"text-lg font-medium text-gray-900 mb-2"[39m
      [36m/>[39m

      --------------------------------------------------
      textbox:

      Name "":
      [36m<input[39m
        [33mclass[39m=[32m"block w-full pl-10 pr-3 py-3 border border-gray-300 rounded-lg focus:ring-2 focus:rin
g-purple-500 focus:border-transparent"[39m
        [33mplaceholder[39m=[32m"H─╛ada┼Ñ pou┼╛├¡vate─╛ov, zru─ìnosti..."[39m
        [33mtype[39m=[32m"text"[39m
        [33mvalue[39m=[32m""[39m
      [36m/>[39m

      --------------------------------------------------

    Ignored nodes: comments, script, style
    [36m<body>[39m
      [36m<div>[39m
        [36m<div[39m
          [33mclass[39m=[32m"max-w-4xl mx-auto"[39m
        [36m>[39m
          [36m<div[39m
            [33mclass[39m=[32m"bg-white rounded-xl shadow-sm border border-gray-200 p-6 mb-6"[39m
          [36m>[39m
            [36m<h2[39m
              [33mclass[39m=[32m"text-2xl font-bold text-gray-900 mb-6"[39m
            [36m>[39m
              [0mVyh─╛ad├ívanie[0m
            [36m</h2>[39m
            [36m<div[39m
              [33mclass[39m=[32m"relative"[39m
            [36m>[39m
              [36m<div[39m
                [33mclass[39m=[32m"absolute inset-y-0 left-0 pl-3 flex items-center pointer-events-none"[39m
              [36m>[39m
                [36m<svg[39m
                  [33maria-hidden[39m=[32m"true"[39m
                  [33mclass[39m=[32m"h-5 w-5 text-gray-400"[39m
                  [33mdata-slot[39m=[32m"icon"[39m
                  [33mfill[39m=[32m"none"[39m
                  [33mstroke[39m=[32m"currentColor"[39m
                  [33mstroke-width[39m=[32m"1.5"[39m
                  [33mviewBox[39m=[32m"0 0 24 24"[39m
                  [33mxmlns[39m=[32m"http://www.w3.org/2000/svg"[39m
                [36m>[39m
                  [36m<path[39m
                    [33md[39m=[32m"m21 21-5.197-5.197m0 0A7.5 7.5 0 1 0 5.196 5.196a7.5 7.5 0 0 0 10.607 10.607Z
"[39m
                    [33mstroke-linecap[39m=[32m"round"[39m
                    [33mstroke-linejoin[39m=[32m"round"[39m
                  [36m/>[39m
                [36m</svg>[39m
              [36m</div>[39m
              [36m<input[39m
                [33mclass[39m=[32m"block w-full pl-10 pr-3 py-3 border border-gray-300 rounded-lg focus:ring-2 f
ocus:ring-purple-500 focus:border-transparent"[39m
                [33mplaceholder[39m=[32m"H─╛ada┼Ñ pou┼╛├¡vate─╛ov, zru─ìnosti..."[39m
                [33mtype[39m=[32m"text"[39m
                [33mvalue[39m=[32m""[39m
              [36m/>[39m
            [36m</div>[39m
          [36m</div>[39m
          [36m<div[39m
            [33mclass[39m=[32m"text-center py-12"[39m
          [36m>[39m
            [36m<svg[39m
              [33maria-hidden[39m=[32m"true"[39m
              [33mclass[39m=[32m"w-16 h-16 text-gray-300 mx-auto mb-4"[39m
              [33mdata-slot[39m=[32m"icon"[39m
              [33mfill[39m=[32m"none"[39m
              [33mstroke[39m=[32m"currentColor"[39m
              [33mstroke-width[39m=[32m"1.5"[39m
              [33mviewBox[39m=[32m"0 0 24 24"[39m
              [33mxmlns[39m=[32m"http://www.w3.org/2000/svg"[39m
            [36m>[39m
              [36m<path[39m
                [33md[39m=[32m"m21 21-5.197-5.197m0 0A7.5 7.5 0 1 0 5.196 5.196a7.5 7.5 0 0 0 10.607 10.607Z"[3
9m
                [33mstroke-linecap[39m=[32m"round"[39m
                [33mstroke-linejoin[39m=[32m"round"[39m
              [36m/>[39m
            [36m</svg>[39m
            [36m<h3[39m
              [33mclass[39m=[32m"text-lg font-medium text-gray-900 mb-2"[39m
            [36m>[39m
              [0mZa─ìnite vyh─╛ad├íva┼Ñ[0m
            [36m</h3>[39m
            [36m<p[39m
              [33mclass[39m=[32m"text-gray-500"[39m
            [36m>[39m
              [0mN├íjdite pou┼╛├¡vate─╛ov so zru─ìnos┼Ñami, ktor├⌐ potrebujete[0m
            [36m</p>[39m
          [36m</div>[39m
        [36m</div>[39m
      [36m</div>[39m
    [36m</body>[39m

    [0m [90m 36 |[39m     render([33m<[39m[33mSearchModule[39m [33m/[39m[33m>[39m)[33m;[39m
     [90m 37 |[39m     
    [31m[1m>[22m[39m[90m 38 |[39m     [36mconst[39m filterButton [33m=[39m screen[33m.[39mgetByRole([3
2m'button'[39m[33m,[39m { name[33m:[39m [35m/filter/i[39m })[33m;[39m
     [90m    |[39m                                 [31m[1m^[22m[39m
     [90m 39 |[39m     fireEvent[33m.[39mclick(filterButton)[33m;[39m
     [90m 40 |[39m     
     [90m 41 |[39m     expect(screen[33m.[39mgetByText([32m'Kateg├│ria'[39m))[33m.[39mtoBeInTheDocument()[
33m;[39m[0m

      at Object.getElementError (node_modules/@testing-library/react/node_modules/@testing-library/dom/dist/config.
js:37:19)
      at node_modules/@testing-library/react/node_modules/@testing-library/dom/dist/query-helpers.js:76:38
      at node_modules/@testing-library/react/node_modules/@testing-library/dom/dist/query-helpers.js:52:17
      at node_modules/@testing-library/react/node_modules/@testing-library/dom/dist/query-helpers.js:95:19
      at Object.getByRole (src/components/dashboard/__tests__/SearchModule.test.tsx:38:33)

  ΓùÅ SearchModule ΓÇ║ hides filters when filter button is clicked again

    TestingLibraryElementError: Unable to find an accessible element with the role "button" and name `/filter/i`

    Here are the accessible roles:

      heading:

      Name "Vyh─╛ad├ívanie":
      [36m<h2[39m
        [33mclass[39m=[32m"text-2xl font-bold text-gray-900 mb-6"[39m
      [36m/>[39m

      Name "Za─ìnite vyh─╛ad├íva┼Ñ":
      [36m<h3[39m
        [33mclass[39m=[32m"text-lg font-medium text-gray-900 mb-2"[39m
      [36m/>[39m

      --------------------------------------------------
      textbox:

      Name "":
      [36m<input[39m
        [33mclass[39m=[32m"block w-full pl-10 pr-3 py-3 border border-gray-300 rounded-lg focus:ring-2 focus:rin
g-purple-500 focus:border-transparent"[39m
        [33mplaceholder[39m=[32m"H─╛ada┼Ñ pou┼╛├¡vate─╛ov, zru─ìnosti..."[39m
        [33mtype[39m=[32m"text"[39m
        [33mvalue[39m=[32m""[39m
      [36m/>[39m

      --------------------------------------------------

    Ignored nodes: comments, script, style
    [36m<body>[39m
      [36m<div>[39m
        [36m<div[39m
          [33mclass[39m=[32m"max-w-4xl mx-auto"[39m
        [36m>[39m
          [36m<div[39m
            [33mclass[39m=[32m"bg-white rounded-xl shadow-sm border border-gray-200 p-6 mb-6"[39m
          [36m>[39m
            [36m<h2[39m
              [33mclass[39m=[32m"text-2xl font-bold text-gray-900 mb-6"[39m
            [36m>[39m
              [0mVyh─╛ad├ívanie[0m
            [36m</h2>[39m
            [36m<div[39m
              [33mclass[39m=[32m"relative"[39m
            [36m>[39m
              [36m<div[39m
                [33mclass[39m=[32m"absolute inset-y-0 left-0 pl-3 flex items-center pointer-events-none"[39m
              [36m>[39m
                [36m<svg[39m
                  [33maria-hidden[39m=[32m"true"[39m
                  [33mclass[39m=[32m"h-5 w-5 text-gray-400"[39m
                  [33mdata-slot[39m=[32m"icon"[39m
                  [33mfill[39m=[32m"none"[39m
                  [33mstroke[39m=[32m"currentColor"[39m
                  [33mstroke-width[39m=[32m"1.5"[39m
                  [33mviewBox[39m=[32m"0 0 24 24"[39m
                  [33mxmlns[39m=[32m"http://www.w3.org/2000/svg"[39m
                [36m>[39m
                  [36m<path[39m
                    [33md[39m=[32m"m21 21-5.197-5.197m0 0A7.5 7.5 0 1 0 5.196 5.196a7.5 7.5 0 0 0 10.607 10.607Z
"[39m
                    [33mstroke-linecap[39m=[32m"round"[39m
                    [33mstroke-linejoin[39m=[32m"round"[39m
                  [36m/>[39m
                [36m</svg>[39m
              [36m</div>[39m
              [36m<input[39m
                [33mclass[39m=[32m"block w-full pl-10 pr-3 py-3 border border-gray-300 rounded-lg focus:ring-2 f
ocus:ring-purple-500 focus:border-transparent"[39m
                [33mplaceholder[39m=[32m"H─╛ada┼Ñ pou┼╛├¡vate─╛ov, zru─ìnosti..."[39m
                [33mtype[39m=[32m"text"[39m
                [33mvalue[39m=[32m""[39m
              [36m/>[39m
            [36m</div>[39m
          [36m</div>[39m
          [36m<div[39m
            [33mclass[39m=[32m"text-center py-12"[39m
          [36m>[39m
            [36m<svg[39m
              [33maria-hidden[39m=[32m"true"[39m
              [33mclass[39m=[32m"w-16 h-16 text-gray-300 mx-auto mb-4"[39m
              [33mdata-slot[39m=[32m"icon"[39m
              [33mfill[39m=[32m"none"[39m
              [33mstroke[39m=[32m"currentColor"[39m
              [33mstroke-width[39m=[32m"1.5"[39m
              [33mviewBox[39m=[32m"0 0 24 24"[39m
              [33mxmlns[39m=[32m"http://www.w3.org/2000/svg"[39m
            [36m>[39m
              [36m<path[39m
                [33md[39m=[32m"m21 21-5.197-5.197m0 0A7.5 7.5 0 1 0 5.196 5.196a7.5 7.5 0 0 0 10.607 10.607Z"[3
9m
                [33mstroke-linecap[39m=[32m"round"[39m
                [33mstroke-linejoin[39m=[32m"round"[39m
              [36m/>[39m
            [36m</svg>[39m
            [36m<h3[39m
              [33mclass[39m=[32m"text-lg font-medium text-gray-900 mb-2"[39m
            [36m>[39m
              [0mZa─ìnite vyh─╛ad├íva┼Ñ[0m
            [36m</h3>[39m
            [36m<p[39m
              [33mclass[39m=[32m"text-gray-500"[39m
            [36m>[39m
              [0mN├íjdite pou┼╛├¡vate─╛ov so zru─ìnos┼Ñami, ktor├⌐ potrebujete[0m
            [36m</p>[39m
          [36m</div>[39m
        [36m</div>[39m
      [36m</div>[39m
    [36m</body>[39m

    [0m [90m 47 |[39m     render([33m<[39m[33mSearchModule[39m [33m/[39m[33m>[39m)[33m;[39m
     [90m 48 |[39m     
    [31m[1m>[22m[39m[90m 49 |[39m     [36mconst[39m filterButton [33m=[39m screen[33m.[39mgetByRole([3
2m'button'[39m[33m,[39m { name[33m:[39m [35m/filter/i[39m })[33m;[39m
     [90m    |[39m                                 [31m[1m^[22m[39m
     [90m 50 |[39m     
     [90m 51 |[39m     [90m// Open filters[39m
     [90m 52 |[39m     fireEvent[33m.[39mclick(filterButton)[33m;[39m[0m

      at Object.getElementError (node_modules/@testing-library/react/node_modules/@testing-library/dom/dist/config.
js:37:19)
      at node_modules/@testing-library/react/node_modules/@testing-library/dom/dist/query-helpers.js:76:38
      at node_modules/@testing-library/react/node_modules/@testing-library/dom/dist/query-helpers.js:52:17
      at node_modules/@testing-library/react/node_modules/@testing-library/dom/dist/query-helpers.js:95:19
      at Object.getByRole (src/components/dashboard/__tests__/SearchModule.test.tsx:49:33)

  ΓùÅ SearchModule ΓÇ║ renders search results section

    TestingLibraryElementError: Unable to find an element with the text: V├╜sledky vyh─╛ad├ívania. This could be be
cause the text is broken up by multiple elements. In this case, you can provide a function for your text matcher to
 make your matcher more flexible.

    Ignored nodes: comments, script, style
    [36m<body>[39m
      [36m<div>[39m
        [36m<div[39m
          [33mclass[39m=[32m"max-w-4xl mx-auto"[39m
        [36m>[39m
          [36m<div[39m
            [33mclass[39m=[32m"bg-white rounded-xl shadow-sm border border-gray-200 p-6 mb-6"[39m
          [36m>[39m
            [36m<h2[39m
              [33mclass[39m=[32m"text-2xl font-bold text-gray-900 mb-6"[39m
            [36m>[39m
              [0mVyh─╛ad├ívanie[0m
            [36m</h2>[39m
            [36m<div[39m
              [33mclass[39m=[32m"relative"[39m
            [36m>[39m
              [36m<div[39m
                [33mclass[39m=[32m"absolute inset-y-0 left-0 pl-3 flex items-center pointer-events-none"[39m
              [36m>[39m
                [36m<svg[39m
                  [33maria-hidden[39m=[32m"true"[39m
                  [33mclass[39m=[32m"h-5 w-5 text-gray-400"[39m
                  [33mdata-slot[39m=[32m"icon"[39m
                  [33mfill[39m=[32m"none"[39m
                  [33mstroke[39m=[32m"currentColor"[39m
                  [33mstroke-width[39m=[32m"1.5"[39m
                  [33mviewBox[39m=[32m"0 0 24 24"[39m
                  [33mxmlns[39m=[32m"http://www.w3.org/2000/svg"[39m
                [36m>[39m
                  [36m<path[39m
                    [33md[39m=[32m"m21 21-5.197-5.197m0 0A7.5 7.5 0 1 0 5.196 5.196a7.5 7.5 0 0 0 10.607 10.607Z
"[39m
                    [33mstroke-linecap[39m=[32m"round"[39m
                    [33mstroke-linejoin[39m=[32m"round"[39m
                  [36m/>[39m
                [36m</svg>[39m
              [36m</div>[39m
              [36m<input[39m
                [33mclass[39m=[32m"block w-full pl-10 pr-3 py-3 border border-gray-300 rounded-lg focus:ring-2 f
ocus:ring-purple-500 focus:border-transparent"[39m
                [33mplaceholder[39m=[32m"H─╛ada┼Ñ pou┼╛├¡vate─╛ov, zru─ìnosti..."[39m
                [33mtype[39m=[32m"text"[39m
                [33mvalue[39m=[32m""[39m
              [36m/>[39m
            [36m</div>[39m
          [36m</div>[39m
          [36m<div[39m
            [33mclass[39m=[32m"text-center py-12"[39m
          [36m>[39m
            [36m<svg[39m
              [33maria-hidden[39m=[32m"true"[39m
              [33mclass[39m=[32m"w-16 h-16 text-gray-300 mx-auto mb-4"[39m
              [33mdata-slot[39m=[32m"icon"[39m
              [33mfill[39m=[32m"none"[39m
              [33mstroke[39m=[32m"currentColor"[39m
              [33mstroke-width[39m=[32m"1.5"[39m
              [33mviewBox[39m=[32m"0 0 24 24"[39m
              [33mxmlns[39m=[32m"http://www.w3.org/2000/svg"[39m
            [36m>[39m
              [36m<path[39m
                [33md[39m=[32m"m21 21-5.197-5.197m0 0A7.5 7.5 0 1 0 5.196 5.196a7.5 7.5 0 0 0 10.607 10.607Z"[3
9m
                [33mstroke-linecap[39m=[32m"round"[39m
                [33mstroke-linejoin[39m=[32m"round"[39m
              [36m/>[39m
            [36m</svg>[39m
            [36m<h3[39m
              [33mclass[39m=[32m"text-lg font-medium text-gray-900 mb-2"[39m
            [36m>[39m
              [0mZa─ìnite vyh─╛ad├íva┼Ñ[0m
            [36m</h3>[39m
            [36m<p[39m
              [33mclass[39m=[32m"text-gray-500"[39m
            [36m>[39m
              [0mN├íjdite pou┼╛├¡vate─╛ov so zru─ìnos┼Ñami, ktor├⌐ potrebujete[0m
            [36m</p>[39m
          [36m</div>[39m
        [36m</div>[39m
      [36m</div>[39m
    [36m</body>[39m

    [0m [90m 61 |[39m     render([33m<[39m[33mSearchModule[39m [33m/[39m[33m>[39m)[33m;[39m
     [90m 62 |[39m     
    [31m[1m>[22m[39m[90m 63 |[39m     expect(screen[33m.[39mgetByText([32m'V├╜sledky vyh─╛ad├ívania'[39m)
)[33m.[39mtoBeInTheDocument()[33m;[39m
     [90m    |[39m                   [31m[1m^[22m[39m
     [90m 64 |[39m   })[33m;[39m
     [90m 65 |[39m
     [90m 66 |[39m   it([32m'shows empty state when no search query'[39m[33m,[39m () [33m=>[39m {[0m

      at Object.getElementError (node_modules/@testing-library/react/node_modules/@testing-library/dom/dist/config.
js:37:19)
      at node_modules/@testing-library/react/node_modules/@testing-library/dom/dist/query-helpers.js:76:38
      at node_modules/@testing-library/react/node_modules/@testing-library/dom/dist/query-helpers.js:52:17
      at node_modules/@testing-library/react/node_modules/@testing-library/dom/dist/query-helpers.js:95:19
      at Object.getByText (src/components/dashboard/__tests__/SearchModule.test.tsx:63:19)

  ΓùÅ SearchModule ΓÇ║ shows empty state when no search query

    TestingLibraryElementError: Unable to find an element with the text: Za─ìnite vyh─╛ad├ívanie. This could be bec
ause the text is broken up by multiple elements. In this case, you can provide a function for your text matcher to 
make your matcher more flexible.

    Ignored nodes: comments, script, style
    [36m<body>[39m
      [36m<div>[39m
        [36m<div[39m
          [33mclass[39m=[32m"max-w-4xl mx-auto"[39m
        [36m>[39m
          [36m<div[39m
            [33mclass[39m=[32m"bg-white rounded-xl shadow-sm border border-gray-200 p-6 mb-6"[39m
          [36m>[39m
            [36m<h2[39m
              [33mclass[39m=[32m"text-2xl font-bold text-gray-900 mb-6"[39m
            [36m>[39m
              [0mVyh─╛ad├ívanie[0m
            [36m</h2>[39m
            [36m<div[39m
              [33mclass[39m=[32m"relative"[39m
            [36m>[39m
              [36m<div[39m
                [33mclass[39m=[32m"absolute inset-y-0 left-0 pl-3 flex items-center pointer-events-none"[39m
              [36m>[39m
                [36m<svg[39m
                  [33maria-hidden[39m=[32m"true"[39m
                  [33mclass[39m=[32m"h-5 w-5 text-gray-400"[39m
                  [33mdata-slot[39m=[32m"icon"[39m
                  [33mfill[39m=[32m"none"[39m
                  [33mstroke[39m=[32m"currentColor"[39m
                  [33mstroke-width[39m=[32m"1.5"[39m
                  [33mviewBox[39m=[32m"0 0 24 24"[39m
                  [33mxmlns[39m=[32m"http://www.w3.org/2000/svg"[39m
                [36m>[39m
                  [36m<path[39m
                    [33md[39m=[32m"m21 21-5.197-5.197m0 0A7.5 7.5 0 1 0 5.196 5.196a7.5 7.5 0 0 0 10.607 10.607Z
"[39m
                    [33mstroke-linecap[39m=[32m"round"[39m
                    [33mstroke-linejoin[39m=[32m"round"[39m
                  [36m/>[39m
                [36m</svg>[39m
              [36m</div>[39m
              [36m<input[39m
                [33mclass[39m=[32m"block w-full pl-10 pr-3 py-3 border border-gray-300 rounded-lg focus:ring-2 f
ocus:ring-purple-500 focus:border-transparent"[39m
                [33mplaceholder[39m=[32m"H─╛ada┼Ñ pou┼╛├¡vate─╛ov, zru─ìnosti..."[39m
                [33mtype[39m=[32m"text"[39m
                [33mvalue[39m=[32m""[39m
              [36m/>[39m
            [36m</div>[39m
          [36m</div>[39m
          [36m<div[39m
            [33mclass[39m=[32m"text-center py-12"[39m
          [36m>[39m
            [36m<svg[39m
              [33maria-hidden[39m=[32m"true"[39m
              [33mclass[39m=[32m"w-16 h-16 text-gray-300 mx-auto mb-4"[39m
              [33mdata-slot[39m=[32m"icon"[39m
              [33mfill[39m=[32m"none"[39m
              [33mstroke[39m=[32m"currentColor"[39m
              [33mstroke-width[39m=[32m"1.5"[39m
              [33mviewBox[39m=[32m"0 0 24 24"[39m
              [33mxmlns[39m=[32m"http://www.w3.org/2000/svg"[39m
            [36m>[39m
              [36m<path[39m
                [33md[39m=[32m"m21 21-5.197-5.197m0 0A7.5 7.5 0 1 0 5.196 5.196a7.5 7.5 0 0 0 10.607 10.607Z"[3
9m
                [33mstroke-linecap[39m=[32m"round"[39m
                [33mstroke-linejoin[39m=[32m"round"[39m
              [36m/>[39m
            [36m</svg>[39m
            [36m<h3[39m
              [33mclass[39m=[32m"text-lg font-medium text-gray-900 mb-2"[39m
            [36m>[39m
              [0mZa─ìnite vyh─╛ad├íva┼Ñ[0m
            [36m</h3>[39m
            [36m<p[39m
              [33mclass[39m=[32m"text-gray-500"[39m
            [36m>[39m
              [0mN├íjdite pou┼╛├¡vate─╛ov so zru─ìnos┼Ñami, ktor├⌐ potrebujete[0m
            [36m</p>[39m
          [36m</div>[39m
        [36m</div>[39m
      [36m</div>[39m
    [36m</body>[39m

    [0m [90m 67 |[39m     render([33m<[39m[33mSearchModule[39m [33m/[39m[33m>[39m)[33m;[39m
     [90m 68 |[39m     
    [31m[1m>[22m[39m[90m 69 |[39m     expect(screen[33m.[39mgetByText([32m'Za─ìnite vyh─╛ad├ívanie'[39m))
[33m.[39mtoBeInTheDocument()[33m;[39m
     [90m    |[39m                   [31m[1m^[22m[39m
     [90m 70 |[39m     expect(screen[33m.[39mgetByText([32m'Zadajte zru─ìnos┼Ñ, ktor├║ h─╛ad├íte, alebo pou┼╛i
te filtre'[39m))[33m.[39mtoBeInTheDocument()[33m;[39m
     [90m 71 |[39m   })[33m;[39m
     [90m 72 |[39m[0m

      at Object.getElementError (node_modules/@testing-library/react/node_modules/@testing-library/dom/dist/config.
js:37:19)
      at node_modules/@testing-library/react/node_modules/@testing-library/dom/dist/query-helpers.js:76:38
      at node_modules/@testing-library/react/node_modules/@testing-library/dom/dist/query-helpers.js:52:17
      at node_modules/@testing-library/react/node_modules/@testing-library/dom/dist/query-helpers.js:95:19
      at Object.getByText (src/components/dashboard/__tests__/SearchModule.test.tsx:69:19)

  ΓùÅ SearchModule ΓÇ║ shows loading state when search query is entered

    TestingLibraryElementError: Unable to find an element with the placeholder text of: H─╛ada┼Ñ zru─ìnosti, pou┼╛├
¡vate─╛ov alebo kateg├│rie...

    Ignored nodes: comments, script, style
    [36m<body>[39m
      [36m<div>[39m
        [36m<div[39m
          [33mclass[39m=[32m"max-w-4xl mx-auto"[39m
        [36m>[39m
          [36m<div[39m
            [33mclass[39m=[32m"bg-white rounded-xl shadow-sm border border-gray-200 p-6 mb-6"[39m
          [36m>[39m
            [36m<h2[39m
              [33mclass[39m=[32m"text-2xl font-bold text-gray-900 mb-6"[39m
            [36m>[39m
              [0mVyh─╛ad├ívanie[0m
            [36m</h2>[39m
            [36m<div[39m
              [33mclass[39m=[32m"relative"[39m
            [36m>[39m
              [36m<div[39m
                [33mclass[39m=[32m"absolute inset-y-0 left-0 pl-3 flex items-center pointer-events-none"[39m
              [36m>[39m
                [36m<svg[39m
                  [33maria-hidden[39m=[32m"true"[39m
                  [33mclass[39m=[32m"h-5 w-5 text-gray-400"[39m
                  [33mdata-slot[39m=[32m"icon"[39m
                  [33mfill[39m=[32m"none"[39m
                  [33mstroke[39m=[32m"currentColor"[39m
                  [33mstroke-width[39m=[32m"1.5"[39m
                  [33mviewBox[39m=[32m"0 0 24 24"[39m
                  [33mxmlns[39m=[32m"http://www.w3.org/2000/svg"[39m
                [36m>[39m
                  [36m<path[39m
                    [33md[39m=[32m"m21 21-5.197-5.197m0 0A7.5 7.5 0 1 0 5.196 5.196a7.5 7.5 0 0 0 10.607 10.607Z
"[39m
                    [33mstroke-linecap[39m=[32m"round"[39m
                    [33mstroke-linejoin[39m=[32m"round"[39m
                  [36m/>[39m
                [36m</svg>[39m
              [36m</div>[39m
              [36m<input[39m
                [33mclass[39m=[32m"block w-full pl-10 pr-3 py-3 border border-gray-300 rounded-lg focus:ring-2 f
ocus:ring-purple-500 focus:border-transparent"[39m
                [33mplaceholder[39m=[32m"H─╛ada┼Ñ pou┼╛├¡vate─╛ov, zru─ìnosti..."[39m
                [33mtype[39m=[32m"text"[39m
                [33mvalue[39m=[32m""[39m
              [36m/>[39m
            [36m</div>[39m
          [36m</div>[39m
          [36m<div[39m
            [33mclass[39m=[32m"text-center py-12"[39m
          [36m>[39m
            [36m<svg[39m
              [33maria-hidden[39m=[32m"true"[39m
              [33mclass[39m=[32m"w-16 h-16 text-gray-300 mx-auto mb-4"[39m
              [33mdata-slot[39m=[32m"icon"[39m
              [33mfill[39m=[32m"none"[39m
              [33mstroke[39m=[32m"currentColor"[39m
              [33mstroke-width[39m=[32m"1.5"[39m
              [33mviewBox[39m=[32m"0 0 24 24"[39m
              [33mxmlns[39m=[32m"http://www.w3.org/2000/svg"[39m
            [36m>[39m
              [36m<path[39m
                [33md[39m=[32m"m21 21-5.197-5.197m0 0A7.5 7.5 0 1 0 5.196 5.196a7.5 7.5 0 0 0 10.607 10.607Z"[3
9m
                [33mstroke-linecap[39m=[32m"round"[39m
                [33mstroke-linejoin[39m=[32m"round"[39m
              [36m/>[39m
            [36m</svg>[39m
            [36m<h3[39m
              [33mclass[39m=[32m"text-lg font-medium text-gray-900 mb-2"[39m
            [36m>[39m
              [0mZa─ìnite vyh─╛ad├íva┼Ñ[0m
            [36m</h3>[39m
            [36m<p[39m
              [33mclass[39m=[32m"text-gray-500"[39m
            [36m>[39m
              [0mN├íjdite pou┼╛├¡vate─╛ov so zru─ìnos┼Ñami, ktor├⌐ potrebujete[0m
            [36m</p>[39m
          [36m</div>[39m
        [36m</div>[39m
      [36m</div>[39m
    [36m</body>[39m

    [0m [90m 74 |[39m     render([33m<[39m[33mSearchModule[39m [33m/[39m[33m>[39m)[33m;[39m
     [90m 75 |[39m     
    [31m[1m>[22m[39m[90m 76 |[39m     [36mconst[39m searchInput [33m=[39m screen[33m.[39mgetByPlacehold
erText([32m'H─╛ada┼Ñ zru─ìnosti, pou┼╛├¡vate─╛ov alebo kateg├│rie...'[39m)[33m;[39m
     [90m    |[39m                                [31m[1m^[22m[39m
     [90m 77 |[39m     fireEvent[33m.[39mchange(searchInput[33m,[39m { target[33m:[39m { value[33m:[39m 
[32m'React'[39m } })[33m;[39m
     [90m 78 |[39m     
     [90m 79 |[39m     expect(screen[33m.[39mgetByText([32m'H─╛ad├ím v├╜sledky...'[39m))[33m.[39mtoBeInTheD
ocument()[33m;[39m[0m

      at Object.getElementError (node_modules/@testing-library/react/node_modules/@testing-library/dom/dist/config.
js:37:19)
      at node_modules/@testing-library/react/node_modules/@testing-library/dom/dist/query-helpers.js:76:38
      at node_modules/@testing-library/react/node_modules/@testing-library/dom/dist/query-helpers.js:52:17
      at node_modules/@testing-library/react/node_modules/@testing-library/dom/dist/query-helpers.js:95:19
      at Object.getByPlaceholderText (src/components/dashboard/__tests__/SearchModule.test.tsx:76:32)

  ΓùÅ SearchModule ΓÇ║ renders filter options correctly

    TestingLibraryElementError: Unable to find an accessible element with the role "button" and name `/filter/i`

    Here are the accessible roles:

      heading:

      Name "Vyh─╛ad├ívanie":
      [36m<h2[39m
        [33mclass[39m=[32m"text-2xl font-bold text-gray-900 mb-6"[39m
      [36m/>[39m

      Name "Za─ìnite vyh─╛ad├íva┼Ñ":
      [36m<h3[39m
        [33mclass[39m=[32m"text-lg font-medium text-gray-900 mb-2"[39m
      [36m/>[39m

      --------------------------------------------------
      textbox:

      Name "":
      [36m<input[39m
        [33mclass[39m=[32m"block w-full pl-10 pr-3 py-3 border border-gray-300 rounded-lg focus:ring-2 focus:rin
g-purple-500 focus:border-transparent"[39m
        [33mplaceholder[39m=[32m"H─╛ada┼Ñ pou┼╛├¡vate─╛ov, zru─ìnosti..."[39m
        [33mtype[39m=[32m"text"[39m
        [33mvalue[39m=[32m""[39m
      [36m/>[39m

      --------------------------------------------------

    Ignored nodes: comments, script, style
    [36m<body>[39m
      [36m<div>[39m
        [36m<div[39m
          [33mclass[39m=[32m"max-w-4xl mx-auto"[39m
        [36m>[39m
          [36m<div[39m
            [33mclass[39m=[32m"bg-white rounded-xl shadow-sm border border-gray-200 p-6 mb-6"[39m
          [36m>[39m
            [36m<h2[39m
              [33mclass[39m=[32m"text-2xl font-bold text-gray-900 mb-6"[39m
            [36m>[39m
              [0mVyh─╛ad├ívanie[0m
            [36m</h2>[39m
            [36m<div[39m
              [33mclass[39m=[32m"relative"[39m
            [36m>[39m
              [36m<div[39m
                [33mclass[39m=[32m"absolute inset-y-0 left-0 pl-3 flex items-center pointer-events-none"[39m
              [36m>[39m
                [36m<svg[39m
                  [33maria-hidden[39m=[32m"true"[39m
                  [33mclass[39m=[32m"h-5 w-5 text-gray-400"[39m
                  [33mdata-slot[39m=[32m"icon"[39m
                  [33mfill[39m=[32m"none"[39m
                  [33mstroke[39m=[32m"currentColor"[39m
                  [33mstroke-width[39m=[32m"1.5"[39m
                  [33mviewBox[39m=[32m"0 0 24 24"[39m
                  [33mxmlns[39m=[32m"http://www.w3.org/2000/svg"[39m
                [36m>[39m
                  [36m<path[39m
                    [33md[39m=[32m"m21 21-5.197-5.197m0 0A7.5 7.5 0 1 0 5.196 5.196a7.5 7.5 0 0 0 10.607 10.607Z
"[39m
                    [33mstroke-linecap[39m=[32m"round"[39m
                    [33mstroke-linejoin[39m=[32m"round"[39m
                  [36m/>[39m
                [36m</svg>[39m
              [36m</div>[39m
              [36m<input[39m
                [33mclass[39m=[32m"block w-full pl-10 pr-3 py-3 border border-gray-300 rounded-lg focus:ring-2 f
ocus:ring-purple-500 focus:border-transparent"[39m
                [33mplaceholder[39m=[32m"H─╛ada┼Ñ pou┼╛├¡vate─╛ov, zru─ìnosti..."[39m
                [33mtype[39m=[32m"text"[39m
                [33mvalue[39m=[32m""[39m
              [36m/>[39m
            [36m</div>[39m
          [36m</div>[39m
          [36m<div[39m
            [33mclass[39m=[32m"text-center py-12"[39m
          [36m>[39m
            [36m<svg[39m
              [33maria-hidden[39m=[32m"true"[39m
              [33mclass[39m=[32m"w-16 h-16 text-gray-300 mx-auto mb-4"[39m
              [33mdata-slot[39m=[32m"icon"[39m
              [33mfill[39m=[32m"none"[39m
              [33mstroke[39m=[32m"currentColor"[39m
              [33mstroke-width[39m=[32m"1.5"[39m
              [33mviewBox[39m=[32m"0 0 24 24"[39m
              [33mxmlns[39m=[32m"http://www.w3.org/2000/svg"[39m
            [36m>[39m
              [36m<path[39m
                [33md[39m=[32m"m21 21-5.197-5.197m0 0A7.5 7.5 0 1 0 5.196 5.196a7.5 7.5 0 0 0 10.607 10.607Z"[3
9m
                [33mstroke-linecap[39m=[32m"round"[39m
                [33mstroke-linejoin[39m=[32m"round"[39m
              [36m/>[39m
            [36m</svg>[39m
            [36m<h3[39m
              [33mclass[39m=[32m"text-lg font-medium text-gray-900 mb-2"[39m
            [36m>[39m
              [0mZa─ìnite vyh─╛ad├íva┼Ñ[0m
            [36m</h3>[39m
            [36m<p[39m
              [33mclass[39m=[32m"text-gray-500"[39m
            [36m>[39m
              [0mN├íjdite pou┼╛├¡vate─╛ov so zru─ìnos┼Ñami, ktor├⌐ potrebujete[0m
            [36m</p>[39m
          [36m</div>[39m
        [36m</div>[39m
      [36m</div>[39m
    [36m</body>[39m

    [0m [90m 83 |[39m     render([33m<[39m[33mSearchModule[39m [33m/[39m[33m>[39m)[33m;[39m
     [90m 84 |[39m     
    [31m[1m>[22m[39m[90m 85 |[39m     [36mconst[39m filterButton [33m=[39m screen[33m.[39mgetByRole([3
2m'button'[39m[33m,[39m { name[33m:[39m [35m/filter/i[39m })[33m;[39m
     [90m    |[39m                                 [31m[1m^[22m[39m
     [90m 86 |[39m     fireEvent[33m.[39mclick(filterButton)[33m;[39m
     [90m 87 |[39m     
     [90m 88 |[39m     [90m// Check category options[39m[0m

      at Object.getElementError (node_modules/@testing-library/react/node_modules/@testing-library/dom/dist/config.
js:37:19)
      at node_modules/@testing-library/react/node_modules/@testing-library/dom/dist/query-helpers.js:76:38
      at node_modules/@testing-library/react/node_modules/@testing-library/dom/dist/query-helpers.js:52:17
      at node_modules/@testing-library/react/node_modules/@testing-library/dom/dist/query-helpers.js:95:19
      at Object.getByRole (src/components/dashboard/__tests__/SearchModule.test.tsx:85:33)

FAIL src/components/dashboard/__tests__/ProfileModule.test.tsx
  ΓùÅ Console

    console.error
      Warning: `ReactDOMTestUtils.act` is deprecated in favor of `React.act`. Import `act` from `react` instead of 
`react-dom/test-utils`. See https://react.dev/warnings/react-dom-test-utils for more info.

    [0m [90m 33 |[39m describe([32m'ProfileModule'[39m[33m,[39m () [33m=>[39m {
     [90m 34 |[39m   it([32m'renders user name and basic info'[39m[33m,[39m () [33m=>[39m {
    [31m[1m>[22m[39m[90m 35 |[39m     render([33m<[39m[33mProfileModule[39m user[33m=[39m{mockUser} [3
3m/[39m[33m>[39m)[33m;[39m
     [90m    |[39m           [31m[1m^[22m[39m
     [90m 36 |[39m     
     [90m 37 |[39m     expect(screen[33m.[39mgetByText([32m'Test User'[39m))[33m.[39mtoBeInTheDocument()[3
3m;[39m
     [90m 38 |[39m     expect(screen[33m.[39mgetByText([35m/@testuser/[39m))[33m.[39mtoBeInTheDocument()[3
3m;[39m[0m

      at printWarning (node_modules/react-dom/cjs/react-dom-test-utils.development.js:71:30)
      at error (node_modules/react-dom/cjs/react-dom-test-utils.development.js:45:7)
      at actWithWarning (node_modules/react-dom/cjs/react-dom-test-utils.development.js:1736:7)
      at node_modules/@testing-library/react/dist/act-compat.js:63:25
      at renderRoot (node_modules/@testing-library/react/dist/pure.js:159:26)
      at render (node_modules/@testing-library/react/dist/pure.js:246:10)
      at Object.<anonymous> (src/components/dashboard/__tests__/ProfileModule.test.tsx:35:11)

    console.log
      UserAvatar - user.avatar: undefined

      at log (src/components/dashboard/modules/profile/UserAvatar.tsx:35:11)

    console.log
      UserAvatar - user.avatar_url: undefined

      at log (src/components/dashboard/modules/profile/UserAvatar.tsx:36:11)

    console.log
      UserAvatar - avatarUrl with cache-busting: undefined

      at log (src/components/dashboard/modules/profile/UserAvatar.tsx:37:11)

    console.log
      UserAvatar - user.avatar: undefined

      at log (src/components/dashboard/modules/profile/UserAvatar.tsx:35:11)

    console.log
      UserAvatar - user.avatar_url: undefined

      at log (src/components/dashboard/modules/profile/UserAvatar.tsx:36:11)

    console.log
      UserAvatar - avatarUrl with cache-busting: undefined

      at log (src/components/dashboard/modules/profile/UserAvatar.tsx:37:11)

    console.log
      UserAvatar - user.avatar: undefined

      at log (src/components/dashboard/modules/profile/UserAvatar.tsx:35:11)

    console.log
      UserAvatar - user.avatar_url: undefined

      at log (src/components/dashboard/modules/profile/UserAvatar.tsx:36:11)

    console.log
      UserAvatar - avatarUrl with cache-busting: undefined

      at log (src/components/dashboard/modules/profile/UserAvatar.tsx:37:11)

    console.log
      UserAvatar - user.avatar: undefined

      at log (src/components/dashboard/modules/profile/UserAvatar.tsx:35:11)

    console.log
      UserAvatar - user.avatar_url: undefined

      at log (src/components/dashboard/modules/profile/UserAvatar.tsx:36:11)

    console.log
      UserAvatar - avatarUrl with cache-busting: undefined

      at log (src/components/dashboard/modules/profile/UserAvatar.tsx:37:11)

    console.log
      UserAvatar - user.avatar: undefined

      at log (src/components/dashboard/modules/profile/UserAvatar.tsx:35:11)

    console.log
      UserAvatar - user.avatar_url: undefined

      at log (src/components/dashboard/modules/profile/UserAvatar.tsx:36:11)

    console.log
      UserAvatar - avatarUrl with cache-busting: undefined

      at log (src/components/dashboard/modules/profile/UserAvatar.tsx:37:11)

    console.log
      UserAvatar - user.avatar: undefined

      at log (src/components/dashboard/modules/profile/UserAvatar.tsx:35:11)

    console.log
      UserAvatar - user.avatar_url: undefined

      at log (src/components/dashboard/modules/profile/UserAvatar.tsx:36:11)

    console.log
      UserAvatar - avatarUrl with cache-busting: undefined

      at log (src/components/dashboard/modules/profile/UserAvatar.tsx:37:11)

    console.log
      UserAvatar - user.avatar: undefined

      at log (src/components/dashboard/modules/profile/UserAvatar.tsx:35:11)

    console.log
      UserAvatar - user.avatar_url: undefined

      at log (src/components/dashboard/modules/profile/UserAvatar.tsx:36:11)

    console.log
      UserAvatar - avatarUrl with cache-busting: undefined

      at log (src/components/dashboard/modules/profile/UserAvatar.tsx:37:11)

    console.log
      UserAvatar - user.avatar: undefined

      at log (src/components/dashboard/modules/profile/UserAvatar.tsx:35:11)

    console.log
      UserAvatar - user.avatar_url: undefined

      at log (src/components/dashboard/modules/profile/UserAvatar.tsx:36:11)

    console.log
      UserAvatar - avatarUrl with cache-busting: undefined

      at log (src/components/dashboard/modules/profile/UserAvatar.tsx:37:11)

    console.log
      UserAvatar - user.avatar: undefined

      at log (src/components/dashboard/modules/profile/UserAvatar.tsx:35:11)

    console.log
      UserAvatar - user.avatar_url: undefined

      at log (src/components/dashboard/modules/profile/UserAvatar.tsx:36:11)

    console.log
      UserAvatar - avatarUrl with cache-busting: undefined

      at log (src/components/dashboard/modules/profile/UserAvatar.tsx:37:11)

    console.log
      UserAvatar - user.avatar: undefined

      at log (src/components/dashboard/modules/profile/UserAvatar.tsx:35:11)

    console.log
      UserAvatar - user.avatar_url: undefined

      at log (src/components/dashboard/modules/profile/UserAvatar.tsx:36:11)

    console.log
      UserAvatar - avatarUrl with cache-busting: undefined

      at log (src/components/dashboard/modules/profile/UserAvatar.tsx:37:11)

    console.log
      UserAvatar - user.avatar: undefined

      at log (src/components/dashboard/modules/profile/UserAvatar.tsx:35:11)

    console.log
      UserAvatar - user.avatar_url: undefined

      at log (src/components/dashboard/modules/profile/UserAvatar.tsx:36:11)

    console.log
      UserAvatar - avatarUrl with cache-busting: undefined

      at log (src/components/dashboard/modules/profile/UserAvatar.tsx:37:11)

    console.log
      UserAvatar - user.avatar: undefined

      at log (src/components/dashboard/modules/profile/UserAvatar.tsx:35:11)

    console.log
      UserAvatar - user.avatar_url: undefined

      at log (src/components/dashboard/modules/profile/UserAvatar.tsx:36:11)

    console.log
      UserAvatar - avatarUrl with cache-busting: undefined

      at log (src/components/dashboard/modules/profile/UserAvatar.tsx:37:11)

    console.log
      UserAvatar - user.avatar: undefined

      at log (src/components/dashboard/modules/profile/UserAvatar.tsx:35:11)

    console.log
      UserAvatar - user.avatar_url: undefined

      at log (src/components/dashboard/modules/profile/UserAvatar.tsx:36:11)

    console.log
      UserAvatar - avatarUrl with cache-busting: undefined

      at log (src/components/dashboard/modules/profile/UserAvatar.tsx:37:11)

    console.log
      UserAvatar - user.avatar: undefined

      at log (src/components/dashboard/modules/profile/UserAvatar.tsx:35:11)

    console.log
      UserAvatar - user.avatar_url: undefined

      at log (src/components/dashboard/modules/profile/UserAvatar.tsx:36:11)

    console.log
      UserAvatar - avatarUrl with cache-busting: undefined

      at log (src/components/dashboard/modules/profile/UserAvatar.tsx:37:11)

    console.log
      UserAvatar - user.avatar: undefined

      at log (src/components/dashboard/modules/profile/UserAvatar.tsx:35:11)

    console.log
      UserAvatar - user.avatar_url: undefined

      at log (src/components/dashboard/modules/profile/UserAvatar.tsx:36:11)

    console.log
      UserAvatar - avatarUrl with cache-busting: undefined

      at log (src/components/dashboard/modules/profile/UserAvatar.tsx:37:11)

    console.log
      UserAvatar - user.avatar: undefined

      at log (src/components/dashboard/modules/profile/UserAvatar.tsx:35:11)

    console.log
      UserAvatar - user.avatar_url: undefined

      at log (src/components/dashboard/modules/profile/UserAvatar.tsx:36:11)

    console.log
      UserAvatar - avatarUrl with cache-busting: undefined

      at log (src/components/dashboard/modules/profile/UserAvatar.tsx:37:11)

    console.log
      UserAvatar - user.avatar: undefined

      at log (src/components/dashboard/modules/profile/UserAvatar.tsx:35:11)

    console.log
      UserAvatar - user.avatar_url: undefined

      at log (src/components/dashboard/modules/profile/UserAvatar.tsx:36:11)

    console.log
      UserAvatar - avatarUrl with cache-busting: undefined

      at log (src/components/dashboard/modules/profile/UserAvatar.tsx:37:11)

    console.log
      UserAvatar - user.avatar: undefined

      at log (src/components/dashboard/modules/profile/UserAvatar.tsx:35:11)

    console.log
      UserAvatar - user.avatar_url: undefined

      at log (src/components/dashboard/modules/profile/UserAvatar.tsx:36:11)

    console.log
      UserAvatar - avatarUrl with cache-busting: undefined

      at log (src/components/dashboard/modules/profile/UserAvatar.tsx:37:11)

    console.log
      Upravi┼Ñ profil

      at log (src/components/dashboard/modules/ProfileModule.tsx:102:23)

    console.log
      UserAvatar - user.avatar: undefined

      at log (src/components/dashboard/modules/profile/UserAvatar.tsx:35:11)

    console.log
      UserAvatar - user.avatar_url: undefined

      at log (src/components/dashboard/modules/profile/UserAvatar.tsx:36:11)

    console.log
      UserAvatar - avatarUrl with cache-busting: undefined

      at log (src/components/dashboard/modules/profile/UserAvatar.tsx:37:11)

    console.log
      UserAvatar - user.avatar: undefined

      at log (src/components/dashboard/modules/profile/UserAvatar.tsx:35:11)

    console.log
      UserAvatar - user.avatar_url: undefined

      at log (src/components/dashboard/modules/profile/UserAvatar.tsx:36:11)

    console.log
      UserAvatar - avatarUrl with cache-busting: undefined

      at log (src/components/dashboard/modules/profile/UserAvatar.tsx:37:11)

    console.log
      UserAvatar - user.avatar: undefined

      at log (src/components/dashboard/modules/profile/UserAvatar.tsx:35:11)

    console.log
      UserAvatar - user.avatar_url: undefined

      at log (src/components/dashboard/modules/profile/UserAvatar.tsx:36:11)

    console.log
      UserAvatar - avatarUrl with cache-busting: undefined

      at log (src/components/dashboard/modules/profile/UserAvatar.tsx:37:11)

    console.log
      UserAvatar - user.avatar: undefined

      at log (src/components/dashboard/modules/profile/UserAvatar.tsx:35:11)

    console.log
      UserAvatar - user.avatar_url: undefined

      at log (src/components/dashboard/modules/profile/UserAvatar.tsx:36:11)

    console.log
      UserAvatar - avatarUrl with cache-busting: undefined

      at log (src/components/dashboard/modules/profile/UserAvatar.tsx:37:11)

    console.log
      UserAvatar - user.avatar: undefined

      at log (src/components/dashboard/modules/profile/UserAvatar.tsx:35:11)

    console.log
      UserAvatar - user.avatar_url: undefined

      at log (src/components/dashboard/modules/profile/UserAvatar.tsx:36:11)

    console.log
      UserAvatar - avatarUrl with cache-busting: undefined

      at log (src/components/dashboard/modules/profile/UserAvatar.tsx:37:11)

    console.log
      UserAvatar - user.avatar: undefined

      at log (src/components/dashboard/modules/profile/UserAvatar.tsx:35:11)

    console.log
      UserAvatar - user.avatar_url: undefined

      at log (src/components/dashboard/modules/profile/UserAvatar.tsx:36:11)

    console.log
      UserAvatar - avatarUrl with cache-busting: undefined

      at log (src/components/dashboard/modules/profile/UserAvatar.tsx:37:11)

    console.log
      UserAvatar - user.avatar: https://example.com/avatar.jpg

      at log (src/components/dashboard/modules/profile/UserAvatar.tsx:35:11)

    console.log
      UserAvatar - user.avatar_url: undefined

      at log (src/components/dashboard/modules/profile/UserAvatar.tsx:36:11)

    console.log
      UserAvatar - avatarUrl with cache-busting: https://example.com/avatar.jpg?t=1760207338735

      at log (src/components/dashboard/modules/profile/UserAvatar.tsx:37:11)

    console.log
      UserAvatar - user.avatar: https://example.com/avatar.jpg

      at log (src/components/dashboard/modules/profile/UserAvatar.tsx:35:11)

    console.log
      UserAvatar - user.avatar_url: undefined

      at log (src/components/dashboard/modules/profile/UserAvatar.tsx:36:11)

    console.log
      UserAvatar - avatarUrl with cache-busting: https://example.com/avatar.jpg?t=1760207338742

      at log (src/components/dashboard/modules/profile/UserAvatar.tsx:37:11)

    console.log
      UserAvatar - user.avatar: undefined

      at log (src/components/dashboard/modules/profile/UserAvatar.tsx:35:11)

    console.log
      UserAvatar - user.avatar_url: undefined

      at log (src/components/dashboard/modules/profile/UserAvatar.tsx:36:11)

    console.log
      UserAvatar - avatarUrl with cache-busting: undefined

      at log (src/components/dashboard/modules/profile/UserAvatar.tsx:37:11)

    console.log
      UserAvatar - user.avatar: undefined

      at log (src/components/dashboard/modules/profile/UserAvatar.tsx:35:11)

    console.log
      UserAvatar - user.avatar_url: undefined

      at log (src/components/dashboard/modules/profile/UserAvatar.tsx:36:11)

    console.log
      UserAvatar - avatarUrl with cache-busting: undefined

      at log (src/components/dashboard/modules/profile/UserAvatar.tsx:37:11)

  ΓùÅ ProfileModule ΓÇ║ renders user name and basic info

    TestingLibraryElementError: Unable to find an element with the text: Test User. This could be because the text 
is broken up by multiple elements. In this case, you can provide a function for your text matcher to make your matc
her more flexible.

    Ignored nodes: comments, script, style
    [36m<body>[39m
      [36m<div>[39m
        [36m<div[39m
          [33mclass[39m=[32m"max-w-2xl mx-auto"[39m
        [36m>[39m
          [36m<div[39m
            [33mclass[39m=[32m"flex items-center gap-6 mb-6"[39m
          [36m>[39m
            [36m<div[39m
              [33mclass[39m=[32m"mb-6 relative inline-block"[39m
            [36m>[39m
              [36m<div[39m
                [33mclass[39m=[32m"w-48 h-48 text-6xl rounded-full mx-auto bg-purple-100 flex items-center justi
fy-center border-4 border-purple-200"[39m
              [36m>[39m
                [36m<span[39m
                  [33mclass[39m=[32m"font-bold text-purple-600"[39m
                [36m>[39m
                  [0mTU[0m
                [36m</span>[39m
              [36m</div>[39m
              [36m<div[39m
                [33mclass[39m=[32m"absolute bottom-0 right-0 z-10"[39m
              [36m>[39m
                [36m<div[39m
                  [33mclass[39m=[32m"relative"[39m
                [36m>[39m
                  [36m<button[39m
                    [33mclass[39m=[32m"bg-purple-600 hover:bg-purple-700 text-white p-2 rounded-full shadow-lg t
ransition-colors disabled:opacity-50 disabled:cursor-not-allowed"[39m
                    [33mtitle[39m=[32m"Prida┼Ñ fotku"[39m
                  [36m>[39m
                    [36m<svg[39m
                      [33maria-hidden[39m=[32m"true"[39m
                      [33mclass[39m=[32m"w-4 h-4"[39m
                      [33mdata-slot[39m=[32m"icon"[39m
                      [33mfill[39m=[32m"none"[39m
                      [33mstroke[39m=[32m"currentColor"[39m
                      [33mstroke-width[39m=[32m"1.5"[39m
                      [33mviewBox[39m=[32m"0 0 24 24"[39m
                      [33mxmlns[39m=[32m"http://www.w3.org/2000/svg"[39m
                    [36m>[39m
                      [36m<path[39m
                        [33md[39m=[32m"M6.827 6.175A2.31 2.31 0 0 1 5.186 7.23c-.38.054-.757.112-1.134.175C2.999
 7.58 2.25 8.507 2.25 9.574V18a2.25 2.25 0 0 0 2.25 2.25h15A2.25 2.25 0 0 0 21.75 18V9.574c0-1.067-.75-1.994-1.802-
2.169a47.865 47.865 0 0 0-1.134-.175 2.31 2.31 0 0 1-1.64-1.055l-.822-1.316a2.192 2.192 0 0 0-1.736-1.039 48.774 48
.774 0 0 0-5.232 0 2.192 2.192 0 0 0-1.736 1.039l-.821 1.316Z"[39m
                        [33mstroke-linecap[39m=[32m"round"[39m
                        [33mstroke-linejoin[39m=[32m"round"[39m
                      [36m/>[39m
                      [36m<path[39m
                        [33md[39m=[32m"M16.5 12.75a4.5 4.5 0 1 1-9 0 4.5 4.5 0 0 1 9 0ZM18.75 10.5h.008v.008h-.0
08V10.5Z"[39m
                        [33mstroke-linecap[39m=[32m"round"[39m
                        [33mstroke-linejoin[39m=[32m"round"[39m
                      [36m/>[39m
                    [36m</svg>[39m
                  [36m</button>[39m
                  [36m<input[39m
                    [33maccept[39m=[32m"image/*"[39m
                    [33mclass[39m=[32m"hidden"[39m
                    [33mtype[39m=[32m"file"[39m
                  [36m/>[39m
                [36m</div>[39m
              [36m</div>[39m
            [36m</div>[39m
            [36m<button[39m
              [33mclass[39m=[32m"px-12 py-2 bg-purple-100 text-purple-800 border border-purple-200 rounded-lg tr
ansition-colors hover:bg-purple-200"[39m
            [36m>[39m
              [0mUpravi┼Ñ profil[0m
            [36m</button>[39m
            [36m<button[39m
              [33mclass[39m=[32m"px-12 py-2 bg-purple-100 text-purple-800 border border-purple-200 rounded-lg tr
ansition-colors hover:bg-purple-200"[39m
            [36m>[39m
              [0mZru─ìnosti[0m
            [36m</button>[39m
          [36m</div>[39m
          [36m<div[39m
            [33mclass[39m=[32m"text-center"[39m
          [36m>[39m
            [36m<p[39m
              [33mclass[39m=[32m"text-gray-500"[39m
            [36m>[39m
              [0m≡ƒôì [0m
              [0mBratislava[0m
            [36m</p>[39m
          [36m</div>[39m
        [36m</div>[39m
      [36m</div>[39m
    [36m</body>[39m

    [0m [90m 35 |[39m     render([33m<[39m[33mProfileModule[39m user[33m=[39m{mockUser} [33m/[39m[33m>
[39m)[33m;[39m
     [90m 36 |[39m     
    [31m[1m>[22m[39m[90m 37 |[39m     expect(screen[33m.[39mgetByText([32m'Test User'[39m))[33m.[39mtoB
eInTheDocument()[33m;[39m
     [90m    |[39m                   [31m[1m^[22m[39m
     [90m 38 |[39m     expect(screen[33m.[39mgetByText([35m/@testuser/[39m))[33m.[39mtoBeInTheDocument()[3
3m;[39m
     [90m 39 |[39m     expect(screen[33m.[39mgetByText([35m/Jednotlivec/[39m))[33m.[39mtoBeInTheDocument()
[33m;[39m
     [90m 40 |[39m   })[33m;[39m[0m

      at Object.getElementError (node_modules/@testing-library/react/node_modules/@testing-library/dom/dist/config.
js:37:19)
      at node_modules/@testing-library/react/node_modules/@testing-library/dom/dist/query-helpers.js:76:38
      at node_modules/@testing-library/react/node_modules/@testing-library/dom/dist/query-helpers.js:52:17
      at node_modules/@testing-library/react/node_modules/@testing-library/dom/dist/query-helpers.js:95:19
      at Object.getByText (src/components/dashboard/__tests__/ProfileModule.test.tsx:37:19)

  ΓùÅ ProfileModule ΓÇ║ shows verified badge for verified users

    TestingLibraryElementError: Unable to find an element with the text: Overen├╜. This could be because the text i
s broken up by multiple elements. In this case, you can provide a function for your text matcher to make your match
er more flexible.

    Ignored nodes: comments, script, style
    [36m<body>[39m
      [36m<div>[39m
        [36m<div[39m
          [33mclass[39m=[32m"max-w-2xl mx-auto"[39m
        [36m>[39m
          [36m<div[39m
            [33mclass[39m=[32m"flex items-center gap-6 mb-6"[39m
          [36m>[39m
            [36m<div[39m
              [33mclass[39m=[32m"mb-6 relative inline-block"[39m
            [36m>[39m
              [36m<div[39m
                [33mclass[39m=[32m"w-48 h-48 text-6xl rounded-full mx-auto bg-purple-100 flex items-center justi
fy-center border-4 border-purple-200"[39m
              [36m>[39m
                [36m<span[39m
                  [33mclass[39m=[32m"font-bold text-purple-600"[39m
                [36m>[39m
                  [0mTU[0m
                [36m</span>[39m
              [36m</div>[39m
              [36m<div[39m
                [33mclass[39m=[32m"absolute bottom-0 right-0 z-10"[39m
              [36m>[39m
                [36m<div[39m
                  [33mclass[39m=[32m"relative"[39m
                [36m>[39m
                  [36m<button[39m
                    [33mclass[39m=[32m"bg-purple-600 hover:bg-purple-700 text-white p-2 rounded-full shadow-lg t
ransition-colors disabled:opacity-50 disabled:cursor-not-allowed"[39m
                    [33mtitle[39m=[32m"Prida┼Ñ fotku"[39m
                  [36m>[39m
                    [36m<svg[39m
                      [33maria-hidden[39m=[32m"true"[39m
                      [33mclass[39m=[32m"w-4 h-4"[39m
                      [33mdata-slot[39m=[32m"icon"[39m
                      [33mfill[39m=[32m"none"[39m
                      [33mstroke[39m=[32m"currentColor"[39m
                      [33mstroke-width[39m=[32m"1.5"[39m
                      [33mviewBox[39m=[32m"0 0 24 24"[39m
                      [33mxmlns[39m=[32m"http://www.w3.org/2000/svg"[39m
                    [36m>[39m
                      [36m<path[39m
                        [33md[39m=[32m"M6.827 6.175A2.31 2.31 0 0 1 5.186 7.23c-.38.054-.757.112-1.134.175C2.999
 7.58 2.25 8.507 2.25 9.574V18a2.25 2.25 0 0 0 2.25 2.25h15A2.25 2.25 0 0 0 21.75 18V9.574c0-1.067-.75-1.994-1.802-
2.169a47.865 47.865 0 0 0-1.134-.175 2.31 2.31 0 0 1-1.64-1.055l-.822-1.316a2.192 2.192 0 0 0-1.736-1.039 48.774 48
.774 0 0 0-5.232 0 2.192 2.192 0 0 0-1.736 1.039l-.821 1.316Z"[39m
                        [33mstroke-linecap[39m=[32m"round"[39m
                        [33mstroke-linejoin[39m=[32m"round"[39m
                      [36m/>[39m
                      [36m<path[39m
                        [33md[39m=[32m"M16.5 12.75a4.5 4.5 0 1 1-9 0 4.5 4.5 0 0 1 9 0ZM18.75 10.5h.008v.008h-.0
08V10.5Z"[39m
                        [33mstroke-linecap[39m=[32m"round"[39m
                        [33mstroke-linejoin[39m=[32m"round"[39m
                      [36m/>[39m
                    [36m</svg>[39m
                  [36m</button>[39m
                  [36m<input[39m
                    [33maccept[39m=[32m"image/*"[39m
                    [33mclass[39m=[32m"hidden"[39m
                    [33mtype[39m=[32m"file"[39m
                  [36m/>[39m
                [36m</div>[39m
              [36m</div>[39m
            [36m</div>[39m
            [36m<button[39m
              [33mclass[39m=[32m"px-12 py-2 bg-purple-100 text-purple-800 border border-purple-200 rounded-lg tr
ansition-colors hover:bg-purple-200"[39m
            [36m>[39m
              [0mUpravi┼Ñ profil[0m
            [36m</button>[39m
            [36m<button[39m
              [33mclass[39m=[32m"px-12 py-2 bg-purple-100 text-purple-800 border border-purple-200 rounded-lg tr
ansition-colors hover:bg-purple-200"[39m
            [36m>[39m
              [0mZru─ìnosti[0m
            [36m</button>[39m
          [36m</div>[39m
          [36m<div[39m
            [33mclass[39m=[32m"text-center"[39m
          [36m>[39m
            [36m<p[39m
              [33mclass[39m=[32m"text-gray-500"[39m
            [36m>[39m
              [0m≡ƒôì [0m
              [0mBratislava[0m
            [36m</p>[39m
          [36m</div>[39m
        [36m</div>[39m
      [36m</div>[39m
    [36m</body>[39m

    [0m [90m 43 |[39m     render([33m<[39m[33mProfileModule[39m user[33m=[39m{mockUser} [33m/[39m[33m>
[39m)[33m;[39m
     [90m 44 |[39m     
    [31m[1m>[22m[39m[90m 45 |[39m     expect(screen[33m.[39mgetByText([32m'Overen├╜'[39m))[33m.[39mtoBe
InTheDocument()[33m;[39m
     [90m    |[39m                   [31m[1m^[22m[39m
     [90m 46 |[39m   })[33m;[39m
     [90m 47 |[39m
     [90m 48 |[39m   it([32m'displays user bio'[39m[33m,[39m () [33m=>[39m {[0m

      at Object.getElementError (node_modules/@testing-library/react/node_modules/@testing-library/dom/dist/config.
js:37:19)
      at node_modules/@testing-library/react/node_modules/@testing-library/dom/dist/query-helpers.js:76:38
      at node_modules/@testing-library/react/node_modules/@testing-library/dom/dist/query-helpers.js:52:17
      at node_modules/@testing-library/react/node_modules/@testing-library/dom/dist/query-helpers.js:95:19
      at Object.getByText (src/components/dashboard/__tests__/ProfileModule.test.tsx:45:19)

  ΓùÅ ProfileModule ΓÇ║ displays user bio

    TestingLibraryElementError: Unable to find an element with the text: Test bio. This could be because the text i
s broken up by multiple elements. In this case, you can provide a function for your text matcher to make your match
er more flexible.

    Ignored nodes: comments, script, style
    [36m<body>[39m
      [36m<div>[39m
        [36m<div[39m
          [33mclass[39m=[32m"max-w-2xl mx-auto"[39m
        [36m>[39m
          [36m<div[39m
            [33mclass[39m=[32m"flex items-center gap-6 mb-6"[39m
          [36m>[39m
            [36m<div[39m
              [33mclass[39m=[32m"mb-6 relative inline-block"[39m
            [36m>[39m
              [36m<div[39m
                [33mclass[39m=[32m"w-48 h-48 text-6xl rounded-full mx-auto bg-purple-100 flex items-center justi
fy-center border-4 border-purple-200"[39m
              [36m>[39m
                [36m<span[39m
                  [33mclass[39m=[32m"font-bold text-purple-600"[39m
                [36m>[39m
                  [0mTU[0m
                [36m</span>[39m
              [36m</div>[39m
              [36m<div[39m
                [33mclass[39m=[32m"absolute bottom-0 right-0 z-10"[39m
              [36m>[39m
                [36m<div[39m
                  [33mclass[39m=[32m"relative"[39m
                [36m>[39m
                  [36m<button[39m
                    [33mclass[39m=[32m"bg-purple-600 hover:bg-purple-700 text-white p-2 rounded-full shadow-lg t
ransition-colors disabled:opacity-50 disabled:cursor-not-allowed"[39m
                    [33mtitle[39m=[32m"Prida┼Ñ fotku"[39m
                  [36m>[39m
                    [36m<svg[39m
                      [33maria-hidden[39m=[32m"true"[39m
                      [33mclass[39m=[32m"w-4 h-4"[39m
                      [33mdata-slot[39m=[32m"icon"[39m
                      [33mfill[39m=[32m"none"[39m
                      [33mstroke[39m=[32m"currentColor"[39m
                      [33mstroke-width[39m=[32m"1.5"[39m
                      [33mviewBox[39m=[32m"0 0 24 24"[39m
                      [33mxmlns[39m=[32m"http://www.w3.org/2000/svg"[39m
                    [36m>[39m
                      [36m<path[39m
                        [33md[39m=[32m"M6.827 6.175A2.31 2.31 0 0 1 5.186 7.23c-.38.054-.757.112-1.134.175C2.999
 7.58 2.25 8.507 2.25 9.574V18a2.25 2.25 0 0 0 2.25 2.25h15A2.25 2.25 0 0 0 21.75 18V9.574c0-1.067-.75-1.994-1.802-
2.169a47.865 47.865 0 0 0-1.134-.175 2.31 2.31 0 0 1-1.64-1.055l-.822-1.316a2.192 2.192 0 0 0-1.736-1.039 48.774 48
.774 0 0 0-5.232 0 2.192 2.192 0 0 0-1.736 1.039l-.821 1.316Z"[39m
                        [33mstroke-linecap[39m=[32m"round"[39m
                        [33mstroke-linejoin[39m=[32m"round"[39m
                      [36m/>[39m
                      [36m<path[39m
                        [33md[39m=[32m"M16.5 12.75a4.5 4.5 0 1 1-9 0 4.5 4.5 0 0 1 9 0ZM18.75 10.5h.008v.008h-.0
08V10.5Z"[39m
                        [33mstroke-linecap[39m=[32m"round"[39m
                        [33mstroke-linejoin[39m=[32m"round"[39m
                      [36m/>[39m
                    [36m</svg>[39m
                  [36m</button>[39m
                  [36m<input[39m
                    [33maccept[39m=[32m"image/*"[39m
                    [33mclass[39m=[32m"hidden"[39m
                    [33mtype[39m=[32m"file"[39m
                  [36m/>[39m
                [36m</div>[39m
              [36m</div>[39m
            [36m</div>[39m
            [36m<button[39m
              [33mclass[39m=[32m"px-12 py-2 bg-purple-100 text-purple-800 border border-purple-200 rounded-lg tr
ansition-colors hover:bg-purple-200"[39m
            [36m>[39m
              [0mUpravi┼Ñ profil[0m
            [36m</button>[39m
            [36m<button[39m
              [33mclass[39m=[32m"px-12 py-2 bg-purple-100 text-purple-800 border border-purple-200 rounded-lg tr
ansition-colors hover:bg-purple-200"[39m
            [36m>[39m
              [0mZru─ìnosti[0m
            [36m</button>[39m
          [36m</div>[39m
          [36m<div[39m
            [33mclass[39m=[32m"text-center"[39m
          [36m>[39m
            [36m<p[39m
              [33mclass[39m=[32m"text-gray-500"[39m
            [36m>[39m
              [0m≡ƒôì [0m
              [0mBratislava[0m
            [36m</p>[39m
          [36m</div>[39m
        [36m</div>[39m
      [36m</div>[39m
    [36m</body>[39m

    [0m [90m 49 |[39m     render([33m<[39m[33mProfileModule[39m user[33m=[39m{mockUser} [33m/[39m[33m>
[39m)[33m;[39m
     [90m 50 |[39m     
    [31m[1m>[22m[39m[90m 51 |[39m     expect(screen[33m.[39mgetByText([32m'Test bio'[39m))[33m.[39mtoBe
InTheDocument()[33m;[39m
     [90m    |[39m                   [31m[1m^[22m[39m
     [90m 52 |[39m   })[33m;[39m
     [90m 53 |[39m
     [90m 54 |[39m   it([32m'shows contact information'[39m[33m,[39m () [33m=>[39m {[0m

      at Object.getElementError (node_modules/@testing-library/react/node_modules/@testing-library/dom/dist/config.
js:37:19)
      at node_modules/@testing-library/react/node_modules/@testing-library/dom/dist/query-helpers.js:76:38
      at node_modules/@testing-library/react/node_modules/@testing-library/dom/dist/query-helpers.js:52:17
      at node_modules/@testing-library/react/node_modules/@testing-library/dom/dist/query-helpers.js:95:19
      at Object.getByText (src/components/dashboard/__tests__/ProfileModule.test.tsx:51:19)

  ΓùÅ ProfileModule ΓÇ║ shows contact information

    TestingLibraryElementError: Unable to find an element with the text: Bratislava. This could be because the text
 is broken up by multiple elements. In this case, you can provide a function for your text matcher to make your mat
cher more flexible.

    Ignored nodes: comments, script, style
    [36m<body>[39m
      [36m<div>[39m
        [36m<div[39m
          [33mclass[39m=[32m"max-w-2xl mx-auto"[39m
        [36m>[39m
          [36m<div[39m
            [33mclass[39m=[32m"flex items-center gap-6 mb-6"[39m
          [36m>[39m
            [36m<div[39m
              [33mclass[39m=[32m"mb-6 relative inline-block"[39m
            [36m>[39m
              [36m<div[39m
                [33mclass[39m=[32m"w-48 h-48 text-6xl rounded-full mx-auto bg-purple-100 flex items-center justi
fy-center border-4 border-purple-200"[39m
              [36m>[39m
                [36m<span[39m
                  [33mclass[39m=[32m"font-bold text-purple-600"[39m
                [36m>[39m
                  [0mTU[0m
                [36m</span>[39m
              [36m</div>[39m
              [36m<div[39m
                [33mclass[39m=[32m"absolute bottom-0 right-0 z-10"[39m
              [36m>[39m
                [36m<div[39m
                  [33mclass[39m=[32m"relative"[39m
                [36m>[39m
                  [36m<button[39m
                    [33mclass[39m=[32m"bg-purple-600 hover:bg-purple-700 text-white p-2 rounded-full shadow-lg t
ransition-colors disabled:opacity-50 disabled:cursor-not-allowed"[39m
                    [33mtitle[39m=[32m"Prida┼Ñ fotku"[39m
                  [36m>[39m
                    [36m<svg[39m
                      [33maria-hidden[39m=[32m"true"[39m
                      [33mclass[39m=[32m"w-4 h-4"[39m
                      [33mdata-slot[39m=[32m"icon"[39m
                      [33mfill[39m=[32m"none"[39m
                      [33mstroke[39m=[32m"currentColor"[39m
                      [33mstroke-width[39m=[32m"1.5"[39m
                      [33mviewBox[39m=[32m"0 0 24 24"[39m
                      [33mxmlns[39m=[32m"http://www.w3.org/2000/svg"[39m
                    [36m>[39m
                      [36m<path[39m
                        [33md[39m=[32m"M6.827 6.175A2.31 2.31 0 0 1 5.186 7.23c-.38.054-.757.112-1.134.175C2.999
 7.58 2.25 8.507 2.25 9.574V18a2.25 2.25 0 0 0 2.25 2.25h15A2.25 2.25 0 0 0 21.75 18V9.574c0-1.067-.75-1.994-1.802-
2.169a47.865 47.865 0 0 0-1.134-.175 2.31 2.31 0 0 1-1.64-1.055l-.822-1.316a2.192 2.192 0 0 0-1.736-1.039 48.774 48
.774 0 0 0-5.232 0 2.192 2.192 0 0 0-1.736 1.039l-.821 1.316Z"[39m
                        [33mstroke-linecap[39m=[32m"round"[39m
                        [33mstroke-linejoin[39m=[32m"round"[39m
                      [36m/>[39m
                      [36m<path[39m
                        [33md[39m=[32m"M16.5 12.75a4.5 4.5 0 1 1-9 0 4.5 4.5 0 0 1 9 0ZM18.75 10.5h.008v.008h-.0
08V10.5Z"[39m
                        [33mstroke-linecap[39m=[32m"round"[39m
                        [33mstroke-linejoin[39m=[32m"round"[39m
                      [36m/>[39m
                    [36m</svg>[39m
                  [36m</button>[39m
                  [36m<input[39m
                    [33maccept[39m=[32m"image/*"[39m
                    [33mclass[39m=[32m"hidden"[39m
                    [33mtype[39m=[32m"file"[39m
                  [36m/>[39m
                [36m</div>[39m
              [36m</div>[39m
            [36m</div>[39m
            [36m<button[39m
              [33mclass[39m=[32m"px-12 py-2 bg-purple-100 text-purple-800 border border-purple-200 rounded-lg tr
ansition-colors hover:bg-purple-200"[39m
            [36m>[39m
              [0mUpravi┼Ñ profil[0m
            [36m</button>[39m
            [36m<button[39m
              [33mclass[39m=[32m"px-12 py-2 bg-purple-100 text-purple-800 border border-purple-200 rounded-lg tr
ansition-colors hover:bg-purple-200"[39m
            [36m>[39m
              [0mZru─ìnosti[0m
            [36m</button>[39m
          [36m</div>[39m
          [36m<div[39m
            [33mclass[39m=[32m"text-center"[39m
          [36m>[39m
            [36m<p[39m
              [33mclass[39m=[32m"text-gray-500"[39m
            [36m>[39m
              [0m≡ƒôì [0m
              [0mBratislava[0m
            [36m</p>[39m
          [36m</div>[39m
        [36m</div>[39m
      [36m</div>[39m
    [36m</body>[39m

    [0m [90m 55 |[39m     render([33m<[39m[33mProfileModule[39m user[33m=[39m{mockUser} [33m/[39m[33m>
[39m)[33m;[39m
     [90m 56 |[39m     
    [31m[1m>[22m[39m[90m 57 |[39m     expect(screen[33m.[39mgetByText([32m'Bratislava'[39m))[33m.[39mto
BeInTheDocument()[33m;[39m
     [90m    |[39m                   [31m[1m^[22m[39m
     [90m 58 |[39m     expect(screen[33m.[39mgetByText([32m'https://test.com'[39m))[33m.[39mtoBeInTheDocume
nt()[33m;[39m
     [90m 59 |[39m   })[33m;[39m
     [90m 60 |[39m[0m

      at Object.getElementError (node_modules/@testing-library/react/node_modules/@testing-library/dom/dist/config.
js:37:19)
      at node_modules/@testing-library/react/node_modules/@testing-library/dom/dist/query-helpers.js:76:38
      at node_modules/@testing-library/react/node_modules/@testing-library/dom/dist/query-helpers.js:52:17
      at node_modules/@testing-library/react/node_modules/@testing-library/dom/dist/query-helpers.js:95:19
      at Object.getByText (src/components/dashboard/__tests__/ProfileModule.test.tsx:57:19)

  ΓùÅ ProfileModule ΓÇ║ renders social media links

    TestingLibraryElementError: Unable to find an element with the text: LinkedIn. This could be because the text i
s broken up by multiple elements. In this case, you can provide a function for your text matcher to make your match
er more flexible.

    Ignored nodes: comments, script, style
    [36m<body>[39m
      [36m<div>[39m
        [36m<div[39m
          [33mclass[39m=[32m"max-w-2xl mx-auto"[39m
        [36m>[39m
          [36m<div[39m
            [33mclass[39m=[32m"flex items-center gap-6 mb-6"[39m
          [36m>[39m
            [36m<div[39m
              [33mclass[39m=[32m"mb-6 relative inline-block"[39m
            [36m>[39m
              [36m<div[39m
                [33mclass[39m=[32m"w-48 h-48 text-6xl rounded-full mx-auto bg-purple-100 flex items-center justi
fy-center border-4 border-purple-200"[39m
              [36m>[39m
                [36m<span[39m
                  [33mclass[39m=[32m"font-bold text-purple-600"[39m
                [36m>[39m
                  [0mTU[0m
                [36m</span>[39m
              [36m</div>[39m
              [36m<div[39m
                [33mclass[39m=[32m"absolute bottom-0 right-0 z-10"[39m
              [36m>[39m
                [36m<div[39m
                  [33mclass[39m=[32m"relative"[39m
                [36m>[39m
                  [36m<button[39m
                    [33mclass[39m=[32m"bg-purple-600 hover:bg-purple-700 text-white p-2 rounded-full shadow-lg t
ransition-colors disabled:opacity-50 disabled:cursor-not-allowed"[39m
                    [33mtitle[39m=[32m"Prida┼Ñ fotku"[39m
                  [36m>[39m
                    [36m<svg[39m
                      [33maria-hidden[39m=[32m"true"[39m
                      [33mclass[39m=[32m"w-4 h-4"[39m
                      [33mdata-slot[39m=[32m"icon"[39m
                      [33mfill[39m=[32m"none"[39m
                      [33mstroke[39m=[32m"currentColor"[39m
                      [33mstroke-width[39m=[32m"1.5"[39m
                      [33mviewBox[39m=[32m"0 0 24 24"[39m
                      [33mxmlns[39m=[32m"http://www.w3.org/2000/svg"[39m
                    [36m>[39m
                      [36m<path[39m
                        [33md[39m=[32m"M6.827 6.175A2.31 2.31 0 0 1 5.186 7.23c-.38.054-.757.112-1.134.175C2.999
 7.58 2.25 8.507 2.25 9.574V18a2.25 2.25 0 0 0 2.25 2.25h15A2.25 2.25 0 0 0 21.75 18V9.574c0-1.067-.75-1.994-1.802-
2.169a47.865 47.865 0 0 0-1.134-.175 2.31 2.31 0 0 1-1.64-1.055l-.822-1.316a2.192 2.192 0 0 0-1.736-1.039 48.774 48
.774 0 0 0-5.232 0 2.192 2.192 0 0 0-1.736 1.039l-.821 1.316Z"[39m
                        [33mstroke-linecap[39m=[32m"round"[39m
                        [33mstroke-linejoin[39m=[32m"round"[39m
                      [36m/>[39m
                      [36m<path[39m
                        [33md[39m=[32m"M16.5 12.75a4.5 4.5 0 1 1-9 0 4.5 4.5 0 0 1 9 0ZM18.75 10.5h.008v.008h-.0
08V10.5Z"[39m
                        [33mstroke-linecap[39m=[32m"round"[39m
                        [33mstroke-linejoin[39m=[32m"round"[39m
                      [36m/>[39m
                    [36m</svg>[39m
                  [36m</button>[39m
                  [36m<input[39m
                    [33maccept[39m=[32m"image/*"[39m
                    [33mclass[39m=[32m"hidden"[39m
                    [33mtype[39m=[32m"file"[39m
                  [36m/>[39m
                [36m</div>[39m
              [36m</div>[39m
            [36m</div>[39m
            [36m<button[39m
              [33mclass[39m=[32m"px-12 py-2 bg-purple-100 text-purple-800 border border-purple-200 rounded-lg tr
ansition-colors hover:bg-purple-200"[39m
            [36m>[39m
              [0mUpravi┼Ñ profil[0m
            [36m</button>[39m
            [36m<button[39m
              [33mclass[39m=[32m"px-12 py-2 bg-purple-100 text-purple-800 border border-purple-200 rounded-lg tr
ansition-colors hover:bg-purple-200"[39m
            [36m>[39m
              [0mZru─ìnosti[0m
            [36m</button>[39m
          [36m</div>[39m
          [36m<div[39m
            [33mclass[39m=[32m"text-center"[39m
          [36m>[39m
            [36m<p[39m
              [33mclass[39m=[32m"text-gray-500"[39m
            [36m>[39m
              [0m≡ƒôì [0m
              [0mBratislava[0m
            [36m</p>[39m
          [36m</div>[39m
        [36m</div>[39m
      [36m</div>[39m
    [36m</body>[39m

    [0m [90m 62 |[39m     render([33m<[39m[33mProfileModule[39m user[33m=[39m{mockUser} [33m/[39m[33m>
[39m)[33m;[39m
     [90m 63 |[39m     
    [31m[1m>[22m[39m[90m 64 |[39m     expect(screen[33m.[39mgetByText([32m'LinkedIn'[39m))[33m.[39mtoBe
InTheDocument()[33m;[39m
     [90m    |[39m                   [31m[1m^[22m[39m
     [90m 65 |[39m     expect(screen[33m.[39mgetByText([32m'Facebook'[39m))[33m.[39mtoBeInTheDocument()[33
m;[39m
     [90m 66 |[39m     expect(screen[33m.[39mgetByText([32m'Instagram'[39m))[33m.[39mtoBeInTheDocument()[3
3m;[39m
     [90m 67 |[39m   })[33m;[39m[0m

      at Object.getElementError (node_modules/@testing-library/react/node_modules/@testing-library/dom/dist/config.
js:37:19)
      at node_modules/@testing-library/react/node_modules/@testing-library/dom/dist/query-helpers.js:76:38
      at node_modules/@testing-library/react/node_modules/@testing-library/dom/dist/query-helpers.js:52:17
      at node_modules/@testing-library/react/node_modules/@testing-library/dom/dist/query-helpers.js:95:19
      at Object.getByText (src/components/dashboard/__tests__/ProfileModule.test.tsx:64:19)

  ΓùÅ ProfileModule ΓÇ║ displays profile completeness

    TestingLibraryElementError: Unable to find an element with the text: Kompletnos┼Ñ profilu. This could be becaus
e the text is broken up by multiple elements. In this case, you can provide a function for your text matcher to mak
e your matcher more flexible.

    Ignored nodes: comments, script, style
    [36m<body>[39m
      [36m<div>[39m
        [36m<div[39m
          [33mclass[39m=[32m"max-w-2xl mx-auto"[39m
        [36m>[39m
          [36m<div[39m
            [33mclass[39m=[32m"flex items-center gap-6 mb-6"[39m
          [36m>[39m
            [36m<div[39m
              [33mclass[39m=[32m"mb-6 relative inline-block"[39m
            [36m>[39m
              [36m<div[39m
                [33mclass[39m=[32m"w-48 h-48 text-6xl rounded-full mx-auto bg-purple-100 flex items-center justi
fy-center border-4 border-purple-200"[39m
              [36m>[39m
                [36m<span[39m
                  [33mclass[39m=[32m"font-bold text-purple-600"[39m
                [36m>[39m
                  [0mTU[0m
                [36m</span>[39m
              [36m</div>[39m
              [36m<div[39m
                [33mclass[39m=[32m"absolute bottom-0 right-0 z-10"[39m
              [36m>[39m
                [36m<div[39m
                  [33mclass[39m=[32m"relative"[39m
                [36m>[39m
                  [36m<button[39m
                    [33mclass[39m=[32m"bg-purple-600 hover:bg-purple-700 text-white p-2 rounded-full shadow-lg t
ransition-colors disabled:opacity-50 disabled:cursor-not-allowed"[39m
                    [33mtitle[39m=[32m"Prida┼Ñ fotku"[39m
                  [36m>[39m
                    [36m<svg[39m
                      [33maria-hidden[39m=[32m"true"[39m
                      [33mclass[39m=[32m"w-4 h-4"[39m
                      [33mdata-slot[39m=[32m"icon"[39m
                      [33mfill[39m=[32m"none"[39m
                      [33mstroke[39m=[32m"currentColor"[39m
                      [33mstroke-width[39m=[32m"1.5"[39m
                      [33mviewBox[39m=[32m"0 0 24 24"[39m
                      [33mxmlns[39m=[32m"http://www.w3.org/2000/svg"[39m
                    [36m>[39m
                      [36m<path[39m
                        [33md[39m=[32m"M6.827 6.175A2.31 2.31 0 0 1 5.186 7.23c-.38.054-.757.112-1.134.175C2.999
 7.58 2.25 8.507 2.25 9.574V18a2.25 2.25 0 0 0 2.25 2.25h15A2.25 2.25 0 0 0 21.75 18V9.574c0-1.067-.75-1.994-1.802-
2.169a47.865 47.865 0 0 0-1.134-.175 2.31 2.31 0 0 1-1.64-1.055l-.822-1.316a2.192 2.192 0 0 0-1.736-1.039 48.774 48
.774 0 0 0-5.232 0 2.192 2.192 0 0 0-1.736 1.039l-.821 1.316Z"[39m
                        [33mstroke-linecap[39m=[32m"round"[39m
                        [33mstroke-linejoin[39m=[32m"round"[39m
                      [36m/>[39m
                      [36m<path[39m
                        [33md[39m=[32m"M16.5 12.75a4.5 4.5 0 1 1-9 0 4.5 4.5 0 0 1 9 0ZM18.75 10.5h.008v.008h-.0
08V10.5Z"[39m
                        [33mstroke-linecap[39m=[32m"round"[39m
                        [33mstroke-linejoin[39m=[32m"round"[39m
                      [36m/>[39m
                    [36m</svg>[39m
                  [36m</button>[39m
                  [36m<input[39m
                    [33maccept[39m=[32m"image/*"[39m
                    [33mclass[39m=[32m"hidden"[39m
                    [33mtype[39m=[32m"file"[39m
                  [36m/>[39m
                [36m</div>[39m
              [36m</div>[39m
            [36m</div>[39m
            [36m<button[39m
              [33mclass[39m=[32m"px-12 py-2 bg-purple-100 text-purple-800 border border-purple-200 rounded-lg tr
ansition-colors hover:bg-purple-200"[39m
            [36m>[39m
              [0mUpravi┼Ñ profil[0m
            [36m</button>[39m
            [36m<button[39m
              [33mclass[39m=[32m"px-12 py-2 bg-purple-100 text-purple-800 border border-purple-200 rounded-lg tr
ansition-colors hover:bg-purple-200"[39m
            [36m>[39m
              [0mZru─ìnosti[0m
            [36m</button>[39m
          [36m</div>[39m
          [36m<div[39m
            [33mclass[39m=[32m"text-center"[39m
          [36m>[39m
            [36m<p[39m
              [33mclass[39m=[32m"text-gray-500"[39m
            [36m>[39m
              [0m≡ƒôì [0m
              [0mBratislava[0m
            [36m</p>[39m
          [36m</div>[39m
        [36m</div>[39m
      [36m</div>[39m
    [36m</body>[39m

    [0m [90m 70 |[39m     render([33m<[39m[33mProfileModule[39m user[33m=[39m{mockUser} [33m/[39m[33m>
[39m)[33m;[39m
     [90m 71 |[39m     
    [31m[1m>[22m[39m[90m 72 |[39m     expect(screen[33m.[39mgetByText([32m'Kompletnos┼Ñ profilu'[39m))[3
3m.[39mtoBeInTheDocument()[33m;[39m
     [90m    |[39m                   [31m[1m^[22m[39m
     [90m 73 |[39m     expect(screen[33m.[39mgetByText([32m'85%'[39m))[33m.[39mtoBeInTheDocument()[33m;[3
9m
     [90m 74 |[39m   })[33m;[39m
     [90m 75 |[39m[0m

      at Object.getElementError (node_modules/@testing-library/react/node_modules/@testing-library/dom/dist/config.
js:37:19)
      at node_modules/@testing-library/react/node_modules/@testing-library/dom/dist/query-helpers.js:76:38
      at node_modules/@testing-library/react/node_modules/@testing-library/dom/dist/query-helpers.js:52:17
      at node_modules/@testing-library/react/node_modules/@testing-library/dom/dist/query-helpers.js:95:19
      at Object.getByText (src/components/dashboard/__tests__/ProfileModule.test.tsx:72:19)

  ΓùÅ ProfileModule ΓÇ║ shows profile completeness warning when less than 100%

    TestingLibraryElementError: Unable to find an element with the text: Dokon─ìite svoj profil pre lep┼íiu vidite─
╛nos┼Ñ a viac mo┼╛nost├¡. This could be because the text is broken up by multiple elements. In this case, you can p
rovide a function for your text matcher to make your matcher more flexible.

    Ignored nodes: comments, script, style
    [36m<body>[39m
      [36m<div>[39m
        [36m<div[39m
          [33mclass[39m=[32m"max-w-2xl mx-auto"[39m
        [36m>[39m
          [36m<div[39m
            [33mclass[39m=[32m"flex items-center gap-6 mb-6"[39m
          [36m>[39m
            [36m<div[39m
              [33mclass[39m=[32m"mb-6 relative inline-block"[39m
            [36m>[39m
              [36m<div[39m
                [33mclass[39m=[32m"w-48 h-48 text-6xl rounded-full mx-auto bg-purple-100 flex items-center justi
fy-center border-4 border-purple-200"[39m
              [36m>[39m
                [36m<span[39m
                  [33mclass[39m=[32m"font-bold text-purple-600"[39m
                [36m>[39m
                  [0mTU[0m
                [36m</span>[39m
              [36m</div>[39m
              [36m<div[39m
                [33mclass[39m=[32m"absolute bottom-0 right-0 z-10"[39m
              [36m>[39m
                [36m<div[39m
                  [33mclass[39m=[32m"relative"[39m
                [36m>[39m
                  [36m<button[39m
                    [33mclass[39m=[32m"bg-purple-600 hover:bg-purple-700 text-white p-2 rounded-full shadow-lg t
ransition-colors disabled:opacity-50 disabled:cursor-not-allowed"[39m
                    [33mtitle[39m=[32m"Prida┼Ñ fotku"[39m
                  [36m>[39m
                    [36m<svg[39m
                      [33maria-hidden[39m=[32m"true"[39m
                      [33mclass[39m=[32m"w-4 h-4"[39m
                      [33mdata-slot[39m=[32m"icon"[39m
                      [33mfill[39m=[32m"none"[39m
                      [33mstroke[39m=[32m"currentColor"[39m
                      [33mstroke-width[39m=[32m"1.5"[39m
                      [33mviewBox[39m=[32m"0 0 24 24"[39m
                      [33mxmlns[39m=[32m"http://www.w3.org/2000/svg"[39m
                    [36m>[39m
                      [36m<path[39m
                        [33md[39m=[32m"M6.827 6.175A2.31 2.31 0 0 1 5.186 7.23c-.38.054-.757.112-1.134.175C2.999
 7.58 2.25 8.507 2.25 9.574V18a2.25 2.25 0 0 0 2.25 2.25h15A2.25 2.25 0 0 0 21.75 18V9.574c0-1.067-.75-1.994-1.802-
2.169a47.865 47.865 0 0 0-1.134-.175 2.31 2.31 0 0 1-1.64-1.055l-.822-1.316a2.192 2.192 0 0 0-1.736-1.039 48.774 48
.774 0 0 0-5.232 0 2.192 2.192 0 0 0-1.736 1.039l-.821 1.316Z"[39m
                        [33mstroke-linecap[39m=[32m"round"[39m
                        [33mstroke-linejoin[39m=[32m"round"[39m
                      [36m/>[39m
                      [36m<path[39m
                        [33md[39m=[32m"M16.5 12.75a4.5 4.5 0 1 1-9 0 4.5 4.5 0 0 1 9 0ZM18.75 10.5h.008v.008h-.0
08V10.5Z"[39m
                        [33mstroke-linecap[39m=[32m"round"[39m
                        [33mstroke-linejoin[39m=[32m"round"[39m
                      [36m/>[39m
                    [36m</svg>[39m
                  [36m</button>[39m
                  [36m<input[39m
                    [33maccept[39m=[32m"image/*"[39m
                    [33mclass[39m=[32m"hidden"[39m
                    [33mtype[39m=[32m"file"[39m
                  [36m/>[39m
                [36m</div>[39m
              [36m</div>[39m
            [36m</div>[39m
            [36m<button[39m
              [33mclass[39m=[32m"px-12 py-2 bg-purple-100 text-purple-800 border border-purple-200 rounded-lg tr
ansition-colors hover:bg-purple-200"[39m
            [36m>[39m
              [0mUpravi┼Ñ profil[0m
            [36m</button>[39m
            [36m<button[39m
              [33mclass[39m=[32m"px-12 py-2 bg-purple-100 text-purple-800 border border-purple-200 rounded-lg tr
ansition-colors hover:bg-purple-200"[39m
            [36m>[39m
              [0mZru─ìnosti[0m
            [36m</button>[39m
          [36m</div>[39m
          [36m<div[39m
            [33mclass[39m=[32m"text-center"[39m
          [36m>[39m
            [36m<p[39m
              [33mclass[39m=[32m"text-gray-500"[39m
            [36m>[39m
              [0m≡ƒôì [0m
              [0mBratislava[0m
            [36m</p>[39m
          [36m</div>[39m
        [36m</div>[39m
      [36m</div>[39m
    [36m</body>[39m

    [0m [90m 77 |[39m     render([33m<[39m[33mProfileModule[39m user[33m=[39m{mockUser} [33m/[39m[33m>
[39m)[33m;[39m
     [90m 78 |[39m     
    [31m[1m>[22m[39m[90m 79 |[39m     expect(screen[33m.[39mgetByText([32m'Dokon─ìite svoj profil pre lep┼
íiu vidite─╛nos┼Ñ a viac mo┼╛nost├¡'[39m))[33m.[39mtoBeInTheDocument()[33m;[39m
     [90m    |[39m                   [31m[1m^[22m[39m
     [90m 80 |[39m   })[33m;[39m
     [90m 81 |[39m
     [90m 82 |[39m   it([32m'renders edit profile button'[39m[33m,[39m () [33m=>[39m {[0m

      at Object.getElementError (node_modules/@testing-library/react/node_modules/@testing-library/dom/dist/config.
js:37:19)
      at node_modules/@testing-library/react/node_modules/@testing-library/dom/dist/query-helpers.js:76:38
      at node_modules/@testing-library/react/node_modules/@testing-library/dom/dist/query-helpers.js:52:17
      at node_modules/@testing-library/react/node_modules/@testing-library/dom/dist/query-helpers.js:95:19
      at Object.getByText (src/components/dashboard/__tests__/ProfileModule.test.tsx:79:19)

  ΓùÅ ProfileModule ΓÇ║ calls onEditProfile when edit button is clicked

    expect(jest.fn()).toHaveBeenCalled()

    Expected number of calls: >= 1
    Received number of calls:    0

    [0m [90m 93 |[39m     fireEvent[33m.[39mclick(editButton)[33m;[39m
     [90m 94 |[39m     
    [31m[1m>[22m[39m[90m 95 |[39m     expect(mockOnEditProfile)[33m.[39mtoHaveBeenCalled()[33m;[39m
     [90m    |[39m                               [31m[1m^[22m[39m
     [90m 96 |[39m   })[33m;[39m
     [90m 97 |[39m
     [90m 98 |[39m   it([32m'renders skills section'[39m[33m,[39m () [33m=>[39m {[0m

      at Object.toHaveBeenCalled (src/components/dashboard/__tests__/ProfileModule.test.tsx:95:31)

  ΓùÅ ProfileModule ΓÇ║ renders skills section

    TestingLibraryElementError: Unable to find an element with the text: Moje zru─ìnosti. This could be because the
 text is broken up by multiple elements. In this case, you can provide a function for your text matcher to make you
r matcher more flexible.

    Ignored nodes: comments, script, style
    [36m<body>[39m
      [36m<div>[39m
        [36m<div[39m
          [33mclass[39m=[32m"max-w-2xl mx-auto"[39m
        [36m>[39m
          [36m<div[39m
            [33mclass[39m=[32m"flex items-center gap-6 mb-6"[39m
          [36m>[39m
            [36m<div[39m
              [33mclass[39m=[32m"mb-6 relative inline-block"[39m
            [36m>[39m
              [36m<div[39m
                [33mclass[39m=[32m"w-48 h-48 text-6xl rounded-full mx-auto bg-purple-100 flex items-center justi
fy-center border-4 border-purple-200"[39m
              [36m>[39m
                [36m<span[39m
                  [33mclass[39m=[32m"font-bold text-purple-600"[39m
                [36m>[39m
                  [0mTU[0m
                [36m</span>[39m
              [36m</div>[39m
              [36m<div[39m
                [33mclass[39m=[32m"absolute bottom-0 right-0 z-10"[39m
              [36m>[39m
                [36m<div[39m
                  [33mclass[39m=[32m"relative"[39m
                [36m>[39m
                  [36m<button[39m
                    [33mclass[39m=[32m"bg-purple-600 hover:bg-purple-700 text-white p-2 rounded-full shadow-lg t
ransition-colors disabled:opacity-50 disabled:cursor-not-allowed"[39m
                    [33mtitle[39m=[32m"Prida┼Ñ fotku"[39m
                  [36m>[39m
                    [36m<svg[39m
                      [33maria-hidden[39m=[32m"true"[39m
                      [33mclass[39m=[32m"w-4 h-4"[39m
                      [33mdata-slot[39m=[32m"icon"[39m
                      [33mfill[39m=[32m"none"[39m
                      [33mstroke[39m=[32m"currentColor"[39m
                      [33mstroke-width[39m=[32m"1.5"[39m
                      [33mviewBox[39m=[32m"0 0 24 24"[39m
                      [33mxmlns[39m=[32m"http://www.w3.org/2000/svg"[39m
                    [36m>[39m
                      [36m<path[39m
                        [33md[39m=[32m"M6.827 6.175A2.31 2.31 0 0 1 5.186 7.23c-.38.054-.757.112-1.134.175C2.999
 7.58 2.25 8.507 2.25 9.574V18a2.25 2.25 0 0 0 2.25 2.25h15A2.25 2.25 0 0 0 21.75 18V9.574c0-1.067-.75-1.994-1.802-
2.169a47.865 47.865 0 0 0-1.134-.175 2.31 2.31 0 0 1-1.64-1.055l-.822-1.316a2.192 2.192 0 0 0-1.736-1.039 48.774 48
.774 0 0 0-5.232 0 2.192 2.192 0 0 0-1.736 1.039l-.821 1.316Z"[39m
                        [33mstroke-linecap[39m=[32m"round"[39m
                        [33mstroke-linejoin[39m=[32m"round"[39m
                      [36m/>[39m
                      [36m<path[39m
                        [33md[39m=[32m"M16.5 12.75a4.5 4.5 0 1 1-9 0 4.5 4.5 0 0 1 9 0ZM18.75 10.5h.008v.008h-.0
08V10.5Z"[39m
                        [33mstroke-linecap[39m=[32m"round"[39m
                        [33mstroke-linejoin[39m=[32m"round"[39m
                      [36m/>[39m
                    [36m</svg>[39m
                  [36m</button>[39m
                  [36m<input[39m
                    [33maccept[39m=[32m"image/*"[39m
                    [33mclass[39m=[32m"hidden"[39m
                    [33mtype[39m=[32m"file"[39m
                  [36m/>[39m
                [36m</div>[39m
              [36m</div>[39m
            [36m</div>[39m
            [36m<button[39m
              [33mclass[39m=[32m"px-12 py-2 bg-purple-100 text-purple-800 border border-purple-200 rounded-lg tr
ansition-colors hover:bg-purple-200"[39m
            [36m>[39m
              [0mUpravi┼Ñ profil[0m
            [36m</button>[39m
            [36m<button[39m
              [33mclass[39m=[32m"px-12 py-2 bg-purple-100 text-purple-800 border border-purple-200 rounded-lg tr
ansition-colors hover:bg-purple-200"[39m
            [36m>[39m
              [0mZru─ìnosti[0m
            [36m</button>[39m
          [36m</div>[39m
          [36m<div[39m
            [33mclass[39m=[32m"text-center"[39m
          [36m>[39m
            [36m<p[39m
              [33mclass[39m=[32m"text-gray-500"[39m
            [36m>[39m
              [0m≡ƒôì [0m
              [0mBratislava[0m
            [36m</p>[39m
          [36m</div>[39m
        [36m</div>[39m
      [36m</div>[39m
    [36m</body>[39m

    [0m [90m  99 |[39m     render([33m<[39m[33mProfileModule[39m user[33m=[39m{mockUser} [33m/[39m[33m>
[39m)[33m;[39m
     [90m 100 |[39m     
    [31m[1m>[22m[39m[90m 101 |[39m     expect(screen[33m.[39mgetByText([32m'Moje zru─ìnosti'[39m))[33m.
[39mtoBeInTheDocument()[33m;[39m
     [90m     |[39m                   [31m[1m^[22m[39m
     [90m 102 |[39m     expect(screen[33m.[39mgetByText([32m'Prida┼Ñ zru─ìnos┼Ñ'[39m))[33m.[39mtoBeInTheDoc
ument()[33m;[39m
     [90m 103 |[39m   })[33m;[39m
     [90m 104 |[39m[0m

      at Object.getElementError (node_modules/@testing-library/react/node_modules/@testing-library/dom/dist/config.
js:37:19)
      at node_modules/@testing-library/react/node_modules/@testing-library/dom/dist/query-helpers.js:76:38
      at node_modules/@testing-library/react/node_modules/@testing-library/dom/dist/query-helpers.js:52:17
      at node_modules/@testing-library/react/node_modules/@testing-library/dom/dist/query-helpers.js:95:19
      at Object.getByText (src/components/dashboard/__tests__/ProfileModule.test.tsx:101:19)

  ΓùÅ ProfileModule ΓÇ║ shows empty skills state

    TestingLibraryElementError: Unable to find an element with the text: Zatia─╛ nem├íte pridan├⌐ ┼╛iadne zru─ìnost
i. This could be because the text is broken up by multiple elements. In this case, you can provide a function for y
our text matcher to make your matcher more flexible.

    Ignored nodes: comments, script, style
    [36m<body>[39m
      [36m<div>[39m
        [36m<div[39m
          [33mclass[39m=[32m"max-w-2xl mx-auto"[39m
        [36m>[39m
          [36m<div[39m
            [33mclass[39m=[32m"flex items-center gap-6 mb-6"[39m
          [36m>[39m
            [36m<div[39m
              [33mclass[39m=[32m"mb-6 relative inline-block"[39m
            [36m>[39m
              [36m<div[39m
                [33mclass[39m=[32m"w-48 h-48 text-6xl rounded-full mx-auto bg-purple-100 flex items-center justi
fy-center border-4 border-purple-200"[39m
              [36m>[39m
                [36m<span[39m
                  [33mclass[39m=[32m"font-bold text-purple-600"[39m
                [36m>[39m
                  [0mTU[0m
                [36m</span>[39m
              [36m</div>[39m
              [36m<div[39m
                [33mclass[39m=[32m"absolute bottom-0 right-0 z-10"[39m
              [36m>[39m
                [36m<div[39m
                  [33mclass[39m=[32m"relative"[39m
                [36m>[39m
                  [36m<button[39m
                    [33mclass[39m=[32m"bg-purple-600 hover:bg-purple-700 text-white p-2 rounded-full shadow-lg t
ransition-colors disabled:opacity-50 disabled:cursor-not-allowed"[39m
                    [33mtitle[39m=[32m"Prida┼Ñ fotku"[39m
                  [36m>[39m
                    [36m<svg[39m
                      [33maria-hidden[39m=[32m"true"[39m
                      [33mclass[39m=[32m"w-4 h-4"[39m
                      [33mdata-slot[39m=[32m"icon"[39m
                      [33mfill[39m=[32m"none"[39m
                      [33mstroke[39m=[32m"currentColor"[39m
                      [33mstroke-width[39m=[32m"1.5"[39m
                      [33mviewBox[39m=[32m"0 0 24 24"[39m
                      [33mxmlns[39m=[32m"http://www.w3.org/2000/svg"[39m
                    [36m>[39m
                      [36m<path[39m
                        [33md[39m=[32m"M6.827 6.175A2.31 2.31 0 0 1 5.186 7.23c-.38.054-.757.112-1.134.175C2.999
 7.58 2.25 8.507 2.25 9.574V18a2.25 2.25 0 0 0 2.25 2.25h15A2.25 2.25 0 0 0 21.75 18V9.574c0-1.067-.75-1.994-1.802-
2.169a47.865 47.865 0 0 0-1.134-.175 2.31 2.31 0 0 1-1.64-1.055l-.822-1.316a2.192 2.192 0 0 0-1.736-1.039 48.774 48
.774 0 0 0-5.232 0 2.192 2.192 0 0 0-1.736 1.039l-.821 1.316Z"[39m
                        [33mstroke-linecap[39m=[32m"round"[39m
                        [33mstroke-linejoin[39m=[32m"round"[39m
                      [36m/>[39m
                      [36m<path[39m
                        [33md[39m=[32m"M16.5 12.75a4.5 4.5 0 1 1-9 0 4.5 4.5 0 0 1 9 0ZM18.75 10.5h.008v.008h-.0
08V10.5Z"[39m
                        [33mstroke-linecap[39m=[32m"round"[39m
                        [33mstroke-linejoin[39m=[32m"round"[39m
                      [36m/>[39m
                    [36m</svg>[39m
                  [36m</button>[39m
                  [36m<input[39m
                    [33maccept[39m=[32m"image/*"[39m
                    [33mclass[39m=[32m"hidden"[39m
                    [33mtype[39m=[32m"file"[39m
                  [36m/>[39m
                [36m</div>[39m
              [36m</div>[39m
            [36m</div>[39m
            [36m<button[39m
              [33mclass[39m=[32m"px-12 py-2 bg-purple-100 text-purple-800 border border-purple-200 rounded-lg tr
ansition-colors hover:bg-purple-200"[39m
            [36m>[39m
              [0mUpravi┼Ñ profil[0m
            [36m</button>[39m
            [36m<button[39m
              [33mclass[39m=[32m"px-12 py-2 bg-purple-100 text-purple-800 border border-purple-200 rounded-lg tr
ansition-colors hover:bg-purple-200"[39m
            [36m>[39m
              [0mZru─ìnosti[0m
            [36m</button>[39m
          [36m</div>[39m
          [36m<div[39m
            [33mclass[39m=[32m"text-center"[39m
          [36m>[39m
            [36m<p[39m
              [33mclass[39m=[32m"text-gray-500"[39m
            [36m>[39m
              [0m≡ƒôì [0m
              [0mBratislava[0m
            [36m</p>[39m
          [36m</div>[39m
        [36m</div>[39m
      [36m</div>[39m
    [36m</body>[39m

    [0m [90m 106 |[39m     render([33m<[39m[33mProfileModule[39m user[33m=[39m{mockUser} [33m/[39m[33m>
[39m)[33m;[39m
     [90m 107 |[39m     
    [31m[1m>[22m[39m[90m 108 |[39m     expect(screen[33m.[39mgetByText([32m'Zatia─╛ nem├íte pridan├⌐ ┼╛iad
ne zru─ìnosti'[39m))[33m.[39mtoBeInTheDocument()[33m;[39m
     [90m     |[39m                   [31m[1m^[22m[39m
     [90m 109 |[39m   })[33m;[39m
     [90m 110 |[39m
     [90m 111 |[39m   it([32m'renders avatar placeholder when no avatar'[39m[33m,[39m () [33m=>[39m {[0m

      at Object.getElementError (node_modules/@testing-library/react/node_modules/@testing-library/dom/dist/config.
js:37:19)
      at node_modules/@testing-library/react/node_modules/@testing-library/dom/dist/query-helpers.js:76:38
      at node_modules/@testing-library/react/node_modules/@testing-library/dom/dist/query-helpers.js:52:17
      at node_modules/@testing-library/react/node_modules/@testing-library/dom/dist/query-helpers.js:95:19
      at Object.getByText (src/components/dashboard/__tests__/ProfileModule.test.tsx:108:19)

  ΓùÅ ProfileModule ΓÇ║ renders actual avatar when provided

    TestingLibraryElementError: Unable to find an element with the alt text: Test

    Ignored nodes: comments, script, style
    [36m<body>[39m
      [36m<div>[39m
        [36m<div[39m
          [33mclass[39m=[32m"max-w-2xl mx-auto"[39m
        [36m>[39m
          [36m<div[39m
            [33mclass[39m=[32m"flex items-center gap-6 mb-6"[39m
          [36m>[39m
            [36m<div[39m
              [33mclass[39m=[32m"mb-6 relative inline-block"[39m
            [36m>[39m
              [36m<img[39m
                [33malt[39m=[32m"Test User"[39m
                [33mclass[39m=[32m"w-48 h-48 text-6xl rounded-full mx-auto object-cover border-4 border-purple-1
00"[39m
                [33msrc[39m=[32m"https://example.com/avatar.jpg?t=1760207338742"[39m
                [33mstyle[39m=[32m"cursor: pointer;"[39m
              [36m/>[39m
            [36m</div>[39m
            [36m<button[39m
              [33mclass[39m=[32m"px-12 py-2 bg-purple-100 text-purple-800 border border-purple-200 rounded-lg tr
ansition-colors hover:bg-purple-200"[39m
            [36m>[39m
              [0mUpravi┼Ñ profil[0m
            [36m</button>[39m
            [36m<button[39m
              [33mclass[39m=[32m"px-12 py-2 bg-purple-100 text-purple-800 border border-purple-200 rounded-lg tr
ansition-colors hover:bg-purple-200"[39m
            [36m>[39m
              [0mZru─ìnosti[0m
            [36m</button>[39m
          [36m</div>[39m
          [36m<div[39m
            [33mclass[39m=[32m"text-center"[39m
          [36m>[39m
            [36m<p[39m
              [33mclass[39m=[32m"text-gray-500"[39m
            [36m>[39m
              [0m≡ƒôì [0m
              [0mBratislava[0m
            [36m</p>[39m
          [36m</div>[39m
        [36m</div>[39m
      [36m</div>[39m
    [36m</body>[39m

    [0m [90m 122 |[39m     render([33m<[39m[33mProfileModule[39m user[33m=[39m{userWithAvatar} [33m/[39m
[33m>[39m)[33m;[39m
     [90m 123 |[39m     
    [31m[1m>[22m[39m[90m 124 |[39m     [36mconst[39m avatarImage [33m=[39m screen[33m.[39mgetByAltText(
[32m'Test'[39m)[33m;[39m
     [90m     |[39m                                [31m[1m^[22m[39m
     [90m 125 |[39m     expect(avatarImage)[33m.[39mtoBeInTheDocument()[33m;[39m
     [90m 126 |[39m     expect(avatarImage)[33m.[39mtoHaveAttribute([32m'src'[39m[33m,[39m [32m'https://ex
ample.com/avatar.jpg'[39m)[33m;[39m
     [90m 127 |[39m   })[33m;[39m[0m

      at Object.getElementError (node_modules/@testing-library/react/node_modules/@testing-library/dom/dist/config.
js:37:19)
      at node_modules/@testing-library/react/node_modules/@testing-library/dom/dist/query-helpers.js:76:38
      at node_modules/@testing-library/react/node_modules/@testing-library/dom/dist/query-helpers.js:52:17
      at node_modules/@testing-library/react/node_modules/@testing-library/dom/dist/query-helpers.js:95:19
      at Object.getByAltText (src/components/dashboard/__tests__/ProfileModule.test.tsx:124:32)

FAIL src/components/dashboard/modules/profile/__tests__/ProfileCard.test.tsx
  ΓùÅ Console

    console.error
      Warning: `ReactDOMTestUtils.act` is deprecated in favor of `React.act`. Import `act` from `react` instead of 
`react-dom/test-utils`. See https://react.dev/warnings/react-dom-test-utils for more info.

    [0m [90m 19 |[39m describe([32m'ProfileCard'[39m[33m,[39m () [33m=>[39m {
     [90m 20 |[39m   it([32m'renders without crashing'[39m[33m,[39m () [33m=>[39m {
    [31m[1m>[22m[39m[90m 21 |[39m     render([33m<[39m[33mProfileCard[39m user[33m=[39m{mockUser} [33m
/[39m[33m>[39m)[33m;[39m
     [90m    |[39m           [31m[1m^[22m[39m
     [90m 22 |[39m     expect(screen[33m.[39mgetByText([32m'John Doe'[39m))[33m.[39mtoBeInTheDocument()[33
m;[39m
     [90m 23 |[39m   })[33m;[39m
     [90m 24 |[39m[0m

      at printWarning (node_modules/react-dom/cjs/react-dom-test-utils.development.js:71:30)
      at error (node_modules/react-dom/cjs/react-dom-test-utils.development.js:45:7)
      at actWithWarning (node_modules/react-dom/cjs/react-dom-test-utils.development.js:1736:7)
      at node_modules/@testing-library/react/dist/act-compat.js:63:25
      at renderRoot (node_modules/@testing-library/react/dist/pure.js:159:26)
      at render (node_modules/@testing-library/react/dist/pure.js:246:10)
      at Object.<anonymous> (src/components/dashboard/modules/profile/__tests__/ProfileCard.test.tsx:21:11)

    console.log
      UserAvatar - user.avatar: undefined

      at log (src/components/dashboard/modules/profile/UserAvatar.tsx:35:11)

    console.log
      UserAvatar - user.avatar_url: undefined

      at log (src/components/dashboard/modules/profile/UserAvatar.tsx:36:11)

    console.log
      UserAvatar - avatarUrl with cache-busting: undefined

      at log (src/components/dashboard/modules/profile/UserAvatar.tsx:37:11)

    console.log
      UserAvatar - user.avatar: undefined

      at log (src/components/dashboard/modules/profile/UserAvatar.tsx:35:11)

    console.log
      UserAvatar - user.avatar_url: undefined

      at log (src/components/dashboard/modules/profile/UserAvatar.tsx:36:11)

    console.log
      UserAvatar - avatarUrl with cache-busting: undefined

      at log (src/components/dashboard/modules/profile/UserAvatar.tsx:37:11)

    console.log
      UserAvatar - user.avatar: undefined

      at log (src/components/dashboard/modules/profile/UserAvatar.tsx:35:11)

    console.log
      UserAvatar - user.avatar_url: undefined

      at log (src/components/dashboard/modules/profile/UserAvatar.tsx:36:11)

    console.log
      UserAvatar - avatarUrl with cache-busting: undefined

      at log (src/components/dashboard/modules/profile/UserAvatar.tsx:37:11)

    console.log
      UserAvatar - user.avatar: undefined

      at log (src/components/dashboard/modules/profile/UserAvatar.tsx:35:11)

    console.log
      UserAvatar - user.avatar_url: undefined

      at log (src/components/dashboard/modules/profile/UserAvatar.tsx:36:11)

    console.log
      UserAvatar - avatarUrl with cache-busting: undefined

      at log (src/components/dashboard/modules/profile/UserAvatar.tsx:37:11)

    console.log
      UserAvatar - user.avatar: undefined

      at log (src/components/dashboard/modules/profile/UserAvatar.tsx:35:11)

    console.log
      UserAvatar - user.avatar_url: undefined

      at log (src/components/dashboard/modules/profile/UserAvatar.tsx:36:11)

    console.log
      UserAvatar - avatarUrl with cache-busting: undefined

      at log (src/components/dashboard/modules/profile/UserAvatar.tsx:37:11)

    console.log
      UserAvatar - user.avatar: undefined

      at log (src/components/dashboard/modules/profile/UserAvatar.tsx:35:11)

    console.log
      UserAvatar - user.avatar_url: undefined

      at log (src/components/dashboard/modules/profile/UserAvatar.tsx:36:11)

    console.log
      UserAvatar - avatarUrl with cache-busting: undefined

      at log (src/components/dashboard/modules/profile/UserAvatar.tsx:37:11)

  ΓùÅ ProfileCard ΓÇ║ renders without crashing

    TestingLibraryElementError: Unable to find an element with the text: John Doe. This could be because the text i
s broken up by multiple elements. In this case, you can provide a function for your text matcher to make your match
er more flexible.

    Ignored nodes: comments, script, style
    [36m<body>[39m
      [36m<div>[39m
        [36m<div[39m
          [33mclass[39m=[32m"bg-white rounded-lg shadow-sm border border-gray-200 p-8"[39m
        [36m>[39m
          [36m<div[39m
            [33mclass[39m=[32m"mb-6 relative inline-block"[39m
          [36m>[39m
            [36m<div[39m
              [33mclass[39m=[32m"w-48 h-48 text-6xl rounded-full mx-auto bg-purple-100 flex items-center justify
-center border-4 border-purple-200"[39m
            [36m>[39m
              [36m<span[39m
                [33mclass[39m=[32m"font-bold text-purple-600"[39m
              [36m>[39m
                [0mJD[0m
              [36m</span>[39m
            [36m</div>[39m
          [36m</div>[39m
          [36m<div[39m
            [33mclass[39m=[32m"text-center"[39m
          [36m/>[39m
        [36m</div>[39m
      [36m</div>[39m
    [36m</body>[39m

    [0m [90m 20 |[39m   it([32m'renders without crashing'[39m[33m,[39m () [33m=>[39m {
     [90m 21 |[39m     render([33m<[39m[33mProfileCard[39m user[33m=[39m{mockUser} [33m/[39m[33m>[39m)
[33m;[39m
    [31m[1m>[22m[39m[90m 22 |[39m     expect(screen[33m.[39mgetByText([32m'John Doe'[39m))[33m.[39mtoBe
InTheDocument()[33m;[39m
     [90m    |[39m                   [31m[1m^[22m[39m
     [90m 23 |[39m   })[33m;[39m
     [90m 24 |[39m
     [90m 25 |[39m   it([32m'renders UserAvatar component'[39m[33m,[39m () [33m=>[39m {[0m

      at Object.getElementError (node_modules/@testing-library/react/node_modules/@testing-library/dom/dist/config.
js:37:19)
      at node_modules/@testing-library/react/node_modules/@testing-library/dom/dist/query-helpers.js:76:38
      at node_modules/@testing-library/react/node_modules/@testing-library/dom/dist/query-helpers.js:52:17
      at node_modules/@testing-library/react/node_modules/@testing-library/dom/dist/query-helpers.js:95:19
      at Object.getByText (src/components/dashboard/modules/profile/__tests__/ProfileCard.test.tsx:22:19)

  ΓùÅ ProfileCard ΓÇ║ handles user with profile picture

    TestingLibraryElementError: Unable to find an element with the alt text: John Doe

    Ignored nodes: comments, script, style
    [36m<body>[39m
      [36m<div>[39m
        [36m<div[39m
          [33mclass[39m=[32m"bg-white rounded-lg shadow-sm border border-gray-200 p-8"[39m
        [36m>[39m
          [36m<div[39m
            [33mclass[39m=[32m"mb-6 relative inline-block"[39m
          [36m>[39m
            [36m<div[39m
              [33mclass[39m=[32m"w-48 h-48 text-6xl rounded-full mx-auto bg-purple-100 flex items-center justify
-center border-4 border-purple-200"[39m
            [36m>[39m
              [36m<span[39m
                [33mclass[39m=[32m"font-bold text-purple-600"[39m
              [36m>[39m
                [0mJD[0m
              [36m</span>[39m
            [36m</div>[39m
          [36m</div>[39m
          [36m<div[39m
            [33mclass[39m=[32m"text-center"[39m
          [36m/>[39m
        [36m</div>[39m
      [36m</div>[39m
    [36m</body>[39m

    [0m [90m 47 |[39m     
     [90m 48 |[39m     render([33m<[39m[33mProfileCard[39m user[33m=[39m{userWithPicture} [33m/[39m[33m>
[39m)[33m;[39m
    [31m[1m>[22m[39m[90m 49 |[39m     [36mconst[39m img [33m=[39m screen[33m.[39mgetByAltText([32m'Joh
n Doe'[39m)[33m;[39m
     [90m    |[39m                        [31m[1m^[22m[39m
     [90m 50 |[39m     expect(img)[33m.[39mtoBeInTheDocument()[33m;[39m
     [90m 51 |[39m   })[33m;[39m
     [90m 52 |[39m[0m

      at Object.getElementError (node_modules/@testing-library/react/node_modules/@testing-library/dom/dist/config.
js:37:19)
      at node_modules/@testing-library/react/node_modules/@testing-library/dom/dist/query-helpers.js:76:38
      at node_modules/@testing-library/react/node_modules/@testing-library/dom/dist/query-helpers.js:52:17
      at node_modules/@testing-library/react/node_modules/@testing-library/dom/dist/query-helpers.js:95:19
      at Object.getByAltText (src/components/dashboard/modules/profile/__tests__/ProfileCard.test.tsx:49:24)

FAIL src/components/dashboard/modules/profile/__tests__/UserAvatar.test.tsx
  ΓùÅ Console

    console.error
      Warning: `ReactDOMTestUtils.act` is deprecated in favor of `React.act`. Import `act` from `react` instead of 
`react-dom/test-utils`. See https://react.dev/warnings/react-dom-test-utils for more info.

    [0m [90m 19 |[39m describe([32m'UserAvatar'[39m[33m,[39m () [33m=>[39m {
     [90m 20 |[39m   it([32m'renders initials when no profile picture'[39m[33m,[39m () [33m=>[39m {
    [31m[1m>[22m[39m[90m 21 |[39m     render([33m<[39m[33mUserAvatar[39m user[33m=[39m{mockUser} [33m/
[39m[33m>[39m)[33m;[39m
     [90m    |[39m           [31m[1m^[22m[39m
     [90m 22 |[39m     expect(screen[33m.[39mgetByText([32m'JD'[39m))[33m.[39mtoBeInTheDocument()[33m;[39
m
     [90m 23 |[39m   })[33m;[39m
     [90m 24 |[39m[0m

      at printWarning (node_modules/react-dom/cjs/react-dom-test-utils.development.js:71:30)
      at error (node_modules/react-dom/cjs/react-dom-test-utils.development.js:45:7)
      at actWithWarning (node_modules/react-dom/cjs/react-dom-test-utils.development.js:1736:7)
      at node_modules/@testing-library/react/dist/act-compat.js:63:25
      at renderRoot (node_modules/@testing-library/react/dist/pure.js:159:26)
      at render (node_modules/@testing-library/react/dist/pure.js:246:10)
      at Object.<anonymous> (src/components/dashboard/modules/profile/__tests__/UserAvatar.test.tsx:21:11)

    console.log
      UserAvatar - user.avatar: undefined

      at log (src/components/dashboard/modules/profile/UserAvatar.tsx:35:11)

    console.log
      UserAvatar - user.avatar_url: undefined

      at log (src/components/dashboard/modules/profile/UserAvatar.tsx:36:11)

    console.log
      UserAvatar - avatarUrl with cache-busting: undefined

      at log (src/components/dashboard/modules/profile/UserAvatar.tsx:37:11)

    console.log
      UserAvatar - user.avatar: undefined

      at log (src/components/dashboard/modules/profile/UserAvatar.tsx:35:11)

    console.log
      UserAvatar - user.avatar_url: undefined

      at log (src/components/dashboard/modules/profile/UserAvatar.tsx:36:11)

    console.log
      UserAvatar - avatarUrl with cache-busting: undefined

      at log (src/components/dashboard/modules/profile/UserAvatar.tsx:37:11)

    console.log
      UserAvatar - user.avatar: undefined

      at log (src/components/dashboard/modules/profile/UserAvatar.tsx:35:11)

    console.log
      UserAvatar - user.avatar_url: undefined

      at log (src/components/dashboard/modules/profile/UserAvatar.tsx:36:11)

    console.log
      UserAvatar - avatarUrl with cache-busting: undefined

      at log (src/components/dashboard/modules/profile/UserAvatar.tsx:37:11)

    console.log
      UserAvatar - user.avatar: undefined

      at log (src/components/dashboard/modules/profile/UserAvatar.tsx:35:11)

    console.log
      UserAvatar - user.avatar_url: undefined

      at log (src/components/dashboard/modules/profile/UserAvatar.tsx:36:11)

    console.log
      UserAvatar - avatarUrl with cache-busting: undefined

      at log (src/components/dashboard/modules/profile/UserAvatar.tsx:37:11)

    console.log
      UserAvatar - user.avatar: undefined

      at log (src/components/dashboard/modules/profile/UserAvatar.tsx:35:11)

    console.log
      UserAvatar - user.avatar_url: undefined

      at log (src/components/dashboard/modules/profile/UserAvatar.tsx:36:11)

    console.log
      UserAvatar - avatarUrl with cache-busting: undefined

      at log (src/components/dashboard/modules/profile/UserAvatar.tsx:37:11)

    console.log
      UserAvatar - user.avatar: undefined

      at log (src/components/dashboard/modules/profile/UserAvatar.tsx:35:11)

    console.log
      UserAvatar - user.avatar_url: undefined

      at log (src/components/dashboard/modules/profile/UserAvatar.tsx:36:11)

    console.log
      UserAvatar - avatarUrl with cache-busting: undefined

      at log (src/components/dashboard/modules/profile/UserAvatar.tsx:37:11)

    console.log
      UserAvatar - user.avatar: undefined

      at log (src/components/dashboard/modules/profile/UserAvatar.tsx:35:11)

    console.log
      UserAvatar - user.avatar_url: undefined

      at log (src/components/dashboard/modules/profile/UserAvatar.tsx:36:11)

    console.log
      UserAvatar - avatarUrl with cache-busting: undefined

      at log (src/components/dashboard/modules/profile/UserAvatar.tsx:37:11)

  ΓùÅ UserAvatar ΓÇ║ renders profile picture when available

    TestingLibraryElementError: Unable to find an element with the alt text: John Doe

    Ignored nodes: comments, script, style
    [36m<body>[39m
      [36m<div>[39m
        [36m<div[39m
          [33mclass[39m=[32m"mb-6 relative inline-block"[39m
        [36m>[39m
          [36m<div[39m
            [33mclass[39m=[32m"w-48 h-48 text-6xl rounded-full mx-auto bg-purple-100 flex items-center justify-c
enter border-4 border-purple-200"[39m
          [36m>[39m
            [36m<span[39m
              [33mclass[39m=[32m"font-bold text-purple-600"[39m
            [36m>[39m
              [0mJD[0m
            [36m</span>[39m
          [36m</div>[39m
        [36m</div>[39m
      [36m</div>[39m
    [36m</body>[39m

    [0m [90m 30 |[39m     
     [90m 31 |[39m     render([33m<[39m[33mUserAvatar[39m user[33m=[39m{userWithPicture} [33m/[39m[33m>
[39m)[33m;[39m
    [31m[1m>[22m[39m[90m 32 |[39m     [36mconst[39m img [33m=[39m screen[33m.[39mgetByAltText([32m'Joh
n Doe'[39m)[33m;[39m
     [90m    |[39m                        [31m[1m^[22m[39m
     [90m 33 |[39m     expect(img)[33m.[39mtoBeInTheDocument()[33m;[39m
     [90m 34 |[39m     expect(img)[33m.[39mtoHaveAttribute([32m'src'[39m[33m,[39m [32m'https://example.com
/avatar.jpg'[39m)[33m;[39m
     [90m 35 |[39m   })[33m;[39m[0m

      at Object.getElementError (node_modules/@testing-library/react/node_modules/@testing-library/dom/dist/config.
js:37:19)
      at node_modules/@testing-library/react/node_modules/@testing-library/dom/dist/query-helpers.js:76:38
      at node_modules/@testing-library/react/node_modules/@testing-library/dom/dist/query-helpers.js:52:17
      at node_modules/@testing-library/react/node_modules/@testing-library/dom/dist/query-helpers.js:95:19
      at Object.getByAltText (src/components/dashboard/modules/profile/__tests__/UserAvatar.test.tsx:32:24)

  ΓùÅ UserAvatar ΓÇ║ renders correct size classes

    expect(element).toHaveClass("w-32 h-32 text-4xl")

    Expected the element to have class:
      w-32 h-32 text-4xl
    Received:
      w-48 h-48 text-6xl rounded-full mx-auto bg-purple-100 flex items-center justify-center border-4 border-purple
-200

    [0m [90m 43 |[39m
     [90m 44 |[39m     rerender([33m<[39m[33mUserAvatar[39m user[33m=[39m{mockUser} size[33m=[39m[32m"la
rge"[39m [33m/[39m[33m>[39m)[33m;[39m
    [31m[1m>[22m[39m[90m 45 |[39m     expect(screen[33m.[39mgetByText([32m'JD'[39m)[33m.[39mparentEleme
nt)[33m.[39mtoHaveClass([32m'w-32'[39m[33m,[39m [32m'h-32'[39m[33m,[39m [32m'text-4xl'[39m)[33m;[39m
     [90m    |[39m                                                  [31m[1m^[22m[39m
     [90m 46 |[39m   })[33m;[39m
     [90m 47 |[39m
     [90m 48 |[39m   it([32m'handles image load error by showing initials'[39m[33m,[39m () [33m=>[39m {[0m

      at Object.toHaveClass (src/components/dashboard/modules/profile/__tests__/UserAvatar.test.tsx:45:50)

  ΓùÅ UserAvatar ΓÇ║ handles image load error by showing initials

    TestingLibraryElementError: Unable to find an element with the alt text: John Doe

    Ignored nodes: comments, script, style
    [36m<body>[39m
      [36m<div>[39m
        [36m<div[39m
          [33mclass[39m=[32m"mb-6 relative inline-block"[39m
        [36m>[39m
          [36m<div[39m
            [33mclass[39m=[32m"w-48 h-48 text-6xl rounded-full mx-auto bg-purple-100 flex items-center justify-c
enter border-4 border-purple-200"[39m
          [36m>[39m
            [36m<span[39m
              [33mclass[39m=[32m"font-bold text-purple-600"[39m
            [36m>[39m
              [0mJD[0m
            [36m</span>[39m
          [36m</div>[39m
        [36m</div>[39m
      [36m</div>[39m
    [36m</body>[39m

    [0m [90m 53 |[39m     
     [90m 54 |[39m     render([33m<[39m[33mUserAvatar[39m user[33m=[39m{userWithPicture} [33m/[39m[33m>
[39m)[33m;[39m
    [31m[1m>[22m[39m[90m 55 |[39m     [36mconst[39m img [33m=[39m screen[33m.[39mgetByAltText([32m'Joh
n Doe'[39m)[33m;[39m
     [90m    |[39m                        [31m[1m^[22m[39m
     [90m 56 |[39m     
     [90m 57 |[39m     [90m// Simulate image load error[39m
     [90m 58 |[39m     img[33m.[39mdispatchEvent([36mnew[39m [33mEvent[39m([32m'error'[39m))[33m;[39m[
0m

      at Object.getElementError (node_modules/@testing-library/react/node_modules/@testing-library/dom/dist/config.
js:37:19)
      at node_modules/@testing-library/react/node_modules/@testing-library/dom/dist/query-helpers.js:76:38
      at node_modules/@testing-library/react/node_modules/@testing-library/dom/dist/query-helpers.js:52:17
      at node_modules/@testing-library/react/node_modules/@testing-library/dom/dist/query-helpers.js:95:19
      at Object.getByAltText (src/components/dashboard/modules/profile/__tests__/UserAvatar.test.tsx:55:24)

PASS src/components/dashboard/__tests__/Sidebar.test.tsx
  ΓùÅ Console

    console.error
      Warning: `ReactDOMTestUtils.act` is deprecated in favor of `React.act`. Import `act` from `react` instead of 
`react-dom/test-utils`. See https://react.dev/warnings/react-dom-test-utils for more info.

    [0m [90m 25 |[39m
     [90m 26 |[39m   it([32m'renders all navigation items'[39m[33m,[39m () [33m=>[39m {
    [31m[1m>[22m[39m[90m 27 |[39m     render([33m<[39m[33mSidebar[39m {[33m...[39mdefaultProps} [33m/
[39m[33m>[39m)[33m;[39m
     [90m    |[39m           [31m[1m^[22m[39m
     [90m 28 |[39m     
     [90m 29 |[39m     expect(screen[33m.[39mgetByText([32m'N├ístenka'[39m))[33m.[39mtoBeInTheDocument()[3
3m;[39m
     [90m 30 |[39m     expect(screen[33m.[39mgetByText([32m'Vyh─╛ad├ívanie'[39m))[33m.[39mtoBeInTheDocument
()[33m;[39m[0m

      at printWarning (node_modules/react-dom/cjs/react-dom-test-utils.development.js:71:30)
      at error (node_modules/react-dom/cjs/react-dom-test-utils.development.js:45:7)
      at actWithWarning (node_modules/react-dom/cjs/react-dom-test-utils.development.js:1736:7)
      at node_modules/@testing-library/react/dist/act-compat.js:63:25
      at renderRoot (node_modules/@testing-library/react/dist/pure.js:159:26)
      at render (node_modules/@testing-library/react/dist/pure.js:246:10)
      at Object.<anonymous> (src/components/dashboard/__tests__/Sidebar.test.tsx:27:11)

PASS src/components/dashboard/__tests__/FavoritesModule.test.tsx
  ΓùÅ Console

    console.error
      Warning: `ReactDOMTestUtils.act` is deprecated in favor of `React.act`. Import `act` from `react` instead of 
`react-dom/test-utils`. See https://react.dev/warnings/react-dom-test-utils for more info.

    [0m [90m 12 |[39m describe([32m'FavoritesModule'[39m[33m,[39m () [33m=>[39m {
     [90m 13 |[39m   it([32m'renders favorites header'[39m[33m,[39m () [33m=>[39m {
    [31m[1m>[22m[39m[90m 14 |[39m     render([33m<[39m[33mFavoritesModule[39m [33m/[39m[33m>[39m)[33
m;[39m
     [90m    |[39m           [31m[1m^[22m[39m
     [90m 15 |[39m     
     [90m 16 |[39m     expect(screen[33m.[39mgetByText([32m'Obl├║ben├⌐'[39m))[33m.[39mtoBeInTheDocument()[
33m;[39m
     [90m 17 |[39m   })[33m;[39m[0m

      at printWarning (node_modules/react-dom/cjs/react-dom-test-utils.development.js:71:30)
      at error (node_modules/react-dom/cjs/react-dom-test-utils.development.js:45:7)
      at actWithWarning (node_modules/react-dom/cjs/react-dom-test-utils.development.js:1736:7)
      at node_modules/@testing-library/react/dist/act-compat.js:63:25
      at renderRoot (node_modules/@testing-library/react/dist/pure.js:159:26)
      at render (node_modules/@testing-library/react/dist/pure.js:246:10)
      at Object.<anonymous> (src/components/dashboard/__tests__/FavoritesModule.test.tsx:14:11)

PASS src/components/dashboard/__tests__/SettingsModule.test.tsx
  ΓùÅ Console

    console.error
      Warning: `ReactDOMTestUtils.act` is deprecated in favor of `React.act`. Import `act` from `react` instead of 
`react-dom/test-utils`. See https://react.dev/warnings/react-dom-test-utils for more info.

    [0m [90m 27 |[39m describe([32m'SettingsModule'[39m[33m,[39m () [33m=>[39m {
     [90m 28 |[39m   it([32m'renders settings header'[39m[33m,[39m () [33m=>[39m {
    [31m[1m>[22m[39m[90m 29 |[39m     render([33m<[39m[33mSettingsModule[39m user[33m=[39m{mockUser} [
33m/[39m[33m>[39m)[33m;[39m
     [90m    |[39m           [31m[1m^[22m[39m
     [90m 30 |[39m     
     [90m 31 |[39m     expect(screen[33m.[39mgetByText([32m'Nastavenia'[39m))[33m.[39mtoBeInTheDocument()[
33m;[39m
     [90m 32 |[39m   })[33m;[39m[0m

      at printWarning (node_modules/react-dom/cjs/react-dom-test-utils.development.js:71:30)
      at error (node_modules/react-dom/cjs/react-dom-test-utils.development.js:45:7)
      at actWithWarning (node_modules/react-dom/cjs/react-dom-test-utils.development.js:1736:7)
      at node_modules/@testing-library/react/dist/act-compat.js:63:25
      at renderRoot (node_modules/@testing-library/react/dist/pure.js:159:26)
      at render (node_modules/@testing-library/react/dist/pure.js:246:10)
      at Object.<anonymous> (src/components/dashboard/__tests__/SettingsModule.test.tsx:29:11)

FAIL src/components/dashboard/__tests__/Dashboard.test.tsx (5.501 s)
  ΓùÅ Console

    console.error
      Warning: `ReactDOMTestUtils.act` is deprecated in favor of `React.act`. Import `act` from `react` instead of 
`react-dom/test-utils`. See https://react.dev/warnings/react-dom-test-utils for more info.

    [0m [90m 63 |[39m     isAuthenticated[33m.[39mmockReturnValue([36mtrue[39m)[33m;[39m
     [90m 64 |[39m     
    [31m[1m>[22m[39m[90m 65 |[39m     render([33m<[39m[33mDashboard[39m [33m/[39m[33m>[39m)[33m;[39
m
     [90m    |[39m           [31m[1m^[22m[39m
     [90m 66 |[39m     
     [90m 67 |[39m     expect(screen[33m.[39mgetByText([32m'Na─ì├¡tavam dashboard...'[39m))[33m.[39mtoBeInT
heDocument()[33m;[39m
     [90m 68 |[39m   })[33m;[39m[0m

      at printWarning (node_modules/react-dom/cjs/react-dom-test-utils.development.js:71:30)
      at error (node_modules/react-dom/cjs/react-dom-test-utils.development.js:45:7)
      at actWithWarning (node_modules/react-dom/cjs/react-dom-test-utils.development.js:1736:7)
      at node_modules/@testing-library/react/dist/act-compat.js:63:25
      at renderRoot (node_modules/@testing-library/react/dist/pure.js:159:26)
      at render (node_modules/@testing-library/react/dist/pure.js:246:10)
      at Object.<anonymous> (src/components/dashboard/__tests__/Dashboard.test.tsx:65:11)

    console.error
      Error fetching user data: TypeError: Cannot read properties of undefined (reading 'data')
          at data (C:\Users\zuzan\Desktop\svap\frontend\src\components\dashboard\Dashboard.tsx:46:28)
          at processTicksAndRejections (node:internal/process/task_queues:105:5)

    [0m [90m 46 |[39m           setUser(response[33m.[39mdata)[33m;[39m
     [90m 47 |[39m         } [36mcatch[39m (error) {
    [31m[1m>[22m[39m[90m 48 |[39m           console[33m.[39merror([32m'Error fetching user data:'[39m[33
m,[39m error)[33m;[39m
     [90m    |[39m                   [31m[1m^[22m[39m
     [90m 49 |[39m           clearAuthTokens()[33m;[39m
     [90m 50 |[39m           router[33m.[39mpush([32m'/'[39m)[33m;[39m
     [90m 51 |[39m         } [36mfinally[39m {[0m

      at error (src/components/dashboard/Dashboard.tsx:48:19)

    console.error
      Warning: An update to Dashboard inside a test was not wrapped in act(...).
      
      When testing, code that causes React state updates should be wrapped into act(...):
      
      act(() => {
        /* fire events that update state */
      });
      /* assert on the output */
      
      This ensures that you're testing the behavior the user would see in the browser. Learn more at https://reactj
s.org/link/wrap-tests-with-act
          at initialUser (C:\Users\zuzan\Desktop\svap\frontend\src\components\dashboard\Dashboard.tsx:22:37)

    [0m [90m 50 |[39m           router[33m.[39mpush([32m'/'[39m)[33m;[39m
     [90m 51 |[39m         } [36mfinally[39m {
    [31m[1m>[22m[39m[90m 52 |[39m           setIsLoading([36mfalse[39m)[33m;[39m
     [90m    |[39m           [31m[1m^[22m[39m
     [90m 53 |[39m         }
     [90m 54 |[39m       } [36melse[39m {
     [90m 55 |[39m         [90m// Ak m├íme initialUser, nastav loading na false[39m[0m

      at printWarning (node_modules/react-dom/cjs/react-dom.development.js:86:30)
      at error (node_modules/react-dom/cjs/react-dom.development.js:60:7)
      at warnIfUpdatesNotWrappedWithActDEV (node_modules/react-dom/cjs/react-dom.development.js:27628:9)
      at scheduleUpdateOnFiber (node_modules/react-dom/cjs/react-dom.development.js:25547:5)
      at dispatchSetState (node_modules/react-dom/cjs/react-dom.development.js:16708:7)
      at setIsLoading (src/components/dashboard/Dashboard.tsx:52:11)

    console.error
      Error fetching user data: Error: network
          at Object.<anonymous> (C:\Users\zuzan\Desktop\svap\frontend\src\components\dashboard\__tests__\Dashboard.
test.tsx:161:31)
          at Promise.then.completed (C:\Users\zuzan\Desktop\svap\frontend\node_modules\jest-circus\build\utils.js:2
98:28)
          at new Promise (<anonymous>)
          at callAsyncCircusFn (C:\Users\zuzan\Desktop\svap\frontend\node_modules\jest-circus\build\utils.js:231:10
)
          at _callCircusTest (C:\Users\zuzan\Desktop\svap\frontend\node_modules\jest-circus\build\run.js:316:40)
          at _runTest (C:\Users\zuzan\Desktop\svap\frontend\node_modules\jest-circus\build\run.js:252:3)
          at _runTestsForDescribeBlock (C:\Users\zuzan\Desktop\svap\frontend\node_modules\jest-circus\build\run.js:
126:9)
          at _runTestsForDescribeBlock (C:\Users\zuzan\Desktop\svap\frontend\node_modules\jest-circus\build\run.js:
121:9)
          at run (C:\Users\zuzan\Desktop\svap\frontend\node_modules\jest-circus\build\run.js:71:3)
          at runAndTransformResultsToJestFormat (C:\Users\zuzan\Desktop\svap\frontend\node_modules\jest-circus\buil
d\legacy-code-todo-rewrite\jestAdapterInit.js:122:21)
          at jestAdapter (C:\Users\zuzan\Desktop\svap\frontend\node_modules\jest-circus\build\legacy-code-todo-rewr
ite\jestAdapter.js:79:19)
          at runTestInternal (C:\Users\zuzan\Desktop\svap\frontend\node_modules\jest-runner\build\runTest.js:367:16
)
          at runTest (C:\Users\zuzan\Desktop\svap\frontend\node_modules\jest-runner\build\runTest.js:444:34)
          at Object.worker (C:\Users\zuzan\Desktop\svap\frontend\node_modules\jest-runner\build\testWorker.js:106:1
2)

    [0m [90m 46 |[39m           setUser(response[33m.[39mdata)[33m;[39m
     [90m 47 |[39m         } [36mcatch[39m (error) {
    [31m[1m>[22m[39m[90m 48 |[39m           console[33m.[39merror([32m'Error fetching user data:'[39m[33
m,[39m error)[33m;[39m
     [90m    |[39m                   [31m[1m^[22m[39m
     [90m 49 |[39m           clearAuthTokens()[33m;[39m
     [90m 50 |[39m           router[33m.[39mpush([32m'/'[39m)[33m;[39m
     [90m 51 |[39m         } [36mfinally[39m {[0m

      at error (src/components/dashboard/Dashboard.tsx:48:19)

    console.error
      Error fetching user data: Error: network
          at Object.<anonymous> (C:\Users\zuzan\Desktop\svap\frontend\src\components\dashboard\__tests__\Dashboard.
test.tsx:161:31)
          at Promise.then.completed (C:\Users\zuzan\Desktop\svap\frontend\node_modules\jest-circus\build\utils.js:2
98:28)
          at new Promise (<anonymous>)
          at callAsyncCircusFn (C:\Users\zuzan\Desktop\svap\frontend\node_modules\jest-circus\build\utils.js:231:10
)
          at _callCircusTest (C:\Users\zuzan\Desktop\svap\frontend\node_modules\jest-circus\build\run.js:316:40)
          at _runTest (C:\Users\zuzan\Desktop\svap\frontend\node_modules\jest-circus\build\run.js:252:3)
          at _runTestsForDescribeBlock (C:\Users\zuzan\Desktop\svap\frontend\node_modules\jest-circus\build\run.js:
126:9)
          at _runTestsForDescribeBlock (C:\Users\zuzan\Desktop\svap\frontend\node_modules\jest-circus\build\run.js:
121:9)
          at run (C:\Users\zuzan\Desktop\svap\frontend\node_modules\jest-circus\build\run.js:71:3)
          at runAndTransformResultsToJestFormat (C:\Users\zuzan\Desktop\svap\frontend\node_modules\jest-circus\buil
d\legacy-code-todo-rewrite\jestAdapterInit.js:122:21)
          at jestAdapter (C:\Users\zuzan\Desktop\svap\frontend\node_modules\jest-circus\build\legacy-code-todo-rewr
ite\jestAdapter.js:79:19)
          at runTestInternal (C:\Users\zuzan\Desktop\svap\frontend\node_modules\jest-runner\build\runTest.js:367:16
)
          at runTest (C:\Users\zuzan\Desktop\svap\frontend\node_modules\jest-runner\build\runTest.js:444:34)
          at Object.worker (C:\Users\zuzan\Desktop\svap\frontend\node_modules\jest-runner\build\testWorker.js:106:1
2)

    [0m [90m 46 |[39m           setUser(response[33m.[39mdata)[33m;[39m
     [90m 47 |[39m         } [36mcatch[39m (error) {
    [31m[1m>[22m[39m[90m 48 |[39m           console[33m.[39merror([32m'Error fetching user data:'[39m[33
m,[39m error)[33m;[39m
     [90m    |[39m                   [31m[1m^[22m[39m
     [90m 49 |[39m           clearAuthTokens()[33m;[39m
     [90m 50 |[39m           router[33m.[39mpush([32m'/'[39m)[33m;[39m
     [90m 51 |[39m         } [36mfinally[39m {[0m

      at error (src/components/dashboard/Dashboard.tsx:48:19)

  ΓùÅ Dashboard ΓÇ║ switches modules when sidebar items are clicked

    Found multiple elements with the text: Vyh─╛ad├ívanie

    Here are the matching elements:

    Ignored nodes: comments, script, style
    [36m<button[39m
      [33mclass[39m=[32m"w-full flex items-center px-3 py-2.5 text-sm font-medium rounded-lg transition-all dura
tion-200 bg-purple-100 text-purple-800 border border-purple-200"[39m
    [36m>[39m
      [36m<svg[39m
        [33maria-hidden[39m=[32m"true"[39m
        [33mclass[39m=[32m"w-5 h-5 mr-3 text-purple-600"[39m
        [33mdata-slot[39m=[32m"icon"[39m
        [33mfill[39m=[32m"none"[39m
        [33mstroke[39m=[32m"currentColor"[39m
        [33mstroke-width[39m=[32m"1.5"[39m
        [33mviewBox[39m=[32m"0 0 24 24"[39m
        [33mxmlns[39m=[32m"http://www.w3.org/2000/svg"[39m
      [36m>[39m
        [36m<path[39m
          [33md[39m=[32m"m21 21-5.197-5.197m0 0A7.5 7.5 0 1 0 5.196 5.196a7.5 7.5 0 0 0 10.607 10.607Z"[39m
          [33mstroke-linecap[39m=[32m"round"[39m
          [33mstroke-linejoin[39m=[32m"round"[39m
        [36m/>[39m
      [36m</svg>[39m
      [0mVyh─╛ad├ívanie[0m
    [36m</button>[39m

    Ignored nodes: comments, script, style
    [36m<h2[39m
      [33mclass[39m=[32m"text-2xl font-bold text-gray-900 mb-6"[39m
    [36m>[39m
      [0mVyh─╛ad├ívanie[0m
    [36m</h2>[39m

    (If this is intentional, then use the `*AllBy*` variant of the query (like `queryAllByText`, `getAllByText`, or
 `findAllByText`)).

    Ignored nodes: comments, script, style
    [36m<body>[39m
      [36m<div>[39m
        [36m<div[39m
          [33mclass[39m=[32m"min-h-screen bg-gray-50 flex"[39m
        [36m>[39m
          [36m<div[39m
            [33mclass[39m=[32m"hidden lg:block"[39m
          [36m>[39m
            [36m<div[39m
              [33mclass[39m=[32m"w-96 h-full"[39m
            [36m>[39m
              [36m<div[39m
                [33mclass[39m=[32m"flex flex-col h-full bg-white border-r border-gray-200"[39m
              [36m>[39m
                [36m<div[39m
                  [33mclass[39m=[32m"flex items-center justify-between p-4 border-b border-gray-200"[39m
                [36m>[39m
                  [36m<h1[39m
                    [33mclass[39m=[32m"text-xl font-bold text-purple-800"[39m
                  [36m>[39m
                    [0mSwaply[0m
                  [36m</h1>[39m
                [36m</div>[39m
                [36m<nav[39m
                  [33mclass[39m=[32m"flex-1 px-4 py-4 space-y-2"[39m
                [36m>[39m
                  [36m<button[39m
                    [33mclass[39m=[32m"w-full flex items-center px-3 py-2.5 text-sm font-medium rounded-lg trans
ition-all duration-200 text-gray-700 hover:bg-gray-100 hover:text-gray-900"[39m
                  [36m>[39m
                    [36m<svg[39m
                      [33maria-hidden[39m=[32m"true"[39m
                      [33mclass[39m=[32m"w-5 h-5 mr-3 text-gray-500"[39m
                      [33mdata-slot[39m=[32m"icon"[39m
                      [33mfill[39m=[32m"none"[39m
                      [33mstroke[39m=[32m"currentColor"[39m
                      [33mstroke-width[39m=[32m"1.5"[39m
                      [33mviewBox[39m=[32m"0 0 24 24"[39m
                      [33mxmlns[39m=[32m"http://www.w3.org/2000/svg"[39m
                    [36m>[39m
                      [36m<path[39m
                        [33md[39m=[32m"m2.25 12 8.954-8.955c.44-.439 1.152-.439 1.591 0L21.75 12M4.5 9.75v10.125
c0 .621.504 1.125 1.125 1.125H9.75v-4.875c0-.621.504-1.125 1.125-1.125h2.25c.621 0 1.125.504 1.125 1.125V21h4.125c.
621 0 1.125-.504 1.125-1.125V9.75M8.25 21h8.25"[39m
                        [33mstroke-linecap[39m=[32m"round"[39m
                        [33mstroke-linejoin[39m=[32m"round"[39m
                      [36m/>[39m
                    [36m</svg>[39m
                    [0mN├ístenka[0m
                  [36m</button>[39m
                  [36m<button[39m
                    [33mclass[39m=[32m"w-full flex items-center px-3 py-2.5 text-sm font-medium rounded-lg trans
ition-all duration-200 bg-purple-100 text-purple-800 border border-purple-200"[39m
                  [36m>[39m
                    [36m<svg[39m
                      [33maria-hidden[39m=[32m"true"[39m
                      [33mclass[39m=[32m"w-5 h-5 mr-3 text-purple-600"[39m
                      [33mdata-slot[39m=[32m"icon"[39m
                      [33mfill[39m=[32m"none"[39m
                      [33mstroke[39m=[32m"currentColor"[39m
                      [33mstroke-width[39m=[32m"1.5"[39m
                      [33mviewBox[39m=[32m"0 0 24 24"[39m
                      [33mxmlns[39m=[32m"http://www.w3.org/2000/svg"[39m
                    [36m>[39m
                      [36m<path[39m
                        [33md[39m=[32m"m21 21-5.197-5.197m0 0A7.5 7.5 0 1 0 5.196 5.196a7.5 7.5 0 0 0 10.607 10.
607Z"[39m
                        [33mstroke-linecap[39m=[32m"round"[39m
                        [33mstroke-linejoin[39m=[32m"round"[39m
                      [36m/>[39m
                    [36m</svg>[39m
                    [0mVyh─╛ad├ívanie[0m
                  [36m</button>[39m
                  [36m<button[39m
                    [33mclass[39m=[32m"w-full flex items-center px-3 py-2.5 text-sm font-medium rounded-lg trans
ition-all duration-200 text-gray-700 hover:bg-gray-100 hover:text-gray-900"[39m
                  [36m>[39m
                    [36m<svg[39m
                      [33maria-hidden[39m=[32m"true"[39m
                      [33mclass[39m=[32m"w-5 h-5 mr-3 text-gray-500"[39m
                      [33mdata-slot[39m=[32m"icon"[39m
                      [33mfill[39m=[32m"none"[39m
                      [33mstroke[39m=[32m"currentColor"[39m
                      [33mstroke-width[39m=[32m"1.5"[39m
                      [33mviewBox[39m=[32m"0 0 24 24"[39m
                      [33mxmlns[39m=[32m"http://www.w3.org/2000/svg"[39m
                    [36m>[39m
                      [36m<path[39m
                        [33md[39m=[32m"M21 8.25c0-2.485-2.099-4.5-4.688-4.5-1.935 0-3.597 1.126-4.312 2.733-.715
-1.607-2.377-2.733-4.313-2.733C5.1 3.75 3 5.765 3 8.25c0 7.22 9 12 9 12s9-4.78 9-12Z"[39m
                        [33mstroke-linecap[39m=[32m"round"[39m
                        [33mstroke-linejoin[39m=[32m"round"[39m
                      [36m/>[39m
                    [36m</svg>[39m
                    [0mObl├║ben├⌐[0m
                  [36m</button>[39m
                  [36m<button[39m
                    [33mclass[39m=[32m"w-full flex items-center px-3 py-2.5 text-sm font-medium rounded-lg trans
ition-all duration-200 text-gray-700 hover:bg-gray-100 hover:text-gray-900"[39m
                  [36m>[39m
                    [36m<svg[39m
                      [33maria-hidden[39m=[32m"true"[39m
                      [33mclass[39m=[32m"w-5 h-5 mr-3 text-gray-500"[39m
                      [33mdata-slot[39m=[32m"icon"[39m
                      [33mfill[39m=[32m"none"[39m
                      [33mstroke[39m=[32m"currentColor"[39m
                      [33mstroke-width[39m=[32m"1.5"[39m
                      [33mviewBox[39m=[32m"0 0 24 24"[39m
                      [33mxmlns[39m=[32m"http://www.w3.org/2000/svg"[39m
                    [36m>[39m
                      [36m<path[39m
                        [33md[39m=[32m"M15.75 6a3.75 3.75 0 1 1-7.5 0 3.75 3.75 0 0 1 7.5 0ZM4.501 20.118a7.5 7.
5 0 0 1 14.998 0A17.933 17.933 0 0 1 12 21.75c-2.676 0-5.216-.584-7.499-1.632Z"[39m
                        [33mstroke-linecap[39m=[32m"round"[39m
                        [33mstroke-linejoin[39m=[32m"round"[39m
                      [36m/>[39m
                    [36m</svg>[39m
                    [0mProfil[0m
                  [36m</button>[39m
                  [36m<button[39m
                    [33mclass[39m=[32m"w-full flex items-center px-3 py-2.5 text-sm font-medium rounded-lg trans
ition-all duration-200 text-gray-700 hover:bg-gray-100 hover:text-gray-900"[39m
                  [36m>[39m
                    [36m<svg[39m
                      [33maria-hidden[39m=[32m"true"[39m
                      [33mclass[39m=[32m"w-5 h-5 mr-3 text-gray-500"[39m
                      [33mdata-slot[39m=[32m"icon"[39m
                      [33mfill[39m=[32m"none"[39m
                      [33mstroke[39m=[32m"currentColor"[39m
                      [33mstroke-width[39m=[32m"1.5"[39m
                      [33mviewBox[39m=[32m"0 0 24 24"[39m
                      [33mxmlns[39m=[32m"http://www.w3.org/2000/svg"[39m
                    [36m>[39m
                      [36m<path[39m
                        [33md[39m=[32m"M9.594 3.94c.09-.542.56-.94 1.11-.94h...

    [0m [90m 127 |[39m     fireEvent[33m.[39mclick(searchButton)[33m;[39m
     [90m 128 |[39m     
    [31m[1m>[22m[39m[90m 129 |[39m     [36mawait[39m waitFor(() [33m=>[39m {
     [90m     |[39m                  [31m[1m^[22m[39m
     [90m 130 |[39m       expect(screen[33m.[39mgetByText([32m'Vyh─╛ad├ívanie'[39m))[33m.[39mtoBeInTheDocum
ent()[33m;[39m
     [90m 131 |[39m     })[33m;[39m
     [90m 132 |[39m   })[33m;[39m[0m

      at waitForWrapper (node_modules/@testing-library/react/node_modules/@testing-library/dom/dist/wait-for.js:166
:27)
      at Object.<anonymous> (src/components/dashboard/__tests__/Dashboard.test.tsx:129:18)

  ΓùÅ Dashboard ΓÇ║ switches to Favorites/Profile/Settings modules

    Unable to find role="heading" and name "Obl├║ben├⌐"

    Ignored nodes: comments, script, style
    [36m<body>[39m
      [36m<div>[39m
        [36m<div[39m
          [33mclass[39m=[32m"min-h-screen bg-gray-50 flex"[39m
        [36m>[39m
          [36m<div[39m
            [33mclass[39m=[32m"hidden lg:block"[39m
          [36m>[39m
            [36m<div[39m
              [33mclass[39m=[32m"w-96 h-full"[39m
            [36m>[39m
              [36m<div[39m
                [33mclass[39m=[32m"flex flex-col h-full bg-white border-r border-gray-200"[39m
              [36m>[39m
                [36m<div[39m
                  [33mclass[39m=[32m"flex items-center justify-between p-4 border-b border-gray-200"[39m
                [36m>[39m
                  [36m<h1[39m
                    [33mclass[39m=[32m"text-xl font-bold text-purple-800"[39m
                  [36m>[39m
                    [0mSwaply[0m
                  [36m</h1>[39m
                [36m</div>[39m
                [36m<nav[39m
                  [33mclass[39m=[32m"flex-1 px-4 py-4 space-y-2"[39m
                [36m>[39m
                  [36m<button[39m
                    [33mclass[39m=[32m"w-full flex items-center px-3 py-2.5 text-sm font-medium rounded-lg trans
ition-all duration-200 text-gray-700 hover:bg-gray-100 hover:text-gray-900"[39m
                  [36m>[39m
                    [36m<svg[39m
                      [33maria-hidden[39m=[32m"true"[39m
                      [33mclass[39m=[32m"w-5 h-5 mr-3 text-gray-500"[39m
                      [33mdata-slot[39m=[32m"icon"[39m
                      [33mfill[39m=[32m"none"[39m
                      [33mstroke[39m=[32m"currentColor"[39m
                      [33mstroke-width[39m=[32m"1.5"[39m
                      [33mviewBox[39m=[32m"0 0 24 24"[39m
                      [33mxmlns[39m=[32m"http://www.w3.org/2000/svg"[39m
                    [36m>[39m
                      [36m<path[39m
                        [33md[39m=[32m"m2.25 12 8.954-8.955c.44-.439 1.152-.439 1.591 0L21.75 12M4.5 9.75v10.125
c0 .621.504 1.125 1.125 1.125H9.75v-4.875c0-.621.504-1.125 1.125-1.125h2.25c.621 0 1.125.504 1.125 1.125V21h4.125c.
621 0 1.125-.504 1.125-1.125V9.75M8.25 21h8.25"[39m
                        [33mstroke-linecap[39m=[32m"round"[39m
                        [33mstroke-linejoin[39m=[32m"round"[39m
                      [36m/>[39m
                    [36m</svg>[39m
                    [0mN├ístenka[0m
                  [36m</button>[39m
                  [36m<button[39m
                    [33mclass[39m=[32m"w-full flex items-center px-3 py-2.5 text-sm font-medium rounded-lg trans
ition-all duration-200 text-gray-700 hover:bg-gray-100 hover:text-gray-900"[39m
                  [36m>[39m
                    [36m<svg[39m
                      [33maria-hidden[39m=[32m"true"[39m
                      [33mclass[39m=[32m"w-5 h-5 mr-3 text-gray-500"[39m
                      [33mdata-slot[39m=[32m"icon"[39m
                      [33mfill[39m=[32m"none"[39m
                      [33mstroke[39m=[32m"currentColor"[39m
                      [33mstroke-width[39m=[32m"1.5"[39m
                      [33mviewBox[39m=[32m"0 0 24 24"[39m
                      [33mxmlns[39m=[32m"http://www.w3.org/2000/svg"[39m
                    [36m>[39m
                      [36m<path[39m
                        [33md[39m=[32m"m21 21-5.197-5.197m0 0A7.5 7.5 0 1 0 5.196 5.196a7.5 7.5 0 0 0 10.607 10.
607Z"[39m
                        [33mstroke-linecap[39m=[32m"round"[39m
                        [33mstroke-linejoin[39m=[32m"round"[39m
                      [36m/>[39m
                    [36m</svg>[39m
                    [0mVyh─╛ad├ívanie[0m
                  [36m</button>[39m
                  [36m<button[39m
                    [33mclass[39m=[32m"w-full flex items-center px-3 py-2.5 text-sm font-medium rounded-lg trans
ition-all duration-200 bg-purple-100 text-purple-800 border border-purple-200"[39m
                  [36m>[39m
                    [36m<svg[39m
                      [33maria-hidden[39m=[32m"true"[39m
                      [33mclass[39m=[32m"w-5 h-5 mr-3 text-purple-600"[39m
                      [33mdata-slot[39m=[32m"icon"[39m
                      [33mfill[39m=[32m"none"[39m
                      [33mstroke[39m=[32m"currentColor"[39m
                      [33mstroke-width[39m=[32m"1.5"[39m
                      [33mviewBox[39m=[32m"0 0 24 24"[39m
                      [33mxmlns[39m=[32m"http://www.w3.org/2000/svg"[39m
                    [36m>[39m
                      [36m<path[39m
                        [33md[39m=[32m"M21 8.25c0-2.485-2.099-4.5-4.688-4.5-1.935 0-3.597 1.126-4.312 2.733-.715
-1.607-2.377-2.733-4.313-2.733C5.1 3.75 3 5.765 3 8.25c0 7.22 9 12 9 12s9-4.78 9-12Z"[39m
                        [33mstroke-linecap[39m=[32m"round"[39m
                        [33mstroke-linejoin[39m=[32m"round"[39m
                      [36m/>[39m
                    [36m</svg>[39m
                    [0mObl├║ben├⌐[0m
                  [36m</button>[39m
                  [36m<button[39m
                    [33mclass[39m=[32m"w-full flex items-center px-3 py-2.5 text-sm font-medium rounded-lg trans
ition-all duration-200 text-gray-700 hover:bg-gray-100 hover:text-gray-900"[39m
                  [36m>[39m
                    [36m<svg[39m
                      [33maria-hidden[39m=[32m"true"[39m
                      [33mclass[39m=[32m"w-5 h-5 mr-3 text-gray-500"[39m
                      [33mdata-slot[39m=[32m"icon"[39m
                      [33mfill[39m=[32m"none"[39m
                      [33mstroke[39m=[32m"currentColor"[39m
                      [33mstroke-width[39m=[32m"1.5"[39m
                      [33mviewBox[39m=[32m"0 0 24 24"[39m
                      [33mxmlns[39m=[32m"http://www.w3.org/2000/svg"[39m
                    [36m>[39m
                      [36m<path[39m
                        [33md[39m=[32m"M15.75 6a3.75 3.75 0 1 1-7.5 0 3.75 3.75 0 0 1 7.5 0ZM4.501 20.118a7.5 7.
5 0 0 1 14.998 0A17.933 17.933 0 0 1 12 21.75c-2.676 0-5.216-.584-7.499-1.632Z"[39m
                        [33mstroke-linecap[39m=[32m"round"[39m
                        [33mstroke-linejoin[39m=[32m"round"[39m
                      [36m/>[39m
                    [36m</svg>[39m
                    [0mProfil[0m
                  [36m</button>[39m
                  [36m<button[39m
                    [33mclass[39m=[32m"w-full flex items-center px-3 py-2.5 text-sm font-medium rounded-lg trans
ition-all duration-200 text-gray-700 hover:bg-gray-100 hover:text-gray-900"[39m
                  [36m>[39m
                    [36m<svg[39m
                      [33maria-hidden[39m=[32m"true"[39m
                      [33mclass[39m=[32m"w-5 h-5 mr-3 text-gray-500"[39m
                      [33mdata-slot[39m=[32m"icon"[39m
                      [33mfill[39m=[32m"none"[39m
                      [33mstroke[39m=[32m"currentColor"[39m
                      [33mstroke-width[39m=[32m"1.5"[39m
                      [33mviewBox[39m=[32m"0 0 24 24"[39m
                      [33mxmlns[39m=[32m"http://www.w3.org/2000/svg"[39m
                    [36m>[39m
                      [36m<path[39m
                        [33md[39m=[32m"M9.594 3.94c.09-.542.56-.94 1.11-.94h...

    [0m [90m 139 |[39m
     [90m 140 |[39m     fireEvent[33m.[39mclick(screen[33m.[39mgetByText([32m'Obl├║ben├⌐'[39m))[33m;[39m
    [31m[1m>[22m[39m[90m 141 |[39m     [36mawait[39m waitFor(() [33m=>[39m {
     [90m     |[39m                  [31m[1m^[22m[39m
     [90m 142 |[39m       expect(screen[33m.[39mgetByRole([32m'heading'[39m[33m,[39m { name[33m:[39m [32
m'Obl├║ben├⌐'[39m }))[33m.[39mtoBeInTheDocument()[33m;[39m
     [90m 143 |[39m     })[33m;[39m
     [90m 144 |[39m[0m

      at waitForWrapper (node_modules/@testing-library/react/node_modules/@testing-library/dom/dist/wait-for.js:166
:27)
      at Object.<anonymous> (src/components/dashboard/__tests__/Dashboard.test.tsx:141:18)

PASS src/components/dashboard/__tests__/HomeModule.test.tsx
  ΓùÅ Console

    console.error
      Warning: `ReactDOMTestUtils.act` is deprecated in favor of `React.act`. Import `act` from `react` instead of 
`react-dom/test-utils`. See https://react.dev/warnings/react-dom-test-utils for more info.

    [0m [90m 27 |[39m describe([32m'HomeModule'[39m[33m,[39m () [33m=>[39m {
     [90m 28 |[39m   it([32m'renders welcome message with user name'[39m[33m,[39m () [33m=>[39m {
    [31m[1m>[22m[39m[90m 29 |[39m     render([33m<[39m[33mHomeModule[39m user[33m=[39m{mockUser} [33m/
[39m[33m>[39m)[33m;[39m
     [90m    |[39m           [31m[1m^[22m[39m
     [90m 30 |[39m     
     [90m 31 |[39m     expect(screen[33m.[39mgetByText([32m'Vitaj v Swaply!'[39m))[33m.[39mtoBeInTheDocumen
t()[33m;[39m
     [90m 32 |[39m     expect(screen[33m.[39mgetByText([35m/Toto je tvoj osobn├╜ dashboard/[39m))[33m.[39mt
oBeInTheDocument()[33m;[39m[0m

      at printWarning (node_modules/react-dom/cjs/react-dom-test-utils.development.js:71:30)
      at error (node_modules/react-dom/cjs/react-dom-test-utils.development.js:45:7)
      at actWithWarning (node_modules/react-dom/cjs/react-dom-test-utils.development.js:1736:7)
      at node_modules/@testing-library/react/dist/act-compat.js:63:25
      at renderRoot (node_modules/@testing-library/react/dist/pure.js:159:26)
      at render (node_modules/@testing-library/react/dist/pure.js:246:10)
      at Object.<anonymous> (src/components/dashboard/__tests__/HomeModule.test.tsx:29:11)

PASS src/contexts/__tests__/LoadingContext.test.tsx
  ΓùÅ Console

    console.error
      Warning: `ReactDOMTestUtils.act` is deprecated in favor of `React.act`. Import `act` from `react` instead of 
`react-dom/test-utils`. See https://react.dev/warnings/react-dom-test-utils for more info.

    [0m [90m 27 |[39m describe([32m'LoadingContext'[39m[33m,[39m () [33m=>[39m {
     [90m 28 |[39m   it([32m'poskytuje loading stav a funkcie'[39m[33m,[39m () [33m=>[39m {
    [31m[1m>[22m[39m[90m 29 |[39m     render(
     [90m    |[39m           [31m[1m^[22m[39m
     [90m 30 |[39m       [33m<[39m[33mLoadingProvider[39m[33m>[39m
     [90m 31 |[39m         [33m<[39m[33mTestComponent[39m [33m/[39m[33m>[39m
     [90m 32 |[39m       [33m<[39m[33m/[39m[33mLoadingProvider[39m[33m>[39m[0m

      at printWarning (node_modules/react-dom/cjs/react-dom-test-utils.development.js:71:30)
      at error (node_modules/react-dom/cjs/react-dom-test-utils.development.js:45:7)
      at actWithWarning (node_modules/react-dom/cjs/react-dom-test-utils.development.js:1736:7)
      at node_modules/@testing-library/react/dist/act-compat.js:63:25
      at renderRoot (node_modules/@testing-library/react/dist/pure.js:159:26)
      at render (node_modules/@testing-library/react/dist/pure.js:246:10)
      at Object.<anonymous> (src/contexts/__tests__/LoadingContext.test.tsx:29:11)

PASS src/components/__tests__/LoginForm.test.tsx
  ΓùÅ Console

    console.error
      Warning: `ReactDOMTestUtils.act` is deprecated in favor of `React.act`. Import `act` from `react` instead of 
`react-dom/test-utils`. See https://react.dev/warnings/react-dom-test-utils for more info.

    [0m [90m 42 |[39m
     [90m 43 |[39m   it([32m'renders login form correctly'[39m[33m,[39m () [33m=>[39m {
    [31m[1m>[22m[39m[90m 44 |[39m     render([33m<[39m[33mLoginForm[39m [33m/[39m[33m>[39m)[33m;[39
m
     [90m    |[39m           [31m[1m^[22m[39m
     [90m 45 |[39m     
     [90m 46 |[39m     expect(screen[33m.[39mgetByRole([32m'heading'[39m[33m,[39m { name[33m:[39m [32m'P
rihl├ísi┼Ñ sa'[39m }))[33m.[39mtoBeInTheDocument()[33m;[39m
     [90m 47 |[39m     expect(screen[33m.[39mgetByLabelText([32m'Email'[39m))[33m.[39mtoBeInTheDocument()[
33m;[39m[0m

      at printWarning (node_modules/react-dom/cjs/react-dom-test-utils.development.js:71:30)
      at error (node_modules/react-dom/cjs/react-dom-test-utils.development.js:45:7)
      at actWithWarning (node_modules/react-dom/cjs/react-dom-test-utils.development.js:1736:7)
      at node_modules/@testing-library/react/dist/act-compat.js:63:25
      at renderRoot (node_modules/@testing-library/react/dist/pure.js:159:26)
      at render (node_modules/@testing-library/react/dist/pure.js:246:10)
      at Object.<anonymous> (src/components/__tests__/LoginForm.test.tsx:44:11)

    console.error
      Warning: React does not recognize the `whileHover` prop on a DOM element. If you intentionally want it to app
ear in the DOM as a custom attribute, spell it as lowercase `whilehover` instead. If you accidentally passed it fro
m a parent component, remove it from the DOM element.
          at button
          at form
          at div
          at div
          at onSuccess (C:\Users\zuzan\Desktop\svap\frontend\src\components\LoginForm.tsx:25:37)

    [0m [90m 42 |[39m
     [90m 43 |[39m   it([32m'renders login form correctly'[39m[33m,[39m () [33m=>[39m {
    [31m[1m>[22m[39m[90m 44 |[39m     render([33m<[39m[33mLoginForm[39m [33m/[39m[33m>[39m)[33m;[39
m
     [90m    |[39m           [31m[1m^[22m[39m
     [90m 45 |[39m     
     [90m 46 |[39m     expect(screen[33m.[39mgetByRole([32m'heading'[39m[33m,[39m { name[33m:[39m [32m'P
rihl├ísi┼Ñ sa'[39m }))[33m.[39mtoBeInTheDocument()[33m;[39m
     [90m 47 |[39m     expect(screen[33m.[39mgetByLabelText([32m'Email'[39m))[33m.[39mtoBeInTheDocument()[
33m;[39m[0m

      at printWarning (node_modules/react-dom/cjs/react-dom.development.js:86:30)
      at error (node_modules/react-dom/cjs/react-dom.development.js:60:7)
      at validateProperty$1 (node_modules/react-dom/cjs/react-dom.development.js:3757:7)
      at warnUnknownProperties (node_modules/react-dom/cjs/react-dom.development.js:3803:21)
      at validateProperties$2 (node_modules/react-dom/cjs/react-dom.development.js:3827:3)
      at validatePropertiesInDevelopment (node_modules/react-dom/cjs/react-dom.development.js:9541:5)
      at setInitialProperties (node_modules/react-dom/cjs/react-dom.development.js:9830:5)
      at finalizeInitialChildren (node_modules/react-dom/cjs/react-dom.development.js:10950:3)
      at completeWork (node_modules/react-dom/cjs/react-dom.development.js:22232:17)
      at completeUnitOfWork (node_modules/react-dom/cjs/react-dom.development.js:26632:16)
      at performUnitOfWork (node_modules/react-dom/cjs/react-dom.development.js:26607:5)
      at workLoopSync (node_modules/react-dom/cjs/react-dom.development.js:26505:5)
      at renderRootSync (node_modules/react-dom/cjs/react-dom.development.js:26473:7)
      at performConcurrentWorkOnRoot (node_modules/react-dom/cjs/react-dom.development.js:25777:74)
      at flushActQueue (node_modules/react/cjs/react.development.js:2667:24)
      at act (node_modules/react/cjs/react.development.js:2582:11)
      at actWithWarning (node_modules/react-dom/cjs/react-dom-test-utils.development.js:1740:10)
      at node_modules/@testing-library/react/dist/act-compat.js:63:25
      at renderRoot (node_modules/@testing-library/react/dist/pure.js:159:26)
      at render (node_modules/@testing-library/react/dist/pure.js:246:10)
      at Object.<anonymous> (src/components/__tests__/LoginForm.test.tsx:44:11)

    console.error
      Warning: React does not recognize the `whileTap` prop on a DOM element. If you intentionally want it to appea
r in the DOM as a custom attribute, spell it as lowercase `whiletap` instead. If you accidentally passed it from a 
parent component, remove it from the DOM element.
          at button
          at form
          at div
          at div
          at onSuccess (C:\Users\zuzan\Desktop\svap\frontend\src\components\LoginForm.tsx:25:37)

    [0m [90m 42 |[39m
     [90m 43 |[39m   it([32m'renders login form correctly'[39m[33m,[39m () [33m=>[39m {
    [31m[1m>[22m[39m[90m 44 |[39m     render([33m<[39m[33mLoginForm[39m [33m/[39m[33m>[39m)[33m;[39
m
     [90m    |[39m           [31m[1m^[22m[39m
     [90m 45 |[39m     
     [90m 46 |[39m     expect(screen[33m.[39mgetByRole([32m'heading'[39m[33m,[39m { name[33m:[39m [32m'P
rihl├ísi┼Ñ sa'[39m }))[33m.[39mtoBeInTheDocument()[33m;[39m
     [90m 47 |[39m     expect(screen[33m.[39mgetByLabelText([32m'Email'[39m))[33m.[39mtoBeInTheDocument()[
33m;[39m[0m

      at printWarning (node_modules/react-dom/cjs/react-dom.development.js:86:30)
      at error (node_modules/react-dom/cjs/react-dom.development.js:60:7)
      at validateProperty$1 (node_modules/react-dom/cjs/react-dom.development.js:3757:7)
      at warnUnknownProperties (node_modules/react-dom/cjs/react-dom.development.js:3803:21)
      at validateProperties$2 (node_modules/react-dom/cjs/react-dom.development.js:3827:3)
      at validatePropertiesInDevelopment (node_modules/react-dom/cjs/react-dom.development.js:9541:5)
      at setInitialProperties (node_modules/react-dom/cjs/react-dom.development.js:9830:5)
      at finalizeInitialChildren (node_modules/react-dom/cjs/react-dom.development.js:10950:3)
      at completeWork (node_modules/react-dom/cjs/react-dom.development.js:22232:17)
      at completeUnitOfWork (node_modules/react-dom/cjs/react-dom.development.js:26632:16)
      at performUnitOfWork (node_modules/react-dom/cjs/react-dom.development.js:26607:5)
      at workLoopSync (node_modules/react-dom/cjs/react-dom.development.js:26505:5)
      at renderRootSync (node_modules/react-dom/cjs/react-dom.development.js:26473:7)
      at performConcurrentWorkOnRoot (node_modules/react-dom/cjs/react-dom.development.js:25777:74)
      at flushActQueue (node_modules/react/cjs/react.development.js:2667:24)
      at act (node_modules/react/cjs/react.development.js:2582:11)
      at actWithWarning (node_modules/react-dom/cjs/react-dom-test-utils.development.js:1740:10)
      at node_modules/@testing-library/react/dist/act-compat.js:63:25
      at renderRoot (node_modules/@testing-library/react/dist/pure.js:159:26)
      at render (node_modules/@testing-library/react/dist/pure.js:246:10)
      at Object.<anonymous> (src/components/__tests__/LoginForm.test.tsx:44:11)

PASS src/hooks/__tests__/useFormValidation.test.ts
  ΓùÅ Console

    console.error
      Warning: `ReactDOMTestUtils.act` is deprecated in favor of `React.act`. Import `act` from `react` instead of 
`react-dom/test-utils`. See https://react.dev/warnings/react-dom-test-utils for more info.

    [0m [90m 23 |[39m
     [90m 24 |[39m   it([32m'inicializuje s pr├ízdnymi chybami'[39m[33m,[39m () [33m=>[39m {
    [31m[1m>[22m[39m[90m 25 |[39m     [36mconst[39m { result } [33m=[39m renderHook(() [33m=>[39m useFo
rmValidation(rules))[33m;[39m
     [90m    |[39m                                  [31m[1m^[22m[39m
     [90m 26 |[39m
     [90m 27 |[39m     expect(result[33m.[39mcurrent[33m.[39merrors)[33m.[39mtoEqual({})[33m;[39m
     [90m 28 |[39m     expect(result[33m.[39mcurrent[33m.[39mhasErrors)[33m.[39mtoBe([36mfalse[39m)[33m;
[39m[0m

      at printWarning (node_modules/react-dom/cjs/react-dom-test-utils.development.js:71:30)
      at error (node_modules/react-dom/cjs/react-dom-test-utils.development.js:45:7)
      at actWithWarning (node_modules/react-dom/cjs/react-dom-test-utils.development.js:1736:7)
      at node_modules/@testing-library/react/dist/act-compat.js:63:25
      at renderRoot (node_modules/@testing-library/react/dist/pure.js:159:26)
      at render (node_modules/@testing-library/react/dist/pure.js:246:10)
      at renderHook (node_modules/@testing-library/react/dist/pure.js:293:7)
      at Object.<anonymous> (src/hooks/__tests__/useFormValidation.test.ts:25:34)

PASS src/components/__tests__/VerifyEmailPage.test.tsx
  ΓùÅ Console

    console.error
      Warning: `ReactDOMTestUtils.act` is deprecated in favor of `React.act`. Import `act` from `react` instead of 
`react-dom/test-utils`. See https://react.dev/warnings/react-dom-test-utils for more info.

    [0m [90m 38 |[39m     } [36mas[39m any)[33m;[39m
     [90m 39 |[39m
    [31m[1m>[22m[39m[90m 40 |[39m     render([33m<[39m[33mVerifyEmailPage[39m [33m/[39m[33m>[39m)[33
m;[39m
     [90m    |[39m           [31m[1m^[22m[39m
     [90m 41 |[39m     
     [90m 42 |[39m     expect(screen[33m.[39mgetByText([32m'Overujem email...'[39m))[33m.[39mtoBeInTheDocum
ent()[33m;[39m
     [90m 43 |[39m     expect(screen[33m.[39mgetByText([32m'Pros├¡m po─ìkajte, overujem v├í┼í email...'[39m))
[33m.[39mtoBeInTheDocument()[33m;[39m[0m

      at printWarning (node_modules/react-dom/cjs/react-dom-test-utils.development.js:71:30)
      at error (node_modules/react-dom/cjs/react-dom-test-utils.development.js:45:7)
      at actWithWarning (node_modules/react-dom/cjs/react-dom-test-utils.development.js:1736:7)
      at node_modules/@testing-library/react/dist/act-compat.js:63:25
      at renderRoot (node_modules/@testing-library/react/dist/pure.js:159:26)
      at render (node_modules/@testing-library/react/dist/pure.js:246:10)
      at Object.<anonymous> (src/components/__tests__/VerifyEmailPage.test.tsx:40:11)

    console.error
      Verification error: TypeError: Cannot read properties of undefined (reading 'data')
          at data (C:\Users\zuzan\Desktop\svap\frontend\src\app\verify-email\page.tsx:43:22)
          at processTicksAndRejections (node:internal/process/task_queues:105:5)

    [0m [90m 72 |[39m         }
     [90m 73 |[39m       } [36mcatch[39m (error[33m:[39m any) {
    [31m[1m>[22m[39m[90m 74 |[39m         console[33m.[39merror([32m'Verification error:'[39m[33m,[39m 
error)[33m;[39m
     [90m    |[39m                 [31m[1m^[22m[39m
     [90m 75 |[39m         
     [90m 76 |[39m         [36mlet[39m errorMessage [33m=[39m [32m'Nepodarilo sa overi┼Ñ email'[39m[33m;[
39m
     [90m 77 |[39m         [0m

      at error (src/app/verify-email/page.tsx:74:17)

    console.error
      Warning: An update to VerifyEmailContent inside a test was not wrapped in act(...).
      
      When testing, code that causes React state updates should be wrapped into act(...):
      
      act(() => {
        /* fire events that update state */
      });
      /* assert on the output */
      
      This ensures that you're testing the behavior the user would see in the browser. Learn more at https://reactj
s.org/link/wrap-tests-with-act
          at VerifyEmailContent (C:\Users\zuzan\Desktop\svap\frontend\src\app\verify-email\page.tsx:20:63)
          at Suspense
          at VerifyEmailPage

    [0m [90m 82 |[39m         }
     [90m 83 |[39m
    [31m[1m>[22m[39m[90m 84 |[39m         setVerificationStatus({
     [90m    |[39m         [31m[1m^[22m[39m
     [90m 85 |[39m           status[33m:[39m [32m'error'[39m[33m,[39m
     [90m 86 |[39m           message[33m:[39m [32m'Chyba pri overovan├¡'[39m[33m,[39m
     [90m 87 |[39m           error[33m:[39m errorMessage[0m

      at printWarning (node_modules/react-dom/cjs/react-dom.development.js:86:30)
      at error (node_modules/react-dom/cjs/react-dom.development.js:60:7)
      at warnIfUpdatesNotWrappedWithActDEV (node_modules/react-dom/cjs/react-dom.development.js:27628:9)
      at scheduleUpdateOnFiber (node_modules/react-dom/cjs/react-dom.development.js:25547:5)
      at dispatchSetState (node_modules/react-dom/cjs/react-dom.development.js:16708:7)
      at setVerificationStatus (src/app/verify-email/page.tsx:84:9)

    console.error
      Verification error: { response: { data: { error: 'Token expiroval' } } }

    [0m [90m 72 |[39m         }
     [90m 73 |[39m       } [36mcatch[39m (error[33m:[39m any) {
    [31m[1m>[22m[39m[90m 74 |[39m         console[33m.[39merror([32m'Verification error:'[39m[33m,[39m 
error)[33m;[39m
     [90m    |[39m                 [31m[1m^[22m[39m
     [90m 75 |[39m         
     [90m 76 |[39m         [36mlet[39m errorMessage [33m=[39m [32m'Nepodarilo sa overi┼Ñ email'[39m[33m;[
39m
     [90m 77 |[39m         [0m

      at error (src/app/verify-email/page.tsx:74:17)

    console.error
      Verification error: { response: { data: { details: [Object] } } }

    [0m [90m 72 |[39m         }
     [90m 73 |[39m       } [36mcatch[39m (error[33m:[39m any) {
    [31m[1m>[22m[39m[90m 74 |[39m         console[33m.[39merror([32m'Verification error:'[39m[33m,[39m 
error)[33m;[39m
     [90m    |[39m                 [31m[1m^[22m[39m
     [90m 75 |[39m         
     [90m 76 |[39m         [36mlet[39m errorMessage [33m=[39m [32m'Nepodarilo sa overi┼Ñ email'[39m[33m;[
39m
     [90m 77 |[39m         [0m

      at error (src/app/verify-email/page.tsx:74:17)

    console.error
      Verification error: Error: Network error
          at Object.<anonymous> (C:\Users\zuzan\Desktop\svap\frontend\src\components\__tests__\VerifyEmailPage.test
.tsx:135:39)
          at Promise.then.completed (C:\Users\zuzan\Desktop\svap\frontend\node_modules\jest-circus\build\utils.js:2
98:28)
          at new Promise (<anonymous>)
          at callAsyncCircusFn (C:\Users\zuzan\Desktop\svap\frontend\node_modules\jest-circus\build\utils.js:231:10
)
          at _callCircusTest (C:\Users\zuzan\Desktop\svap\frontend\node_modules\jest-circus\build\run.js:316:40)
          at _runTest (C:\Users\zuzan\Desktop\svap\frontend\node_modules\jest-circus\build\run.js:252:3)
          at _runTestsForDescribeBlock (C:\Users\zuzan\Desktop\svap\frontend\node_modules\jest-circus\build\run.js:
126:9)
          at _runTestsForDescribeBlock (C:\Users\zuzan\Desktop\svap\frontend\node_modules\jest-circus\build\run.js:
121:9)
          at run (C:\Users\zuzan\Desktop\svap\frontend\node_modules\jest-circus\build\run.js:71:3)
          at runAndTransformResultsToJestFormat (C:\Users\zuzan\Desktop\svap\frontend\node_modules\jest-circus\buil
d\legacy-code-todo-rewrite\jestAdapterInit.js:122:21)
          at jestAdapter (C:\Users\zuzan\Desktop\svap\frontend\node_modules\jest-circus\build\legacy-code-todo-rewr
ite\jestAdapter.js:79:19)
          at runTestInternal (C:\Users\zuzan\Desktop\svap\frontend\node_modules\jest-runner\build\runTest.js:367:16
)
          at runTest (C:\Users\zuzan\Desktop\svap\frontend\node_modules\jest-runner\build\runTest.js:444:34)
          at Object.worker (C:\Users\zuzan\Desktop\svap\frontend\node_modules\jest-runner\build\testWorker.js:106:1
2)

    [0m [90m 72 |[39m         }
     [90m 73 |[39m       } [36mcatch[39m (error[33m:[39m any) {
    [31m[1m>[22m[39m[90m 74 |[39m         console[33m.[39merror([32m'Verification error:'[39m[33m,[39m 
error)[33m;[39m
     [90m    |[39m                 [31m[1m^[22m[39m
     [90m 75 |[39m         
     [90m 76 |[39m         [36mlet[39m errorMessage [33m=[39m [32m'Nepodarilo sa overi┼Ñ email'[39m[33m;[
39m
     [90m 77 |[39m         [0m

      at error (src/app/verify-email/page.tsx:74:17)

PASS src/components/__tests__/OfflineIndicator.test.tsx
  ΓùÅ Console

    console.error
      Warning: `ReactDOMTestUtils.act` is deprecated in favor of `React.act`. Import `act` from `react` instead of 
`react-dom/test-utils`. See https://react.dev/warnings/react-dom-test-utils for more info.

    [0m [90m 17 |[39m
     [90m 18 |[39m   it([32m'nezobrazuje banner, ke─Å je online'[39m[33m,[39m () [33m=>[39m {
    [31m[1m>[22m[39m[90m 19 |[39m     render([33m<[39m[33mOfflineIndicator[39m [33m/[39m[33m>[39m)[3
3m;[39m
     [90m    |[39m           [31m[1m^[22m[39m
     [90m 20 |[39m     expect(screen[33m.[39mqueryByText([35m/Offline re┼╛im/[39m))[33m.[39mnot[33m.[39mt
oBeInTheDocument()[33m;[39m
     [90m 21 |[39m   })[33m;[39m
     [90m 22 |[39m[0m

      at printWarning (node_modules/react-dom/cjs/react-dom-test-utils.development.js:71:30)
      at error (node_modules/react-dom/cjs/react-dom-test-utils.development.js:45:7)
      at actWithWarning (node_modules/react-dom/cjs/react-dom-test-utils.development.js:1736:7)
      at node_modules/@testing-library/react/dist/act-compat.js:63:25
      at renderRoot (node_modules/@testing-library/react/dist/pure.js:159:26)
      at render (node_modules/@testing-library/react/dist/pure.js:246:10)
      at Object.<anonymous> (src/components/__tests__/OfflineIndicator.test.tsx:19:11)

PASS src/components/dashboard/modules/profile/__tests__/UserInfo.test.tsx
  ΓùÅ Console

    console.error
      Warning: `ReactDOMTestUtils.act` is deprecated in favor of `React.act`. Import `act` from `react` instead of 
`react-dom/test-utils`. See https://react.dev/warnings/react-dom-test-utils for more info.

    [0m [90m 19 |[39m describe([32m'UserInfo'[39m[33m,[39m () [33m=>[39m {
     [90m 20 |[39m   it([32m'does not render user name'[39m[33m,[39m () [33m=>[39m {
    [31m[1m>[22m[39m[90m 21 |[39m     render([33m<[39m[33mUserInfo[39m user[33m=[39m{mockUser} [33m/[
39m[33m>[39m)[33m;[39m
     [90m    |[39m           [31m[1m^[22m[39m
     [90m 22 |[39m     expect(screen[33m.[39mqueryByText([32m'John Doe'[39m))[33m.[39mnot[33m.[39mtoBeInT
heDocument()[33m;[39m
     [90m 23 |[39m   })[33m;[39m
     [90m 24 |[39m[0m

      at printWarning (node_modules/react-dom/cjs/react-dom-test-utils.development.js:71:30)
      at error (node_modules/react-dom/cjs/react-dom-test-utils.development.js:45:7)
      at actWithWarning (node_modules/react-dom/cjs/react-dom-test-utils.development.js:1736:7)
      at node_modules/@testing-library/react/dist/act-compat.js:63:25
      at renderRoot (node_modules/@testing-library/react/dist/pure.js:159:26)
      at render (node_modules/@testing-library/react/dist/pure.js:246:10)
      at Object.<anonymous> (src/components/dashboard/modules/profile/__tests__/UserInfo.test.tsx:21:11)

PASS src/hooks/__tests__/useErrorHandler.test.ts
  ΓùÅ Console

    console.error
      Warning: `ReactDOMTestUtils.act` is deprecated in favor of `React.act`. Import `act` from `react` instead of 
`react-dom/test-utils`. See https://react.dev/warnings/react-dom-test-utils for more info.

    [0m [90m 36 |[39m
     [90m 37 |[39m   it([32m'poskytuje v┼íetky potrebn├⌐ funkcie'[39m[33m,[39m () [33m=>[39m {
    [31m[1m>[22m[39m[90m 38 |[39m     [36mconst[39m { result } [33m=[39m renderHook(() [33m=>[39m useEr
rorHandler())[33m;[39m
     [90m    |[39m                                  [31m[1m^[22m[39m
     [90m 39 |[39m
     [90m 40 |[39m     expect(result[33m.[39mcurrent[33m.[39mhandleError)[33m.[39mtoBeDefined()[33m;[39m
     [90m 41 |[39m     expect(result[33m.[39mcurrent[33m.[39mshowError)[33m.[39mtoBeDefined()[33m;[39m[0
m

      at printWarning (node_modules/react-dom/cjs/react-dom-test-utils.development.js:71:30)
      at error (node_modules/react-dom/cjs/react-dom-test-utils.development.js:45:7)
      at actWithWarning (node_modules/react-dom/cjs/react-dom-test-utils.development.js:1736:7)
      at node_modules/@testing-library/react/dist/act-compat.js:63:25
      at renderRoot (node_modules/@testing-library/react/dist/pure.js:159:26)
      at render (node_modules/@testing-library/react/dist/pure.js:246:10)
      at renderHook (node_modules/@testing-library/react/dist/pure.js:293:7)
      at Object.<anonymous> (src/hooks/__tests__/useErrorHandler.test.ts:38:34)

    console.error
      Error handled by useErrorHandler: {
        response: { data: { message: 'Test error message', code: 'TEST_ERROR' } }
      }

    [0m [90m 21 |[39m [36mexport[39m [36mfunction[39m useErrorHandler()[33m:[39m [33mUseErrorHandlerRetur
n[39m {
     [90m 22 |[39m   [36mconst[39m handleError [33m=[39m useCallback((error[33m:[39m any) [33m=>[39m {
    [31m[1m>[22m[39m[90m 23 |[39m     console[33m.[39merror([32m'Error handled by useErrorHandler:'[39m[
33m,[39m error)[33m;[39m
     [90m    |[39m             [31m[1m^[22m[39m
     [90m 24 |[39m     
     [90m 25 |[39m     [36mlet[39m message [33m=[39m [32m'Nastala neo─ìak├ívan├í chyba'[39m[33m;[39m
     [90m 26 |[39m     [36mlet[39m title [33m=[39m [32m'Chyba'[39m[33m;[39m[0m

      at Object.error [as handleError] (src/hooks/useErrorHandler.ts:23:13)
      at handleError (src/hooks/__tests__/useErrorHandler.test.ts:61:22)
      at node_modules/@testing-library/react/dist/act-compat.js:64:24
      at act (node_modules/react/cjs/react.development.js:2512:16)
      at actWithWarning (node_modules/react-dom/cjs/react-dom-test-utils.development.js:1740:10)
      at node_modules/@testing-library/react/dist/act-compat.js:63:25
      at Object.<anonymous> (src/hooks/__tests__/useErrorHandler.test.ts:60:8)

    console.error
      Error handled by useErrorHandler: { message: 'Simple error message' }

    [0m [90m 21 |[39m [36mexport[39m [36mfunction[39m useErrorHandler()[33m:[39m [33mUseErrorHandlerRetur
n[39m {
     [90m 22 |[39m   [36mconst[39m handleError [33m=[39m useCallback((error[33m:[39m any) [33m=>[39m {
    [31m[1m>[22m[39m[90m 23 |[39m     console[33m.[39merror([32m'Error handled by useErrorHandler:'[39m[
33m,[39m error)[33m;[39m
     [90m    |[39m             [31m[1m^[22m[39m
     [90m 24 |[39m     
     [90m 25 |[39m     [36mlet[39m message [33m=[39m [32m'Nastala neo─ìak├ívan├í chyba'[39m[33m;[39m
     [90m 26 |[39m     [36mlet[39m title [33m=[39m [32m'Chyba'[39m[33m;[39m[0m

      at Object.error [as handleError] (src/hooks/useErrorHandler.ts:23:13)
      at handleError (src/hooks/__tests__/useErrorHandler.test.ts:76:22)
      at node_modules/@testing-library/react/dist/act-compat.js:64:24
      at act (node_modules/react/cjs/react.development.js:2512:16)
      at actWithWarning (node_modules/react-dom/cjs/react-dom-test-utils.development.js:1740:10)
      at node_modules/@testing-library/react/dist/act-compat.js:63:25
      at Object.<anonymous> (src/hooks/__tests__/useErrorHandler.test.ts:75:8)

    console.error
      Error handled by useErrorHandler: String error

    [0m [90m 21 |[39m [36mexport[39m [36mfunction[39m useErrorHandler()[33m:[39m [33mUseErrorHandlerRetur
n[39m {
     [90m 22 |[39m   [36mconst[39m handleError [33m=[39m useCallback((error[33m:[39m any) [33m=>[39m {
    [31m[1m>[22m[39m[90m 23 |[39m     console[33m.[39merror([32m'Error handled by useErrorHandler:'[39m[
33m,[39m error)[33m;[39m
     [90m    |[39m             [31m[1m^[22m[39m
     [90m 24 |[39m     
     [90m 25 |[39m     [36mlet[39m message [33m=[39m [32m'Nastala neo─ìak├ívan├í chyba'[39m[33m;[39m
     [90m 26 |[39m     [36mlet[39m title [33m=[39m [32m'Chyba'[39m[33m;[39m[0m

      at Object.error [as handleError] (src/hooks/useErrorHandler.ts:23:13)
      at handleError (src/hooks/__tests__/useErrorHandler.test.ts:87:22)
      at node_modules/@testing-library/react/dist/act-compat.js:64:24
      at act (node_modules/react/cjs/react.development.js:2512:16)
      at actWithWarning (node_modules/react-dom/cjs/react-dom-test-utils.development.js:1740:10)
      at node_modules/@testing-library/react/dist/act-compat.js:63:25
      at Object.<anonymous> (src/hooks/__tests__/useErrorHandler.test.ts:86:8)

    console.error
      Error handled by useErrorHandler: {}

    [0m [90m 21 |[39m [36mexport[39m [36mfunction[39m useErrorHandler()[33m:[39m [33mUseErrorHandlerRetur
n[39m {
     [90m 22 |[39m   [36mconst[39m handleError [33m=[39m useCallback((error[33m:[39m any) [33m=>[39m {
    [31m[1m>[22m[39m[90m 23 |[39m     console[33m.[39merror([32m'Error handled by useErrorHandler:'[39m[
33m,[39m error)[33m;[39m
     [90m    |[39m             [31m[1m^[22m[39m
     [90m 24 |[39m     
     [90m 25 |[39m     [36mlet[39m message [33m=[39m [32m'Nastala neo─ìak├ívan├í chyba'[39m[33m;[39m
     [90m 26 |[39m     [36mlet[39m title [33m=[39m [32m'Chyba'[39m[33m;[39m[0m

      at Object.error [as handleError] (src/hooks/useErrorHandler.ts:23:13)
      at handleError (src/hooks/__tests__/useErrorHandler.test.ts:98:22)
      at node_modules/@testing-library/react/dist/act-compat.js:64:24
      at act (node_modules/react/cjs/react.development.js:2512:16)
      at actWithWarning (node_modules/react-dom/cjs/react-dom-test-utils.development.js:1740:10)
      at node_modules/@testing-library/react/dist/act-compat.js:63:25
      at Object.<anonymous> (src/hooks/__tests__/useErrorHandler.test.ts:97:8)

PASS src/hooks/__tests__/useApi.test.ts
  ΓùÅ Console

    console.error
      Warning: `ReactDOMTestUtils.act` is deprecated in favor of `React.act`. Import `act` from `react` instead of 
`react-dom/test-utils`. See https://react.dev/warnings/react-dom-test-utils for more info.

    [0m [90m 31 |[39m
     [90m 32 |[39m   it([32m'inicializuje s pr├ízdnymi hodnotami'[39m[33m,[39m () [33m=>[39m {
    [31m[1m>[22m[39m[90m 33 |[39m     [36mconst[39m { result } [33m=[39m renderHook(() [33m=>[39m useAp
i())[33m;[39m
     [90m    |[39m                                  [31m[1m^[22m[39m
     [90m 34 |[39m
     [90m 35 |[39m     expect(result[33m.[39mcurrent[33m.[39mdata)[33m.[39mtoBeNull()[33m;[39m
     [90m 36 |[39m     expect(result[33m.[39mcurrent[33m.[39mloading)[33m.[39mtoBe([36mfalse[39m)[33m;[
39m[0m

      at printWarning (node_modules/react-dom/cjs/react-dom-test-utils.development.js:71:30)
      at error (node_modules/react-dom/cjs/react-dom-test-utils.development.js:45:7)
      at actWithWarning (node_modules/react-dom/cjs/react-dom-test-utils.development.js:1736:7)
      at node_modules/@testing-library/react/dist/act-compat.js:63:25
      at renderRoot (node_modules/@testing-library/react/dist/pure.js:159:26)
      at render (node_modules/@testing-library/react/dist/pure.js:246:10)
      at renderHook (node_modules/@testing-library/react/dist/pure.js:293:7)
      at Object.<anonymous> (src/hooks/__tests__/useApi.test.ts:33:34)

PASS src/components/__tests__/ErrorBoundary.test.tsx
PASS src/utils/__tests__/mobileDebug.test.ts
  ΓùÅ Console

    console.error
      Network connectivity check failed: Error: net fail
          at Object.<anonymous> (C:\Users\zuzan\Desktop\svap\frontend\src\utils\__tests__\mobileDebug.test.ts:35:52
)
          at Promise.then.completed (C:\Users\zuzan\Desktop\svap\frontend\node_modules\jest-circus\build\utils.js:2
98:28)
          at new Promise (<anonymous>)
          at callAsyncCircusFn (C:\Users\zuzan\Desktop\svap\frontend\node_modules\jest-circus\build\utils.js:231:10
)
          at _callCircusTest (C:\Users\zuzan\Desktop\svap\frontend\node_modules\jest-circus\build\run.js:316:40)
          at processTicksAndRejections (node:internal/process/task_queues:105:5)
          at _runTest (C:\Users\zuzan\Desktop\svap\frontend\node_modules\jest-circus\build\run.js:252:3)
          at _runTestsForDescribeBlock (C:\Users\zuzan\Desktop\svap\frontend\node_modules\jest-circus\build\run.js:
126:9)
          at _runTestsForDescribeBlock (C:\Users\zuzan\Desktop\svap\frontend\node_modules\jest-circus\build\run.js:
121:9)
          at run (C:\Users\zuzan\Desktop\svap\frontend\node_modules\jest-circus\build\run.js:71:3)
          at runAndTransformResultsToJestFormat (C:\Users\zuzan\Desktop\svap\frontend\node_modules\jest-circus\buil
d\legacy-code-todo-rewrite\jestAdapterInit.js:122:21)
          at jestAdapter (C:\Users\zuzan\Desktop\svap\frontend\node_modules\jest-circus\build\legacy-code-todo-rewr
ite\jestAdapter.js:79:19)
          at runTestInternal (C:\Users\zuzan\Desktop\svap\frontend\node_modules\jest-runner\build\runTest.js:367:16
)
          at runTest (C:\Users\zuzan\Desktop\svap\frontend\node_modules\jest-runner\build\runTest.js:444:34)
          at Object.worker (C:\Users\zuzan\Desktop\svap\frontend\node_modules\jest-runner\build\testWorker.js:106:1
2)

    [0m [90m 50 |[39m     [36mreturn[39m response[33m.[39mok[33m;[39m
     [90m 51 |[39m   } [36mcatch[39m (error) {
    [31m[1m>[22m[39m[90m 52 |[39m     console[33m.[39merror([32m'Network connectivity check failed:'[39m
[33m,[39m error)[33m;[39m
     [90m    |[39m             [31m[1m^[22m[39m
     [90m 53 |[39m     [36mreturn[39m [36mfalse[39m[33m;[39m
     [90m 54 |[39m   }
     [90m 55 |[39m }[33m;[39m[0m

      at error (src/utils/mobileDebug.ts:52:13)
      at Object.<anonymous> (src/utils/__tests__/mobileDebug.test.ts:36:5)

PASS src/lib/__tests__/api.test.ts
PASS src/hooks/__tests__/useAuthGuard.test.tsx
  ΓùÅ Console

    console.error
      Warning: `ReactDOMTestUtils.act` is deprecated in favor of `React.act`. Import `act` from `react` instead of 
`react-dom/test-utils`. See https://react.dev/warnings/react-dom-test-utils for more info.

    [0m [90m 54 |[39m   it([32m'vracia pou┼╛├¡vate─╛a a stav ke─Å je prihl├ísen├╜'[39m[33m,[39m () [33m=>[
39m {
     [90m 55 |[39m     mockUseAuth[33m.[39mmockReturnValue(mockAuthContext)[33m;[39m
    [31m[1m>[22m[39m[90m 56 |[39m     [36mconst[39m { result } [33m=[39m renderHook(() [33m=>[39m useAu
thGuard())[33m;[39m
     [90m    |[39m                                  [31m[1m^[22m[39m
     [90m 57 |[39m
     [90m 58 |[39m     expect(result[33m.[39mcurrent[33m.[39muser)[33m.[39mtoBe(mockUser)[33m;[39m
     [90m 59 |[39m     expect(result[33m.[39mcurrent[33m.[39misLoading)[33m.[39mtoBe([36mfalse[39m)[33m;
[39m[0m

      at printWarning (node_modules/react-dom/cjs/react-dom-test-utils.development.js:71:30)
      at error (node_modules/react-dom/cjs/react-dom-test-utils.development.js:45:7)
      at actWithWarning (node_modules/react-dom/cjs/react-dom-test-utils.development.js:1736:7)
      at node_modules/@testing-library/react/dist/act-compat.js:63:25
      at renderRoot (node_modules/@testing-library/react/dist/pure.js:159:26)
      at render (node_modules/@testing-library/react/dist/pure.js:246:10)
      at renderHook (node_modules/@testing-library/react/dist/pure.js:293:7)
      at Object.<anonymous> (src/hooks/__tests__/useAuthGuard.test.tsx:56:34)

PASS src/utils/__tests__/auth.test.ts
FAIL src/components/__tests__/RegisterForm.test.tsx (9.333 s)
  ΓùÅ Console

    console.error
      Warning: `ReactDOMTestUtils.act` is deprecated in favor of `React.act`. Import `act` from `react` instead of 
`react-dom/test-utils`. See https://react.dev/warnings/react-dom-test-utils for more info.

    [0m [90m 42 |[39m
     [90m 43 |[39m   it([32m'renders registration form correctly'[39m[33m,[39m () [33m=>[39m {
    [31m[1m>[22m[39m[90m 44 |[39m     render([33m<[39m[33mRegisterForm[39m [33m/[39m[33m>[39m)[33m;
[39m
     [90m    |[39m           [31m[1m^[22m[39m
     [90m 45 |[39m     
     [90m 46 |[39m     expect(screen[33m.[39mgetByText([32m'Registr├ícia'[39m))[33m.[39mtoBeInTheDocument()
[33m;[39m
     [90m 47 |[39m     expect(screen[33m.[39mgetByLabelText([32m'Pou┼╛├¡vate─╛sk├⌐ meno *'[39m))[33m.[39mto
BeInTheDocument()[33m;[39m[0m

      at printWarning (node_modules/react-dom/cjs/react-dom-test-utils.development.js:71:30)
      at error (node_modules/react-dom/cjs/react-dom-test-utils.development.js:45:7)
      at actWithWarning (node_modules/react-dom/cjs/react-dom-test-utils.development.js:1736:7)
      at node_modules/@testing-library/react/dist/act-compat.js:63:25
      at renderRoot (node_modules/@testing-library/react/dist/pure.js:159:26)
      at render (node_modules/@testing-library/react/dist/pure.js:246:10)
      at Object.<anonymous> (src/components/__tests__/RegisterForm.test.tsx:44:11)

    console.error
      Warning: React does not recognize the `whileHover` prop on a DOM element. If you intentionally want it to app
ear in the DOM as a custom attribute, spell it as lowercase `whilehover` instead. If you accidentally passed it fro
m a parent component, remove it from the DOM element.
          at button
          at form
          at div
          at div
          at div
          at div
          at RegisterForm (C:\Users\zuzan\Desktop\svap\frontend\src\components\RegisterForm.tsx:36:50)

    [0m [90m 42 |[39m
     [90m 43 |[39m   it([32m'renders registration form correctly'[39m[33m,[39m () [33m=>[39m {
    [31m[1m>[22m[39m[90m 44 |[39m     render([33m<[39m[33mRegisterForm[39m [33m/[39m[33m>[39m)[33m;
[39m
     [90m    |[39m           [31m[1m^[22m[39m
     [90m 45 |[39m     
     [90m 46 |[39m     expect(screen[33m.[39mgetByText([32m'Registr├ícia'[39m))[33m.[39mtoBeInTheDocument()
[33m;[39m
     [90m 47 |[39m     expect(screen[33m.[39mgetByLabelText([32m'Pou┼╛├¡vate─╛sk├⌐ meno *'[39m))[33m.[39mto
BeInTheDocument()[33m;[39m[0m

      at printWarning (node_modules/react-dom/cjs/react-dom.development.js:86:30)
      at error (node_modules/react-dom/cjs/react-dom.development.js:60:7)
      at validateProperty$1 (node_modules/react-dom/cjs/react-dom.development.js:3757:7)
      at warnUnknownProperties (node_modules/react-dom/cjs/react-dom.development.js:3803:21)
      at validateProperties$2 (node_modules/react-dom/cjs/react-dom.development.js:3827:3)
      at validatePropertiesInDevelopment (node_modules/react-dom/cjs/react-dom.development.js:9541:5)
      at setInitialProperties (node_modules/react-dom/cjs/react-dom.development.js:9830:5)
      at finalizeInitialChildren (node_modules/react-dom/cjs/react-dom.development.js:10950:3)
      at completeWork (node_modules/react-dom/cjs/react-dom.development.js:22232:17)
      at completeUnitOfWork (node_modules/react-dom/cjs/react-dom.development.js:26632:16)
      at performUnitOfWork (node_modules/react-dom/cjs/react-dom.development.js:26607:5)
      at workLoopSync (node_modules/react-dom/cjs/react-dom.development.js:26505:5)
      at renderRootSync (node_modules/react-dom/cjs/react-dom.development.js:26473:7)
      at performConcurrentWorkOnRoot (node_modules/react-dom/cjs/react-dom.development.js:25777:74)
      at flushActQueue (node_modules/react/cjs/react.development.js:2667:24)
      at act (node_modules/react/cjs/react.development.js:2582:11)
      at actWithWarning (node_modules/react-dom/cjs/react-dom-test-utils.development.js:1740:10)
      at node_modules/@testing-library/react/dist/act-compat.js:63:25
      at renderRoot (node_modules/@testing-library/react/dist/pure.js:159:26)
      at render (node_modules/@testing-library/react/dist/pure.js:246:10)
      at Object.<anonymous> (src/components/__tests__/RegisterForm.test.tsx:44:11)

    console.error
      Warning: React does not recognize the `whileTap` prop on a DOM element. If you intentionally want it to appea
r in the DOM as a custom attribute, spell it as lowercase `whiletap` instead. If you accidentally passed it from a 
parent component, remove it from the DOM element.
          at button
          at form
          at div
          at div
          at div
          at div
          at RegisterForm (C:\Users\zuzan\Desktop\svap\frontend\src\components\RegisterForm.tsx:36:50)

    [0m [90m 42 |[39m
     [90m 43 |[39m   it([32m'renders registration form correctly'[39m[33m,[39m () [33m=>[39m {
    [31m[1m>[22m[39m[90m 44 |[39m     render([33m<[39m[33mRegisterForm[39m [33m/[39m[33m>[39m)[33m;
[39m
     [90m    |[39m           [31m[1m^[22m[39m
     [90m 45 |[39m     
     [90m 46 |[39m     expect(screen[33m.[39mgetByText([32m'Registr├ícia'[39m))[33m.[39mtoBeInTheDocument()
[33m;[39m
     [90m 47 |[39m     expect(screen[33m.[39mgetByLabelText([32m'Pou┼╛├¡vate─╛sk├⌐ meno *'[39m))[33m.[39mto
BeInTheDocument()[33m;[39m[0m

      at printWarning (node_modules/react-dom/cjs/react-dom.development.js:86:30)
      at error (node_modules/react-dom/cjs/react-dom.development.js:60:7)
      at validateProperty$1 (node_modules/react-dom/cjs/react-dom.development.js:3757:7)
      at warnUnknownProperties (node_modules/react-dom/cjs/react-dom.development.js:3803:21)
      at validateProperties$2 (node_modules/react-dom/cjs/react-dom.development.js:3827:3)
      at validatePropertiesInDevelopment (node_modules/react-dom/cjs/react-dom.development.js:9541:5)
      at setInitialProperties (node_modules/react-dom/cjs/react-dom.development.js:9830:5)
      at finalizeInitialChildren (node_modules/react-dom/cjs/react-dom.development.js:10950:3)
      at completeWork (node_modules/react-dom/cjs/react-dom.development.js:22232:17)
      at completeUnitOfWork (node_modules/react-dom/cjs/react-dom.development.js:26632:16)
      at performUnitOfWork (node_modules/react-dom/cjs/react-dom.development.js:26607:5)
      at workLoopSync (node_modules/react-dom/cjs/react-dom.development.js:26505:5)
      at renderRootSync (node_modules/react-dom/cjs/react-dom.development.js:26473:7)
      at performConcurrentWorkOnRoot (node_modules/react-dom/cjs/react-dom.development.js:25777:74)
      at flushActQueue (node_modules/react/cjs/react.development.js:2667:24)
      at act (node_modules/react/cjs/react.development.js:2582:11)
      at actWithWarning (node_modules/react-dom/cjs/react-dom-test-utils.development.js:1740:10)
      at node_modules/@testing-library/react/dist/act-compat.js:63:25
      at renderRoot (node_modules/@testing-library/react/dist/pure.js:159:26)
      at render (node_modules/@testing-library/react/dist/pure.js:246:10)
      at Object.<anonymous> (src/components/__tests__/RegisterForm.test.tsx:44:11)

    console.error
      Warning: A suspended resource finished loading inside a test, but the event was not wrapped in act(...).
      
      When testing, code that resolves suspended data should be wrapped into act(...):
      
      act(() => {
        /* finish loading suspended data */
      });
      /* assert on the output */
      
      This ensures that you're testing the behavior the user would see in the browser. Learn more at https://reactj
s.org/link/wrap-tests-with-act

      at printWarning (node_modules/react-dom/cjs/react-dom.development.js:86:30)
      at error (node_modules/react-dom/cjs/react-dom.development.js:60:7)
      at warnIfSuspenseResolutionNotWrappedWithActDEV (node_modules/react-dom/cjs/react-dom.development.js:27643:7)
      at pingSuspendedRoot (node_modules/react-dom/cjs/react-dom.development.js:27228:3)

    console.error
      Warning: An update to ParticlesBackground inside a test was not wrapped in act(...).
      
      When testing, code that causes React state updates should be wrapped into act(...):
      
      act(() => {
        /* fire events that update state */
      });
      /* assert on the output */
      
      This ensures that you're testing the behavior the user would see in the browser. Learn more at https://reactj
s.org/link/wrap-tests-with-act
          at ParticlesBackground (C:\Users\zuzan\Desktop\svap\frontend\src\components\ParticlesBackground.tsx:9:35)
          at Suspense
          at div
          at RegisterForm (C:\Users\zuzan\Desktop\svap\frontend\src\components\RegisterForm.tsx:36:50)

    [0m [90m 13 |[39m       [36mawait[39m loadSlim(engine)[33m;[39m
     [90m 14 |[39m     })[33m.[39mthen(() [33m=>[39m {
    [31m[1m>[22m[39m[90m 15 |[39m       setInit([36mtrue[39m)[33m;[39m
     [90m    |[39m       [31m[1m^[22m[39m
     [90m 16 |[39m     })[33m;[39m
     [90m 17 |[39m   }[33m,[39m [])[33m;[39m
     [90m 18 |[39m[0m

      at printWarning (node_modules/react-dom/cjs/react-dom.development.js:86:30)
      at error (node_modules/react-dom/cjs/react-dom.development.js:60:7)
      at warnIfUpdatesNotWrappedWithActDEV (node_modules/react-dom/cjs/react-dom.development.js:27628:9)
      at scheduleUpdateOnFiber (node_modules/react-dom/cjs/react-dom.development.js:25547:5)
      at dispatchSetState (node_modules/react-dom/cjs/react-dom.development.js:16708:7)
      at setInit (src/components/ParticlesBackground.tsx:15:7)

    console.error
      Warning: An update to ParticlesBackground inside a test was not wrapped in act(...).
      
      When testing, code that causes React state updates should be wrapped into act(...):
      
      act(() => {
        /* fire events that update state */
      });
      /* assert on the output */
      
      This ensures that you're testing the behavior the user would see in the browser. Learn more at https://reactj
s.org/link/wrap-tests-with-act
          at ParticlesBackground (C:\Users\zuzan\Desktop\svap\frontend\src\components\ParticlesBackground.tsx:9:35)
          at Suspense
          at div
          at RegisterForm (C:\Users\zuzan\Desktop\svap\frontend\src\components\RegisterForm.tsx:36:50)

    [0m [90m 13 |[39m       [36mawait[39m loadSlim(engine)[33m;[39m
     [90m 14 |[39m     })[33m.[39mthen(() [33m=>[39m {
    [31m[1m>[22m[39m[90m 15 |[39m       setInit([36mtrue[39m)[33m;[39m
     [90m    |[39m       [31m[1m^[22m[39m
     [90m 16 |[39m     })[33m;[39m
     [90m 17 |[39m   }[33m,[39m [])[33m;[39m
     [90m 18 |[39m[0m

      at printWarning (node_modules/react-dom/cjs/react-dom.development.js:86:30)
      at error (node_modules/react-dom/cjs/react-dom.development.js:60:7)
      at warnIfUpdatesNotWrappedWithActDEV (node_modules/react-dom/cjs/react-dom.development.js:27628:9)
      at scheduleUpdateOnFiber (node_modules/react-dom/cjs/react-dom.development.js:25547:5)
      at dispatchSetState (node_modules/react-dom/cjs/react-dom.development.js:16708:7)
      at setInit (src/components/ParticlesBackground.tsx:15:7)

    console.error
      Warning: An update to ParticlesBackground inside a test was not wrapped in act(...).
      
      When testing, code that causes React state updates should be wrapped into act(...):
      
      act(() => {
        /* fire events that update state */
      });
      /* assert on the output */
      
      This ensures that you're testing the behavior the user would see in the browser. Learn more at https://reactj
s.org/link/wrap-tests-with-act
          at ParticlesBackground (C:\Users\zuzan\Desktop\svap\frontend\src\components\ParticlesBackground.tsx:9:35)
          at Suspense
          at div
          at RegisterForm (C:\Users\zuzan\Desktop\svap\frontend\src\components\RegisterForm.tsx:36:50)

    [0m [90m 13 |[39m       [36mawait[39m loadSlim(engine)[33m;[39m
     [90m 14 |[39m     })[33m.[39mthen(() [33m=>[39m {
    [31m[1m>[22m[39m[90m 15 |[39m       setInit([36mtrue[39m)[33m;[39m
     [90m    |[39m       [31m[1m^[22m[39m
     [90m 16 |[39m     })[33m;[39m
     [90m 17 |[39m   }[33m,[39m [])[33m;[39m
     [90m 18 |[39m[0m

      at printWarning (node_modules/react-dom/cjs/react-dom.development.js:86:30)
      at error (node_modules/react-dom/cjs/react-dom.development.js:60:7)
      at warnIfUpdatesNotWrappedWithActDEV (node_modules/react-dom/cjs/react-dom.development.js:27628:9)
      at scheduleUpdateOnFiber (node_modules/react-dom/cjs/react-dom.development.js:25547:5)
      at dispatchSetState (node_modules/react-dom/cjs/react-dom.development.js:16708:7)
      at setInit (src/components/ParticlesBackground.tsx:15:7)

    console.error
      Warning: An update to ParticlesBackground inside a test was not wrapped in act(...).
      
      When testing, code that causes React state updates should be wrapped into act(...):
      
      act(() => {
        /* fire events that update state */
      });
      /* assert on the output */
      
      This ensures that you're testing the behavior the user would see in the browser. Learn more at https://reactj
s.org/link/wrap-tests-with-act
          at ParticlesBackground (C:\Users\zuzan\Desktop\svap\frontend\src\components\ParticlesBackground.tsx:9:35)
          at Suspense
          at div
          at RegisterForm (C:\Users\zuzan\Desktop\svap\frontend\src\components\RegisterForm.tsx:36:50)

    [0m [90m 13 |[39m       [36mawait[39m loadSlim(engine)[33m;[39m
     [90m 14 |[39m     })[33m.[39mthen(() [33m=>[39m {
    [31m[1m>[22m[39m[90m 15 |[39m       setInit([36mtrue[39m)[33m;[39m
     [90m    |[39m       [31m[1m^[22m[39m
     [90m 16 |[39m     })[33m;[39m
     [90m 17 |[39m   }[33m,[39m [])[33m;[39m
     [90m 18 |[39m[0m

      at printWarning (node_modules/react-dom/cjs/react-dom.development.js:86:30)
      at error (node_modules/react-dom/cjs/react-dom.development.js:60:7)
      at warnIfUpdatesNotWrappedWithActDEV (node_modules/react-dom/cjs/react-dom.development.js:27628:9)
      at scheduleUpdateOnFiber (node_modules/react-dom/cjs/react-dom.development.js:25547:5)
      at dispatchSetState (node_modules/react-dom/cjs/react-dom.development.js:16708:7)
      at setInit (src/components/ParticlesBackground.tsx:15:7)

    console.error
      reCAPTCHA error: Error: GoogleReCaptcha Context has not yet been implemented, if you are using useGoogleReCap
tcha hook, make sure the hook is called inside component wrapped by GoogleRecaptchaProvider
          at executeRecaptcha (C:\Users\zuzan\Desktop\svap\frontend\node_modules\react-google-recaptcha-v3\src\goog
le-recaptcha-provider.tsx:56:7)
          at executeRecaptcha (C:\Users\zuzan\Desktop\svap\frontend\src\components\RegisterForm.tsx:311:32)
          at HTMLUnknownElement.callCallback (C:\Users\zuzan\Desktop\svap\frontend\node_modules\react-dom\cjs\react
-dom.development.js:4164:14)
          at HTMLUnknownElement.callTheUserObjectsOperation (C:\Users\zuzan\Desktop\svap\frontend\node_modules\jsdo
m\lib\jsdom\living\generated\EventListener.js:26:30)
          at innerInvokeEventListeners (C:\Users\zuzan\Desktop\svap\frontend\node_modules\jsdom\lib\jsdom\living\ev
ents\EventTarget-impl.js:350:25)
          at invokeEventListeners (C:\Users\zuzan\Desktop\svap\frontend\node_modules\jsdom\lib\jsdom\living\events\
EventTarget-impl.js:286:3)
          at HTMLUnknownElementImpl._dispatch (C:\Users\zuzan\Desktop\svap\frontend\node_modules\jsdom\lib\jsdom\li
ving\events\EventTarget-impl.js:233:9)
          at HTMLUnknownElementImpl.dispatchEvent (C:\Users\zuzan\Desktop\svap\frontend\node_modules\jsdom\lib\jsdo
m\living\events\EventTarget-impl.js:104:17)
          at HTMLUnknownElement.dispatchEvent (C:\Users\zuzan\Desktop\svap\frontend\node_modules\jsdom\lib\jsdom\li
ving\generated\EventTarget.js:241:34)
          at Object.invokeGuardedCallbackDev (C:\Users\zuzan\Desktop\svap\frontend\node_modules\react-dom\cjs\react
-dom.development.js:4213:16)
          at invokeGuardedCallback (C:\Users\zuzan\Desktop\svap\frontend\node_modules\react-dom\cjs\react-dom.devel
opment.js:4277:31)
          at invokeGuardedCallbackAndCatchFirstError (C:\Users\zuzan\Desktop\svap\frontend\node_modules\react-dom\c
js\react-dom.development.js:4291:25)
          at executeDispatch (C:\Users\zuzan\Desktop\svap\frontend\node_modules\react-dom\cjs\react-dom.development
.js:9041:3)
          at processDispatchQueueItemsInOrder (C:\Users\zuzan\Desktop\svap\frontend\node_modules\react-dom\cjs\reac
t-dom.development.js:9073:7)
          at processDispatchQueue (C:\Users\zuzan\Desktop\svap\frontend\node_modules\react-dom\cjs\react-dom.develo
pment.js:9086:5)
          at dispatchEventsForPlugins (C:\Users\zuzan\Desktop\svap\frontend\node_modules\react-dom\cjs\react-dom.de
velopment.js:9097:3)
          at C:\Users\zuzan\Desktop\svap\frontend\node_modules\react-dom\cjs\react-dom.development.js:9288:12
          at batchedUpdates$1 (C:\Users\zuzan\Desktop\svap\frontend\node_modules\react-dom\cjs\react-dom.developmen
t.js:26179:12)
          at batchedUpdates (C:\Users\zuzan\Desktop\svap\frontend\node_modules\react-dom\cjs\react-dom.development.
js:3991:12)
          at dispatchEventForPluginEventSystem (C:\Users\zuzan\Desktop\svap\frontend\node_modules\react-dom\cjs\rea
ct-dom.development.js:9287:3)
          at dispatchEventWithEnableCapturePhaseSelectiveHydrationWithoutDiscreteEventReplay (C:\Users\zuzan\Deskto
p\svap\frontend\node_modules\react-dom\cjs\react-dom.development.js:6465:5)
          at dispatchEvent (C:\Users\zuzan\Desktop\svap\frontend\node_modules\react-dom\cjs\react-dom.development.j
s:6457:5)
          at dispatchDiscreteEvent (C:\Users\zuzan\Desktop\svap\frontend\node_modules\react-dom\cjs\react-dom.devel
opment.js:6430:5)
          at HTMLDivElement.callTheUserObjectsOperation (C:\Users\zuzan\Desktop\svap\frontend\node_modules\jsdom\li
b\jsdom\living\generated\EventListener.js:26:30)
          at innerInvokeEventListeners (C:\Users\zuzan\Desktop\svap\frontend\node_modules\jsdom\lib\jsdom\living\ev
ents\EventTarget-impl.js:350:25)
          at invokeEventListeners (C:\Users\zuzan\Desktop\svap\frontend\node_modules\jsdom\lib\jsdom\living\events\
EventTarget-impl.js:286:3)
          at HTMLFormElementImpl._dispatch (C:\Users\zuzan\Desktop\svap\frontend\node_modules\jsdom\lib\jsdom\livin
g\events\EventTarget-impl.js:233:9)
          at fireAnEvent (C:\Users\zuzan\Desktop\svap\frontend\node_modules\jsdom\lib\jsdom\living\helpers\events.j
s:18:36)
          at HTMLFormElementImpl.requestSubmit (C:\Users\zuzan\Desktop\svap\frontend\node_modules\jsdom\lib\jsdom\l
iving\nodes\HTMLFormElement-impl.js:109:10)
          at HTMLFormElementImpl._doRequestSubmit (C:\Users\zuzan\Desktop\svap\frontend\node_modules\jsdom\lib\jsdo
m\living\nodes\HTMLFormElement-impl.js:79:10)
          at HTMLButtonElementImpl._activationBehavior (C:\Users\zuzan\Desktop\svap\frontend\node_modules\jsdom\lib
\jsdom\living\nodes\HTMLButtonElement-impl.js:23:14)
          at HTMLButtonElementImpl._dispatch (C:\Users\zuzan\Desktop\svap\frontend\node_modules\jsdom\lib\jsdom\liv
ing\events\EventTarget-impl.js:252:26)
          at HTMLButtonElementImpl.dispatchEvent (C:\Users\zuzan\Desktop\svap\frontend\node_modules\jsdom\lib\jsdom
\living\events\EventTarget-impl.js:104:17)
          at HTMLButtonElement.dispatchEvent (C:\Users\zuzan\Desktop\svap\frontend\node_modules\jsdom\lib\jsdom\liv
ing\generated\EventTarget.js:241:34)
          at C:\Users\zuzan\Desktop\svap\frontend\node_modules\@testing-library\react\node_modules\@testing-library
\dom\dist\events.js:19:20
          at C:\Users\zuzan\Desktop\svap\frontend\node_modules\@testing-library\react\dist\pure.js:79:16
          at C:\Users\zuzan\Desktop\svap\frontend\node_modules\@testing-library\react\dist\act-compat.js:64:24
          at act (C:\Users\zuzan\Desktop\svap\frontend\node_modules\react\cjs\react.development.js:2512:16)
          at actWithWarning (C:\Users\zuzan\Desktop\svap\frontend\node_modules\react-dom\cjs\react-dom-test-utils.d
evelopment.js:1740:10)
          at C:\Users\zuzan\Desktop\svap\frontend\node_modules\@testing-library\react\dist\act-compat.js:63:25
          at Object.eventWrapper (C:\Users\zuzan\Desktop\svap\frontend\node_modules\@testing-library\react\dist\pur
e.js:78:28)
          at fireEvent (C:\Users\zuzan\Desktop\svap\frontend\node_modules\@testing-library\react\node_modules\@test
ing-library\dom\dist\events.js:12:35)
          at Function.fireEvent.<computed> [as click] (C:\Users\zuzan\Desktop\svap\frontend\node_modules\@testing-l
ibrary\react\node_modules\@testing-library\dom\dist\events.js:110:36)
          at Function.fireEvent.<computed> [as click] (C:\Users\zuzan\Desktop\svap\frontend\node_modules\@testing-l
ibrary\react\dist\fire-event.js:18:52)
          at Object.click (C:\Users\zuzan\Desktop\svap\frontend\src\components\__tests__\RegisterForm.test.tsx:208:
15)
          at Promise.then.completed (C:\Users\zuzan\Desktop\svap\frontend\node_modules\jest-circus\build\utils.js:2
98:28)
          at new Promise (<anonymous>)
          at callAsyncCircusFn (C:\Users\zuzan\Desktop\svap\frontend\node_modules\jest-circus\build\utils.js:231:10
)
          at _callCircusTest (C:\Users\zuzan\Desktop\svap\frontend\node_modules\jest-circus\build\run.js:316:40)
          at processTicksAndRejections (node:internal/process/task_queues:105:5)
          at _runTest (C:\Users\zuzan\Desktop\svap\frontend\node_modules\jest-circus\build\run.js:252:3)
          at _runTestsForDescribeBlock (C:\Users\zuzan\Desktop\svap\frontend\node_modules\jest-circus\build\run.js:
126:9)
          at _runTestsForDescribeBlock (C:\Users\zuzan\Desktop\svap\frontend\node_modules\jest-circus\build\run.js:
121:9)
          at run (C:\Users\zuzan\Desktop\svap\frontend\node_modules\jest-circus\build\run.js:71:3)
          at runAndTransformResultsToJestFormat (C:\Users\zuzan\Desktop\svap\frontend\node_modules\jest-circus\buil
d\legacy-code-todo-rewrite\jestAdapterInit.js:122:21)
          at jestAdapter (C:\Users\zuzan\Desktop\svap\frontend\node_modules\jest-circus\build\legacy-code-todo-rewr
ite\jestAdapter.js:79:19)
          at runTestInternal (C:\Users\zuzan\Desktop\svap\frontend\node_modules\jest-runner\build\runTest.js:367:16
)
          at runTest (C:\Users\zuzan\Desktop\svap\frontend\node_modules\jest-runner\build\runTest.js:444:34)
          at Object.worker (C:\Users\zuzan\Desktop\svap\frontend\node_modules\jest-runner\build\testWorker.js:106:1
2)

    [0m [90m 311 |[39m           captchaToken [33m=[39m [36mawait[39m executeRecaptcha([32m'register'[39m)
[33m;[39m
     [90m 312 |[39m         } [36mcatch[39m (captchaError) {
    [31m[1m>[22m[39m[90m 313 |[39m           console[33m.[39merror([32m'reCAPTCHA error:'[39m[33m,[39m 
captchaError)[33m;[39m
     [90m     |[39m                   [31m[1m^[22m[39m
     [90m 314 |[39m           setErrors({ general[33m:[39m [32m'Chyba pri overovan├¡ reCAPTCHA. Sk├║ste to zno
va.'[39m })[33m;[39m
     [90m 315 |[39m           setIsLoading([36mfalse[39m)[33m;[39m
     [90m 316 |[39m           [36mreturn[39m[33m;[39m[0m

      at error (src/components/RegisterForm.tsx:313:19)
      at HTMLUnknownElement.callCallback (node_modules/react-dom/cjs/react-dom.development.js:4164:14)
      at HTMLUnknownElement.callTheUserObjectsOperation (node_modules/jsdom/lib/jsdom/living/generated/EventListene
r.js:26:30)
      at innerInvokeEventListeners (node_modules/jsdom/lib/jsdom/living/events/EventTarget-impl.js:350:25)
      at invokeEventListeners (node_modules/jsdom/lib/jsdom/living/events/EventTarget-impl.js:286:3)
      at HTMLUnknownElementImpl._dispatch (node_modules/jsdom/lib/jsdom/living/events/EventTarget-impl.js:233:9)
      at HTMLUnknownElementImpl.dispatchEvent (node_modules/jsdom/lib/jsdom/living/events/EventTarget-impl.js:104:1
7)
      at HTMLUnknownElement.dispatchEvent (node_modules/jsdom/lib/jsdom/living/generated/EventTarget.js:241:34)
      at Object.invokeGuardedCallbackDev (node_modules/react-dom/cjs/react-dom.development.js:4213:16)
      at invokeGuardedCallback (node_modules/react-dom/cjs/react-dom.development.js:4277:31)
      at invokeGuardedCallbackAndCatchFirstError (node_modules/react-dom/cjs/react-dom.development.js:4291:25)
      at executeDispatch (node_modules/react-dom/cjs/react-dom.development.js:9041:3)
      at processDispatchQueueItemsInOrder (node_modules/react-dom/cjs/react-dom.development.js:9073:7)
      at processDispatchQueue (node_modules/react-dom/cjs/react-dom.development.js:9086:5)
      at dispatchEventsForPlugins (node_modules/react-dom/cjs/react-dom.development.js:9097:3)
      at node_modules/react-dom/cjs/react-dom.development.js:9288:12
      at batchedUpdates$1 (node_modules/react-dom/cjs/react-dom.development.js:26179:12)
      at batchedUpdates (node_modules/react-dom/cjs/react-dom.development.js:3991:12)
      at dispatchEventForPluginEventSystem (node_modules/react-dom/cjs/react-dom.development.js:9287:3)
      at dispatchEventWithEnableCapturePhaseSelectiveHydrationWithoutDiscreteEventReplay (node_modules/react-dom/cj
s/react-dom.development.js:6465:5)
      at dispatchEvent (node_modules/react-dom/cjs/react-dom.development.js:6457:5)
      at dispatchDiscreteEvent (node_modules/react-dom/cjs/react-dom.development.js:6430:5)
      at HTMLDivElement.callTheUserObjectsOperation (node_modules/jsdom/lib/jsdom/living/generated/EventListener.js
:26:30)
      at innerInvokeEventListeners (node_modules/jsdom/lib/jsdom/living/events/EventTarget-impl.js:350:25)
      at invokeEventListeners (node_modules/jsdom/lib/jsdom/living/events/EventTarget-impl.js:286:3)
      at HTMLFormElementImpl._dispatch (node_modules/jsdom/lib/jsdom/living/events/EventTarget-impl.js:233:9)
      at fireAnEvent (node_modules/jsdom/lib/jsdom/living/helpers/events.js:18:36)
      at HTMLFormElementImpl.requestSubmit (node_modules/jsdom/lib/jsdom/living/nodes/HTMLFormElement-impl.js:109:1
0)
      at HTMLFormElementImpl._doRequestSubmit (node_modules/jsdom/lib/jsdom/living/nodes/HTMLFormElement-impl.js:79
:10)
      at HTMLButtonElementImpl._activationBehavior (node_modules/jsdom/lib/jsdom/living/nodes/HTMLButtonElement-imp
l.js:23:14)
      at HTMLButtonElementImpl._dispatch (node_modules/jsdom/lib/jsdom/living/events/EventTarget-impl.js:252:26)
      at HTMLButtonElementImpl.dispatchEvent (node_modules/jsdom/lib/jsdom/living/events/EventTarget-impl.js:104:17
)
      at HTMLButtonElement.dispatchEvent (node_modules/jsdom/lib/jsdom/living/generated/EventTarget.js:241:34)
      at node_modules/@testing-library/react/node_modules/@testing-library/dom/dist/events.js:19:20
      at node_modules/@testing-library/react/dist/pure.js:79:16
      at node_modules/@testing-library/react/dist/act-compat.js:64:24
      at act (node_modules/react/cjs/react.development.js:2512:16)
      at actWithWarning (node_modules/react-dom/cjs/react-dom-test-utils.development.js:1740:10)
      at node_modules/@testing-library/react/dist/act-compat.js:63:25
      at Object.eventWrapper (node_modules/@testing-library/react/dist/pure.js:78:28)
      at fireEvent (node_modules/@testing-library/react/node_modules/@testing-library/dom/dist/events.js:12:35)
      at Function.fireEvent.<computed> [as click] (node_modules/@testing-library/react/node_modules/@testing-librar
y/dom/dist/events.js:110:36)
      at Function.fireEvent.<computed> [as click] (node_modules/@testing-library/react/dist/fire-event.js:18:52)
      at Object.click (src/components/__tests__/RegisterForm.test.tsx:208:15)

    console.error
      Error: Cross origin http://localhost forbidden
          at dispatchError (C:\Users\zuzan\Desktop\svap\frontend\node_modules\jsdom\lib\jsdom\living\xhr\xhr-utils.
js:63:19)
          at Object.validCORSHeaders (C:\Users\zuzan\Desktop\svap\frontend\node_modules\jsdom\lib\jsdom\living\xhr\
xhr-utils.js:75:5)
          at receiveResponse (C:\Users\zuzan\Desktop\svap\frontend\node_modules\jsdom\lib\jsdom\living\xhr\XMLHttpR
equest-impl.js:794:19)
          at Request.<anonymous> (C:\Users\zuzan\Desktop\svap\frontend\node_modules\jsdom\lib\jsdom\living\xhr\XMLH
ttpRequest-impl.js:658:43)
          at Request.emit (node:events:518:28)
          at Request._processResponse (C:\Users\zuzan\Desktop\svap\frontend\node_modules\jsdom\lib\jsdom\living\hel
pers\http-request.js:228:12)
          at ClientRequest.<anonymous> (C:\Users\zuzan\Desktop\svap\frontend\node_modules\jsdom\lib\jsdom\living\he
lpers\http-request.js:101:12)
          at Object.onceWrapper (node:events:633:26)
          at ClientRequest.emit (node:events:518:28)
          at HTTPParser.parserOnIncomingClient [as onIncoming] (node:_http_client:716:27)
          at HTTPParser.parserOnHeadersComplete (node:_http_common:117:17)
          at Socket.socketOnData (node:_http_client:558:22)
          at Socket.emit (node:events:518:28)
          at addChunk (node:internal/streams/readable:561:12)
          at readableAddChunkPushByteMode (node:internal/streams/readable:512:3)
          at Socket.Readable.push (node:internal/streams/readable:392:5)
          at TCP.onStreamRead (node:internal/stream_base_commons:189:23) {
        type: 'XMLHttpRequest'
      }

      at VirtualConsole.<anonymous> (node_modules/jest-environment-jsdom/build/index.js:63:23)
      at dispatchError (node_modules/jsdom/lib/jsdom/living/xhr/xhr-utils.js:66:53)
      at Object.validCORSHeaders (node_modules/jsdom/lib/jsdom/living/xhr/xhr-utils.js:75:5)
      at receiveResponse (node_modules/jsdom/lib/jsdom/living/xhr/XMLHttpRequest-impl.js:794:19)
      at Request.<anonymous> (node_modules/jsdom/lib/jsdom/living/xhr/XMLHttpRequest-impl.js:658:43)
      at Request._processResponse (node_modules/jsdom/lib/jsdom/living/helpers/http-request.js:228:12)
      at ClientRequest.<anonymous> (node_modules/jsdom/lib/jsdom/living/helpers/http-request.js:101:12)

    console.error
      Chyba pri z├¡skavan├¡ CSRF tokenu: AxiosError {
        message: 'Network Error',
        name: 'AxiosError',
        code: 'ERR_NETWORK',
        config: {
          transitional: {
            silentJSONParsing: true,
            forcedJSONParsing: true,
            clarifyTimeoutError: false
          },
          adapter: [ 'xhr', 'http', 'fetch' ],
          transformRequest: [ [Function: transformRequest] ],
          transformResponse: [ [Function: transformResponse] ],
          timeout: 0,
          xsrfCookieName: 'XSRF-TOKEN',
          xsrfHeaderName: 'X-XSRF-TOKEN',
          maxContentLength: -1,
          maxBodyLength: -1,
          env: { FormData: [class FormData], Blob: [class Blob] },
          validateStatus: [Function: validateStatus],
          headers: Object [AxiosHeaders] {
            Accept: 'application/json, text/plain, */*',
            'Content-Type': undefined
          },
          withCredentials: true,
          method: 'get',
          url: 'http://localhost:8000/api/auth/csrf-token/',
          allowAbsoluteUrls: true,
          data: undefined
        },
        request: XMLHttpRequest {},
        event: ProgressEvent { isTrusted: [Getter] }
      }

    [0m [90m 47 |[39m     [90m// CSRF token je teraz ulo┼╛en├╜ v cookies automaticky Django backendom[39m
     [90m 48 |[39m   } [36mcatch[39m (error) {
    [31m[1m>[22m[39m[90m 49 |[39m     console[33m.[39merror([32m'Chyba pri z├¡skavan├¡ CSRF tokenu:'[39m
[33m,[39m error)[33m;[39m
     [90m    |[39m             [31m[1m^[22m[39m
     [90m 50 |[39m   }
     [90m 51 |[39m }[33m;[39m
     [90m 52 |[39m[0m

      at error (src/utils/csrf.ts:49:13)

    console.error
      Error: Cross origin http://localhost forbidden
          at dispatchError (C:\Users\zuzan\Desktop\svap\frontend\node_modules\jsdom\lib\jsdom\living\xhr\xhr-utils.
js:63:19)
          at Object.validCORSHeaders (C:\Users\zuzan\Desktop\svap\frontend\node_modules\jsdom\lib\jsdom\living\xhr\
xhr-utils.js:75:5)
          at receiveResponse (C:\Users\zuzan\Desktop\svap\frontend\node_modules\jsdom\lib\jsdom\living\xhr\XMLHttpR
equest-impl.js:794:19)
          at Request.<anonymous> (C:\Users\zuzan\Desktop\svap\frontend\node_modules\jsdom\lib\jsdom\living\xhr\XMLH
ttpRequest-impl.js:658:43)
          at Request.emit (node:events:518:28)
          at Request._processResponse (C:\Users\zuzan\Desktop\svap\frontend\node_modules\jsdom\lib\jsdom\living\hel
pers\http-request.js:228:12)
          at ClientRequest.<anonymous> (C:\Users\zuzan\Desktop\svap\frontend\node_modules\jsdom\lib\jsdom\living\he
lpers\http-request.js:101:12)
          at Object.onceWrapper (node:events:633:26)
          at ClientRequest.emit (node:events:518:28)
          at HTTPParser.parserOnIncomingClient [as onIncoming] (node:_http_client:716:27)
          at HTTPParser.parserOnHeadersComplete (node:_http_common:117:17)
          at Socket.socketOnData (node:_http_client:558:22)
          at Socket.emit (node:events:518:28)
          at addChunk (node:internal/streams/readable:561:12)
          at readableAddChunkPushByteMode (node:internal/streams/readable:512:3)
          at Socket.Readable.push (node:internal/streams/readable:392:5)
          at TCP.onStreamRead (node:internal/stream_base_commons:189:23) {
        type: 'XMLHttpRequest'
      }

      at VirtualConsole.<anonymous> (node_modules/jest-environment-jsdom/build/index.js:63:23)
      at dispatchError (node_modules/jsdom/lib/jsdom/living/xhr/xhr-utils.js:66:53)
      at Object.validCORSHeaders (node_modules/jsdom/lib/jsdom/living/xhr/xhr-utils.js:75:5)
      at receiveResponse (node_modules/jsdom/lib/jsdom/living/xhr/XMLHttpRequest-impl.js:794:19)
      at Request.<anonymous> (node_modules/jsdom/lib/jsdom/living/xhr/XMLHttpRequest-impl.js:658:43)
      at Request._processResponse (node_modules/jsdom/lib/jsdom/living/helpers/http-request.js:228:12)
      at ClientRequest.<anonymous> (node_modules/jsdom/lib/jsdom/living/helpers/http-request.js:101:12)

    console.error
      Chyba pri z├¡skavan├¡ CSRF tokenu: AxiosError {
        message: 'Network Error',
        name: 'AxiosError',
        code: 'ERR_NETWORK',
        config: {
          transitional: {
            silentJSONParsing: true,
            forcedJSONParsing: true,
            clarifyTimeoutError: false
          },
          adapter: [ 'xhr', 'http', 'fetch' ],
          transformRequest: [ [Function: transformRequest] ],
          transformResponse: [ [Function: transformResponse] ],
          timeout: 0,
          xsrfCookieName: 'XSRF-TOKEN',
          xsrfHeaderName: 'X-XSRF-TOKEN',
          maxContentLength: -1,
          maxBodyLength: -1,
          env: { FormData: [class FormData], Blob: [class Blob] },
          validateStatus: [Function: validateStatus],
          headers: Object [AxiosHeaders] {
            Accept: 'application/json, text/plain, */*',
            'Content-Type': undefined
          },
          withCredentials: true,
          method: 'get',
          url: 'http://localhost:8000/api/auth/csrf-token/',
          allowAbsoluteUrls: true,
          data: undefined
        },
        request: XMLHttpRequest {},
        event: ProgressEvent { isTrusted: [Getter] }
      }

    [0m [90m 47 |[39m     [90m// CSRF token je teraz ulo┼╛en├╜ v cookies automaticky Django backendom[39m
     [90m 48 |[39m   } [36mcatch[39m (error) {
    [31m[1m>[22m[39m[90m 49 |[39m     console[33m.[39merror([32m'Chyba pri z├¡skavan├¡ CSRF tokenu:'[39m
[33m,[39m error)[33m;[39m
     [90m    |[39m             [31m[1m^[22m[39m
     [90m 50 |[39m   }
     [90m 51 |[39m }[33m;[39m
     [90m 52 |[39m[0m

      at error (src/utils/csrf.ts:49:13)

    console.error
      Error: Cross origin http://localhost forbidden
          at dispatchError (C:\Users\zuzan\Desktop\svap\frontend\node_modules\jsdom\lib\jsdom\living\xhr\xhr-utils.
js:63:19)
          at Object.validCORSHeaders (C:\Users\zuzan\Desktop\svap\frontend\node_modules\jsdom\lib\jsdom\living\xhr\
xhr-utils.js:75:5)
          at receiveResponse (C:\Users\zuzan\Desktop\svap\frontend\node_modules\jsdom\lib\jsdom\living\xhr\XMLHttpR
equest-impl.js:794:19)
          at Request.<anonymous> (C:\Users\zuzan\Desktop\svap\frontend\node_modules\jsdom\lib\jsdom\living\xhr\XMLH
ttpRequest-impl.js:658:43)
          at Request.emit (node:events:518:28)
          at Request._processResponse (C:\Users\zuzan\Desktop\svap\frontend\node_modules\jsdom\lib\jsdom\living\hel
pers\http-request.js:228:12)
          at ClientRequest.<anonymous> (C:\Users\zuzan\Desktop\svap\frontend\node_modules\jsdom\lib\jsdom\living\he
lpers\http-request.js:101:12)
          at Object.onceWrapper (node:events:633:26)
          at ClientRequest.emit (node:events:518:28)
          at HTTPParser.parserOnIncomingClient [as onIncoming] (node:_http_client:716:27)
          at HTTPParser.parserOnHeadersComplete (node:_http_common:117:17)
          at Socket.socketOnData (node:_http_client:558:22)
          at Socket.emit (node:events:518:28)
          at addChunk (node:internal/streams/readable:561:12)
          at readableAddChunkPushByteMode (node:internal/streams/readable:512:3)
          at Socket.Readable.push (node:internal/streams/readable:392:5)
          at TCP.onStreamRead (node:internal/stream_base_commons:189:23) {
        type: 'XMLHttpRequest'
      }

      at VirtualConsole.<anonymous> (node_modules/jest-environment-jsdom/build/index.js:63:23)
      at dispatchError (node_modules/jsdom/lib/jsdom/living/xhr/xhr-utils.js:66:53)
      at Object.validCORSHeaders (node_modules/jsdom/lib/jsdom/living/xhr/xhr-utils.js:75:5)
      at receiveResponse (node_modules/jsdom/lib/jsdom/living/xhr/XMLHttpRequest-impl.js:794:19)
      at Request.<anonymous> (node_modules/jsdom/lib/jsdom/living/xhr/XMLHttpRequest-impl.js:658:43)
      at Request._processResponse (node_modules/jsdom/lib/jsdom/living/helpers/http-request.js:228:12)
      at ClientRequest.<anonymous> (node_modules/jsdom/lib/jsdom/living/helpers/http-request.js:101:12)

    console.error
      Chyba pri z├¡skavan├¡ CSRF tokenu: AxiosError {
        message: 'Network Error',
        name: 'AxiosError',
        code: 'ERR_NETWORK',
        config: {
          transitional: {
            silentJSONParsing: true,
            forcedJSONParsing: true,
            clarifyTimeoutError: false
          },
          adapter: [ 'xhr', 'http', 'fetch' ],
          transformRequest: [ [Function: transformRequest] ],
          transformResponse: [ [Function: transformResponse] ],
          timeout: 0,
          xsrfCookieName: 'XSRF-TOKEN',
          xsrfHeaderName: 'X-XSRF-TOKEN',
          maxContentLength: -1,
          maxBodyLength: -1,
          env: { FormData: [class FormData], Blob: [class Blob] },
          validateStatus: [Function: validateStatus],
          headers: Object [AxiosHeaders] {
            Accept: 'application/json, text/plain, */*',
            'Content-Type': undefined
          },
          withCredentials: true,
          method: 'get',
          url: 'http://localhost:8000/api/auth/csrf-token/',
          allowAbsoluteUrls: true,
          data: undefined
        },
        request: XMLHttpRequest {},
        event: ProgressEvent { isTrusted: [Getter] }
      }

    [0m [90m 47 |[39m     [90m// CSRF token je teraz ulo┼╛en├╜ v cookies automaticky Django backendom[39m
     [90m 48 |[39m   } [36mcatch[39m (error) {
    [31m[1m>[22m[39m[90m 49 |[39m     console[33m.[39merror([32m'Chyba pri z├¡skavan├¡ CSRF tokenu:'[39m
[33m,[39m error)[33m;[39m
     [90m    |[39m             [31m[1m^[22m[39m
     [90m 50 |[39m   }
     [90m 51 |[39m }[33m;[39m
     [90m 52 |[39m[0m

      at error (src/utils/csrf.ts:49:13)

    console.error
      Error: Cross origin http://localhost forbidden
          at dispatchError (C:\Users\zuzan\Desktop\svap\frontend\node_modules\jsdom\lib\jsdom\living\xhr\xhr-utils.
js:63:19)
          at Object.validCORSHeaders (C:\Users\zuzan\Desktop\svap\frontend\node_modules\jsdom\lib\jsdom\living\xhr\
xhr-utils.js:75:5)
          at receiveResponse (C:\Users\zuzan\Desktop\svap\frontend\node_modules\jsdom\lib\jsdom\living\xhr\XMLHttpR
equest-impl.js:794:19)
          at Request.<anonymous> (C:\Users\zuzan\Desktop\svap\frontend\node_modules\jsdom\lib\jsdom\living\xhr\XMLH
ttpRequest-impl.js:658:43)
          at Request.emit (node:events:518:28)
          at Request._processResponse (C:\Users\zuzan\Desktop\svap\frontend\node_modules\jsdom\lib\jsdom\living\hel
pers\http-request.js:228:12)
          at ClientRequest.<anonymous> (C:\Users\zuzan\Desktop\svap\frontend\node_modules\jsdom\lib\jsdom\living\he
lpers\http-request.js:101:12)
          at Object.onceWrapper (node:events:633:26)
          at ClientRequest.emit (node:events:518:28)
          at HTTPParser.parserOnIncomingClient [as onIncoming] (node:_http_client:716:27)
          at HTTPParser.parserOnHeadersComplete (node:_http_common:117:17)
          at Socket.socketOnData (node:_http_client:558:22)
          at Socket.emit (node:events:518:28)
          at addChunk (node:internal/streams/readable:561:12)
          at readableAddChunkPushByteMode (node:internal/streams/readable:512:3)
          at Socket.Readable.push (node:internal/streams/readable:392:5)
          at TCP.onStreamRead (node:internal/stream_base_commons:189:23) {
        type: 'XMLHttpRequest'
      }

      at VirtualConsole.<anonymous> (node_modules/jest-environment-jsdom/build/index.js:63:23)
      at dispatchError (node_modules/jsdom/lib/jsdom/living/xhr/xhr-utils.js:66:53)
      at Object.validCORSHeaders (node_modules/jsdom/lib/jsdom/living/xhr/xhr-utils.js:75:5)
      at receiveResponse (node_modules/jsdom/lib/jsdom/living/xhr/XMLHttpRequest-impl.js:794:19)
      at Request.<anonymous> (node_modules/jsdom/lib/jsdom/living/xhr/XMLHttpRequest-impl.js:658:43)
      at Request._processResponse (node_modules/jsdom/lib/jsdom/living/helpers/http-request.js:228:12)
      at ClientRequest.<anonymous> (node_modules/jsdom/lib/jsdom/living/helpers/http-request.js:101:12)

    console.error
      Chyba pri z├¡skavan├¡ CSRF tokenu: AxiosError {
        message: 'Network Error',
        name: 'AxiosError',
        code: 'ERR_NETWORK',
        config: {
          transitional: {
            silentJSONParsing: true,
            forcedJSONParsing: true,
            clarifyTimeoutError: false
          },
          adapter: [ 'xhr', 'http', 'fetch' ],
          transformRequest: [ [Function: transformRequest] ],
          transformResponse: [ [Function: transformResponse] ],
          timeout: 0,
          xsrfCookieName: 'XSRF-TOKEN',
          xsrfHeaderName: 'X-XSRF-TOKEN',
          maxContentLength: -1,
          maxBodyLength: -1,
          env: { FormData: [class FormData], Blob: [class Blob] },
          validateStatus: [Function: validateStatus],
          headers: Object [AxiosHeaders] {
            Accept: 'application/json, text/plain, */*',
            'Content-Type': undefined
          },
          withCredentials: true,
          method: 'get',
          url: 'http://localhost:8000/api/auth/csrf-token/',
          allowAbsoluteUrls: true,
          data: undefined
        },
        request: XMLHttpRequest {},
        event: ProgressEvent { isTrusted: [Getter] }
      }

    [0m [90m 47 |[39m     [90m// CSRF token je teraz ulo┼╛en├╜ v cookies automaticky Django backendom[39m
     [90m 48 |[39m   } [36mcatch[39m (error) {
    [31m[1m>[22m[39m[90m 49 |[39m     console[33m.[39merror([32m'Chyba pri z├¡skavan├¡ CSRF tokenu:'[39m
[33m,[39m error)[33m;[39m
     [90m    |[39m             [31m[1m^[22m[39m
     [90m 50 |[39m   }
     [90m 51 |[39m }[33m;[39m
     [90m 52 |[39m[0m

      at error (src/utils/csrf.ts:49:13)

    console.error
      Error: Cross origin http://localhost forbidden
          at dispatchError (C:\Users\zuzan\Desktop\svap\frontend\node_modules\jsdom\lib\jsdom\living\xhr\xhr-utils.
js:63:19)
          at Object.validCORSHeaders (C:\Users\zuzan\Desktop\svap\frontend\node_modules\jsdom\lib\jsdom\living\xhr\
xhr-utils.js:75:5)
          at receiveResponse (C:\Users\zuzan\Desktop\svap\frontend\node_modules\jsdom\lib\jsdom\living\xhr\XMLHttpR
equest-impl.js:794:19)
          at Request.<anonymous> (C:\Users\zuzan\Desktop\svap\frontend\node_modules\jsdom\lib\jsdom\living\xhr\XMLH
ttpRequest-impl.js:658:43)
          at Request.emit (node:events:518:28)
          at Request._processResponse (C:\Users\zuzan\Desktop\svap\frontend\node_modules\jsdom\lib\jsdom\living\hel
pers\http-request.js:228:12)
          at ClientRequest.<anonymous> (C:\Users\zuzan\Desktop\svap\frontend\node_modules\jsdom\lib\jsdom\living\he
lpers\http-request.js:101:12)
          at Object.onceWrapper (node:events:633:26)
          at ClientRequest.emit (node:events:518:28)
          at HTTPParser.parserOnIncomingClient [as onIncoming] (node:_http_client:716:27)
          at HTTPParser.parserOnHeadersComplete (node:_http_common:117:17)
          at Socket.socketOnData (node:_http_client:558:22)
          at Socket.emit (node:events:518:28)
          at addChunk (node:internal/streams/readable:561:12)
          at readableAddChunkPushByteMode (node:internal/streams/readable:512:3)
          at Socket.Readable.push (node:internal/streams/readable:392:5)
          at TCP.onStreamRead (node:internal/stream_base_commons:189:23) {
        type: 'XMLHttpRequest'
      }

      at VirtualConsole.<anonymous> (node_modules/jest-environment-jsdom/build/index.js:63:23)
      at dispatchError (node_modules/jsdom/lib/jsdom/living/xhr/xhr-utils.js:66:53)
      at Object.validCORSHeaders (node_modules/jsdom/lib/jsdom/living/xhr/xhr-utils.js:75:5)
      at receiveResponse (node_modules/jsdom/lib/jsdom/living/xhr/XMLHttpRequest-impl.js:794:19)
      at Request.<anonymous> (node_modules/jsdom/lib/jsdom/living/xhr/XMLHttpRequest-impl.js:658:43)
      at Request._processResponse (node_modules/jsdom/lib/jsdom/living/helpers/http-request.js:228:12)
      at ClientRequest.<anonymous> (node_modules/jsdom/lib/jsdom/living/helpers/http-request.js:101:12)

    console.error
      Chyba pri z├¡skavan├¡ CSRF tokenu: AxiosError {
        message: 'Network Error',
        name: 'AxiosError',
        code: 'ERR_NETWORK',
        config: {
          transitional: {
            silentJSONParsing: true,
            forcedJSONParsing: true,
            clarifyTimeoutError: false
          },
          adapter: [ 'xhr', 'http', 'fetch' ],
          transformRequest: [ [Function: transformRequest] ],
          transformResponse: [ [Function: transformResponse] ],
          timeout: 0,
          xsrfCookieName: 'XSRF-TOKEN',
          xsrfHeaderName: 'X-XSRF-TOKEN',
          maxContentLength: -1,
          maxBodyLength: -1,
          env: { FormData: [class FormData], Blob: [class Blob] },
          validateStatus: [Function: validateStatus],
          headers: Object [AxiosHeaders] {
            Accept: 'application/json, text/plain, */*',
            'Content-Type': undefined
          },
          withCredentials: true,
          method: 'get',
          url: 'http://localhost:8000/api/auth/csrf-token/',
          allowAbsoluteUrls: true,
          data: undefined
        },
        request: XMLHttpRequest {},
        event: ProgressEvent { isTrusted: [Getter] }
      }

    [0m [90m 47 |[39m     [90m// CSRF token je teraz ulo┼╛en├╜ v cookies automaticky Django backendom[39m
     [90m 48 |[39m   } [36mcatch[39m (error) {
    [31m[1m>[22m[39m[90m 49 |[39m     console[33m.[39merror([32m'Chyba pri z├¡skavan├¡ CSRF tokenu:'[39m
[33m,[39m error)[33m;[39m
     [90m    |[39m             [31m[1m^[22m[39m
     [90m 50 |[39m   }
     [90m 51 |[39m }[33m;[39m
     [90m 52 |[39m[0m

      at error (src/utils/csrf.ts:49:13)

    console.error
      Error: Cross origin http://localhost forbidden
          at dispatchError (C:\Users\zuzan\Desktop\svap\frontend\node_modules\jsdom\lib\jsdom\living\xhr\xhr-utils.
js:63:19)
          at Object.validCORSHeaders (C:\Users\zuzan\Desktop\svap\frontend\node_modules\jsdom\lib\jsdom\living\xhr\
xhr-utils.js:75:5)
          at receiveResponse (C:\Users\zuzan\Desktop\svap\frontend\node_modules\jsdom\lib\jsdom\living\xhr\XMLHttpR
equest-impl.js:794:19)
          at Request.<anonymous> (C:\Users\zuzan\Desktop\svap\frontend\node_modules\jsdom\lib\jsdom\living\xhr\XMLH
ttpRequest-impl.js:658:43)
          at Request.emit (node:events:518:28)
          at Request._processResponse (C:\Users\zuzan\Desktop\svap\frontend\node_modules\jsdom\lib\jsdom\living\hel
pers\http-request.js:228:12)
          at ClientRequest.<anonymous> (C:\Users\zuzan\Desktop\svap\frontend\node_modules\jsdom\lib\jsdom\living\he
lpers\http-request.js:101:12)
          at Object.onceWrapper (node:events:633:26)
          at ClientRequest.emit (node:events:518:28)
          at HTTPParser.parserOnIncomingClient [as onIncoming] (node:_http_client:716:27)
          at HTTPParser.parserOnHeadersComplete (node:_http_common:117:17)
          at Socket.socketOnData (node:_http_client:558:22)
          at Socket.emit (node:events:518:28)
          at addChunk (node:internal/streams/readable:561:12)
          at readableAddChunkPushByteMode (node:internal/streams/readable:512:3)
          at Socket.Readable.push (node:internal/streams/readable:392:5)
          at TCP.onStreamRead (node:internal/stream_base_commons:189:23) {
        type: 'XMLHttpRequest'
      }

      at VirtualConsole.<anonymous> (node_modules/jest-environment-jsdom/build/index.js:63:23)
      at dispatchError (node_modules/jsdom/lib/jsdom/living/xhr/xhr-utils.js:66:53)
      at Object.validCORSHeaders (node_modules/jsdom/lib/jsdom/living/xhr/xhr-utils.js:75:5)
      at receiveResponse (node_modules/jsdom/lib/jsdom/living/xhr/XMLHttpRequest-impl.js:794:19)
      at Request.<anonymous> (node_modules/jsdom/lib/jsdom/living/xhr/XMLHttpRequest-impl.js:658:43)
      at Request._processResponse (node_modules/jsdom/lib/jsdom/living/helpers/http-request.js:228:12)
      at ClientRequest.<anonymous> (node_modules/jsdom/lib/jsdom/living/helpers/http-request.js:101:12)

    console.error
      Chyba pri z├¡skavan├¡ CSRF tokenu: AxiosError {
        message: 'Network Error',
        name: 'AxiosError',
        code: 'ERR_NETWORK',
        config: {
          transitional: {
            silentJSONParsing: true,
            forcedJSONParsing: true,
            clarifyTimeoutError: false
          },
          adapter: [ 'xhr', 'http', 'fetch' ],
          transformRequest: [ [Function: transformRequest] ],
          transformResponse: [ [Function: transformResponse] ],
          timeout: 0,
          xsrfCookieName: 'XSRF-TOKEN',
          xsrfHeaderName: 'X-XSRF-TOKEN',
          maxContentLength: -1,
          maxBodyLength: -1,
          env: { FormData: [class FormData], Blob: [class Blob] },
          validateStatus: [Function: validateStatus],
          headers: Object [AxiosHeaders] {
            Accept: 'application/json, text/plain, */*',
            'Content-Type': undefined
          },
          withCredentials: true,
          method: 'get',
          url: 'http://localhost:8000/api/auth/csrf-token/',
          allowAbsoluteUrls: true,
          data: undefined
        },
        request: XMLHttpRequest {},
        event: ProgressEvent { isTrusted: [Getter] }
      }

    [0m [90m 47 |[39m     [90m// CSRF token je teraz ulo┼╛en├╜ v cookies automaticky Django backendom[39m
     [90m 48 |[39m   } [36mcatch[39m (error) {
    [31m[1m>[22m[39m[90m 49 |[39m     console[33m.[39merror([32m'Chyba pri z├¡skavan├¡ CSRF tokenu:'[39m
[33m,[39m error)[33m;[39m
     [90m    |[39m             [31m[1m^[22m[39m
     [90m 50 |[39m   }
     [90m 51 |[39m }[33m;[39m
     [90m 52 |[39m[0m

      at error (src/utils/csrf.ts:49:13)

    console.error
      Error: Cross origin http://localhost forbidden
          at dispatchError (C:\Users\zuzan\Desktop\svap\frontend\node_modules\jsdom\lib\jsdom\living\xhr\xhr-utils.
js:63:19)
          at Object.validCORSHeaders (C:\Users\zuzan\Desktop\svap\frontend\node_modules\jsdom\lib\jsdom\living\xhr\
xhr-utils.js:75:5)
          at receiveResponse (C:\Users\zuzan\Desktop\svap\frontend\node_modules\jsdom\lib\jsdom\living\xhr\XMLHttpR
equest-impl.js:794:19)
          at Request.<anonymous> (C:\Users\zuzan\Desktop\svap\frontend\node_modules\jsdom\lib\jsdom\living\xhr\XMLH
ttpRequest-impl.js:658:43)
          at Request.emit (node:events:518:28)
          at Request._processResponse (C:\Users\zuzan\Desktop\svap\frontend\node_modules\jsdom\lib\jsdom\living\hel
pers\http-request.js:228:12)
          at ClientRequest.<anonymous> (C:\Users\zuzan\Desktop\svap\frontend\node_modules\jsdom\lib\jsdom\living\he
lpers\http-request.js:101:12)
          at Object.onceWrapper (node:events:633:26)
          at ClientRequest.emit (node:events:518:28)
          at HTTPParser.parserOnIncomingClient [as onIncoming] (node:_http_client:716:27)
          at HTTPParser.parserOnHeadersComplete (node:_http_common:117:17)
          at Socket.socketOnData (node:_http_client:558:22)
          at Socket.emit (node:events:518:28)
          at addChunk (node:internal/streams/readable:561:12)
          at readableAddChunkPushByteMode (node:internal/streams/readable:512:3)
          at Socket.Readable.push (node:internal/streams/readable:392:5)
          at TCP.onStreamRead (node:internal/stream_base_commons:189:23) {
        type: 'XMLHttpRequest'
      }

      at VirtualConsole.<anonymous> (node_modules/jest-environment-jsdom/build/index.js:63:23)
      at dispatchError (node_modules/jsdom/lib/jsdom/living/xhr/xhr-utils.js:66:53)
      at Object.validCORSHeaders (node_modules/jsdom/lib/jsdom/living/xhr/xhr-utils.js:75:5)
      at receiveResponse (node_modules/jsdom/lib/jsdom/living/xhr/XMLHttpRequest-impl.js:794:19)
      at Request.<anonymous> (node_modules/jsdom/lib/jsdom/living/xhr/XMLHttpRequest-impl.js:658:43)
      at Request._processResponse (node_modules/jsdom/lib/jsdom/living/helpers/http-request.js:228:12)
      at ClientRequest.<anonymous> (node_modules/jsdom/lib/jsdom/living/helpers/http-request.js:101:12)

    console.error
      Chyba pri z├¡skavan├¡ CSRF tokenu: AxiosError {
        message: 'Network Error',
        name: 'AxiosError',
        code: 'ERR_NETWORK',
        config: {
          transitional: {
            silentJSONParsing: true,
            forcedJSONParsing: true,
            clarifyTimeoutError: false
          },
          adapter: [ 'xhr', 'http', 'fetch' ],
          transformRequest: [ [Function: transformRequest] ],
          transformResponse: [ [Function: transformResponse] ],
          timeout: 0,
          xsrfCookieName: 'XSRF-TOKEN',
          xsrfHeaderName: 'X-XSRF-TOKEN',
          maxContentLength: -1,
          maxBodyLength: -1,
          env: { FormData: [class FormData], Blob: [class Blob] },
          validateStatus: [Function: validateStatus],
          headers: Object [AxiosHeaders] {
            Accept: 'application/json, text/plain, */*',
            'Content-Type': undefined
          },
          withCredentials: true,
          method: 'get',
          url: 'http://localhost:8000/api/auth/csrf-token/',
          allowAbsoluteUrls: true,
          data: undefined
        },
        request: XMLHttpRequest {},
        event: ProgressEvent { isTrusted: [Getter] }
      }

    [0m [90m 47 |[39m     [90m// CSRF token je teraz ulo┼╛en├╜ v cookies automaticky Django backendom[39m
     [90m 48 |[39m   } [36mcatch[39m (error) {
    [31m[1m>[22m[39m[90m 49 |[39m     console[33m.[39merror([32m'Chyba pri z├¡skavan├¡ CSRF tokenu:'[39m
[33m,[39m error)[33m;[39m
     [90m    |[39m             [31m[1m^[22m[39m
     [90m 50 |[39m   }
     [90m 51 |[39m }[33m;[39m
     [90m 52 |[39m[0m

      at error (src/utils/csrf.ts:49:13)

    console.error
      Error: Cross origin http://localhost forbidden
          at dispatchError (C:\Users\zuzan\Desktop\svap\frontend\node_modules\jsdom\lib\jsdom\living\xhr\xhr-utils.
js:63:19)
          at Object.validCORSHeaders (C:\Users\zuzan\Desktop\svap\frontend\node_modules\jsdom\lib\jsdom\living\xhr\
xhr-utils.js:75:5)
          at receiveResponse (C:\Users\zuzan\Desktop\svap\frontend\node_modules\jsdom\lib\jsdom\living\xhr\XMLHttpR
equest-impl.js:794:19)
          at Request.<anonymous> (C:\Users\zuzan\Desktop\svap\frontend\node_modules\jsdom\lib\jsdom\living\xhr\XMLH
ttpRequest-impl.js:658:43)
          at Request.emit (node:events:518:28)
          at Request._processResponse (C:\Users\zuzan\Desktop\svap\frontend\node_modules\jsdom\lib\jsdom\living\hel
pers\http-request.js:228:12)
          at ClientRequest.<anonymous> (C:\Users\zuzan\Desktop\svap\frontend\node_modules\jsdom\lib\jsdom\living\he
lpers\http-request.js:101:12)
          at Object.onceWrapper (node:events:633:26)
          at ClientRequest.emit (node:events:518:28)
          at HTTPParser.parserOnIncomingClient [as onIncoming] (node:_http_client:716:27)
          at HTTPParser.parserOnHeadersComplete (node:_http_common:117:17)
          at Socket.socketOnData (node:_http_client:558:22)
          at Socket.emit (node:events:518:28)
          at addChunk (node:internal/streams/readable:561:12)
          at readableAddChunkPushByteMode (node:internal/streams/readable:512:3)
          at Socket.Readable.push (node:internal/streams/readable:392:5)
          at TCP.onStreamRead (node:internal/stream_base_commons:189:23) {
        type: 'XMLHttpRequest'
      }

      at VirtualConsole.<anonymous> (node_modules/jest-environment-jsdom/build/index.js:63:23)
      at dispatchError (node_modules/jsdom/lib/jsdom/living/xhr/xhr-utils.js:66:53)
      at Object.validCORSHeaders (node_modules/jsdom/lib/jsdom/living/xhr/xhr-utils.js:75:5)
      at receiveResponse (node_modules/jsdom/lib/jsdom/living/xhr/XMLHttpRequest-impl.js:794:19)
      at Request.<anonymous> (node_modules/jsdom/lib/jsdom/living/xhr/XMLHttpRequest-impl.js:658:43)
      at Request._processResponse (node_modules/jsdom/lib/jsdom/living/helpers/http-request.js:228:12)
      at ClientRequest.<anonymous> (node_modules/jsdom/lib/jsdom/living/helpers/http-request.js:101:12)

    console.error
      Chyba pri z├¡skavan├¡ CSRF tokenu: AxiosError {
        message: 'Network Error',
        name: 'AxiosError',
        code: 'ERR_NETWORK',
        config: {
          transitional: {
            silentJSONParsing: true,
            forcedJSONParsing: true,
            clarifyTimeoutError: false
          },
          adapter: [ 'xhr', 'http', 'fetch' ],
          transformRequest: [ [Function: transformRequest] ],
          transformResponse: [ [Function: transformResponse] ],
          timeout: 0,
          xsrfCookieName: 'XSRF-TOKEN',
          xsrfHeaderName: 'X-XSRF-TOKEN',
          maxContentLength: -1,
          maxBodyLength: -1,
          env: { FormData: [class FormData], Blob: [class Blob] },
          validateStatus: [Function: validateStatus],
          headers: Object [AxiosHeaders] {
            Accept: 'application/json, text/plain, */*',
            'Content-Type': undefined
          },
          withCredentials: true,
          method: 'get',
          url: 'http://localhost:8000/api/auth/csrf-token/',
          allowAbsoluteUrls: true,
          data: undefined
        },
        request: XMLHttpRequest {},
        event: ProgressEvent { isTrusted: [Getter] }
      }

    [0m [90m 47 |[39m     [90m// CSRF token je teraz ulo┼╛en├╜ v cookies automaticky Django backendom[39m
     [90m 48 |[39m   } [36mcatch[39m (error) {
    [31m[1m>[22m[39m[90m 49 |[39m     console[33m.[39merror([32m'Chyba pri z├¡skavan├¡ CSRF tokenu:'[39m
[33m,[39m error)[33m;[39m
     [90m    |[39m             [31m[1m^[22m[39m
     [90m 50 |[39m   }
     [90m 51 |[39m }[33m;[39m
     [90m 52 |[39m[0m

      at error (src/utils/csrf.ts:49:13)

    console.error
      Error: Cross origin http://localhost forbidden
          at dispatchError (C:\Users\zuzan\Desktop\svap\frontend\node_modules\jsdom\lib\jsdom\living\xhr\xhr-utils.
js:63:19)
          at Object.validCORSHeaders (C:\Users\zuzan\Desktop\svap\frontend\node_modules\jsdom\lib\jsdom\living\xhr\
xhr-utils.js:75:5)
          at receiveResponse (C:\Users\zuzan\Desktop\svap\frontend\node_modules\jsdom\lib\jsdom\living\xhr\XMLHttpR
equest-impl.js:794:19)
          at Request.<anonymous> (C:\Users\zuzan\Desktop\svap\frontend\node_modules\jsdom\lib\jsdom\living\xhr\XMLH
ttpRequest-impl.js:658:43)
          at Request.emit (node:events:518:28)
          at Request._processResponse (C:\Users\zuzan\Desktop\svap\frontend\node_modules\jsdom\lib\jsdom\living\hel
pers\http-request.js:228:12)
          at ClientRequest.<anonymous> (C:\Users\zuzan\Desktop\svap\frontend\node_modules\jsdom\lib\jsdom\living\he
lpers\http-request.js:101:12)
          at Object.onceWrapper (node:events:633:26)
          at ClientRequest.emit (node:events:518:28)
          at HTTPParser.parserOnIncomingClient [as onIncoming] (node:_http_client:716:27)
          at HTTPParser.parserOnHeadersComplete (node:_http_common:117:17)
          at Socket.socketOnData (node:_http_client:558:22)
          at Socket.emit (node:events:518:28)
          at addChunk (node:internal/streams/readable:561:12)
          at readableAddChunkPushByteMode (node:internal/streams/readable:512:3)
          at Socket.Readable.push (node:internal/streams/readable:392:5)
          at TCP.onStreamRead (node:internal/stream_base_commons:189:23) {
        type: 'XMLHttpRequest'
      }

      at VirtualConsole.<anonymous> (node_modules/jest-environment-jsdom/build/index.js:63:23)
      at dispatchError (node_modules/jsdom/lib/jsdom/living/xhr/xhr-utils.js:66:53)
      at Object.validCORSHeaders (node_modules/jsdom/lib/jsdom/living/xhr/xhr-utils.js:75:5)
      at receiveResponse (node_modules/jsdom/lib/jsdom/living/xhr/XMLHttpRequest-impl.js:794:19)
      at Request.<anonymous> (node_modules/jsdom/lib/jsdom/living/xhr/XMLHttpRequest-impl.js:658:43)
      at Request._processResponse (node_modules/jsdom/lib/jsdom/living/helpers/http-request.js:228:12)
      at ClientRequest.<anonymous> (node_modules/jsdom/lib/jsdom/living/helpers/http-request.js:101:12)

    console.error
      Chyba pri z├¡skavan├¡ CSRF tokenu: AxiosError {
        message: 'Network Error',
        name: 'AxiosError',
        code: 'ERR_NETWORK',
        config: {
          transitional: {
            silentJSONParsing: true,
            forcedJSONParsing: true,
            clarifyTimeoutError: false
          },
          adapter: [ 'xhr', 'http', 'fetch' ],
          transformRequest: [ [Function: transformRequest] ],
          transformResponse: [ [Function: transformResponse] ],
          timeout: 0,
          xsrfCookieName: 'XSRF-TOKEN',
          xsrfHeaderName: 'X-XSRF-TOKEN',
          maxContentLength: -1,
          maxBodyLength: -1,
          env: { FormData: [class FormData], Blob: [class Blob] },
          validateStatus: [Function: validateStatus],
          headers: Object [AxiosHeaders] {
            Accept: 'application/json, text/plain, */*',
            'Content-Type': undefined
          },
          withCredentials: true,
          method: 'get',
          url: 'http://localhost:8000/api/auth/csrf-token/',
          allowAbsoluteUrls: true,
          data: undefined
        },
        request: XMLHttpRequest {},
        event: ProgressEvent { isTrusted: [Getter] }
      }

    [0m [90m 47 |[39m     [90m// CSRF token je teraz ulo┼╛en├╜ v cookies automaticky Django backendom[39m
     [90m 48 |[39m   } [36mcatch[39m (error) {
    [31m[1m>[22m[39m[90m 49 |[39m     console[33m.[39merror([32m'Chyba pri z├¡skavan├¡ CSRF tokenu:'[39m
[33m,[39m error)[33m;[39m
     [90m    |[39m             [31m[1m^[22m[39m
     [90m 50 |[39m   }
     [90m 51 |[39m }[33m;[39m
     [90m 52 |[39m[0m

      at error (src/utils/csrf.ts:49:13)

    console.error
      Error: Cross origin http://localhost forbidden
          at dispatchError (C:\Users\zuzan\Desktop\svap\frontend\node_modules\jsdom\lib\jsdom\living\xhr\xhr-utils.
js:63:19)
          at Object.validCORSHeaders (C:\Users\zuzan\Desktop\svap\frontend\node_modules\jsdom\lib\jsdom\living\xhr\
xhr-utils.js:75:5)
          at receiveResponse (C:\Users\zuzan\Desktop\svap\frontend\node_modules\jsdom\lib\jsdom\living\xhr\XMLHttpR
equest-impl.js:794:19)
          at Request.<anonymous> (C:\Users\zuzan\Desktop\svap\frontend\node_modules\jsdom\lib\jsdom\living\xhr\XMLH
ttpRequest-impl.js:658:43)
          at Request.emit (node:events:518:28)
          at Request._processResponse (C:\Users\zuzan\Desktop\svap\frontend\node_modules\jsdom\lib\jsdom\living\hel
pers\http-request.js:228:12)
          at ClientRequest.<anonymous> (C:\Users\zuzan\Desktop\svap\frontend\node_modules\jsdom\lib\jsdom\living\he
lpers\http-request.js:101:12)
          at Object.onceWrapper (node:events:633:26)
          at ClientRequest.emit (node:events:518:28)
          at HTTPParser.parserOnIncomingClient [as onIncoming] (node:_http_client:716:27)
          at HTTPParser.parserOnHeadersComplete (node:_http_common:117:17)
          at Socket.socketOnData (node:_http_client:558:22)
          at Socket.emit (node:events:518:28)
          at addChunk (node:internal/streams/readable:561:12)
          at readableAddChunkPushByteMode (node:internal/streams/readable:512:3)
          at Socket.Readable.push (node:internal/streams/readable:392:5)
          at TCP.onStreamRead (node:internal/stream_base_commons:189:23) {
        type: 'XMLHttpRequest'
      }

      at VirtualConsole.<anonymous> (node_modules/jest-environment-jsdom/build/index.js:63:23)
      at dispatchError (node_modules/jsdom/lib/jsdom/living/xhr/xhr-utils.js:66:53)
      at Object.validCORSHeaders (node_modules/jsdom/lib/jsdom/living/xhr/xhr-utils.js:75:5)
      at receiveResponse (node_modules/jsdom/lib/jsdom/living/xhr/XMLHttpRequest-impl.js:794:19)
      at Request.<anonymous> (node_modules/jsdom/lib/jsdom/living/xhr/XMLHttpRequest-impl.js:658:43)
      at Request._processResponse (node_modules/jsdom/lib/jsdom/living/helpers/http-request.js:228:12)
      at ClientRequest.<anonymous> (node_modules/jsdom/lib/jsdom/living/helpers/http-request.js:101:12)

    console.error
      Chyba pri z├¡skavan├¡ CSRF tokenu: AxiosError {
        message: 'Network Error',
        name: 'AxiosError',
        code: 'ERR_NETWORK',
        config: {
          transitional: {
            silentJSONParsing: true,
            forcedJSONParsing: true,
            clarifyTimeoutError: false
          },
          adapter: [ 'xhr', 'http', 'fetch' ],
          transformRequest: [ [Function: transformRequest] ],
          transformResponse: [ [Function: transformResponse] ],
          timeout: 0,
          xsrfCookieName: 'XSRF-TOKEN',
          xsrfHeaderName: 'X-XSRF-TOKEN',
          maxContentLength: -1,
          maxBodyLength: -1,
          env: { FormData: [class FormData], Blob: [class Blob] },
          validateStatus: [Function: validateStatus],
          headers: Object [AxiosHeaders] {
            Accept: 'application/json, text/plain, */*',
            'Content-Type': undefined
          },
          withCredentials: true,
          method: 'get',
          url: 'http://localhost:8000/api/auth/csrf-token/',
          allowAbsoluteUrls: true,
          data: undefined
        },
        request: XMLHttpRequest {},
        event: ProgressEvent { isTrusted: [Getter] }
      }

    [0m [90m 47 |[39m     [90m// CSRF token je teraz ulo┼╛en├╜ v cookies automaticky Django backendom[39m
     [90m 48 |[39m   } [36mcatch[39m (error) {
    [31m[1m>[22m[39m[90m 49 |[39m     console[33m.[39merror([32m'Chyba pri z├¡skavan├¡ CSRF tokenu:'[39m
[33m,[39m error)[33m;[39m
     [90m    |[39m             [31m[1m^[22m[39m
     [90m 50 |[39m   }
     [90m 51 |[39m }[33m;[39m
     [90m 52 |[39m[0m

      at error (src/utils/csrf.ts:49:13)

    console.error
      reCAPTCHA error: Error: GoogleReCaptcha Context has not yet been implemented, if you are using useGoogleReCap
tcha hook, make sure the hook is called inside component wrapped by GoogleRecaptchaProvider
          at executeRecaptcha (C:\Users\zuzan\Desktop\svap\frontend\node_modules\react-google-recaptcha-v3\src\goog
le-recaptcha-provider.tsx:56:7)
          at executeRecaptcha (C:\Users\zuzan\Desktop\svap\frontend\src\components\RegisterForm.tsx:311:32)
          at HTMLUnknownElement.callCallback (C:\Users\zuzan\Desktop\svap\frontend\node_modules\react-dom\cjs\react
-dom.development.js:4164:14)
          at HTMLUnknownElement.callTheUserObjectsOperation (C:\Users\zuzan\Desktop\svap\frontend\node_modules\jsdo
m\lib\jsdom\living\generated\EventListener.js:26:30)
          at innerInvokeEventListeners (C:\Users\zuzan\Desktop\svap\frontend\node_modules\jsdom\lib\jsdom\living\ev
ents\EventTarget-impl.js:350:25)
          at invokeEventListeners (C:\Users\zuzan\Desktop\svap\frontend\node_modules\jsdom\lib\jsdom\living\events\
EventTarget-impl.js:286:3)
          at HTMLUnknownElementImpl._dispatch (C:\Users\zuzan\Desktop\svap\frontend\node_modules\jsdom\lib\jsdom\li
ving\events\EventTarget-impl.js:233:9)
          at HTMLUnknownElementImpl.dispatchEvent (C:\Users\zuzan\Desktop\svap\frontend\node_modules\jsdom\lib\jsdo
m\living\events\EventTarget-impl.js:104:17)
          at HTMLUnknownElement.dispatchEvent (C:\Users\zuzan\Desktop\svap\frontend\node_modules\jsdom\lib\jsdom\li
ving\generated\EventTarget.js:241:34)
          at Object.invokeGuardedCallbackDev (C:\Users\zuzan\Desktop\svap\frontend\node_modules\react-dom\cjs\react
-dom.development.js:4213:16)
          at invokeGuardedCallback (C:\Users\zuzan\Desktop\svap\frontend\node_modules\react-dom\cjs\react-dom.devel
opment.js:4277:31)
          at invokeGuardedCallbackAndCatchFirstError (C:\Users\zuzan\Desktop\svap\frontend\node_modules\react-dom\c
js\react-dom.development.js:4291:25)
          at executeDispatch (C:\Users\zuzan\Desktop\svap\frontend\node_modules\react-dom\cjs\react-dom.development
.js:9041:3)
          at processDispatchQueueItemsInOrder (C:\Users\zuzan\Desktop\svap\frontend\node_modules\react-dom\cjs\reac
t-dom.development.js:9073:7)
          at processDispatchQueue (C:\Users\zuzan\Desktop\svap\frontend\node_modules\react-dom\cjs\react-dom.develo
pment.js:9086:5)
          at dispatchEventsForPlugins (C:\Users\zuzan\Desktop\svap\frontend\node_modules\react-dom\cjs\react-dom.de
velopment.js:9097:3)
          at C:\Users\zuzan\Desktop\svap\frontend\node_modules\react-dom\cjs\react-dom.development.js:9288:12
          at batchedUpdates$1 (C:\Users\zuzan\Desktop\svap\frontend\node_modules\react-dom\cjs\react-dom.developmen
t.js:26179:12)
          at batchedUpdates (C:\Users\zuzan\Desktop\svap\frontend\node_modules\react-dom\cjs\react-dom.development.
js:3991:12)
          at dispatchEventForPluginEventSystem (C:\Users\zuzan\Desktop\svap\frontend\node_modules\react-dom\cjs\rea
ct-dom.development.js:9287:3)
          at dispatchEventWithEnableCapturePhaseSelectiveHydrationWithoutDiscreteEventReplay (C:\Users\zuzan\Deskto
p\svap\frontend\node_modules\react-dom\cjs\react-dom.development.js:6465:5)
          at dispatchEvent (C:\Users\zuzan\Desktop\svap\frontend\node_modules\react-dom\cjs\react-dom.development.j
s:6457:5)
          at dispatchDiscreteEvent (C:\Users\zuzan\Desktop\svap\frontend\node_modules\react-dom\cjs\react-dom.devel
opment.js:6430:5)
          at HTMLDivElement.callTheUserObjectsOperation (C:\Users\zuzan\Desktop\svap\frontend\node_modules\jsdom\li
b\jsdom\living\generated\EventListener.js:26:30)
          at innerInvokeEventListeners (C:\Users\zuzan\Desktop\svap\frontend\node_modules\jsdom\lib\jsdom\living\ev
ents\EventTarget-impl.js:350:25)
          at invokeEventListeners (C:\Users\zuzan\Desktop\svap\frontend\node_modules\jsdom\lib\jsdom\living\events\
EventTarget-impl.js:286:3)
          at HTMLFormElementImpl._dispatch (C:\Users\zuzan\Desktop\svap\frontend\node_modules\jsdom\lib\jsdom\livin
g\events\EventTarget-impl.js:233:9)
          at fireAnEvent (C:\Users\zuzan\Desktop\svap\frontend\node_modules\jsdom\lib\jsdom\living\helpers\events.j
s:18:36)
          at HTMLFormElementImpl.requestSubmit (C:\Users\zuzan\Desktop\svap\frontend\node_modules\jsdom\lib\jsdom\l
iving\nodes\HTMLFormElement-impl.js:109:10)
          at HTMLFormElementImpl._doRequestSubmit (C:\Users\zuzan\Desktop\svap\frontend\node_modules\jsdom\lib\jsdo
m\living\nodes\HTMLFormElement-impl.js:79:10)
          at HTMLButtonElementImpl._activationBehavior (C:\Users\zuzan\Desktop\svap\frontend\node_modules\jsdom\lib
\jsdom\living\nodes\HTMLButtonElement-impl.js:23:14)
          at HTMLButtonElementImpl._dispatch (C:\Users\zuzan\Desktop\svap\frontend\node_modules\jsdom\lib\jsdom\liv
ing\events\EventTarget-impl.js:252:26)
          at HTMLButtonElementImpl.dispatchEvent (C:\Users\zuzan\Desktop\svap\frontend\node_modules\jsdom\lib\jsdom
\living\events\EventTarget-impl.js:104:17)
          at HTMLButtonElement.dispatchEvent (C:\Users\zuzan\Desktop\svap\frontend\node_modules\jsdom\lib\jsdom\liv
ing\generated\EventTarget.js:241:34)
          at C:\Users\zuzan\Desktop\svap\frontend\node_modules\@testing-library\react\node_modules\@testing-library
\dom\dist\events.js:19:20
          at C:\Users\zuzan\Desktop\svap\frontend\node_modules\@testing-library\react\dist\pure.js:79:16
          at C:\Users\zuzan\Desktop\svap\frontend\node_modules\@testing-library\react\dist\act-compat.js:64:24
          at act (C:\Users\zuzan\Desktop\svap\frontend\node_modules\react\cjs\react.development.js:2512:16)
          at actWithWarning (C:\Users\zuzan\Desktop\svap\frontend\node_modules\react-dom\cjs\react-dom-test-utils.d
evelopment.js:1740:10)
          at C:\Users\zuzan\Desktop\svap\frontend\node_modules\@testing-library\react\dist\act-compat.js:63:25
          at Object.eventWrapper (C:\Users\zuzan\Desktop\svap\frontend\node_modules\@testing-library\react\dist\pur
e.js:78:28)
          at fireEvent (C:\Users\zuzan\Desktop\svap\frontend\node_modules\@testing-library\react\node_modules\@test
ing-library\dom\dist\events.js:12:35)
          at Function.fireEvent.<computed> [as click] (C:\Users\zuzan\Desktop\svap\frontend\node_modules\@testing-l
ibrary\react\node_modules\@testing-library\dom\dist\events.js:110:36)
          at Function.fireEvent.<computed> [as click] (C:\Users\zuzan\Desktop\svap\frontend\node_modules\@testing-l
ibrary\react\dist\fire-event.js:18:52)
          at Object.click (C:\Users\zuzan\Desktop\svap\frontend\src\components\__tests__\RegisterForm.test.tsx:270:
15)
          at Promise.then.completed (C:\Users\zuzan\Desktop\svap\frontend\node_modules\jest-circus\build\utils.js:2
98:28)
          at new Promise (<anonymous>)
          at callAsyncCircusFn (C:\Users\zuzan\Desktop\svap\frontend\node_modules\jest-circus\build\utils.js:231:10
)
          at _callCircusTest (C:\Users\zuzan\Desktop\svap\frontend\node_modules\jest-circus\build\run.js:316:40)
          at _runTest (C:\Users\zuzan\Desktop\svap\frontend\node_modules\jest-circus\build\run.js:252:3)
          at _runTestsForDescribeBlock (C:\Users\zuzan\Desktop\svap\frontend\node_modules\jest-circus\build\run.js:
126:9)
          at _runTestsForDescribeBlock (C:\Users\zuzan\Desktop\svap\frontend\node_modules\jest-circus\build\run.js:
121:9)
          at run (C:\Users\zuzan\Desktop\svap\frontend\node_modules\jest-circus\build\run.js:71:3)
          at runAndTransformResultsToJestFormat (C:\Users\zuzan\Desktop\svap\frontend\node_modules\jest-circus\buil
d\legacy-code-todo-rewrite\jestAdapterInit.js:122:21)
          at jestAdapter (C:\Users\zuzan\Desktop\svap\frontend\node_modules\jest-circus\build\legacy-code-todo-rewr
ite\jestAdapter.js:79:19)
          at runTestInternal (C:\Users\zuzan\Desktop\svap\frontend\node_modules\jest-runner\build\runTest.js:367:16
)
          at runTest (C:\Users\zuzan\Desktop\svap\frontend\node_modules\jest-runner\build\runTest.js:444:34)
          at Object.worker (C:\Users\zuzan\Desktop\svap\frontend\node_modules\jest-runner\build\testWorker.js:106:1
2)

    [0m [90m 311 |[39m           captchaToken [33m=[39m [36mawait[39m executeRecaptcha([32m'register'[39m)
[33m;[39m
     [90m 312 |[39m         } [36mcatch[39m (captchaError) {
    [31m[1m>[22m[39m[90m 313 |[39m           console[33m.[39merror([32m'reCAPTCHA error:'[39m[33m,[39m 
captchaError)[33m;[39m
     [90m     |[39m                   [31m[1m^[22m[39m
     [90m 314 |[39m           setErrors({ general[33m:[39m [32m'Chyba pri overovan├¡ reCAPTCHA. Sk├║ste to zno
va.'[39m })[33m;[39m
     [90m 315 |[39m           setIsLoading([36mfalse[39m)[33m;[39m
     [90m 316 |[39m           [36mreturn[39m[33m;[39m[0m

      at error (src/components/RegisterForm.tsx:313:19)
      at HTMLUnknownElement.callCallback (node_modules/react-dom/cjs/react-dom.development.js:4164:14)
      at HTMLUnknownElement.callTheUserObjectsOperation (node_modules/jsdom/lib/jsdom/living/generated/EventListene
r.js:26:30)
      at innerInvokeEventListeners (node_modules/jsdom/lib/jsdom/living/events/EventTarget-impl.js:350:25)
      at invokeEventListeners (node_modules/jsdom/lib/jsdom/living/events/EventTarget-impl.js:286:3)
      at HTMLUnknownElementImpl._dispatch (node_modules/jsdom/lib/jsdom/living/events/EventTarget-impl.js:233:9)
      at HTMLUnknownElementImpl.dispatchEvent (node_modules/jsdom/lib/jsdom/living/events/EventTarget-impl.js:104:1
7)
      at HTMLUnknownElement.dispatchEvent (node_modules/jsdom/lib/jsdom/living/generated/EventTarget.js:241:34)
      at Object.invokeGuardedCallbackDev (node_modules/react-dom/cjs/react-dom.development.js:4213:16)
      at invokeGuardedCallback (node_modules/react-dom/cjs/react-dom.development.js:4277:31)
      at invokeGuardedCallbackAndCatchFirstError (node_modules/react-dom/cjs/react-dom.development.js:4291:25)
      at executeDispatch (node_modules/react-dom/cjs/react-dom.development.js:9041:3)
      at processDispatchQueueItemsInOrder (node_modules/react-dom/cjs/react-dom.development.js:9073:7)
      at processDispatchQueue (node_modules/react-dom/cjs/react-dom.development.js:9086:5)
      at dispatchEventsForPlugins (node_modules/react-dom/cjs/react-dom.development.js:9097:3)
      at node_modules/react-dom/cjs/react-dom.development.js:9288:12
      at batchedUpdates$1 (node_modules/react-dom/cjs/react-dom.development.js:26179:12)
      at batchedUpdates (node_modules/react-dom/cjs/react-dom.development.js:3991:12)
      at dispatchEventForPluginEventSystem (node_modules/react-dom/cjs/react-dom.development.js:9287:3)
      at dispatchEventWithEnableCapturePhaseSelectiveHydrationWithoutDiscreteEventReplay (node_modules/react-dom/cj
s/react-dom.development.js:6465:5)
      at dispatchEvent (node_modules/react-dom/cjs/react-dom.development.js:6457:5)
      at dispatchDiscreteEvent (node_modules/react-dom/cjs/react-dom.development.js:6430:5)
      at HTMLDivElement.callTheUserObjectsOperation (node_modules/jsdom/lib/jsdom/living/generated/EventListener.js
:26:30)
      at innerInvokeEventListeners (node_modules/jsdom/lib/jsdom/living/events/EventTarget-impl.js:350:25)
      at invokeEventListeners (node_modules/jsdom/lib/jsdom/living/events/EventTarget-impl.js:286:3)
      at HTMLFormElementImpl._dispatch (node_modules/jsdom/lib/jsdom/living/events/EventTarget-impl.js:233:9)
      at fireAnEvent (node_modules/jsdom/lib/jsdom/living/helpers/events.js:18:36)
      at HTMLFormElementImpl.requestSubmit (node_modules/jsdom/lib/jsdom/living/nodes/HTMLFormElement-impl.js:109:1
0)
      at HTMLFormElementImpl._doRequestSubmit (node_modules/jsdom/lib/jsdom/living/nodes/HTMLFormElement-impl.js:79
:10)
      at HTMLButtonElementImpl._activationBehavior (node_modules/jsdom/lib/jsdom/living/nodes/HTMLButtonElement-imp
l.js:23:14)
      at HTMLButtonElementImpl._dispatch (node_modules/jsdom/lib/jsdom/living/events/EventTarget-impl.js:252:26)
      at HTMLButtonElementImpl.dispatchEvent (node_modules/jsdom/lib/jsdom/living/events/EventTarget-impl.js:104:17
)
      at HTMLButtonElement.dispatchEvent (node_modules/jsdom/lib/jsdom/living/generated/EventTarget.js:241:34)
      at node_modules/@testing-library/react/node_modules/@testing-library/dom/dist/events.js:19:20
      at node_modules/@testing-library/react/dist/pure.js:79:16
      at node_modules/@testing-library/react/dist/act-compat.js:64:24
      at act (node_modules/react/cjs/react.development.js:2512:16)
      at actWithWarning (node_modules/react-dom/cjs/react-dom-test-utils.development.js:1740:10)
      at node_modules/@testing-library/react/dist/act-compat.js:63:25
      at Object.eventWrapper (node_modules/@testing-library/react/dist/pure.js:78:28)
      at fireEvent (node_modules/@testing-library/react/node_modules/@testing-library/dom/dist/events.js:12:35)
      at Function.fireEvent.<computed> [as click] (node_modules/@testing-library/react/node_modules/@testing-librar
y/dom/dist/events.js:110:36)
      at Function.fireEvent.<computed> [as click] (node_modules/@testing-library/react/dist/fire-event.js:18:52)
      at Object.click (src/components/__tests__/RegisterForm.test.tsx:270:15)

    console.error
      Error: Cross origin http://localhost forbidden
          at dispatchError (C:\Users\zuzan\Desktop\svap\frontend\node_modules\jsdom\lib\jsdom\living\xhr\xhr-utils.
js:63:19)
          at Object.validCORSHeaders (C:\Users\zuzan\Desktop\svap\frontend\node_modules\jsdom\lib\jsdom\living\xhr\
xhr-utils.js:75:5)
          at receiveResponse (C:\Users\zuzan\Desktop\svap\frontend\node_modules\jsdom\lib\jsdom\living\xhr\XMLHttpR
equest-impl.js:794:19)
          at Request.<anonymous> (C:\Users\zuzan\Desktop\svap\frontend\node_modules\jsdom\lib\jsdom\living\xhr\XMLH
ttpRequest-impl.js:658:43)
          at Request.emit (node:events:518:28)
          at Request._processResponse (C:\Users\zuzan\Desktop\svap\frontend\node_modules\jsdom\lib\jsdom\living\hel
pers\http-request.js:228:12)
          at ClientRequest.<anonymous> (C:\Users\zuzan\Desktop\svap\frontend\node_modules\jsdom\lib\jsdom\living\he
lpers\http-request.js:101:12)
          at Object.onceWrapper (node:events:633:26)
          at ClientRequest.emit (node:events:518:28)
          at HTTPParser.parserOnIncomingClient [as onIncoming] (node:_http_client:716:27)
          at HTTPParser.parserOnHeadersComplete (node:_http_common:117:17)
          at Socket.socketOnData (node:_http_client:558:22)
          at Socket.emit (node:events:518:28)
          at addChunk (node:internal/streams/readable:561:12)
          at readableAddChunkPushByteMode (node:internal/streams/readable:512:3)
          at Socket.Readable.push (node:internal/streams/readable:392:5)
          at TCP.onStreamRead (node:internal/stream_base_commons:189:23) {
        type: 'XMLHttpRequest'
      }

      at VirtualConsole.<anonymous> (node_modules/jest-environment-jsdom/build/index.js:63:23)
      at dispatchError (node_modules/jsdom/lib/jsdom/living/xhr/xhr-utils.js:66:53)
      at Object.validCORSHeaders (node_modules/jsdom/lib/jsdom/living/xhr/xhr-utils.js:75:5)
      at receiveResponse (node_modules/jsdom/lib/jsdom/living/xhr/XMLHttpRequest-impl.js:794:19)
      at Request.<anonymous> (node_modules/jsdom/lib/jsdom/living/xhr/XMLHttpRequest-impl.js:658:43)
      at Request._processResponse (node_modules/jsdom/lib/jsdom/living/helpers/http-request.js:228:12)
      at ClientRequest.<anonymous> (node_modules/jsdom/lib/jsdom/living/helpers/http-request.js:101:12)

    console.error
      Chyba pri z├¡skavan├¡ CSRF tokenu: AxiosError {
        message: 'Network Error',
        name: 'AxiosError',
        code: 'ERR_NETWORK',
        config: {
          transitional: {
            silentJSONParsing: true,
            forcedJSONParsing: true,
            clarifyTimeoutError: false
          },
          adapter: [ 'xhr', 'http', 'fetch' ],
          transformRequest: [ [Function: transformRequest] ],
          transformResponse: [ [Function: transformResponse] ],
          timeout: 0,
          xsrfCookieName: 'XSRF-TOKEN',
          xsrfHeaderName: 'X-XSRF-TOKEN',
          maxContentLength: -1,
          maxBodyLength: -1,
          env: { FormData: [class FormData], Blob: [class Blob] },
          validateStatus: [Function: validateStatus],
          headers: Object [AxiosHeaders] {
            Accept: 'application/json, text/plain, */*',
            'Content-Type': undefined
          },
          withCredentials: true,
          method: 'get',
          url: 'http://localhost:8000/api/auth/csrf-token/',
          allowAbsoluteUrls: true,
          data: undefined
        },
        request: XMLHttpRequest {},
        event: ProgressEvent { isTrusted: [Getter] }
      }

    [0m [90m 47 |[39m     [90m// CSRF token je teraz ulo┼╛en├╜ v cookies automaticky Django backendom[39m
     [90m 48 |[39m   } [36mcatch[39m (error) {
    [31m[1m>[22m[39m[90m 49 |[39m     console[33m.[39merror([32m'Chyba pri z├¡skavan├¡ CSRF tokenu:'[39m
[33m,[39m error)[33m;[39m
     [90m    |[39m             [31m[1m^[22m[39m
     [90m 50 |[39m   }
     [90m 51 |[39m }[33m;[39m
     [90m 52 |[39m[0m

      at error (src/utils/csrf.ts:49:13)

    console.error
      Warning: An update to ParticlesBackground inside a test was not wrapped in act(...).
      
      When testing, code that causes React state updates should be wrapped into act(...):
      
      act(() => {
        /* fire events that update state */
      });
      /* assert on the output */
      
      This ensures that you're testing the behavior the user would see in the browser. Learn more at https://reactj
s.org/link/wrap-tests-with-act
          at ParticlesBackground (C:\Users\zuzan\Desktop\svap\frontend\src\components\ParticlesBackground.tsx:9:35)
          at Suspense
          at div
          at RegisterForm (C:\Users\zuzan\Desktop\svap\frontend\src\components\RegisterForm.tsx:36:50)

    [0m [90m 13 |[39m       [36mawait[39m loadSlim(engine)[33m;[39m
     [90m 14 |[39m     })[33m.[39mthen(() [33m=>[39m {
    [31m[1m>[22m[39m[90m 15 |[39m       setInit([36mtrue[39m)[33m;[39m
     [90m    |[39m       [31m[1m^[22m[39m
     [90m 16 |[39m     })[33m;[39m
     [90m 17 |[39m   }[33m,[39m [])[33m;[39m
     [90m 18 |[39m[0m

      at printWarning (node_modules/react-dom/cjs/react-dom.development.js:86:30)
      at error (node_modules/react-dom/cjs/react-dom.development.js:60:7)
      at warnIfUpdatesNotWrappedWithActDEV (node_modules/react-dom/cjs/react-dom.development.js:27628:9)
      at scheduleUpdateOnFiber (node_modules/react-dom/cjs/react-dom.development.js:25547:5)
      at dispatchSetState (node_modules/react-dom/cjs/react-dom.development.js:16708:7)
      at setInit (src/components/ParticlesBackground.tsx:15:7)

    console.error
      reCAPTCHA error: Error: GoogleReCaptcha Context has not yet been implemented, if you are using useGoogleReCap
tcha hook, make sure the hook is called inside component wrapped by GoogleRecaptchaProvider
          at executeRecaptcha (C:\Users\zuzan\Desktop\svap\frontend\node_modules\react-google-recaptcha-v3\src\goog
le-recaptcha-provider.tsx:56:7)
          at executeRecaptcha (C:\Users\zuzan\Desktop\svap\frontend\src\components\RegisterForm.tsx:311:32)
          at HTMLUnknownElement.callCallback (C:\Users\zuzan\Desktop\svap\frontend\node_modules\react-dom\cjs\react
-dom.development.js:4164:14)
          at HTMLUnknownElement.callTheUserObjectsOperation (C:\Users\zuzan\Desktop\svap\frontend\node_modules\jsdo
m\lib\jsdom\living\generated\EventListener.js:26:30)
          at innerInvokeEventListeners (C:\Users\zuzan\Desktop\svap\frontend\node_modules\jsdom\lib\jsdom\living\ev
ents\EventTarget-impl.js:350:25)
          at invokeEventListeners (C:\Users\zuzan\Desktop\svap\frontend\node_modules\jsdom\lib\jsdom\living\events\
EventTarget-impl.js:286:3)
          at HTMLUnknownElementImpl._dispatch (C:\Users\zuzan\Desktop\svap\frontend\node_modules\jsdom\lib\jsdom\li
ving\events\EventTarget-impl.js:233:9)
          at HTMLUnknownElementImpl.dispatchEvent (C:\Users\zuzan\Desktop\svap\frontend\node_modules\jsdom\lib\jsdo
m\living\events\EventTarget-impl.js:104:17)
          at HTMLUnknownElement.dispatchEvent (C:\Users\zuzan\Desktop\svap\frontend\node_modules\jsdom\lib\jsdom\li
ving\generated\EventTarget.js:241:34)
          at Object.invokeGuardedCallbackDev (C:\Users\zuzan\Desktop\svap\frontend\node_modules\react-dom\cjs\react
-dom.development.js:4213:16)
          at invokeGuardedCallback (C:\Users\zuzan\Desktop\svap\frontend\node_modules\react-dom\cjs\react-dom.devel
opment.js:4277:31)
          at invokeGuardedCallbackAndCatchFirstError (C:\Users\zuzan\Desktop\svap\frontend\node_modules\react-dom\c
js\react-dom.development.js:4291:25)
          at executeDispatch (C:\Users\zuzan\Desktop\svap\frontend\node_modules\react-dom\cjs\react-dom.development
.js:9041:3)
          at processDispatchQueueItemsInOrder (C:\Users\zuzan\Desktop\svap\frontend\node_modules\react-dom\cjs\reac
t-dom.development.js:9073:7)
          at processDispatchQueue (C:\Users\zuzan\Desktop\svap\frontend\node_modules\react-dom\cjs\react-dom.develo
pment.js:9086:5)
          at dispatchEventsForPlugins (C:\Users\zuzan\Desktop\svap\frontend\node_modules\react-dom\cjs\react-dom.de
velopment.js:9097:3)
          at C:\Users\zuzan\Desktop\svap\frontend\node_modules\react-dom\cjs\react-dom.development.js:9288:12
          at batchedUpdates$1 (C:\Users\zuzan\Desktop\svap\frontend\node_modules\react-dom\cjs\react-dom.developmen
t.js:26179:12)
          at batchedUpdates (C:\Users\zuzan\Desktop\svap\frontend\node_modules\react-dom\cjs\react-dom.development.
js:3991:12)
          at dispatchEventForPluginEventSystem (C:\Users\zuzan\Desktop\svap\frontend\node_modules\react-dom\cjs\rea
ct-dom.development.js:9287:3)
          at dispatchEventWithEnableCapturePhaseSelectiveHydrationWithoutDiscreteEventReplay (C:\Users\zuzan\Deskto
p\svap\frontend\node_modules\react-dom\cjs\react-dom.development.js:6465:5)
          at dispatchEvent (C:\Users\zuzan\Desktop\svap\frontend\node_modules\react-dom\cjs\react-dom.development.j
s:6457:5)
          at dispatchDiscreteEvent (C:\Users\zuzan\Desktop\svap\frontend\node_modules\react-dom\cjs\react-dom.devel
opment.js:6430:5)
          at HTMLDivElement.callTheUserObjectsOperation (C:\Users\zuzan\Desktop\svap\frontend\node_modules\jsdom\li
b\jsdom\living\generated\EventListener.js:26:30)
          at innerInvokeEventListeners (C:\Users\zuzan\Desktop\svap\frontend\node_modules\jsdom\lib\jsdom\living\ev
ents\EventTarget-impl.js:350:25)
          at invokeEventListeners (C:\Users\zuzan\Desktop\svap\frontend\node_modules\jsdom\lib\jsdom\living\events\
EventTarget-impl.js:286:3)
          at HTMLFormElementImpl._dispatch (C:\Users\zuzan\Desktop\svap\frontend\node_modules\jsdom\lib\jsdom\livin
g\events\EventTarget-impl.js:233:9)
          at fireAnEvent (C:\Users\zuzan\Desktop\svap\frontend\node_modules\jsdom\lib\jsdom\living\helpers\events.j
s:18:36)
          at HTMLFormElementImpl.requestSubmit (C:\Users\zuzan\Desktop\svap\frontend\node_modules\jsdom\lib\jsdom\l
iving\nodes\HTMLFormElement-impl.js:109:10)
          at HTMLFormElementImpl._doRequestSubmit (C:\Users\zuzan\Desktop\svap\frontend\node_modules\jsdom\lib\jsdo
m\living\nodes\HTMLFormElement-impl.js:79:10)
          at HTMLButtonElementImpl._activationBehavior (C:\Users\zuzan\Desktop\svap\frontend\node_modules\jsdom\lib
\jsdom\living\nodes\HTMLButtonElement-impl.js:23:14)
          at HTMLButtonElementImpl._dispatch (C:\Users\zuzan\Desktop\svap\frontend\node_modules\jsdom\lib\jsdom\liv
ing\events\EventTarget-impl.js:252:26)
          at HTMLButtonElementImpl.dispatchEvent (C:\Users\zuzan\Desktop\svap\frontend\node_modules\jsdom\lib\jsdom
\living\events\EventTarget-impl.js:104:17)
          at HTMLButtonElement.dispatchEvent (C:\Users\zuzan\Desktop\svap\frontend\node_modules\jsdom\lib\jsdom\liv
ing\generated\EventTarget.js:241:34)
          at C:\Users\zuzan\Desktop\svap\frontend\node_modules\@testing-library\react\node_modules\@testing-library
\dom\dist\events.js:19:20
          at C:\Users\zuzan\Desktop\svap\frontend\node_modules\@testing-library\react\dist\pure.js:79:16
          at C:\Users\zuzan\Desktop\svap\frontend\node_modules\@testing-library\react\dist\act-compat.js:64:24
          at act (C:\Users\zuzan\Desktop\svap\frontend\node_modules\react\cjs\react.development.js:2512:16)
          at actWithWarning (C:\Users\zuzan\Desktop\svap\frontend\node_modules\react-dom\cjs\react-dom-test-utils.d
evelopment.js:1740:10)
          at C:\Users\zuzan\Desktop\svap\frontend\node_modules\@testing-library\react\dist\act-compat.js:63:25
          at Object.eventWrapper (C:\Users\zuzan\Desktop\svap\frontend\node_modules\@testing-library\react\dist\pur
e.js:78:28)
          at fireEvent (C:\Users\zuzan\Desktop\svap\frontend\node_modules\@testing-library\react\node_modules\@test
ing-library\dom\dist\events.js:12:35)
          at Function.fireEvent.<computed> [as click] (C:\Users\zuzan\Desktop\svap\frontend\node_modules\@testing-l
ibrary\react\node_modules\@testing-library\dom\dist\events.js:110:36)
          at Function.fireEvent.<computed> [as click] (C:\Users\zuzan\Desktop\svap\frontend\node_modules\@testing-l
ibrary\react\dist\fire-event.js:18:52)
          at Object.click (C:\Users\zuzan\Desktop\svap\frontend\src\components\__tests__\RegisterForm.test.tsx:331:
15)
          at Promise.then.completed (C:\Users\zuzan\Desktop\svap\frontend\node_modules\jest-circus\build\utils.js:2
98:28)
          at new Promise (<anonymous>)
          at callAsyncCircusFn (C:\Users\zuzan\Desktop\svap\frontend\node_modules\jest-circus\build\utils.js:231:10
)
          at _callCircusTest (C:\Users\zuzan\Desktop\svap\frontend\node_modules\jest-circus\build\run.js:316:40)
          at _runTest (C:\Users\zuzan\Desktop\svap\frontend\node_modules\jest-circus\build\run.js:252:3)
          at _runTestsForDescribeBlock (C:\Users\zuzan\Desktop\svap\frontend\node_modules\jest-circus\build\run.js:
126:9)
          at _runTestsForDescribeBlock (C:\Users\zuzan\Desktop\svap\frontend\node_modules\jest-circus\build\run.js:
121:9)
          at run (C:\Users\zuzan\Desktop\svap\frontend\node_modules\jest-circus\build\run.js:71:3)
          at runAndTransformResultsToJestFormat (C:\Users\zuzan\Desktop\svap\frontend\node_modules\jest-circus\buil
d\legacy-code-todo-rewrite\jestAdapterInit.js:122:21)
          at jestAdapter (C:\Users\zuzan\Desktop\svap\frontend\node_modules\jest-circus\build\legacy-code-todo-rewr
ite\jestAdapter.js:79:19)
          at runTestInternal (C:\Users\zuzan\Desktop\svap\frontend\node_modules\jest-runner\build\runTest.js:367:16
)
          at runTest (C:\Users\zuzan\Desktop\svap\frontend\node_modules\jest-runner\build\runTest.js:444:34)
          at Object.worker (C:\Users\zuzan\Desktop\svap\frontend\node_modules\jest-runner\build\testWorker.js:106:1
2)

    [0m [90m 311 |[39m           captchaToken [33m=[39m [36mawait[39m executeRecaptcha([32m'register'[39m)
[33m;[39m
     [90m 312 |[39m         } [36mcatch[39m (captchaError) {
    [31m[1m>[22m[39m[90m 313 |[39m           console[33m.[39merror([32m'reCAPTCHA error:'[39m[33m,[39m 
captchaError)[33m;[39m
     [90m     |[39m                   [31m[1m^[22m[39m
     [90m 314 |[39m           setErrors({ general[33m:[39m [32m'Chyba pri overovan├¡ reCAPTCHA. Sk├║ste to zno
va.'[39m })[33m;[39m
     [90m 315 |[39m           setIsLoading([36mfalse[39m)[33m;[39m
     [90m 316 |[39m           [36mreturn[39m[33m;[39m[0m

      at error (src/components/RegisterForm.tsx:313:19)
      at HTMLUnknownElement.callCallback (node_modules/react-dom/cjs/react-dom.development.js:4164:14)
      at HTMLUnknownElement.callTheUserObjectsOperation (node_modules/jsdom/lib/jsdom/living/generated/EventListene
r.js:26:30)
      at innerInvokeEventListeners (node_modules/jsdom/lib/jsdom/living/events/EventTarget-impl.js:350:25)
      at invokeEventListeners (node_modules/jsdom/lib/jsdom/living/events/EventTarget-impl.js:286:3)
      at HTMLUnknownElementImpl._dispatch (node_modules/jsdom/lib/jsdom/living/events/EventTarget-impl.js:233:9)
      at HTMLUnknownElementImpl.dispatchEvent (node_modules/jsdom/lib/jsdom/living/events/EventTarget-impl.js:104:1
7)
      at HTMLUnknownElement.dispatchEvent (node_modules/jsdom/lib/jsdom/living/generated/EventTarget.js:241:34)
      at Object.invokeGuardedCallbackDev (node_modules/react-dom/cjs/react-dom.development.js:4213:16)
      at invokeGuardedCallback (node_modules/react-dom/cjs/react-dom.development.js:4277:31)
      at invokeGuardedCallbackAndCatchFirstError (node_modules/react-dom/cjs/react-dom.development.js:4291:25)
      at executeDispatch (node_modules/react-dom/cjs/react-dom.development.js:9041:3)
      at processDispatchQueueItemsInOrder (node_modules/react-dom/cjs/react-dom.development.js:9073:7)
      at processDispatchQueue (node_modules/react-dom/cjs/react-dom.development.js:9086:5)
      at dispatchEventsForPlugins (node_modules/react-dom/cjs/react-dom.development.js:9097:3)
      at node_modules/react-dom/cjs/react-dom.development.js:9288:12
      at batchedUpdates$1 (node_modules/react-dom/cjs/react-dom.development.js:26179:12)
      at batchedUpdates (node_modules/react-dom/cjs/react-dom.development.js:3991:12)
      at dispatchEventForPluginEventSystem (node_modules/react-dom/cjs/react-dom.development.js:9287:3)
      at dispatchEventWithEnableCapturePhaseSelectiveHydrationWithoutDiscreteEventReplay (node_modules/react-dom/cj
s/react-dom.development.js:6465:5)
      at dispatchEvent (node_modules/react-dom/cjs/react-dom.development.js:6457:5)
      at dispatchDiscreteEvent (node_modules/react-dom/cjs/react-dom.development.js:6430:5)
      at HTMLDivElement.callTheUserObjectsOperation (node_modules/jsdom/lib/jsdom/living/generated/EventListener.js
:26:30)
      at innerInvokeEventListeners (node_modules/jsdom/lib/jsdom/living/events/EventTarget-impl.js:350:25)
      at invokeEventListeners (node_modules/jsdom/lib/jsdom/living/events/EventTarget-impl.js:286:3)
      at HTMLFormElementImpl._dispatch (node_modules/jsdom/lib/jsdom/living/events/EventTarget-impl.js:233:9)
      at fireAnEvent (node_modules/jsdom/lib/jsdom/living/helpers/events.js:18:36)
      at HTMLFormElementImpl.requestSubmit (node_modules/jsdom/lib/jsdom/living/nodes/HTMLFormElement-impl.js:109:1
0)
      at HTMLFormElementImpl._doRequestSubmit (node_modules/jsdom/lib/jsdom/living/nodes/HTMLFormElement-impl.js:79
:10)
      at HTMLButtonElementImpl._activationBehavior (node_modules/jsdom/lib/jsdom/living/nodes/HTMLButtonElement-imp
l.js:23:14)
      at HTMLButtonElementImpl._dispatch (node_modules/jsdom/lib/jsdom/living/events/EventTarget-impl.js:252:26)
      at HTMLButtonElementImpl.dispatchEvent (node_modules/jsdom/lib/jsdom/living/events/EventTarget-impl.js:104:17
)
      at HTMLButtonElement.dispatchEvent (node_modules/jsdom/lib/jsdom/living/generated/EventTarget.js:241:34)
      at node_modules/@testing-library/react/node_modules/@testing-library/dom/dist/events.js:19:20
      at node_modules/@testing-library/react/dist/pure.js:79:16
      at node_modules/@testing-library/react/dist/act-compat.js:64:24
      at act (node_modules/react/cjs/react.development.js:2512:16)
      at actWithWarning (node_modules/react-dom/cjs/react-dom-test-utils.development.js:1740:10)
      at node_modules/@testing-library/react/dist/act-compat.js:63:25
      at Object.eventWrapper (node_modules/@testing-library/react/dist/pure.js:78:28)
      at fireEvent (node_modules/@testing-library/react/node_modules/@testing-library/dom/dist/events.js:12:35)
      at Function.fireEvent.<computed> [as click] (node_modules/@testing-library/react/node_modules/@testing-librar
y/dom/dist/events.js:110:36)
      at Function.fireEvent.<computed> [as click] (node_modules/@testing-library/react/dist/fire-event.js:18:52)
      at Object.click (src/components/__tests__/RegisterForm.test.tsx:331:15)

    console.error
      Error: Cross origin http://localhost forbidden
          at dispatchError (C:\Users\zuzan\Desktop\svap\frontend\node_modules\jsdom\lib\jsdom\living\xhr\xhr-utils.
js:63:19)
          at Object.validCORSHeaders (C:\Users\zuzan\Desktop\svap\frontend\node_modules\jsdom\lib\jsdom\living\xhr\
xhr-utils.js:75:5)
          at receiveResponse (C:\Users\zuzan\Desktop\svap\frontend\node_modules\jsdom\lib\jsdom\living\xhr\XMLHttpR
equest-impl.js:794:19)
          at Request.<anonymous> (C:\Users\zuzan\Desktop\svap\frontend\node_modules\jsdom\lib\jsdom\living\xhr\XMLH
ttpRequest-impl.js:658:43)
          at Request.emit (node:events:518:28)
          at Request._processResponse (C:\Users\zuzan\Desktop\svap\frontend\node_modules\jsdom\lib\jsdom\living\hel
pers\http-request.js:228:12)
          at ClientRequest.<anonymous> (C:\Users\zuzan\Desktop\svap\frontend\node_modules\jsdom\lib\jsdom\living\he
lpers\http-request.js:101:12)
          at Object.onceWrapper (node:events:633:26)
          at ClientRequest.emit (node:events:518:28)
          at HTTPParser.parserOnIncomingClient [as onIncoming] (node:_http_client:716:27)
          at HTTPParser.parserOnHeadersComplete (node:_http_common:117:17)
          at Socket.socketOnData (node:_http_client:558:22)
          at Socket.emit (node:events:518:28)
          at addChunk (node:internal/streams/readable:561:12)
          at readableAddChunkPushByteMode (node:internal/streams/readable:512:3)
          at Socket.Readable.push (node:internal/streams/readable:392:5)
          at TCP.onStreamRead (node:internal/stream_base_commons:189:23) {
        type: 'XMLHttpRequest'
      }

      at VirtualConsole.<anonymous> (node_modules/jest-environment-jsdom/build/index.js:63:23)
      at dispatchError (node_modules/jsdom/lib/jsdom/living/xhr/xhr-utils.js:66:53)
      at Object.validCORSHeaders (node_modules/jsdom/lib/jsdom/living/xhr/xhr-utils.js:75:5)
      at receiveResponse (node_modules/jsdom/lib/jsdom/living/xhr/XMLHttpRequest-impl.js:794:19)
      at Request.<anonymous> (node_modules/jsdom/lib/jsdom/living/xhr/XMLHttpRequest-impl.js:658:43)
      at Request._processResponse (node_modules/jsdom/lib/jsdom/living/helpers/http-request.js:228:12)
      at ClientRequest.<anonymous> (node_modules/jsdom/lib/jsdom/living/helpers/http-request.js:101:12)

    console.error
      Chyba pri z├¡skavan├¡ CSRF tokenu: AxiosError {
        message: 'Network Error',
        name: 'AxiosError',
        code: 'ERR_NETWORK',
        config: {
          transitional: {
            silentJSONParsing: true,
            forcedJSONParsing: true,
            clarifyTimeoutError: false
          },
          adapter: [ 'xhr', 'http', 'fetch' ],
          transformRequest: [ [Function: transformRequest] ],
          transformResponse: [ [Function: transformResponse] ],
          timeout: 0,
          xsrfCookieName: 'XSRF-TOKEN',
          xsrfHeaderName: 'X-XSRF-TOKEN',
          maxContentLength: -1,
          maxBodyLength: -1,
          env: { FormData: [class FormData], Blob: [class Blob] },
          validateStatus: [Function: validateStatus],
          headers: Object [AxiosHeaders] {
            Accept: 'application/json, text/plain, */*',
            'Content-Type': undefined
          },
          withCredentials: true,
          method: 'get',
          url: 'http://localhost:8000/api/auth/csrf-token/',
          allowAbsoluteUrls: true,
          data: undefined
        },
        request: XMLHttpRequest {},
        event: ProgressEvent { isTrusted: [Getter] }
      }

    [0m [90m 47 |[39m     [90m// CSRF token je teraz ulo┼╛en├╜ v cookies automaticky Django backendom[39m
     [90m 48 |[39m   } [36mcatch[39m (error) {
    [31m[1m>[22m[39m[90m 49 |[39m     console[33m.[39merror([32m'Chyba pri z├¡skavan├¡ CSRF tokenu:'[39m
[33m,[39m error)[33m;[39m
     [90m    |[39m             [31m[1m^[22m[39m
     [90m 50 |[39m   }
     [90m 51 |[39m }[33m;[39m
     [90m 52 |[39m[0m

      at error (src/utils/csrf.ts:49:13)

    console.error
      Error: Cross origin http://localhost forbidden
          at dispatchError (C:\Users\zuzan\Desktop\svap\frontend\node_modules\jsdom\lib\jsdom\living\xhr\xhr-utils.
js:63:19)
          at Object.validCORSHeaders (C:\Users\zuzan\Desktop\svap\frontend\node_modules\jsdom\lib\jsdom\living\xhr\
xhr-utils.js:75:5)
          at receiveResponse (C:\Users\zuzan\Desktop\svap\frontend\node_modules\jsdom\lib\jsdom\living\xhr\XMLHttpR
equest-impl.js:794:19)
          at Request.<anonymous> (C:\Users\zuzan\Desktop\svap\frontend\node_modules\jsdom\lib\jsdom\living\xhr\XMLH
ttpRequest-impl.js:658:43)
          at Request.emit (node:events:518:28)
          at Request._processResponse (C:\Users\zuzan\Desktop\svap\frontend\node_modules\jsdom\lib\jsdom\living\hel
pers\http-request.js:228:12)
          at ClientRequest.<anonymous> (C:\Users\zuzan\Desktop\svap\frontend\node_modules\jsdom\lib\jsdom\living\he
lpers\http-request.js:101:12)
          at Object.onceWrapper (node:events:633:26)
          at ClientRequest.emit (node:events:518:28)
          at HTTPParser.parserOnIncomingClient [as onIncoming] (node:_http_client:716:27)
          at HTTPParser.parserOnHeadersComplete (node:_http_common:117:17)
          at Socket.socketOnData (node:_http_client:558:22)
          at Socket.emit (node:events:518:28)
          at addChunk (node:internal/streams/readable:561:12)
          at readableAddChunkPushByteMode (node:internal/streams/readable:512:3)
          at Socket.Readable.push (node:internal/streams/readable:392:5)
          at TCP.onStreamRead (node:internal/stream_base_commons:189:23) {
        type: 'XMLHttpRequest'
      }

      at VirtualConsole.<anonymous> (node_modules/jest-environment-jsdom/build/index.js:63:23)
      at dispatchError (node_modules/jsdom/lib/jsdom/living/xhr/xhr-utils.js:66:53)
      at Object.validCORSHeaders (node_modules/jsdom/lib/jsdom/living/xhr/xhr-utils.js:75:5)
      at receiveResponse (node_modules/jsdom/lib/jsdom/living/xhr/XMLHttpRequest-impl.js:794:19)
      at Request.<anonymous> (node_modules/jsdom/lib/jsdom/living/xhr/XMLHttpRequest-impl.js:658:43)
      at Request._processResponse (node_modules/jsdom/lib/jsdom/living/helpers/http-request.js:228:12)
      at ClientRequest.<anonymous> (node_modules/jsdom/lib/jsdom/living/helpers/http-request.js:101:12)

    console.error
      Chyba pri z├¡skavan├¡ CSRF tokenu: AxiosError {
        message: 'Network Error',
        name: 'AxiosError',
        code: 'ERR_NETWORK',
        config: {
          transitional: {
            silentJSONParsing: true,
            forcedJSONParsing: true,
            clarifyTimeoutError: false
          },
          adapter: [ 'xhr', 'http', 'fetch' ],
          transformRequest: [ [Function: transformRequest] ],
          transformResponse: [ [Function: transformResponse] ],
          timeout: 0,
          xsrfCookieName: 'XSRF-TOKEN',
          xsrfHeaderName: 'X-XSRF-TOKEN',
          maxContentLength: -1,
          maxBodyLength: -1,
          env: { FormData: [class FormData], Blob: [class Blob] },
          validateStatus: [Function: validateStatus],
          headers: Object [AxiosHeaders] {
            Accept: 'application/json, text/plain, */*',
            'Content-Type': undefined
          },
          withCredentials: true,
          method: 'get',
          url: 'http://localhost:8000/api/auth/csrf-token/',
          allowAbsoluteUrls: true,
          data: undefined
        },
        request: XMLHttpRequest {},
        event: ProgressEvent { isTrusted: [Getter] }
      }

    [0m [90m 47 |[39m     [90m// CSRF token je teraz ulo┼╛en├╜ v cookies automaticky Django backendom[39m
     [90m 48 |[39m   } [36mcatch[39m (error) {
    [31m[1m>[22m[39m[90m 49 |[39m     console[33m.[39merror([32m'Chyba pri z├¡skavan├¡ CSRF tokenu:'[39m
[33m,[39m error)[33m;[39m
     [90m    |[39m             [31m[1m^[22m[39m
     [90m 50 |[39m   }
     [90m 51 |[39m }[33m;[39m
     [90m 52 |[39m[0m

      at error (src/utils/csrf.ts:49:13)

    console.error
      reCAPTCHA error: Error: GoogleReCaptcha Context has not yet been implemented, if you are using useGoogleReCap
tcha hook, make sure the hook is called inside component wrapped by GoogleRecaptchaProvider
          at executeRecaptcha (C:\Users\zuzan\Desktop\svap\frontend\node_modules\react-google-recaptcha-v3\src\goog
le-recaptcha-provider.tsx:56:7)
          at executeRecaptcha (C:\Users\zuzan\Desktop\svap\frontend\src\components\RegisterForm.tsx:311:32)
          at HTMLUnknownElement.callCallback (C:\Users\zuzan\Desktop\svap\frontend\node_modules\react-dom\cjs\react
-dom.development.js:4164:14)
          at HTMLUnknownElement.callTheUserObjectsOperation (C:\Users\zuzan\Desktop\svap\frontend\node_modules\jsdo
m\lib\jsdom\living\generated\EventListener.js:26:30)
          at innerInvokeEventListeners (C:\Users\zuzan\Desktop\svap\frontend\node_modules\jsdom\lib\jsdom\living\ev
ents\EventTarget-impl.js:350:25)
          at invokeEventListeners (C:\Users\zuzan\Desktop\svap\frontend\node_modules\jsdom\lib\jsdom\living\events\
EventTarget-impl.js:286:3)
          at HTMLUnknownElementImpl._dispatch (C:\Users\zuzan\Desktop\svap\frontend\node_modules\jsdom\lib\jsdom\li
ving\events\EventTarget-impl.js:233:9)
          at HTMLUnknownElementImpl.dispatchEvent (C:\Users\zuzan\Desktop\svap\frontend\node_modules\jsdom\lib\jsdo
m\living\events\EventTarget-impl.js:104:17)
          at HTMLUnknownElement.dispatchEvent (C:\Users\zuzan\Desktop\svap\frontend\node_modules\jsdom\lib\jsdom\li
ving\generated\EventTarget.js:241:34)
          at Object.invokeGuardedCallbackDev (C:\Users\zuzan\Desktop\svap\frontend\node_modules\react-dom\cjs\react
-dom.development.js:4213:16)
          at invokeGuardedCallback (C:\Users\zuzan\Desktop\svap\frontend\node_modules\react-dom\cjs\react-dom.devel
opment.js:4277:31)
          at invokeGuardedCallbackAndCatchFirstError (C:\Users\zuzan\Desktop\svap\frontend\node_modules\react-dom\c
js\react-dom.development.js:4291:25)
          at executeDispatch (C:\Users\zuzan\Desktop\svap\frontend\node_modules\react-dom\cjs\react-dom.development
.js:9041:3)
          at processDispatchQueueItemsInOrder (C:\Users\zuzan\Desktop\svap\frontend\node_modules\react-dom\cjs\reac
t-dom.development.js:9073:7)
          at processDispatchQueue (C:\Users\zuzan\Desktop\svap\frontend\node_modules\react-dom\cjs\react-dom.develo
pment.js:9086:5)
          at dispatchEventsForPlugins (C:\Users\zuzan\Desktop\svap\frontend\node_modules\react-dom\cjs\react-dom.de
velopment.js:9097:3)
          at C:\Users\zuzan\Desktop\svap\frontend\node_modules\react-dom\cjs\react-dom.development.js:9288:12
          at batchedUpdates$1 (C:\Users\zuzan\Desktop\svap\frontend\node_modules\react-dom\cjs\react-dom.developmen
t.js:26179:12)
          at batchedUpdates (C:\Users\zuzan\Desktop\svap\frontend\node_modules\react-dom\cjs\react-dom.development.
js:3991:12)
          at dispatchEventForPluginEventSystem (C:\Users\zuzan\Desktop\svap\frontend\node_modules\react-dom\cjs\rea
ct-dom.development.js:9287:3)
          at dispatchEventWithEnableCapturePhaseSelectiveHydrationWithoutDiscreteEventReplay (C:\Users\zuzan\Deskto
p\svap\frontend\node_modules\react-dom\cjs\react-dom.development.js:6465:5)
          at dispatchEvent (C:\Users\zuzan\Desktop\svap\frontend\node_modules\react-dom\cjs\react-dom.development.j
s:6457:5)
          at dispatchDiscreteEvent (C:\Users\zuzan\Desktop\svap\frontend\node_modules\react-dom\cjs\react-dom.devel
opment.js:6430:5)
          at HTMLDivElement.callTheUserObjectsOperation (C:\Users\zuzan\Desktop\svap\frontend\node_modules\jsdom\li
b\jsdom\living\generated\EventListener.js:26:30)
          at innerInvokeEventListeners (C:\Users\zuzan\Desktop\svap\frontend\node_modules\jsdom\lib\jsdom\living\ev
ents\EventTarget-impl.js:350:25)
          at invokeEventListeners (C:\Users\zuzan\Desktop\svap\frontend\node_modules\jsdom\lib\jsdom\living\events\
EventTarget-impl.js:286:3)
          at HTMLFormElementImpl._dispatch (C:\Users\zuzan\Desktop\svap\frontend\node_modules\jsdom\lib\jsdom\livin
g\events\EventTarget-impl.js:233:9)
          at fireAnEvent (C:\Users\zuzan\Desktop\svap\frontend\node_modules\jsdom\lib\jsdom\living\helpers\events.j
s:18:36)
          at HTMLFormElementImpl.requestSubmit (C:\Users\zuzan\Desktop\svap\frontend\node_modules\jsdom\lib\jsdom\l
iving\nodes\HTMLFormElement-impl.js:109:10)
          at HTMLFormElementImpl._doRequestSubmit (C:\Users\zuzan\Desktop\svap\frontend\node_modules\jsdom\lib\jsdo
m\living\nodes\HTMLFormElement-impl.js:79:10)
          at HTMLButtonElementImpl._activationBehavior (C:\Users\zuzan\Desktop\svap\frontend\node_modules\jsdom\lib
\jsdom\living\nodes\HTMLButtonElement-impl.js:23:14)
          at HTMLButtonElementImpl._dispatch (C:\Users\zuzan\Desktop\svap\frontend\node_modules\jsdom\lib\jsdom\liv
ing\events\EventTarget-impl.js:252:26)
          at HTMLButtonElementImpl.dispatchEvent (C:\Users\zuzan\Desktop\svap\frontend\node_modules\jsdom\lib\jsdom
\living\events\EventTarget-impl.js:104:17)
          at HTMLButtonElement.dispatchEvent (C:\Users\zuzan\Desktop\svap\frontend\node_modules\jsdom\lib\jsdom\liv
ing\generated\EventTarget.js:241:34)
          at C:\Users\zuzan\Desktop\svap\frontend\node_modules\@testing-library\react\node_modules\@testing-library
\dom\dist\events.js:19:20
          at C:\Users\zuzan\Desktop\svap\frontend\node_modules\@testing-library\react\dist\pure.js:79:16
          at C:\Users\zuzan\Desktop\svap\frontend\node_modules\@testing-library\react\dist\act-compat.js:64:24
          at act (C:\Users\zuzan\Desktop\svap\frontend\node_modules\react\cjs\react.development.js:2512:16)
          at actWithWarning (C:\Users\zuzan\Desktop\svap\frontend\node_modules\react-dom\cjs\react-dom-test-utils.d
evelopment.js:1740:10)
          at C:\Users\zuzan\Desktop\svap\frontend\node_modules\@testing-library\react\dist\act-compat.js:63:25
          at Object.eventWrapper (C:\Users\zuzan\Desktop\svap\frontend\node_modules\@testing-library\react\dist\pur
e.js:78:28)
          at fireEvent (C:\Users\zuzan\Desktop\svap\frontend\node_modules\@testing-library\react\node_modules\@test
ing-library\dom\dist\events.js:12:35)
          at Function.fireEvent.<computed> [as click] (C:\Users\zuzan\Desktop\svap\frontend\node_modules\@testing-l
ibrary\react\node_modules\@testing-library\dom\dist\events.js:110:36)
          at Function.fireEvent.<computed> [as click] (C:\Users\zuzan\Desktop\svap\frontend\node_modules\@testing-l
ibrary\react\dist\fire-event.js:18:52)
          at Object.click (C:\Users\zuzan\Desktop\svap\frontend\src\components\__tests__\RegisterForm.test.tsx:386:
15)
          at Promise.then.completed (C:\Users\zuzan\Desktop\svap\frontend\node_modules\jest-circus\build\utils.js:2
98:28)
          at new Promise (<anonymous>)
          at callAsyncCircusFn (C:\Users\zuzan\Desktop\svap\frontend\node_modules\jest-circus\build\utils.js:231:10
)
          at _callCircusTest (C:\Users\zuzan\Desktop\svap\frontend\node_modules\jest-circus\build\run.js:316:40)
          at _runTest (C:\Users\zuzan\Desktop\svap\frontend\node_modules\jest-circus\build\run.js:252:3)
          at _runTestsForDescribeBlock (C:\Users\zuzan\Desktop\svap\frontend\node_modules\jest-circus\build\run.js:
126:9)
          at _runTestsForDescribeBlock (C:\Users\zuzan\Desktop\svap\frontend\node_modules\jest-circus\build\run.js:
121:9)
          at run (C:\Users\zuzan\Desktop\svap\frontend\node_modules\jest-circus\build\run.js:71:3)
          at runAndTransformResultsToJestFormat (C:\Users\zuzan\Desktop\svap\frontend\node_modules\jest-circus\buil
d\legacy-code-todo-rewrite\jestAdapterInit.js:122:21)
          at jestAdapter (C:\Users\zuzan\Desktop\svap\frontend\node_modules\jest-circus\build\legacy-code-todo-rewr
ite\jestAdapter.js:79:19)
          at runTestInternal (C:\Users\zuzan\Desktop\svap\frontend\node_modules\jest-runner\build\runTest.js:367:16
)
          at runTest (C:\Users\zuzan\Desktop\svap\frontend\node_modules\jest-runner\build\runTest.js:444:34)
          at Object.worker (C:\Users\zuzan\Desktop\svap\frontend\node_modules\jest-runner\build\testWorker.js:106:1
2)

    [0m [90m 311 |[39m           captchaToken [33m=[39m [36mawait[39m executeRecaptcha([32m'register'[39m)
[33m;[39m
     [90m 312 |[39m         } [36mcatch[39m (captchaError) {
    [31m[1m>[22m[39m[90m 313 |[39m           console[33m.[39merror([32m'reCAPTCHA error:'[39m[33m,[39m 
captchaError)[33m;[39m
     [90m     |[39m                   [31m[1m^[22m[39m
     [90m 314 |[39m           setErrors({ general[33m:[39m [32m'Chyba pri overovan├¡ reCAPTCHA. Sk├║ste to zno
va.'[39m })[33m;[39m
     [90m 315 |[39m           setIsLoading([36mfalse[39m)[33m;[39m
     [90m 316 |[39m           [36mreturn[39m[33m;[39m[0m

      at error (src/components/RegisterForm.tsx:313:19)
      at HTMLUnknownElement.callCallback (node_modules/react-dom/cjs/react-dom.development.js:4164:14)
      at HTMLUnknownElement.callTheUserObjectsOperation (node_modules/jsdom/lib/jsdom/living/generated/EventListene
r.js:26:30)
      at innerInvokeEventListeners (node_modules/jsdom/lib/jsdom/living/events/EventTarget-impl.js:350:25)
      at invokeEventListeners (node_modules/jsdom/lib/jsdom/living/events/EventTarget-impl.js:286:3)
      at HTMLUnknownElementImpl._dispatch (node_modules/jsdom/lib/jsdom/living/events/EventTarget-impl.js:233:9)
      at HTMLUnknownElementImpl.dispatchEvent (node_modules/jsdom/lib/jsdom/living/events/EventTarget-impl.js:104:1
7)
      at HTMLUnknownElement.dispatchEvent (node_modules/jsdom/lib/jsdom/living/generated/EventTarget.js:241:34)
      at Object.invokeGuardedCallbackDev (node_modules/react-dom/cjs/react-dom.development.js:4213:16)
      at invokeGuardedCallback (node_modules/react-dom/cjs/react-dom.development.js:4277:31)
      at invokeGuardedCallbackAndCatchFirstError (node_modules/react-dom/cjs/react-dom.development.js:4291:25)
      at executeDispatch (node_modules/react-dom/cjs/react-dom.development.js:9041:3)
      at processDispatchQueueItemsInOrder (node_modules/react-dom/cjs/react-dom.development.js:9073:7)
      at processDispatchQueue (node_modules/react-dom/cjs/react-dom.development.js:9086:5)
      at dispatchEventsForPlugins (node_modules/react-dom/cjs/react-dom.development.js:9097:3)
      at node_modules/react-dom/cjs/react-dom.development.js:9288:12
      at batchedUpdates$1 (node_modules/react-dom/cjs/react-dom.development.js:26179:12)
      at batchedUpdates (node_modules/react-dom/cjs/react-dom.development.js:3991:12)
      at dispatchEventForPluginEventSystem (node_modules/react-dom/cjs/react-dom.development.js:9287:3)
      at dispatchEventWithEnableCapturePhaseSelectiveHydrationWithoutDiscreteEventReplay (node_modules/react-dom/cj
s/react-dom.development.js:6465:5)
      at dispatchEvent (node_modules/react-dom/cjs/react-dom.development.js:6457:5)
      at dispatchDiscreteEvent (node_modules/react-dom/cjs/react-dom.development.js:6430:5)
      at HTMLDivElement.callTheUserObjectsOperation (node_modules/jsdom/lib/jsdom/living/generated/EventListener.js
:26:30)
      at innerInvokeEventListeners (node_modules/jsdom/lib/jsdom/living/events/EventTarget-impl.js:350:25)
      at invokeEventListeners (node_modules/jsdom/lib/jsdom/living/events/EventTarget-impl.js:286:3)
      at HTMLFormElementImpl._dispatch (node_modules/jsdom/lib/jsdom/living/events/EventTarget-impl.js:233:9)
      at fireAnEvent (node_modules/jsdom/lib/jsdom/living/helpers/events.js:18:36)
      at HTMLFormElementImpl.requestSubmit (node_modules/jsdom/lib/jsdom/living/nodes/HTMLFormElement-impl.js:109:1
0)
      at HTMLFormElementImpl._doRequestSubmit (node_modules/jsdom/lib/jsdom/living/nodes/HTMLFormElement-impl.js:79
:10)
      at HTMLButtonElementImpl._activationBehavior (node_modules/jsdom/lib/jsdom/living/nodes/HTMLButtonElement-imp
l.js:23:14)
      at HTMLButtonElementImpl._dispatch (node_modules/jsdom/lib/jsdom/living/events/EventTarget-impl.js:252:26)
      at HTMLButtonElementImpl.dispatchEvent (node_modules/jsdom/lib/jsdom/living/events/EventTarget-impl.js:104:17
)
      at HTMLButtonElement.dispatchEvent (node_modules/jsdom/lib/jsdom/living/generated/EventTarget.js:241:34)
      at node_modules/@testing-library/react/node_modules/@testing-library/dom/dist/events.js:19:20
      at node_modules/@testing-library/react/dist/pure.js:79:16
      at node_modules/@testing-library/react/dist/act-compat.js:64:24
      at act (node_modules/react/cjs/react.development.js:2512:16)
      at actWithWarning (node_modules/react-dom/cjs/react-dom-test-utils.development.js:1740:10)
      at node_modules/@testing-library/react/dist/act-compat.js:63:25
      at Object.eventWrapper (node_modules/@testing-library/react/dist/pure.js:78:28)
      at fireEvent (node_modules/@testing-library/react/node_modules/@testing-library/dom/dist/events.js:12:35)
      at Function.fireEvent.<computed> [as click] (node_modules/@testing-library/react/node_modules/@testing-librar
y/dom/dist/events.js:110:36)
      at Function.fireEvent.<computed> [as click] (node_modules/@testing-library/react/dist/fire-event.js:18:52)
      at Object.click (src/components/__tests__/RegisterForm.test.tsx:386:15)

    console.error
      Error: Cross origin http://localhost forbidden
          at dispatchError (C:\Users\zuzan\Desktop\svap\frontend\node_modules\jsdom\lib\jsdom\living\xhr\xhr-utils.
js:63:19)
          at Object.validCORSHeaders (C:\Users\zuzan\Desktop\svap\frontend\node_modules\jsdom\lib\jsdom\living\xhr\
xhr-utils.js:75:5)
          at receiveResponse (C:\Users\zuzan\Desktop\svap\frontend\node_modules\jsdom\lib\jsdom\living\xhr\XMLHttpR
equest-impl.js:794:19)
          at Request.<anonymous> (C:\Users\zuzan\Desktop\svap\frontend\node_modules\jsdom\lib\jsdom\living\xhr\XMLH
ttpRequest-impl.js:658:43)
          at Request.emit (node:events:518:28)
          at Request._processResponse (C:\Users\zuzan\Desktop\svap\frontend\node_modules\jsdom\lib\jsdom\living\hel
pers\http-request.js:228:12)
          at ClientRequest.<anonymous> (C:\Users\zuzan\Desktop\svap\frontend\node_modules\jsdom\lib\jsdom\living\he
lpers\http-request.js:101:12)
          at Object.onceWrapper (node:events:633:26)
          at ClientRequest.emit (node:events:518:28)
          at HTTPParser.parserOnIncomingClient [as onIncoming] (node:_http_client:716:27)
          at HTTPParser.parserOnHeadersComplete (node:_http_common:117:17)
          at Socket.socketOnData (node:_http_client:558:22)
          at Socket.emit (node:events:518:28)
          at addChunk (node:internal/streams/readable:561:12)
          at readableAddChunkPushByteMode (node:internal/streams/readable:512:3)
          at Socket.Readable.push (node:internal/streams/readable:392:5)
          at TCP.onStreamRead (node:internal/stream_base_commons:189:23) {
        type: 'XMLHttpRequest'
      }

      at VirtualConsole.<anonymous> (node_modules/jest-environment-jsdom/build/index.js:63:23)
      at dispatchError (node_modules/jsdom/lib/jsdom/living/xhr/xhr-utils.js:66:53)
      at Object.validCORSHeaders (node_modules/jsdom/lib/jsdom/living/xhr/xhr-utils.js:75:5)
      at receiveResponse (node_modules/jsdom/lib/jsdom/living/xhr/XMLHttpRequest-impl.js:794:19)
      at Request.<anonymous> (node_modules/jsdom/lib/jsdom/living/xhr/XMLHttpRequest-impl.js:658:43)
      at Request._processResponse (node_modules/jsdom/lib/jsdom/living/helpers/http-request.js:228:12)
      at ClientRequest.<anonymous> (node_modules/jsdom/lib/jsdom/living/helpers/http-request.js:101:12)

    console.error
      Chyba pri z├¡skavan├¡ CSRF tokenu: AxiosError {
        message: 'Network Error',
        name: 'AxiosError',
        code: 'ERR_NETWORK',
        config: {
          transitional: {
            silentJSONParsing: true,
            forcedJSONParsing: true,
            clarifyTimeoutError: false
          },
          adapter: [ 'xhr', 'http', 'fetch' ],
          transformRequest: [ [Function: transformRequest] ],
          transformResponse: [ [Function: transformResponse] ],
          timeout: 0,
          xsrfCookieName: 'XSRF-TOKEN',
          xsrfHeaderName: 'X-XSRF-TOKEN',
          maxContentLength: -1,
          maxBodyLength: -1,
          env: { FormData: [class FormData], Blob: [class Blob] },
          validateStatus: [Function: validateStatus],
          headers: Object [AxiosHeaders] {
            Accept: 'application/json, text/plain, */*',
            'Content-Type': undefined
          },
          withCredentials: true,
          method: 'get',
          url: 'http://localhost:8000/api/auth/csrf-token/',
          allowAbsoluteUrls: true,
          data: undefined
        },
        request: XMLHttpRequest {},
        event: ProgressEvent { isTrusted: [Getter] }
      }

    [0m [90m 47 |[39m     [90m// CSRF token je teraz ulo┼╛en├╜ v cookies automaticky Django backendom[39m
     [90m 48 |[39m   } [36mcatch[39m (error) {
    [31m[1m>[22m[39m[90m 49 |[39m     console[33m.[39merror([32m'Chyba pri z├¡skavan├¡ CSRF tokenu:'[39m
[33m,[39m error)[33m;[39m
     [90m    |[39m             [31m[1m^[22m[39m
     [90m 50 |[39m   }
     [90m 51 |[39m }[33m;[39m
     [90m 52 |[39m[0m

      at error (src/utils/csrf.ts:49:13)

  ΓùÅ RegisterForm ΓÇ║ handles successful registration

    expect(jest.fn()).toHaveBeenCalledWith(...expected)

    Expected: "/auth/register/", ObjectContaining {"birth_day": "15", "birth_month": "06", "birth_year": "1990", "e
mail": "test@example.com", "gender": "male", "password": "password123", "user_type": "individual", "username": "tes
tuser"}

    Number of calls: 0

    Ignored nodes: comments, script, style
    [36m<html>[39m
      [36m<head />[39m
      [36m<body>[39m
        [36m<div>[39m
          [36m<div[39m
            [33mclass[39m=[32m"min-h-screen flex flex-col relative"[39m
          [36m>[39m
            [36m<div[39m
              [33mclass[39m=[32m"flex-1 flex items-center justify-center p-4 relative z-10"[39m
            [36m>[39m
              [36m<div[39m
                [33manimate[39m=[32m"[object Object]"[39m
                [33mclass[39m=[32m"bg-white rounded-2xl shadow-xl border border-gray-200"[39m
                [33minitial[39m=[32m"[object Object]"[39m
                [33mstyle[39m=[32m"width: 100%; max-width: 580px;"[39m
                [33mtransition[39m=[32m"[object Object]"[39m
              [36m>[39m
                [36m<div[39m
                  [33mstyle[39m=[32m"margin: 24px 32px 24px 32px;"[39m
                [36m>[39m
                  [36m<h1[39m
                    [33manimate[39m=[32m"[object Object]"[39m
                    [33mclass[39m=[32m"text-3xl font-medium text-center mb-6 text-black tracking-wider max-lg:te
xt-2xl max-lg:mb-8"[39m
                    [33minitial[39m=[32m"[object Object]"[39m
                    [33mtransition[39m=[32m"[object Object]"[39m
                  [36m>[39m
                    [0mRegistr├ícia[0m
                  [36m</h1>[39m
                  [36m<div[39m
                    [33manimate[39m=[32m"[object Object]"[39m
                    [33mclass[39m=[32m"bg-red-100 border border-red-400 text-red-700 px-4 py-3 rounded mb-6"[39
m
                    [33minitial[39m=[32m"[object Object]"[39m
                    [33mtransition[39m=[32m"[object Object]"[39m
                  [36m>[39m
                    [0mChyba pri overovan├¡ reCAPTCHA. Sk├║ste to znova.[0m
                  [36m</div>[39m
                  [36m<form[39m
                    [33manimate[39m=[32m"[object Object]"[39m
                    [33mclass[39m=[32m"space-y-4 max-lg:space-y-4"[39m
                    [33minitial[39m=[32m"[object Object]"[39m
                    [33mtransition[39m=[32m"[object Object]"[39m
                  [36m>[39m
                    [36m<div>[39m
                      [36m<label[39m
                        [33mclass[39m=[32m"block text-base font-normal text-gray-600 mb-1.5 max-lg:text-base max
-lg:mb-1"[39m
                      [36m>[39m
                        [0mTyp ├║─ìtu[0m
                      [36m</label>[39m
                      [36m<select[39m
                        [33maria-describedby[39m=[32m"user-type-help"[39m
                        [33maria-label[39m=[32m"Vyberte typ ├║─ìtu"[39m
                        [33maria-required[39m=[32m"true"[39m
                        [33mclass[39m=[32m"w-full px-16 py-12 text-xl border border-gray-300 rounded-lg focus:ri
ng-2 focus:ring-purple-500 focus:border-transparent outline-none transition-all max-lg:px-4 max-lg:py-3 max-lg:text
-base"[39m
                        [33mid[39m=[32m"user_type"[39m
                        [33mname[39m=[32m"user_type"[39m
                        [33mstyle[39m=[32m"padding: 16px 12px 16px 12px;"[39m
                        [33mtabindex[39m=[32m"1"[39m
                      [36m>[39m
                        [36m<option[39m
                          [33mvalue[39m=[32m"individual"[39m
                        [36m>[39m
                          [0mOsoba[0m
                        [36m</option>[39m
                        [36m<option[39m
                          [33mvalue[39m=[32m"company"[39m
                        [36m>[39m
                          [0mFirma[0m
                        [36m</option>[39m
                      [36m</select>[39m
                      [36m<div[39m
                        [33mclass[39m=[32m"sr-only"[39m
                        [33mid[39m=[32m"user-type-help"[39m
                      [36m>[39m
                        [0mVyberte, ─ìi sa registrujete ako osoba alebo firma[0m
                      [36m</div>[39m
                    [36m</div>[39m
                    [36m<div[39m
                      [33mstyle[39m=[32m"margin-top: 12px;"[39m
                    [36m/>[39m
                    [36m<div[39m
                      [33mclass[39m=[32m"grid grid-cols-1 md:grid-cols-2 gap-4"[39m
                    [36m>[39m
                      [36m<div>[39m
                        [36m<label[39m
                          [33mclass[39m=[32m"block text-base font-normal text-gray-600 mb-1.5 max-lg:text-base m
ax-lg:mb-1"[39m
                          [33mfor[39m=[32m"username"[39m
                        [36m>[39m
                          [0mPou┼╛├¡vate─╛sk├⌐ meno *[0m
                        [36m</label>[39m
                        [36m<input[39m
                          [33maria-describedby[39m=[32m"username-help"[39m
                          [33maria-invalid[39m=[32m"false"[39m
                          [33maria-label[39m=[32m"Zadajte svoje pou┼╛├¡vate─╛sk├⌐ meno"[39m
                          [33maria-required[39m=[32m"true"[39m
                          [33mautocomplete[39m=[32m"username"[39m
                          [33mclass[39m=[32m"w-full px-16 py-12 text-xl border rounded-lg focus:ring-2 focus:rin
g-purple-500 focus:border-transparent outline-none transition-all max-lg:px-4 max-lg:py-3 max-lg:text-base border-g
ray-300"[39m
                          [33mid[39m=[32m"username"[39m
                          [33mname[39m=[32m"username"[39m
                          [33mplaceholder[39m=[32m"Pou┼╛├¡vate─╛sk├⌐ meno"[39m
                          [33mstyle[39m=[32m"padding: 16px 12px 16px 12px;"[39m
                          [33mtabindex[39m=[32m"2"[39m
                          [33mtype[39m=[32m"text"[39m
                          [33mvalue[39m=[32m"testuser"[39m
                        [36m/>[39m
                        [36m<div[39m
                          [33mclass[39m=[32m"sr-only"[39m
                          [33mid[39m=[32m"username-help"[39m
                        [36m>[39m
                          [0mZadajte jedine─ìn├⌐ pou┼╛├¡vate─╛sk├⌐ meno pre v├í┼í ├║─ìet[0m
                        [36m</div>[39m
                      [36m</div>[39m
                      [36m<div>[39m
                        [36m<label[39m
                          [33mclass[39m=[32m"block text-base font-normal text-gray-600 mb-1.5 max-lg:text-base m
ax-lg:mb-1"[39m
                          [33mfor[39m=[32m"email"[39m
                        [36m>[39m
                          [0mEmail *[0m
                        [36m</label>[39m
                        [36m<input[39m
                          [33maria-describedby[39m=[32m"email-help"[39m
                          [33maria-invalid[39m=[32m"false"[39m
                          [33maria-label[39m=[32m"Zadajte svoju emailov├║ adresu"[39m
                          [33maria-required[39m=[32m"true"[39m
                          [33mautocomplete[39m=[32m"email"[39m
                          [33mclass[39m=[32m"w-full px-16 py-12 text-xl border rounded-lg focus:ring-2 focus:rin
g-purple-500 focus:border-transparent outline-none transition-all max-lg:px-4 max-lg:py-3 max-lg:text-base border-g
ray-300"[39m
                          [33mid[39m=[32m"email"...

    [0m [90m 209 |[39m     
     [90m 210 |[39m     [36mawait[39m waitFor(() [33m=>[39m {
    [31m[1m>[22m[39m[90m 211 |[39m       expect(mockApiPost)[33m.[39mtoHaveBeenCalledWith([32m'/auth/regis
ter/'[39m[33m,[39m expect[33m.[39mobjectContaining({
     [90m     |[39m                           [31m[1m^[22m[39m
     [90m 212 |[39m         username[33m:[39m [32m'testuser'[39m[33m,[39m
     [90m 213 |[39m         email[33m:[39m [32m'test@example.com'[39m[33m,[39m
     [90m 214 |[39m         password[33m:[39m [32m'password123'[39m[33m,[39m[0m

      at toHaveBeenCalledWith (src/components/__tests__/RegisterForm.test.tsx:211:27)
      at runWithExpensiveErrorDiagnosticsDisabled (node_modules/@testing-library/react/node_modules/@testing-librar
y/dom/dist/config.js:47:12)
      at checkCallback (node_modules/@testing-library/react/node_modules/@testing-library/dom/dist/wait-for.js:127:
77)
      at checkRealTimersCallback (node_modules/@testing-library/react/node_modules/@testing-library/dom/dist/wait-f
or.js:121:16)
      at Timeout.task [as _onTimeout] (node_modules/jsdom/lib/jsdom/browser/Window.js:520:19)

  ΓùÅ RegisterForm ΓÇ║ handles registration error

    Unable to find an element with the text: Email u┼╛ existuje. This could be because the text is broken up by mul
tiple elements. In this case, you can provide a function for your text matcher to make your matcher more flexible.

    Ignored nodes: comments, script, style
    [36m<body>[39m
      [36m<div>[39m
        [36m<div[39m
          [33mclass[39m=[32m"min-h-screen flex flex-col relative"[39m
        [36m>[39m
          [36m<div[39m
            [33mclass[39m=[32m"flex-1 flex items-center justify-center p-4 relative z-10"[39m
          [36m>[39m
            [36m<div[39m
              [33manimate[39m=[32m"[object Object]"[39m
              [33mclass[39m=[32m"bg-white rounded-2xl shadow-xl border border-gray-200"[39m
              [33minitial[39m=[32m"[object Object]"[39m
              [33mstyle[39m=[32m"width: 100%; max-width: 580px;"[39m
              [33mtransition[39m=[32m"[object Object]"[39m
            [36m>[39m
              [36m<div[39m
                [33mstyle[39m=[32m"margin: 24px 32px 24px 32px;"[39m
              [36m>[39m
                [36m<h1[39m
                  [33manimate[39m=[32m"[object Object]"[39m
                  [33mclass[39m=[32m"text-3xl font-medium text-center mb-6 text-black tracking-wider max-lg:text
-2xl max-lg:mb-8"[39m
                  [33minitial[39m=[32m"[object Object]"[39m
                  [33mtransition[39m=[32m"[object Object]"[39m
                [36m>[39m
                  [0mRegistr├ícia[0m
                [36m</h1>[39m
                [36m<div[39m
                  [33manimate[39m=[32m"[object Object]"[39m
                  [33mclass[39m=[32m"bg-red-100 border border-red-400 text-red-700 px-4 py-3 rounded mb-6"[39m
                  [33minitial[39m=[32m"[object Object]"[39m
                  [33mtransition[39m=[32m"[object Object]"[39m
                [36m>[39m
                  [0mChyba pri overovan├¡ reCAPTCHA. Sk├║ste to znova.[0m
                [36m</div>[39m
                [36m<form[39m
                  [33manimate[39m=[32m"[object Object]"[39m
                  [33mclass[39m=[32m"space-y-4 max-lg:space-y-4"[39m
                  [33minitial[39m=[32m"[object Object]"[39m
                  [33mtransition[39m=[32m"[object Object]"[39m
                [36m>[39m
                  [36m<div>[39m
                    [36m<label[39m
                      [33mclass[39m=[32m"block text-base font-normal text-gray-600 mb-1.5 max-lg:text-base max-l
g:mb-1"[39m
                    [36m>[39m
                      [0mTyp ├║─ìtu[0m
                    [36m</label>[39m
                    [36m<select[39m
                      [33maria-describedby[39m=[32m"user-type-help"[39m
                      [33maria-label[39m=[32m"Vyberte typ ├║─ìtu"[39m
                      [33maria-required[39m=[32m"true"[39m
                      [33mclass[39m=[32m"w-full px-16 py-12 text-xl border border-gray-300 rounded-lg focus:ring
-2 focus:ring-purple-500 focus:border-transparent outline-none transition-all max-lg:px-4 max-lg:py-3 max-lg:text-b
ase"[39m
                      [33mid[39m=[32m"user_type"[39m
                      [33mname[39m=[32m"user_type"[39m
                      [33mstyle[39m=[32m"padding: 16px 12px 16px 12px;"[39m
                      [33mtabindex[39m=[32m"1"[39m
                    [36m>[39m
                      [36m<option[39m
                        [33mvalue[39m=[32m"individual"[39m
                      [36m>[39m
                        [0mOsoba[0m
                      [36m</option>[39m
                      [36m<option[39m
                        [33mvalue[39m=[32m"company"[39m
                      [36m>[39m
                        [0mFirma[0m
                      [36m</option>[39m
                    [36m</select>[39m
                    [36m<div[39m
                      [33mclass[39m=[32m"sr-only"[39m
                      [33mid[39m=[32m"user-type-help"[39m
                    [36m>[39m
                      [0mVyberte, ─ìi sa registrujete ako osoba alebo firma[0m
                    [36m</div>[39m
                  [36m</div>[39m
                  [36m<div[39m
                    [33mstyle[39m=[32m"margin-top: 12px;"[39m
                  [36m/>[39m
                  [36m<div[39m
                    [33mclass[39m=[32m"grid grid-cols-1 md:grid-cols-2 gap-4"[39m
                  [36m>[39m
                    [36m<div>[39m
                      [36m<label[39m
                        [33mclass[39m=[32m"block text-base font-normal text-gray-600 mb-1.5 max-lg:text-base max
-lg:mb-1"[39m
                        [33mfor[39m=[32m"username"[39m
                      [36m>[39m
                        [0mPou┼╛├¡vate─╛sk├⌐ meno *[0m
                      [36m</label>[39m
                      [36m<input[39m
                        [33maria-describedby[39m=[32m"username-help"[39m
                        [33maria-invalid[39m=[32m"false"[39m
                        [33maria-label[39m=[32m"Zadajte svoje pou┼╛├¡vate─╛sk├⌐ meno"[39m
                        [33maria-required[39m=[32m"true"[39m
                        [33mautocomplete[39m=[32m"username"[39m
                        [33mclass[39m=[32m"w-full px-16 py-12 text-xl border rounded-lg focus:ring-2 focus:ring-
purple-500 focus:border-transparent outline-none transition-all max-lg:px-4 max-lg:py-3 max-lg:text-base border-gra
y-300"[39m
                        [33mid[39m=[32m"username"[39m
                        [33mname[39m=[32m"username"[39m
                        [33mplaceholder[39m=[32m"Pou┼╛├¡vate─╛sk├⌐ meno"[39m
                        [33mstyle[39m=[32m"padding: 16px 12px 16px 12px;"[39m
                        [33mtabindex[39m=[32m"2"[39m
                        [33mtype[39m=[32m"text"[39m
                        [33mvalue[39m=[32m"testuser"[39m
                      [36m/>[39m
                      [36m<div[39m
                        [33mclass[39m=[32m"sr-only"[39m
                        [33mid[39m=[32m"username-help"[39m
                      [36m>[39m
                        [0mZadajte jedine─ìn├⌐ pou┼╛├¡vate─╛sk├⌐ meno pre v├í┼í ├║─ìet[0m
                      [36m</div>[39m
                    [36m</div>[39m
                    [36m<div>[39m
                      [36m<label[39m
                        [33mclass[39m=[32m"block text-base font-normal text-gray-600 mb-1.5 max-lg:text-base max
-lg:mb-1"[39m
                        [33mfor[39m=[32m"email"[39m
                      [36m>[39m
                        [0mEmail *[0m
                      [36m</label>[39m
                      [36m<input[39m
                        [33maria-describedby[39m=[32m"email-help"[39m
                        [33maria-invalid[39m=[32m"false"[39m
                        [33maria-label[39m=[32m"Zadajte svoju emailov├║ adresu"[39m
                        [33maria-required[39m=[32m"true"[39m
                        [33mautocomplete[39m=[32m"email"[39m
                        [33mclass[39m=[32m"w-full px-16 py-12 text-xl border rounded-lg focus:ring-2 focus:ring-
purple-500 focus:border-transparent outline-none transition-all max-lg:px-4 max-lg:py-3 max-lg:text-base border-gra
y-300"[39m
                        [33mid[39m=[32m"email"[39m
                        [33mname[39m=[32m"email"[39m
                        [33mplaceholder[39m=[32m"vas@email.sk"[39m
                        [33mstyle[39m=[32m"padding: 16px 12px 16px 12px;"[39m
                        [33mtabindex[39m=[32m"3"[39m
                        [33mtype...

    [0m [90m 270 |[39m     fireEvent[33m.[39mclick(submitButton)[33m;[39m
     [90m 271 |[39m     
    [31m[1m>[22m[39m[90m 272 |[39m     [36mawait[39m waitFor(() [33m=>[39m {
     [90m     |[39m                  [31m[1m^[22m[39m
     [90m 273 |[39m       expect(screen[33m.[39mgetByText([32m'Email u┼╛ existuje'[39m))[33m.[39mtoBeInTheD
ocument()[33m;[39m
     [90m 274 |[39m     })[33m;[39m
     [90m 275 |[39m   })[33m;[39m[0m

      at waitForWrapper (node_modules/@testing-library/react/node_modules/@testing-library/dom/dist/wait-for.js:166
:27)
      at Object.<anonymous> (src/components/__tests__/RegisterForm.test.tsx:272:18)

  ΓùÅ RegisterForm ΓÇ║ shows success message after successful registration

    Unable to find an element with the text: Registr├ícia ├║spe┼ín├í!. This could be because the text is broken up 
by multiple elements. In this case, you can provide a function for your text matcher to make your matcher more flex
ible.

    Ignored nodes: comments, script, style
    [36m<body>[39m
      [36m<div>[39m
        [36m<div[39m
          [33mclass[39m=[32m"min-h-screen flex flex-col relative"[39m
        [36m>[39m
          [36m<div[39m
            [33mclass[39m=[32m"flex-1 flex items-center justify-center p-4 relative z-10"[39m
          [36m>[39m
            [36m<div[39m
              [33manimate[39m=[32m"[object Object]"[39m
              [33mclass[39m=[32m"bg-white rounded-2xl shadow-xl border border-gray-200"[39m
              [33minitial[39m=[32m"[object Object]"[39m
              [33mstyle[39m=[32m"width: 100%; max-width: 580px;"[39m
              [33mtransition[39m=[32m"[object Object]"[39m
            [36m>[39m
              [36m<div[39m
                [33mstyle[39m=[32m"margin: 24px 32px 24px 32px;"[39m
              [36m>[39m
                [36m<h1[39m
                  [33manimate[39m=[32m"[object Object]"[39m
                  [33mclass[39m=[32m"text-3xl font-medium text-center mb-6 text-black tracking-wider max-lg:text
-2xl max-lg:mb-8"[39m
                  [33minitial[39m=[32m"[object Object]"[39m
                  [33mtransition[39m=[32m"[object Object]"[39m
                [36m>[39m
                  [0mRegistr├ícia[0m
                [36m</h1>[39m
                [36m<div[39m
                  [33manimate[39m=[32m"[object Object]"[39m
                  [33mclass[39m=[32m"bg-red-100 border border-red-400 text-red-700 px-4 py-3 rounded mb-6"[39m
                  [33minitial[39m=[32m"[object Object]"[39m
                  [33mtransition[39m=[32m"[object Object]"[39m
                [36m>[39m
                  [0mChyba pri overovan├¡ reCAPTCHA. Sk├║ste to znova.[0m
                [36m</div>[39m
                [36m<form[39m
                  [33manimate[39m=[32m"[object Object]"[39m
                  [33mclass[39m=[32m"space-y-4 max-lg:space-y-4"[39m
                  [33minitial[39m=[32m"[object Object]"[39m
                  [33mtransition[39m=[32m"[object Object]"[39m
                [36m>[39m
                  [36m<div>[39m
                    [36m<label[39m
                      [33mclass[39m=[32m"block text-base font-normal text-gray-600 mb-1.5 max-lg:text-base max-l
g:mb-1"[39m
                    [36m>[39m
                      [0mTyp ├║─ìtu[0m
                    [36m</label>[39m
                    [36m<select[39m
                      [33maria-describedby[39m=[32m"user-type-help"[39m
                      [33maria-label[39m=[32m"Vyberte typ ├║─ìtu"[39m
                      [33maria-required[39m=[32m"true"[39m
                      [33mclass[39m=[32m"w-full px-16 py-12 text-xl border border-gray-300 rounded-lg focus:ring
-2 focus:ring-purple-500 focus:border-transparent outline-none transition-all max-lg:px-4 max-lg:py-3 max-lg:text-b
ase"[39m
                      [33mid[39m=[32m"user_type"[39m
                      [33mname[39m=[32m"user_type"[39m
                      [33mstyle[39m=[32m"padding: 16px 12px 16px 12px;"[39m
                      [33mtabindex[39m=[32m"1"[39m
                    [36m>[39m
                      [36m<option[39m
                        [33mvalue[39m=[32m"individual"[39m
                      [36m>[39m
                        [0mOsoba[0m
                      [36m</option>[39m
                      [36m<option[39m
                        [33mvalue[39m=[32m"company"[39m
                      [36m>[39m
                        [0mFirma[0m
                      [36m</option>[39m
                    [36m</select>[39m
                    [36m<div[39m
                      [33mclass[39m=[32m"sr-only"[39m
                      [33mid[39m=[32m"user-type-help"[39m
                    [36m>[39m
                      [0mVyberte, ─ìi sa registrujete ako osoba alebo firma[0m
                    [36m</div>[39m
                  [36m</div>[39m
                  [36m<div[39m
                    [33mstyle[39m=[32m"margin-top: 12px;"[39m
                  [36m/>[39m
                  [36m<div[39m
                    [33mclass[39m=[32m"grid grid-cols-1 md:grid-cols-2 gap-4"[39m
                  [36m>[39m
                    [36m<div>[39m
                      [36m<label[39m
                        [33mclass[39m=[32m"block text-base font-normal text-gray-600 mb-1.5 max-lg:text-base max
-lg:mb-1"[39m
                        [33mfor[39m=[32m"username"[39m
                      [36m>[39m
                        [0mPou┼╛├¡vate─╛sk├⌐ meno *[0m
                      [36m</label>[39m
                      [36m<input[39m
                        [33maria-describedby[39m=[32m"username-help"[39m
                        [33maria-invalid[39m=[32m"false"[39m
                        [33maria-label[39m=[32m"Zadajte svoje pou┼╛├¡vate─╛sk├⌐ meno"[39m
                        [33maria-required[39m=[32m"true"[39m
                        [33mautocomplete[39m=[32m"username"[39m
                        [33mclass[39m=[32m"w-full px-16 py-12 text-xl border rounded-lg focus:ring-2 focus:ring-
purple-500 focus:border-transparent outline-none transition-all max-lg:px-4 max-lg:py-3 max-lg:text-base border-gra
y-300"[39m
                        [33mid[39m=[32m"username"[39m
                        [33mname[39m=[32m"username"[39m
                        [33mplaceholder[39m=[32m"Pou┼╛├¡vate─╛sk├⌐ meno"[39m
                        [33mstyle[39m=[32m"padding: 16px 12px 16px 12px;"[39m
                        [33mtabindex[39m=[32m"2"[39m
                        [33mtype[39m=[32m"text"[39m
                        [33mvalue[39m=[32m"testuser"[39m
                      [36m/>[39m
                      [36m<div[39m
                        [33mclass[39m=[32m"sr-only"[39m
                        [33mid[39m=[32m"username-help"[39m
                      [36m>[39m
                        [0mZadajte jedine─ìn├⌐ pou┼╛├¡vate─╛sk├⌐ meno pre v├í┼í ├║─ìet[0m
                      [36m</div>[39m
                    [36m</div>[39m
                    [36m<div>[39m
                      [36m<label[39m
                        [33mclass[39m=[32m"block text-base font-normal text-gray-600 mb-1.5 max-lg:text-base max
-lg:mb-1"[39m
                        [33mfor[39m=[32m"email"[39m
                      [36m>[39m
                        [0mEmail *[0m
                      [36m</label>[39m
                      [36m<input[39m
                        [33maria-describedby[39m=[32m"email-help"[39m
                        [33maria-invalid[39m=[32m"false"[39m
                        [33maria-label[39m=[32m"Zadajte svoju emailov├║ adresu"[39m
                        [33maria-required[39m=[32m"true"[39m
                        [33mautocomplete[39m=[32m"email"[39m
                        [33mclass[39m=[32m"w-full px-16 py-12 text-xl border rounded-lg focus:ring-2 focus:ring-
purple-500 focus:border-transparent outline-none transition-all max-lg:px-4 max-lg:py-3 max-lg:text-base border-gra
y-300"[39m
                        [33mid[39m=[32m"email"[39m
                        [33mname[39m=[32m"email"[39m
                        [33mplaceholder[39m=[32m"vas@email.sk"[39m
                        [33mstyle[39m=[32m"padding: 16px 12px 16px 12px;"[39m
                        [33mtabindex[39m=[32m"3"[39m
                        [33mtype...

    [0m [90m 331 |[39m     fireEvent[33m.[39mclick(submitButton)[33m;[39m
     [90m 332 |[39m     
    [31m[1m>[22m[39m[90m 333 |[39m     [36mawait[39m waitFor(() [33m=>[39m {
     [90m     |[39m                  [31m[1m^[22m[39m
     [90m 334 |[39m       expect(screen[33m.[39mgetByText([32m'Registr├ícia ├║spe┼ín├í!'[39m))[33m.[39mtoBe
InTheDocument()[33m;[39m
     [90m 335 |[39m       expect(screen[33m.[39mgetByText([32m'├Üspe┼ín├í registr├ícia!'[39m))[33m.[39mtoBe
InTheDocument()[33m;[39m
     [90m 336 |[39m       expect(screen[33m.[39mgetByText([32m'Skontrolujte si email a potvr─Åte registr├íciu 
kliknut├¡m na odkaz v emaile.'[39m))[33m.[39mtoBeInTheDocument()[33m;[39m[0m

      at waitForWrapper (node_modules/@testing-library/react/node_modules/@testing-library/dom/dist/wait-for.js:166
:27)
      at Object.<anonymous> (src/components/__tests__/RegisterForm.test.tsx:333:18)

  ΓùÅ RegisterForm ΓÇ║ does not redirect after successful registration

    Unable to find an element with the text: Registr├ícia ├║spe┼ín├í!. This could be because the text is broken up 
by multiple elements. In this case, you can provide a function for your text matcher to make your matcher more flex
ible.

    Ignored nodes: comments, script, style
    [36m<body>[39m
      [36m<div>[39m
        [36m<div[39m
          [33mclass[39m=[32m"min-h-screen flex flex-col relative"[39m
        [36m>[39m
          [36m<div[39m
            [33mclass[39m=[32m"flex-1 flex items-center justify-center p-4 relative z-10"[39m
          [36m>[39m
            [36m<div[39m
              [33manimate[39m=[32m"[object Object]"[39m
              [33mclass[39m=[32m"bg-white rounded-2xl shadow-xl border border-gray-200"[39m
              [33minitial[39m=[32m"[object Object]"[39m
              [33mstyle[39m=[32m"width: 100%; max-width: 580px;"[39m
              [33mtransition[39m=[32m"[object Object]"[39m
            [36m>[39m
              [36m<div[39m
                [33mstyle[39m=[32m"margin: 24px 32px 24px 32px;"[39m
              [36m>[39m
                [36m<h1[39m
                  [33manimate[39m=[32m"[object Object]"[39m
                  [33mclass[39m=[32m"text-3xl font-medium text-center mb-6 text-black tracking-wider max-lg:text
-2xl max-lg:mb-8"[39m
                  [33minitial[39m=[32m"[object Object]"[39m
                  [33mtransition[39m=[32m"[object Object]"[39m
                [36m>[39m
                  [0mRegistr├ícia[0m
                [36m</h1>[39m
                [36m<div[39m
                  [33manimate[39m=[32m"[object Object]"[39m
                  [33mclass[39m=[32m"bg-red-100 border border-red-400 text-red-700 px-4 py-3 rounded mb-6"[39m
                  [33minitial[39m=[32m"[object Object]"[39m
                  [33mtransition[39m=[32m"[object Object]"[39m
                [36m>[39m
                  [0mChyba pri overovan├¡ reCAPTCHA. Sk├║ste to znova.[0m
                [36m</div>[39m
                [36m<form[39m
                  [33manimate[39m=[32m"[object Object]"[39m
                  [33mclass[39m=[32m"space-y-4 max-lg:space-y-4"[39m
                  [33minitial[39m=[32m"[object Object]"[39m
                  [33mtransition[39m=[32m"[object Object]"[39m
                [36m>[39m
                  [36m<div>[39m
                    [36m<label[39m
                      [33mclass[39m=[32m"block text-base font-normal text-gray-600 mb-1.5 max-lg:text-base max-l
g:mb-1"[39m
                    [36m>[39m
                      [0mTyp ├║─ìtu[0m
                    [36m</label>[39m
                    [36m<select[39m
                      [33maria-describedby[39m=[32m"user-type-help"[39m
                      [33maria-label[39m=[32m"Vyberte typ ├║─ìtu"[39m
                      [33maria-required[39m=[32m"true"[39m
                      [33mclass[39m=[32m"w-full px-16 py-12 text-xl border border-gray-300 rounded-lg focus:ring
-2 focus:ring-purple-500 focus:border-transparent outline-none transition-all max-lg:px-4 max-lg:py-3 max-lg:text-b
ase"[39m
                      [33mid[39m=[32m"user_type"[39m
                      [33mname[39m=[32m"user_type"[39m
                      [33mstyle[39m=[32m"padding: 16px 12px 16px 12px;"[39m
                      [33mtabindex[39m=[32m"1"[39m
                    [36m>[39m
                      [36m<option[39m
                        [33mvalue[39m=[32m"individual"[39m
                      [36m>[39m
                        [0mOsoba[0m
                      [36m</option>[39m
                      [36m<option[39m
                        [33mvalue[39m=[32m"company"[39m
                      [36m>[39m
                        [0mFirma[0m
                      [36m</option>[39m
                    [36m</select>[39m
                    [36m<div[39m
                      [33mclass[39m=[32m"sr-only"[39m
                      [33mid[39m=[32m"user-type-help"[39m
                    [36m>[39m
                      [0mVyberte, ─ìi sa registrujete ako osoba alebo firma[0m
                    [36m</div>[39m
                  [36m</div>[39m
                  [36m<div[39m
                    [33mstyle[39m=[32m"margin-top: 12px;"[39m
                  [36m/>[39m
                  [36m<div[39m
                    [33mclass[39m=[32m"grid grid-cols-1 md:grid-cols-2 gap-4"[39m
                  [36m>[39m
                    [36m<div>[39m
                      [36m<label[39m
                        [33mclass[39m=[32m"block text-base font-normal text-gray-600 mb-1.5 max-lg:text-base max
-lg:mb-1"[39m
                        [33mfor[39m=[32m"username"[39m
                      [36m>[39m
                        [0mPou┼╛├¡vate─╛sk├⌐ meno *[0m
                      [36m</label>[39m
                      [36m<input[39m
                        [33maria-describedby[39m=[32m"username-help"[39m
                        [33maria-invalid[39m=[32m"false"[39m
                        [33maria-label[39m=[32m"Zadajte svoje pou┼╛├¡vate─╛sk├⌐ meno"[39m
                        [33maria-required[39m=[32m"true"[39m
                        [33mautocomplete[39m=[32m"username"[39m
                        [33mclass[39m=[32m"w-full px-16 py-12 text-xl border rounded-lg focus:ring-2 focus:ring-
purple-500 focus:border-transparent outline-none transition-all max-lg:px-4 max-lg:py-3 max-lg:text-base border-gra
y-300"[39m
                        [33mid[39m=[32m"username"[39m
                        [33mname[39m=[32m"username"[39m
                        [33mplaceholder[39m=[32m"Pou┼╛├¡vate─╛sk├⌐ meno"[39m
                        [33mstyle[39m=[32m"padding: 16px 12px 16px 12px;"[39m
                        [33mtabindex[39m=[32m"2"[39m
                        [33mtype[39m=[32m"text"[39m
                        [33mvalue[39m=[32m"testuser"[39m
                      [36m/>[39m
                      [36m<div[39m
                        [33mclass[39m=[32m"sr-only"[39m
                        [33mid[39m=[32m"username-help"[39m
                      [36m>[39m
                        [0mZadajte jedine─ìn├⌐ pou┼╛├¡vate─╛sk├⌐ meno pre v├í┼í ├║─ìet[0m
                      [36m</div>[39m
                    [36m</div>[39m
                    [36m<div>[39m
                      [36m<label[39m
                        [33mclass[39m=[32m"block text-base font-normal text-gray-600 mb-1.5 max-lg:text-base max
-lg:mb-1"[39m
                        [33mfor[39m=[32m"email"[39m
                      [36m>[39m
                        [0mEmail *[0m
                      [36m</label>[39m
                      [36m<input[39m
                        [33maria-describedby[39m=[32m"email-help"[39m
                        [33maria-invalid[39m=[32m"false"[39m
                        [33maria-label[39m=[32m"Zadajte svoju emailov├║ adresu"[39m
                        [33maria-required[39m=[32m"true"[39m
                        [33mautocomplete[39m=[32m"email"[39m
                        [33mclass[39m=[32m"w-full px-16 py-12 text-xl border rounded-lg focus:ring-2 focus:ring-
purple-500 focus:border-transparent outline-none transition-all max-lg:px-4 max-lg:py-3 max-lg:text-base border-gra
y-300"[39m
                        [33mid[39m=[32m"email"[39m
                        [33mname[39m=[32m"email"[39m
                        [33mplaceholder[39m=[32m"vas@email.sk"[39m
                        [33mstyle[39m=[32m"padding: 16px 12px 16px 12px;"[39m
                        [33mtabindex[39m=[32m"3"[39m
                        [33mtype...

    [0m [90m 386 |[39m     fireEvent[33m.[39mclick(submitButton)[33m;[39m
     [90m 387 |[39m     
    [31m[1m>[22m[39m[90m 388 |[39m     [36mawait[39m waitFor(() [33m=>[39m {
     [90m     |[39m                  [31m[1m^[22m[39m
     [90m 389 |[39m       expect(screen[33m.[39mgetByText([32m'Registr├ícia ├║spe┼ín├í!'[39m))[33m.[39mtoBe
InTheDocument()[33m;[39m
     [90m 390 |[39m     })[33m;[39m
     [90m 391 |[39m[0m

      at waitForWrapper (node_modules/@testing-library/react/node_modules/@testing-library/dom/dist/wait-for.js:166
:27)
      at Object.<anonymous> (src/components/__tests__/RegisterForm.test.tsx:388:18)

Summary of all failing tests
FAIL src/components/dashboard/modules/__tests__/ProfileModule.test.tsx
  ΓùÅ ProfileModule ΓÇ║ handles user with profile picture

    TestingLibraryElementError: Unable to find an element with the alt text: John Doe

    Ignored nodes: comments, script, style
    [36m<body>[39m
      [36m<div>[39m
        [36m<div[39m
          [33mclass[39m=[32m"max-w-2xl mx-auto"[39m
        [36m>[39m
          [36m<div[39m
            [33mclass[39m=[32m"flex items-center gap-6 mb-6"[39m
          [36m>[39m
            [36m<div[39m
              [33mclass[39m=[32m"mb-6 relative inline-block"[39m
            [36m>[39m
              [36m<div[39m
                [33mclass[39m=[32m"w-48 h-48 text-6xl rounded-full mx-auto bg-purple-100 flex items-center justi
fy-center border-4 border-purple-200"[39m
              [36m>[39m
                [36m<span[39m
                  [33mclass[39m=[32m"font-bold text-purple-600"[39m
                [36m>[39m
                  [0mJD[0m
                [36m</span>[39m
              [36m</div>[39m
              [36m<div[39m
                [33mclass[39m=[32m"absolute bottom-0 right-0 z-10"[39m
              [36m>[39m
                [36m<div[39m
                  [33mclass[39m=[32m"relative"[39m
                [36m>[39m
                  [36m<button[39m
                    [33mclass[39m=[32m"bg-purple-600 hover:bg-purple-700 text-white p-2 rounded-full shadow-lg t
ransition-colors disabled:opacity-50 disabled:cursor-not-allowed"[39m
                    [33mtitle[39m=[32m"Prida┼Ñ fotku"[39m
                  [36m>[39m
                    [36m<svg[39m
                      [33maria-hidden[39m=[32m"true"[39m
                      [33mclass[39m=[32m"w-4 h-4"[39m
                      [33mdata-slot[39m=[32m"icon"[39m
                      [33mfill[39m=[32m"none"[39m
                      [33mstroke[39m=[32m"currentColor"[39m
                      [33mstroke-width[39m=[32m"1.5"[39m
                      [33mviewBox[39m=[32m"0 0 24 24"[39m
                      [33mxmlns[39m=[32m"http://www.w3.org/2000/svg"[39m
                    [36m>[39m
                      [36m<path[39m
                        [33md[39m=[32m"M6.827 6.175A2.31 2.31 0 0 1 5.186 7.23c-.38.054-.757.112-1.134.175C2.999
 7.58 2.25 8.507 2.25 9.574V18a2.25 2.25 0 0 0 2.25 2.25h15A2.25 2.25 0 0 0 21.75 18V9.574c0-1.067-.75-1.994-1.802-
2.169a47.865 47.865 0 0 0-1.134-.175 2.31 2.31 0 0 1-1.64-1.055l-.822-1.316a2.192 2.192 0 0 0-1.736-1.039 48.774 48
.774 0 0 0-5.232 0 2.192 2.192 0 0 0-1.736 1.039l-.821 1.316Z"[39m
                        [33mstroke-linecap[39m=[32m"round"[39m
                        [33mstroke-linejoin[39m=[32m"round"[39m
                      [36m/>[39m
                      [36m<path[39m
                        [33md[39m=[32m"M16.5 12.75a4.5 4.5 0 1 1-9 0 4.5 4.5 0 0 1 9 0ZM18.75 10.5h.008v.008h-.0
08V10.5Z"[39m
                        [33mstroke-linecap[39m=[32m"round"[39m
                        [33mstroke-linejoin[39m=[32m"round"[39m
                      [36m/>[39m
                    [36m</svg>[39m
                  [36m</button>[39m
                  [36m<input[39m
                    [33maccept[39m=[32m"image/*"[39m
                    [33mclass[39m=[32m"hidden"[39m
                    [33mtype[39m=[32m"file"[39m
                  [36m/>[39m
                [36m</div>[39m
              [36m</div>[39m
            [36m</div>[39m
            [36m<button[39m
              [33mclass[39m=[32m"px-12 py-2 bg-purple-100 text-purple-800 border border-purple-200 rounded-lg tr
ansition-colors hover:bg-purple-200"[39m
            [36m>[39m
              [0mUpravi┼Ñ profil[0m
            [36m</button>[39m
            [36m<button[39m
              [33mclass[39m=[32m"px-12 py-2 bg-purple-100 text-purple-800 border border-purple-200 rounded-lg tr
ansition-colors hover:bg-purple-200"[39m
            [36m>[39m
              [0mZru─ìnosti[0m
            [36m</button>[39m
          [36m</div>[39m
          [36m<div[39m
            [33mclass[39m=[32m"text-center"[39m
          [36m/>[39m
        [36m</div>[39m
      [36m</div>[39m
    [36m</body>[39m

    [0m [90m 42 |[39m     
     [90m 43 |[39m     render([33m<[39m[33mProfileModule[39m user[33m=[39m{userWithPicture} [33m/[39m[33
m>[39m)[33m;[39m
    [31m[1m>[22m[39m[90m 44 |[39m     [36mconst[39m img [33m=[39m screen[33m.[39mgetByAltText([32m'Joh
n Doe'[39m)[33m;[39m
     [90m    |[39m                        [31m[1m^[22m[39m
     [90m 45 |[39m     expect(img)[33m.[39mtoBeInTheDocument()[33m;[39m
     [90m 46 |[39m   })[33m;[39m
     [90m 47 |[39m[0m

      at Object.getElementError (node_modules/@testing-library/react/node_modules/@testing-library/dom/dist/config.
js:37:19)
      at node_modules/@testing-library/react/node_modules/@testing-library/dom/dist/query-helpers.js:76:38
      at node_modules/@testing-library/react/node_modules/@testing-library/dom/dist/query-helpers.js:52:17
      at node_modules/@testing-library/react/node_modules/@testing-library/dom/dist/query-helpers.js:95:19
      at Object.getByAltText (src/components/dashboard/modules/__tests__/ProfileModule.test.tsx:44:24)

FAIL src/components/dashboard/__tests__/SearchModule.test.tsx
  ΓùÅ SearchModule ΓÇ║ renders search header

    TestingLibraryElementError: Unable to find an element with the text: Vyh─╛ad├ívanie zru─ìnost├¡. This could be 
because the text is broken up by multiple elements. In this case, you can provide a function for your text matcher 
to make your matcher more flexible.

    Ignored nodes: comments, script, style
    [36m<body>[39m
      [36m<div>[39m
        [36m<div[39m
          [33mclass[39m=[32m"max-w-4xl mx-auto"[39m
        [36m>[39m
          [36m<div[39m
            [33mclass[39m=[32m"bg-white rounded-xl shadow-sm border border-gray-200 p-6 mb-6"[39m
          [36m>[39m
            [36m<h2[39m
              [33mclass[39m=[32m"text-2xl font-bold text-gray-900 mb-6"[39m
            [36m>[39m
              [0mVyh─╛ad├ívanie[0m
            [36m</h2>[39m
            [36m<div[39m
              [33mclass[39m=[32m"relative"[39m
            [36m>[39m
              [36m<div[39m
                [33mclass[39m=[32m"absolute inset-y-0 left-0 pl-3 flex items-center pointer-events-none"[39m
              [36m>[39m
                [36m<svg[39m
                  [33maria-hidden[39m=[32m"true"[39m
                  [33mclass[39m=[32m"h-5 w-5 text-gray-400"[39m
                  [33mdata-slot[39m=[32m"icon"[39m
                  [33mfill[39m=[32m"none"[39m
                  [33mstroke[39m=[32m"currentColor"[39m
                  [33mstroke-width[39m=[32m"1.5"[39m
                  [33mviewBox[39m=[32m"0 0 24 24"[39m
                  [33mxmlns[39m=[32m"http://www.w3.org/2000/svg"[39m
                [36m>[39m
                  [36m<path[39m
                    [33md[39m=[32m"m21 21-5.197-5.197m0 0A7.5 7.5 0 1 0 5.196 5.196a7.5 7.5 0 0 0 10.607 10.607Z
"[39m
                    [33mstroke-linecap[39m=[32m"round"[39m
                    [33mstroke-linejoin[39m=[32m"round"[39m
                  [36m/>[39m
                [36m</svg>[39m
              [36m</div>[39m
              [36m<input[39m
                [33mclass[39m=[32m"block w-full pl-10 pr-3 py-3 border border-gray-300 rounded-lg focus:ring-2 f
ocus:ring-purple-500 focus:border-transparent"[39m
                [33mplaceholder[39m=[32m"H─╛ada┼Ñ pou┼╛├¡vate─╛ov, zru─ìnosti..."[39m
                [33mtype[39m=[32m"text"[39m
                [33mvalue[39m=[32m""[39m
              [36m/>[39m
            [36m</div>[39m
          [36m</div>[39m
          [36m<div[39m
            [33mclass[39m=[32m"text-center py-12"[39m
          [36m>[39m
            [36m<svg[39m
              [33maria-hidden[39m=[32m"true"[39m
              [33mclass[39m=[32m"w-16 h-16 text-gray-300 mx-auto mb-4"[39m
              [33mdata-slot[39m=[32m"icon"[39m
              [33mfill[39m=[32m"none"[39m
              [33mstroke[39m=[32m"currentColor"[39m
              [33mstroke-width[39m=[32m"1.5"[39m
              [33mviewBox[39m=[32m"0 0 24 24"[39m
              [33mxmlns[39m=[32m"http://www.w3.org/2000/svg"[39m
            [36m>[39m
              [36m<path[39m
                [33md[39m=[32m"m21 21-5.197-5.197m0 0A7.5 7.5 0 1 0 5.196 5.196a7.5 7.5 0 0 0 10.607 10.607Z"[3
9m
                [33mstroke-linecap[39m=[32m"round"[39m
                [33mstroke-linejoin[39m=[32m"round"[39m
              [36m/>[39m
            [36m</svg>[39m
            [36m<h3[39m
              [33mclass[39m=[32m"text-lg font-medium text-gray-900 mb-2"[39m
            [36m>[39m
              [0mZa─ìnite vyh─╛ad├íva┼Ñ[0m
            [36m</h3>[39m
            [36m<p[39m
              [33mclass[39m=[32m"text-gray-500"[39m
            [36m>[39m
              [0mN├íjdite pou┼╛├¡vate─╛ov so zru─ìnos┼Ñami, ktor├⌐ potrebujete[0m
            [36m</p>[39m
          [36m</div>[39m
        [36m</div>[39m
      [36m</div>[39m
    [36m</body>[39m

    [0m [90m 14 |[39m     render([33m<[39m[33mSearchModule[39m [33m/[39m[33m>[39m)[33m;[39m
     [90m 15 |[39m     
    [31m[1m>[22m[39m[90m 16 |[39m     expect(screen[33m.[39mgetByText([32m'Vyh─╛ad├ívanie zru─ìnost├¡'[39
m))[33m.[39mtoBeInTheDocument()[33m;[39m
     [90m    |[39m                   [31m[1m^[22m[39m
     [90m 17 |[39m   })[33m;[39m
     [90m 18 |[39m
     [90m 19 |[39m   it([32m'renders search input with placeholder'[39m[33m,[39m () [33m=>[39m {[0m

      at Object.getElementError (node_modules/@testing-library/react/node_modules/@testing-library/dom/dist/config.
js:37:19)
      at node_modules/@testing-library/react/node_modules/@testing-library/dom/dist/query-helpers.js:76:38
      at node_modules/@testing-library/react/node_modules/@testing-library/dom/dist/query-helpers.js:52:17
      at node_modules/@testing-library/react/node_modules/@testing-library/dom/dist/query-helpers.js:95:19
      at Object.getByText (src/components/dashboard/__tests__/SearchModule.test.tsx:16:19)

  ΓùÅ SearchModule ΓÇ║ renders search input with placeholder

    TestingLibraryElementError: Unable to find an element with the placeholder text of: H─╛ada┼Ñ zru─ìnosti, pou┼╛├
¡vate─╛ov alebo kateg├│rie...

    Ignored nodes: comments, script, style
    [36m<body>[39m
      [36m<div>[39m
        [36m<div[39m
          [33mclass[39m=[32m"max-w-4xl mx-auto"[39m
        [36m>[39m
          [36m<div[39m
            [33mclass[39m=[32m"bg-white rounded-xl shadow-sm border border-gray-200 p-6 mb-6"[39m
          [36m>[39m
            [36m<h2[39m
              [33mclass[39m=[32m"text-2xl font-bold text-gray-900 mb-6"[39m
            [36m>[39m
              [0mVyh─╛ad├ívanie[0m
            [36m</h2>[39m
            [36m<div[39m
              [33mclass[39m=[32m"relative"[39m
            [36m>[39m
              [36m<div[39m
                [33mclass[39m=[32m"absolute inset-y-0 left-0 pl-3 flex items-center pointer-events-none"[39m
              [36m>[39m
                [36m<svg[39m
                  [33maria-hidden[39m=[32m"true"[39m
                  [33mclass[39m=[32m"h-5 w-5 text-gray-400"[39m
                  [33mdata-slot[39m=[32m"icon"[39m
                  [33mfill[39m=[32m"none"[39m
                  [33mstroke[39m=[32m"currentColor"[39m
                  [33mstroke-width[39m=[32m"1.5"[39m
                  [33mviewBox[39m=[32m"0 0 24 24"[39m
                  [33mxmlns[39m=[32m"http://www.w3.org/2000/svg"[39m
                [36m>[39m
                  [36m<path[39m
                    [33md[39m=[32m"m21 21-5.197-5.197m0 0A7.5 7.5 0 1 0 5.196 5.196a7.5 7.5 0 0 0 10.607 10.607Z
"[39m
                    [33mstroke-linecap[39m=[32m"round"[39m
                    [33mstroke-linejoin[39m=[32m"round"[39m
                  [36m/>[39m
                [36m</svg>[39m
              [36m</div>[39m
              [36m<input[39m
                [33mclass[39m=[32m"block w-full pl-10 pr-3 py-3 border border-gray-300 rounded-lg focus:ring-2 f
ocus:ring-purple-500 focus:border-transparent"[39m
                [33mplaceholder[39m=[32m"H─╛ada┼Ñ pou┼╛├¡vate─╛ov, zru─ìnosti..."[39m
                [33mtype[39m=[32m"text"[39m
                [33mvalue[39m=[32m""[39m
              [36m/>[39m
            [36m</div>[39m
          [36m</div>[39m
          [36m<div[39m
            [33mclass[39m=[32m"text-center py-12"[39m
          [36m>[39m
            [36m<svg[39m
              [33maria-hidden[39m=[32m"true"[39m
              [33mclass[39m=[32m"w-16 h-16 text-gray-300 mx-auto mb-4"[39m
              [33mdata-slot[39m=[32m"icon"[39m
              [33mfill[39m=[32m"none"[39m
              [33mstroke[39m=[32m"currentColor"[39m
              [33mstroke-width[39m=[32m"1.5"[39m
              [33mviewBox[39m=[32m"0 0 24 24"[39m
              [33mxmlns[39m=[32m"http://www.w3.org/2000/svg"[39m
            [36m>[39m
              [36m<path[39m
                [33md[39m=[32m"m21 21-5.197-5.197m0 0A7.5 7.5 0 1 0 5.196 5.196a7.5 7.5 0 0 0 10.607 10.607Z"[3
9m
                [33mstroke-linecap[39m=[32m"round"[39m
                [33mstroke-linejoin[39m=[32m"round"[39m
              [36m/>[39m
            [36m</svg>[39m
            [36m<h3[39m
              [33mclass[39m=[32m"text-lg font-medium text-gray-900 mb-2"[39m
            [36m>[39m
              [0mZa─ìnite vyh─╛ad├íva┼Ñ[0m
            [36m</h3>[39m
            [36m<p[39m
              [33mclass[39m=[32m"text-gray-500"[39m
            [36m>[39m
              [0mN├íjdite pou┼╛├¡vate─╛ov so zru─ìnos┼Ñami, ktor├⌐ potrebujete[0m
            [36m</p>[39m
          [36m</div>[39m
        [36m</div>[39m
      [36m</div>[39m
    [36m</body>[39m

    [0m [90m 20 |[39m     render([33m<[39m[33mSearchModule[39m [33m/[39m[33m>[39m)[33m;[39m
     [90m 21 |[39m     
    [31m[1m>[22m[39m[90m 22 |[39m     [36mconst[39m searchInput [33m=[39m screen[33m.[39mgetByPlacehold
erText([32m'H─╛ada┼Ñ zru─ìnosti, pou┼╛├¡vate─╛ov alebo kateg├│rie...'[39m)[33m;[39m
     [90m    |[39m                                [31m[1m^[22m[39m
     [90m 23 |[39m     expect(searchInput)[33m.[39mtoBeInTheDocument()[33m;[39m
     [90m 24 |[39m   })[33m;[39m
     [90m 25 |[39m[0m

      at Object.getElementError (node_modules/@testing-library/react/node_modules/@testing-library/dom/dist/config.
js:37:19)
      at node_modules/@testing-library/react/node_modules/@testing-library/dom/dist/query-helpers.js:76:38
      at node_modules/@testing-library/react/node_modules/@testing-library/dom/dist/query-helpers.js:52:17
      at node_modules/@testing-library/react/node_modules/@testing-library/dom/dist/query-helpers.js:95:19
      at Object.getByPlaceholderText (src/components/dashboard/__tests__/SearchModule.test.tsx:22:32)

  ΓùÅ SearchModule ΓÇ║ updates search query when typing

    TestingLibraryElementError: Unable to find an element with the placeholder text of: H─╛ada┼Ñ zru─ìnosti, pou┼╛├
¡vate─╛ov alebo kateg├│rie...

    Ignored nodes: comments, script, style
    [36m<body>[39m
      [36m<div>[39m
        [36m<div[39m
          [33mclass[39m=[32m"max-w-4xl mx-auto"[39m
        [36m>[39m
          [36m<div[39m
            [33mclass[39m=[32m"bg-white rounded-xl shadow-sm border border-gray-200 p-6 mb-6"[39m
          [36m>[39m
            [36m<h2[39m
              [33mclass[39m=[32m"text-2xl font-bold text-gray-900 mb-6"[39m
            [36m>[39m
              [0mVyh─╛ad├ívanie[0m
            [36m</h2>[39m
            [36m<div[39m
              [33mclass[39m=[32m"relative"[39m
            [36m>[39m
              [36m<div[39m
                [33mclass[39m=[32m"absolute inset-y-0 left-0 pl-3 flex items-center pointer-events-none"[39m
              [36m>[39m
                [36m<svg[39m
                  [33maria-hidden[39m=[32m"true"[39m
                  [33mclass[39m=[32m"h-5 w-5 text-gray-400"[39m
                  [33mdata-slot[39m=[32m"icon"[39m
                  [33mfill[39m=[32m"none"[39m
                  [33mstroke[39m=[32m"currentColor"[39m
                  [33mstroke-width[39m=[32m"1.5"[39m
                  [33mviewBox[39m=[32m"0 0 24 24"[39m
                  [33mxmlns[39m=[32m"http://www.w3.org/2000/svg"[39m
                [36m>[39m
                  [36m<path[39m
                    [33md[39m=[32m"m21 21-5.197-5.197m0 0A7.5 7.5 0 1 0 5.196 5.196a7.5 7.5 0 0 0 10.607 10.607Z
"[39m
                    [33mstroke-linecap[39m=[32m"round"[39m
                    [33mstroke-linejoin[39m=[32m"round"[39m
                  [36m/>[39m
                [36m</svg>[39m
              [36m</div>[39m
              [36m<input[39m
                [33mclass[39m=[32m"block w-full pl-10 pr-3 py-3 border border-gray-300 rounded-lg focus:ring-2 f
ocus:ring-purple-500 focus:border-transparent"[39m
                [33mplaceholder[39m=[32m"H─╛ada┼Ñ pou┼╛├¡vate─╛ov, zru─ìnosti..."[39m
                [33mtype[39m=[32m"text"[39m
                [33mvalue[39m=[32m""[39m
              [36m/>[39m
            [36m</div>[39m
          [36m</div>[39m
          [36m<div[39m
            [33mclass[39m=[32m"text-center py-12"[39m
          [36m>[39m
            [36m<svg[39m
              [33maria-hidden[39m=[32m"true"[39m
              [33mclass[39m=[32m"w-16 h-16 text-gray-300 mx-auto mb-4"[39m
              [33mdata-slot[39m=[32m"icon"[39m
              [33mfill[39m=[32m"none"[39m
              [33mstroke[39m=[32m"currentColor"[39m
              [33mstroke-width[39m=[32m"1.5"[39m
              [33mviewBox[39m=[32m"0 0 24 24"[39m
              [33mxmlns[39m=[32m"http://www.w3.org/2000/svg"[39m
            [36m>[39m
              [36m<path[39m
                [33md[39m=[32m"m21 21-5.197-5.197m0 0A7.5 7.5 0 1 0 5.196 5.196a7.5 7.5 0 0 0 10.607 10.607Z"[3
9m
                [33mstroke-linecap[39m=[32m"round"[39m
                [33mstroke-linejoin[39m=[32m"round"[39m
              [36m/>[39m
            [36m</svg>[39m
            [36m<h3[39m
              [33mclass[39m=[32m"text-lg font-medium text-gray-900 mb-2"[39m
            [36m>[39m
              [0mZa─ìnite vyh─╛ad├íva┼Ñ[0m
            [36m</h3>[39m
            [36m<p[39m
              [33mclass[39m=[32m"text-gray-500"[39m
            [36m>[39m
              [0mN├íjdite pou┼╛├¡vate─╛ov so zru─ìnos┼Ñami, ktor├⌐ potrebujete[0m
            [36m</p>[39m
          [36m</div>[39m
        [36m</div>[39m
      [36m</div>[39m
    [36m</body>[39m

    [0m [90m 27 |[39m     render([33m<[39m[33mSearchModule[39m [33m/[39m[33m>[39m)[33m;[39m
     [90m 28 |[39m     
    [31m[1m>[22m[39m[90m 29 |[39m     [36mconst[39m searchInput [33m=[39m screen[33m.[39mgetByPlacehold
erText([32m'H─╛ada┼Ñ zru─ìnosti, pou┼╛├¡vate─╛ov alebo kateg├│rie...'[39m)[33m;[39m
     [90m    |[39m                                [31m[1m^[22m[39m
     [90m 30 |[39m     fireEvent[33m.[39mchange(searchInput[33m,[39m { target[33m:[39m { value[33m:[39m 
[32m'React'[39m } })[33m;[39m
     [90m 31 |[39m     
     [90m 32 |[39m     expect(searchInput)[33m.[39mtoHaveValue([32m'React'[39m)[33m;[39m[0m

      at Object.getElementError (node_modules/@testing-library/react/node_modules/@testing-library/dom/dist/config.
js:37:19)
      at node_modules/@testing-library/react/node_modules/@testing-library/dom/dist/query-helpers.js:76:38
      at node_modules/@testing-library/react/node_modules/@testing-library/dom/dist/query-helpers.js:52:17
      at node_modules/@testing-library/react/node_modules/@testing-library/dom/dist/query-helpers.js:95:19
      at Object.getByPlaceholderText (src/components/dashboard/__tests__/SearchModule.test.tsx:29:32)

  ΓùÅ SearchModule ΓÇ║ shows filters when filter button is clicked

    TestingLibraryElementError: Unable to find an accessible element with the role "button" and name `/filter/i`

    Here are the accessible roles:

      heading:

      Name "Vyh─╛ad├ívanie":
      [36m<h2[39m
        [33mclass[39m=[32m"text-2xl font-bold text-gray-900 mb-6"[39m
      [36m/>[39m

      Name "Za─ìnite vyh─╛ad├íva┼Ñ":
      [36m<h3[39m
        [33mclass[39m=[32m"text-lg font-medium text-gray-900 mb-2"[39m
      [36m/>[39m

      --------------------------------------------------
      textbox:

      Name "":
      [36m<input[39m
        [33mclass[39m=[32m"block w-full pl-10 pr-3 py-3 border border-gray-300 rounded-lg focus:ring-2 focus:rin
g-purple-500 focus:border-transparent"[39m
        [33mplaceholder[39m=[32m"H─╛ada┼Ñ pou┼╛├¡vate─╛ov, zru─ìnosti..."[39m
        [33mtype[39m=[32m"text"[39m
        [33mvalue[39m=[32m""[39m
      [36m/>[39m

      --------------------------------------------------

    Ignored nodes: comments, script, style
    [36m<body>[39m
      [36m<div>[39m
        [36m<div[39m
          [33mclass[39m=[32m"max-w-4xl mx-auto"[39m
        [36m>[39m
          [36m<div[39m
            [33mclass[39m=[32m"bg-white rounded-xl shadow-sm border border-gray-200 p-6 mb-6"[39m
          [36m>[39m
            [36m<h2[39m
              [33mclass[39m=[32m"text-2xl font-bold text-gray-900 mb-6"[39m
            [36m>[39m
              [0mVyh─╛ad├ívanie[0m
            [36m</h2>[39m
            [36m<div[39m
              [33mclass[39m=[32m"relative"[39m
            [36m>[39m
              [36m<div[39m
                [33mclass[39m=[32m"absolute inset-y-0 left-0 pl-3 flex items-center pointer-events-none"[39m
              [36m>[39m
                [36m<svg[39m
                  [33maria-hidden[39m=[32m"true"[39m
                  [33mclass[39m=[32m"h-5 w-5 text-gray-400"[39m
                  [33mdata-slot[39m=[32m"icon"[39m
                  [33mfill[39m=[32m"none"[39m
                  [33mstroke[39m=[32m"currentColor"[39m
                  [33mstroke-width[39m=[32m"1.5"[39m
                  [33mviewBox[39m=[32m"0 0 24 24"[39m
                  [33mxmlns[39m=[32m"http://www.w3.org/2000/svg"[39m
                [36m>[39m
                  [36m<path[39m
                    [33md[39m=[32m"m21 21-5.197-5.197m0 0A7.5 7.5 0 1 0 5.196 5.196a7.5 7.5 0 0 0 10.607 10.607Z
"[39m
                    [33mstroke-linecap[39m=[32m"round"[39m
                    [33mstroke-linejoin[39m=[32m"round"[39m
                  [36m/>[39m
                [36m</svg>[39m
              [36m</div>[39m
              [36m<input[39m
                [33mclass[39m=[32m"block w-full pl-10 pr-3 py-3 border border-gray-300 rounded-lg focus:ring-2 f
ocus:ring-purple-500 focus:border-transparent"[39m
                [33mplaceholder[39m=[32m"H─╛ada┼Ñ pou┼╛├¡vate─╛ov, zru─ìnosti..."[39m
                [33mtype[39m=[32m"text"[39m
                [33mvalue[39m=[32m""[39m
              [36m/>[39m
            [36m</div>[39m
          [36m</div>[39m
          [36m<div[39m
            [33mclass[39m=[32m"text-center py-12"[39m
          [36m>[39m
            [36m<svg[39m
              [33maria-hidden[39m=[32m"true"[39m
              [33mclass[39m=[32m"w-16 h-16 text-gray-300 mx-auto mb-4"[39m
              [33mdata-slot[39m=[32m"icon"[39m
              [33mfill[39m=[32m"none"[39m
              [33mstroke[39m=[32m"currentColor"[39m
              [33mstroke-width[39m=[32m"1.5"[39m
              [33mviewBox[39m=[32m"0 0 24 24"[39m
              [33mxmlns[39m=[32m"http://www.w3.org/2000/svg"[39m
            [36m>[39m
              [36m<path[39m
                [33md[39m=[32m"m21 21-5.197-5.197m0 0A7.5 7.5 0 1 0 5.196 5.196a7.5 7.5 0 0 0 10.607 10.607Z"[3
9m
                [33mstroke-linecap[39m=[32m"round"[39m
                [33mstroke-linejoin[39m=[32m"round"[39m
              [36m/>[39m
            [36m</svg>[39m
            [36m<h3[39m
              [33mclass[39m=[32m"text-lg font-medium text-gray-900 mb-2"[39m
            [36m>[39m
              [0mZa─ìnite vyh─╛ad├íva┼Ñ[0m
            [36m</h3>[39m
            [36m<p[39m
              [33mclass[39m=[32m"text-gray-500"[39m
            [36m>[39m
              [0mN├íjdite pou┼╛├¡vate─╛ov so zru─ìnos┼Ñami, ktor├⌐ potrebujete[0m
            [36m</p>[39m
          [36m</div>[39m
        [36m</div>[39m
      [36m</div>[39m
    [36m</body>[39m

    [0m [90m 36 |[39m     render([33m<[39m[33mSearchModule[39m [33m/[39m[33m>[39m)[33m;[39m
     [90m 37 |[39m     
    [31m[1m>[22m[39m[90m 38 |[39m     [36mconst[39m filterButton [33m=[39m screen[33m.[39mgetByRole([3
2m'button'[39m[33m,[39m { name[33m:[39m [35m/filter/i[39m })[33m;[39m
     [90m    |[39m                                 [31m[1m^[22m[39m
     [90m 39 |[39m     fireEvent[33m.[39mclick(filterButton)[33m;[39m
     [90m 40 |[39m     
     [90m 41 |[39m     expect(screen[33m.[39mgetByText([32m'Kateg├│ria'[39m))[33m.[39mtoBeInTheDocument()[
33m;[39m[0m

      at Object.getElementError (node_modules/@testing-library/react/node_modules/@testing-library/dom/dist/config.
js:37:19)
      at node_modules/@testing-library/react/node_modules/@testing-library/dom/dist/query-helpers.js:76:38
      at node_modules/@testing-library/react/node_modules/@testing-library/dom/dist/query-helpers.js:52:17
      at node_modules/@testing-library/react/node_modules/@testing-library/dom/dist/query-helpers.js:95:19
      at Object.getByRole (src/components/dashboard/__tests__/SearchModule.test.tsx:38:33)

  ΓùÅ SearchModule ΓÇ║ hides filters when filter button is clicked again

    TestingLibraryElementError: Unable to find an accessible element with the role "button" and name `/filter/i`

    Here are the accessible roles:

      heading:

      Name "Vyh─╛ad├ívanie":
      [36m<h2[39m
        [33mclass[39m=[32m"text-2xl font-bold text-gray-900 mb-6"[39m
      [36m/>[39m

      Name "Za─ìnite vyh─╛ad├íva┼Ñ":
      [36m<h3[39m
        [33mclass[39m=[32m"text-lg font-medium text-gray-900 mb-2"[39m
      [36m/>[39m

      --------------------------------------------------
      textbox:

      Name "":
      [36m<input[39m
        [33mclass[39m=[32m"block w-full pl-10 pr-3 py-3 border border-gray-300 rounded-lg focus:ring-2 focus:rin
g-purple-500 focus:border-transparent"[39m
        [33mplaceholder[39m=[32m"H─╛ada┼Ñ pou┼╛├¡vate─╛ov, zru─ìnosti..."[39m
        [33mtype[39m=[32m"text"[39m
        [33mvalue[39m=[32m""[39m
      [36m/>[39m

      --------------------------------------------------

    Ignored nodes: comments, script, style
    [36m<body>[39m
      [36m<div>[39m
        [36m<div[39m
          [33mclass[39m=[32m"max-w-4xl mx-auto"[39m
        [36m>[39m
          [36m<div[39m
            [33mclass[39m=[32m"bg-white rounded-xl shadow-sm border border-gray-200 p-6 mb-6"[39m
          [36m>[39m
            [36m<h2[39m
              [33mclass[39m=[32m"text-2xl font-bold text-gray-900 mb-6"[39m
            [36m>[39m
              [0mVyh─╛ad├ívanie[0m
            [36m</h2>[39m
            [36m<div[39m
              [33mclass[39m=[32m"relative"[39m
            [36m>[39m
              [36m<div[39m
                [33mclass[39m=[32m"absolute inset-y-0 left-0 pl-3 flex items-center pointer-events-none"[39m
              [36m>[39m
                [36m<svg[39m
                  [33maria-hidden[39m=[32m"true"[39m
                  [33mclass[39m=[32m"h-5 w-5 text-gray-400"[39m
                  [33mdata-slot[39m=[32m"icon"[39m
                  [33mfill[39m=[32m"none"[39m
                  [33mstroke[39m=[32m"currentColor"[39m
                  [33mstroke-width[39m=[32m"1.5"[39m
                  [33mviewBox[39m=[32m"0 0 24 24"[39m
                  [33mxmlns[39m=[32m"http://www.w3.org/2000/svg"[39m
                [36m>[39m
                  [36m<path[39m
                    [33md[39m=[32m"m21 21-5.197-5.197m0 0A7.5 7.5 0 1 0 5.196 5.196a7.5 7.5 0 0 0 10.607 10.607Z
"[39m
                    [33mstroke-linecap[39m=[32m"round"[39m
                    [33mstroke-linejoin[39m=[32m"round"[39m
                  [36m/>[39m
                [36m</svg>[39m
              [36m</div>[39m
              [36m<input[39m
                [33mclass[39m=[32m"block w-full pl-10 pr-3 py-3 border border-gray-300 rounded-lg focus:ring-2 f
ocus:ring-purple-500 focus:border-transparent"[39m
                [33mplaceholder[39m=[32m"H─╛ada┼Ñ pou┼╛├¡vate─╛ov, zru─ìnosti..."[39m
                [33mtype[39m=[32m"text"[39m
                [33mvalue[39m=[32m""[39m
              [36m/>[39m
            [36m</div>[39m
          [36m</div>[39m
          [36m<div[39m
            [33mclass[39m=[32m"text-center py-12"[39m
          [36m>[39m
            [36m<svg[39m
              [33maria-hidden[39m=[32m"true"[39m
              [33mclass[39m=[32m"w-16 h-16 text-gray-300 mx-auto mb-4"[39m
              [33mdata-slot[39m=[32m"icon"[39m
              [33mfill[39m=[32m"none"[39m
              [33mstroke[39m=[32m"currentColor"[39m
              [33mstroke-width[39m=[32m"1.5"[39m
              [33mviewBox[39m=[32m"0 0 24 24"[39m
              [33mxmlns[39m=[32m"http://www.w3.org/2000/svg"[39m
            [36m>[39m
              [36m<path[39m
                [33md[39m=[32m"m21 21-5.197-5.197m0 0A7.5 7.5 0 1 0 5.196 5.196a7.5 7.5 0 0 0 10.607 10.607Z"[3
9m
                [33mstroke-linecap[39m=[32m"round"[39m
                [33mstroke-linejoin[39m=[32m"round"[39m
              [36m/>[39m
            [36m</svg>[39m
            [36m<h3[39m
              [33mclass[39m=[32m"text-lg font-medium text-gray-900 mb-2"[39m
            [36m>[39m
              [0mZa─ìnite vyh─╛ad├íva┼Ñ[0m
            [36m</h3>[39m
            [36m<p[39m
              [33mclass[39m=[32m"text-gray-500"[39m
            [36m>[39m
              [0mN├íjdite pou┼╛├¡vate─╛ov so zru─ìnos┼Ñami, ktor├⌐ potrebujete[0m
            [36m</p>[39m
          [36m</div>[39m
        [36m</div>[39m
      [36m</div>[39m
    [36m</body>[39m

    [0m [90m 47 |[39m     render([33m<[39m[33mSearchModule[39m [33m/[39m[33m>[39m)[33m;[39m
     [90m 48 |[39m     
    [31m[1m>[22m[39m[90m 49 |[39m     [36mconst[39m filterButton [33m=[39m screen[33m.[39mgetByRole([3
2m'button'[39m[33m,[39m { name[33m:[39m [35m/filter/i[39m })[33m;[39m
     [90m    |[39m                                 [31m[1m^[22m[39m
     [90m 50 |[39m     
     [90m 51 |[39m     [90m// Open filters[39m
     [90m 52 |[39m     fireEvent[33m.[39mclick(filterButton)[33m;[39m[0m

      at Object.getElementError (node_modules/@testing-library/react/node_modules/@testing-library/dom/dist/config.
js:37:19)
      at node_modules/@testing-library/react/node_modules/@testing-library/dom/dist/query-helpers.js:76:38
      at node_modules/@testing-library/react/node_modules/@testing-library/dom/dist/query-helpers.js:52:17
      at node_modules/@testing-library/react/node_modules/@testing-library/dom/dist/query-helpers.js:95:19
      at Object.getByRole (src/components/dashboard/__tests__/SearchModule.test.tsx:49:33)

  ΓùÅ SearchModule ΓÇ║ renders search results section

    TestingLibraryElementError: Unable to find an element with the text: V├╜sledky vyh─╛ad├ívania. This could be be
cause the text is broken up by multiple elements. In this case, you can provide a function for your text matcher to
 make your matcher more flexible.

    Ignored nodes: comments, script, style
    [36m<body>[39m
      [36m<div>[39m
        [36m<div[39m
          [33mclass[39m=[32m"max-w-4xl mx-auto"[39m
        [36m>[39m
          [36m<div[39m
            [33mclass[39m=[32m"bg-white rounded-xl shadow-sm border border-gray-200 p-6 mb-6"[39m
          [36m>[39m
            [36m<h2[39m
              [33mclass[39m=[32m"text-2xl font-bold text-gray-900 mb-6"[39m
            [36m>[39m
              [0mVyh─╛ad├ívanie[0m
            [36m</h2>[39m
            [36m<div[39m
              [33mclass[39m=[32m"relative"[39m
            [36m>[39m
              [36m<div[39m
                [33mclass[39m=[32m"absolute inset-y-0 left-0 pl-3 flex items-center pointer-events-none"[39m
              [36m>[39m
                [36m<svg[39m
                  [33maria-hidden[39m=[32m"true"[39m
                  [33mclass[39m=[32m"h-5 w-5 text-gray-400"[39m
                  [33mdata-slot[39m=[32m"icon"[39m
                  [33mfill[39m=[32m"none"[39m
                  [33mstroke[39m=[32m"currentColor"[39m
                  [33mstroke-width[39m=[32m"1.5"[39m
                  [33mviewBox[39m=[32m"0 0 24 24"[39m
                  [33mxmlns[39m=[32m"http://www.w3.org/2000/svg"[39m
                [36m>[39m
                  [36m<path[39m
                    [33md[39m=[32m"m21 21-5.197-5.197m0 0A7.5 7.5 0 1 0 5.196 5.196a7.5 7.5 0 0 0 10.607 10.607Z
"[39m
                    [33mstroke-linecap[39m=[32m"round"[39m
                    [33mstroke-linejoin[39m=[32m"round"[39m
                  [36m/>[39m
                [36m</svg>[39m
              [36m</div>[39m
              [36m<input[39m
                [33mclass[39m=[32m"block w-full pl-10 pr-3 py-3 border border-gray-300 rounded-lg focus:ring-2 f
ocus:ring-purple-500 focus:border-transparent"[39m
                [33mplaceholder[39m=[32m"H─╛ada┼Ñ pou┼╛├¡vate─╛ov, zru─ìnosti..."[39m
                [33mtype[39m=[32m"text"[39m
                [33mvalue[39m=[32m""[39m
              [36m/>[39m
            [36m</div>[39m
          [36m</div>[39m
          [36m<div[39m
            [33mclass[39m=[32m"text-center py-12"[39m
          [36m>[39m
            [36m<svg[39m
              [33maria-hidden[39m=[32m"true"[39m
              [33mclass[39m=[32m"w-16 h-16 text-gray-300 mx-auto mb-4"[39m
              [33mdata-slot[39m=[32m"icon"[39m
              [33mfill[39m=[32m"none"[39m
              [33mstroke[39m=[32m"currentColor"[39m
              [33mstroke-width[39m=[32m"1.5"[39m
              [33mviewBox[39m=[32m"0 0 24 24"[39m
              [33mxmlns[39m=[32m"http://www.w3.org/2000/svg"[39m
            [36m>[39m
              [36m<path[39m
                [33md[39m=[32m"m21 21-5.197-5.197m0 0A7.5 7.5 0 1 0 5.196 5.196a7.5 7.5 0 0 0 10.607 10.607Z"[3
9m
                [33mstroke-linecap[39m=[32m"round"[39m
                [33mstroke-linejoin[39m=[32m"round"[39m
              [36m/>[39m
            [36m</svg>[39m
            [36m<h3[39m
              [33mclass[39m=[32m"text-lg font-medium text-gray-900 mb-2"[39m
            [36m>[39m
              [0mZa─ìnite vyh─╛ad├íva┼Ñ[0m
            [36m</h3>[39m
            [36m<p[39m
              [33mclass[39m=[32m"text-gray-500"[39m
            [36m>[39m
              [0mN├íjdite pou┼╛├¡vate─╛ov so zru─ìnos┼Ñami, ktor├⌐ potrebujete[0m
            [36m</p>[39m
          [36m</div>[39m
        [36m</div>[39m
      [36m</div>[39m
    [36m</body>[39m

    [0m [90m 61 |[39m     render([33m<[39m[33mSearchModule[39m [33m/[39m[33m>[39m)[33m;[39m
     [90m 62 |[39m     
    [31m[1m>[22m[39m[90m 63 |[39m     expect(screen[33m.[39mgetByText([32m'V├╜sledky vyh─╛ad├ívania'[39m)
)[33m.[39mtoBeInTheDocument()[33m;[39m
     [90m    |[39m                   [31m[1m^[22m[39m
     [90m 64 |[39m   })[33m;[39m
     [90m 65 |[39m
     [90m 66 |[39m   it([32m'shows empty state when no search query'[39m[33m,[39m () [33m=>[39m {[0m

      at Object.getElementError (node_modules/@testing-library/react/node_modules/@testing-library/dom/dist/config.
js:37:19)
      at node_modules/@testing-library/react/node_modules/@testing-library/dom/dist/query-helpers.js:76:38
      at node_modules/@testing-library/react/node_modules/@testing-library/dom/dist/query-helpers.js:52:17
      at node_modules/@testing-library/react/node_modules/@testing-library/dom/dist/query-helpers.js:95:19
      at Object.getByText (src/components/dashboard/__tests__/SearchModule.test.tsx:63:19)

  ΓùÅ SearchModule ΓÇ║ shows empty state when no search query

    TestingLibraryElementError: Unable to find an element with the text: Za─ìnite vyh─╛ad├ívanie. This could be bec
ause the text is broken up by multiple elements. In this case, you can provide a function for your text matcher to 
make your matcher more flexible.

    Ignored nodes: comments, script, style
    [36m<body>[39m
      [36m<div>[39m
        [36m<div[39m
          [33mclass[39m=[32m"max-w-4xl mx-auto"[39m
        [36m>[39m
          [36m<div[39m
            [33mclass[39m=[32m"bg-white rounded-xl shadow-sm border border-gray-200 p-6 mb-6"[39m
          [36m>[39m
            [36m<h2[39m
              [33mclass[39m=[32m"text-2xl font-bold text-gray-900 mb-6"[39m
            [36m>[39m
              [0mVyh─╛ad├ívanie[0m
            [36m</h2>[39m
            [36m<div[39m
              [33mclass[39m=[32m"relative"[39m
            [36m>[39m
              [36m<div[39m
                [33mclass[39m=[32m"absolute inset-y-0 left-0 pl-3 flex items-center pointer-events-none"[39m
              [36m>[39m
                [36m<svg[39m
                  [33maria-hidden[39m=[32m"true"[39m
                  [33mclass[39m=[32m"h-5 w-5 text-gray-400"[39m
                  [33mdata-slot[39m=[32m"icon"[39m
                  [33mfill[39m=[32m"none"[39m
                  [33mstroke[39m=[32m"currentColor"[39m
                  [33mstroke-width[39m=[32m"1.5"[39m
                  [33mviewBox[39m=[32m"0 0 24 24"[39m
                  [33mxmlns[39m=[32m"http://www.w3.org/2000/svg"[39m
                [36m>[39m
                  [36m<path[39m
                    [33md[39m=[32m"m21 21-5.197-5.197m0 0A7.5 7.5 0 1 0 5.196 5.196a7.5 7.5 0 0 0 10.607 10.607Z
"[39m
                    [33mstroke-linecap[39m=[32m"round"[39m
                    [33mstroke-linejoin[39m=[32m"round"[39m
                  [36m/>[39m
                [36m</svg>[39m
              [36m</div>[39m
              [36m<input[39m
                [33mclass[39m=[32m"block w-full pl-10 pr-3 py-3 border border-gray-300 rounded-lg focus:ring-2 f
ocus:ring-purple-500 focus:border-transparent"[39m
                [33mplaceholder[39m=[32m"H─╛ada┼Ñ pou┼╛├¡vate─╛ov, zru─ìnosti..."[39m
                [33mtype[39m=[32m"text"[39m
                [33mvalue[39m=[32m""[39m
              [36m/>[39m
            [36m</div>[39m
          [36m</div>[39m
          [36m<div[39m
            [33mclass[39m=[32m"text-center py-12"[39m
          [36m>[39m
            [36m<svg[39m
              [33maria-hidden[39m=[32m"true"[39m
              [33mclass[39m=[32m"w-16 h-16 text-gray-300 mx-auto mb-4"[39m
              [33mdata-slot[39m=[32m"icon"[39m
              [33mfill[39m=[32m"none"[39m
              [33mstroke[39m=[32m"currentColor"[39m
              [33mstroke-width[39m=[32m"1.5"[39m
              [33mviewBox[39m=[32m"0 0 24 24"[39m
              [33mxmlns[39m=[32m"http://www.w3.org/2000/svg"[39m
            [36m>[39m
              [36m<path[39m
                [33md[39m=[32m"m21 21-5.197-5.197m0 0A7.5 7.5 0 1 0 5.196 5.196a7.5 7.5 0 0 0 10.607 10.607Z"[3
9m
                [33mstroke-linecap[39m=[32m"round"[39m
                [33mstroke-linejoin[39m=[32m"round"[39m
              [36m/>[39m
            [36m</svg>[39m
            [36m<h3[39m
              [33mclass[39m=[32m"text-lg font-medium text-gray-900 mb-2"[39m
            [36m>[39m
              [0mZa─ìnite vyh─╛ad├íva┼Ñ[0m
            [36m</h3>[39m
            [36m<p[39m
              [33mclass[39m=[32m"text-gray-500"[39m
            [36m>[39m
              [0mN├íjdite pou┼╛├¡vate─╛ov so zru─ìnos┼Ñami, ktor├⌐ potrebujete[0m
            [36m</p>[39m
          [36m</div>[39m
        [36m</div>[39m
      [36m</div>[39m
    [36m</body>[39m

    [0m [90m 67 |[39m     render([33m<[39m[33mSearchModule[39m [33m/[39m[33m>[39m)[33m;[39m
     [90m 68 |[39m     
    [31m[1m>[22m[39m[90m 69 |[39m     expect(screen[33m.[39mgetByText([32m'Za─ìnite vyh─╛ad├ívanie'[39m))
[33m.[39mtoBeInTheDocument()[33m;[39m
     [90m    |[39m                   [31m[1m^[22m[39m
     [90m 70 |[39m     expect(screen[33m.[39mgetByText([32m'Zadajte zru─ìnos┼Ñ, ktor├║ h─╛ad├íte, alebo pou┼╛i
te filtre'[39m))[33m.[39mtoBeInTheDocument()[33m;[39m
     [90m 71 |[39m   })[33m;[39m
     [90m 72 |[39m[0m

      at Object.getElementError (node_modules/@testing-library/react/node_modules/@testing-library/dom/dist/config.
js:37:19)
      at node_modules/@testing-library/react/node_modules/@testing-library/dom/dist/query-helpers.js:76:38
      at node_modules/@testing-library/react/node_modules/@testing-library/dom/dist/query-helpers.js:52:17
      at node_modules/@testing-library/react/node_modules/@testing-library/dom/dist/query-helpers.js:95:19
      at Object.getByText (src/components/dashboard/__tests__/SearchModule.test.tsx:69:19)

  ΓùÅ SearchModule ΓÇ║ shows loading state when search query is entered

    TestingLibraryElementError: Unable to find an element with the placeholder text of: H─╛ada┼Ñ zru─ìnosti, pou┼╛├
¡vate─╛ov alebo kateg├│rie...

    Ignored nodes: comments, script, style
    [36m<body>[39m
      [36m<div>[39m
        [36m<div[39m
          [33mclass[39m=[32m"max-w-4xl mx-auto"[39m
        [36m>[39m
          [36m<div[39m
            [33mclass[39m=[32m"bg-white rounded-xl shadow-sm border border-gray-200 p-6 mb-6"[39m
          [36m>[39m
            [36m<h2[39m
              [33mclass[39m=[32m"text-2xl font-bold text-gray-900 mb-6"[39m
            [36m>[39m
              [0mVyh─╛ad├ívanie[0m
            [36m</h2>[39m
            [36m<div[39m
              [33mclass[39m=[32m"relative"[39m
            [36m>[39m
              [36m<div[39m
                [33mclass[39m=[32m"absolute inset-y-0 left-0 pl-3 flex items-center pointer-events-none"[39m
              [36m>[39m
                [36m<svg[39m
                  [33maria-hidden[39m=[32m"true"[39m
                  [33mclass[39m=[32m"h-5 w-5 text-gray-400"[39m
                  [33mdata-slot[39m=[32m"icon"[39m
                  [33mfill[39m=[32m"none"[39m
                  [33mstroke[39m=[32m"currentColor"[39m
                  [33mstroke-width[39m=[32m"1.5"[39m
                  [33mviewBox[39m=[32m"0 0 24 24"[39m
                  [33mxmlns[39m=[32m"http://www.w3.org/2000/svg"[39m
                [36m>[39m
                  [36m<path[39m
                    [33md[39m=[32m"m21 21-5.197-5.197m0 0A7.5 7.5 0 1 0 5.196 5.196a7.5 7.5 0 0 0 10.607 10.607Z
"[39m
                    [33mstroke-linecap[39m=[32m"round"[39m
                    [33mstroke-linejoin[39m=[32m"round"[39m
                  [36m/>[39m
                [36m</svg>[39m
              [36m</div>[39m
              [36m<input[39m
                [33mclass[39m=[32m"block w-full pl-10 pr-3 py-3 border border-gray-300 rounded-lg focus:ring-2 f
ocus:ring-purple-500 focus:border-transparent"[39m
                [33mplaceholder[39m=[32m"H─╛ada┼Ñ pou┼╛├¡vate─╛ov, zru─ìnosti..."[39m
                [33mtype[39m=[32m"text"[39m
                [33mvalue[39m=[32m""[39m
              [36m/>[39m
            [36m</div>[39m
          [36m</div>[39m
          [36m<div[39m
            [33mclass[39m=[32m"text-center py-12"[39m
          [36m>[39m
            [36m<svg[39m
              [33maria-hidden[39m=[32m"true"[39m
              [33mclass[39m=[32m"w-16 h-16 text-gray-300 mx-auto mb-4"[39m
              [33mdata-slot[39m=[32m"icon"[39m
              [33mfill[39m=[32m"none"[39m
              [33mstroke[39m=[32m"currentColor"[39m
              [33mstroke-width[39m=[32m"1.5"[39m
              [33mviewBox[39m=[32m"0 0 24 24"[39m
              [33mxmlns[39m=[32m"http://www.w3.org/2000/svg"[39m
            [36m>[39m
              [36m<path[39m
                [33md[39m=[32m"m21 21-5.197-5.197m0 0A7.5 7.5 0 1 0 5.196 5.196a7.5 7.5 0 0 0 10.607 10.607Z"[3
9m
                [33mstroke-linecap[39m=[32m"round"[39m
                [33mstroke-linejoin[39m=[32m"round"[39m
              [36m/>[39m
            [36m</svg>[39m
            [36m<h3[39m
              [33mclass[39m=[32m"text-lg font-medium text-gray-900 mb-2"[39m
            [36m>[39m
              [0mZa─ìnite vyh─╛ad├íva┼Ñ[0m
            [36m</h3>[39m
            [36m<p[39m
              [33mclass[39m=[32m"text-gray-500"[39m
            [36m>[39m
              [0mN├íjdite pou┼╛├¡vate─╛ov so zru─ìnos┼Ñami, ktor├⌐ potrebujete[0m
            [36m</p>[39m
          [36m</div>[39m
        [36m</div>[39m
      [36m</div>[39m
    [36m</body>[39m

    [0m [90m 74 |[39m     render([33m<[39m[33mSearchModule[39m [33m/[39m[33m>[39m)[33m;[39m
     [90m 75 |[39m     
    [31m[1m>[22m[39m[90m 76 |[39m     [36mconst[39m searchInput [33m=[39m screen[33m.[39mgetByPlacehold
erText([32m'H─╛ada┼Ñ zru─ìnosti, pou┼╛├¡vate─╛ov alebo kateg├│rie...'[39m)[33m;[39m
     [90m    |[39m                                [31m[1m^[22m[39m
     [90m 77 |[39m     fireEvent[33m.[39mchange(searchInput[33m,[39m { target[33m:[39m { value[33m:[39m 
[32m'React'[39m } })[33m;[39m
     [90m 78 |[39m     
     [90m 79 |[39m     expect(screen[33m.[39mgetByText([32m'H─╛ad├ím v├╜sledky...'[39m))[33m.[39mtoBeInTheD
ocument()[33m;[39m[0m

      at Object.getElementError (node_modules/@testing-library/react/node_modules/@testing-library/dom/dist/config.
js:37:19)
      at node_modules/@testing-library/react/node_modules/@testing-library/dom/dist/query-helpers.js:76:38
      at node_modules/@testing-library/react/node_modules/@testing-library/dom/dist/query-helpers.js:52:17
      at node_modules/@testing-library/react/node_modules/@testing-library/dom/dist/query-helpers.js:95:19
      at Object.getByPlaceholderText (src/components/dashboard/__tests__/SearchModule.test.tsx:76:32)

  ΓùÅ SearchModule ΓÇ║ renders filter options correctly

    TestingLibraryElementError: Unable to find an accessible element with the role "button" and name `/filter/i`

    Here are the accessible roles:

      heading:

      Name "Vyh─╛ad├ívanie":
      [36m<h2[39m
        [33mclass[39m=[32m"text-2xl font-bold text-gray-900 mb-6"[39m
      [36m/>[39m

      Name "Za─ìnite vyh─╛ad├íva┼Ñ":
      [36m<h3[39m
        [33mclass[39m=[32m"text-lg font-medium text-gray-900 mb-2"[39m
      [36m/>[39m

      --------------------------------------------------
      textbox:

      Name "":
      [36m<input[39m
        [33mclass[39m=[32m"block w-full pl-10 pr-3 py-3 border border-gray-300 rounded-lg focus:ring-2 focus:rin
g-purple-500 focus:border-transparent"[39m
        [33mplaceholder[39m=[32m"H─╛ada┼Ñ pou┼╛├¡vate─╛ov, zru─ìnosti..."[39m
        [33mtype[39m=[32m"text"[39m
        [33mvalue[39m=[32m""[39m
      [36m/>[39m

      --------------------------------------------------

    Ignored nodes: comments, script, style
    [36m<body>[39m
      [36m<div>[39m
        [36m<div[39m
          [33mclass[39m=[32m"max-w-4xl mx-auto"[39m
        [36m>[39m
          [36m<div[39m
            [33mclass[39m=[32m"bg-white rounded-xl shadow-sm border border-gray-200 p-6 mb-6"[39m
          [36m>[39m
            [36m<h2[39m
              [33mclass[39m=[32m"text-2xl font-bold text-gray-900 mb-6"[39m
            [36m>[39m
              [0mVyh─╛ad├ívanie[0m
            [36m</h2>[39m
            [36m<div[39m
              [33mclass[39m=[32m"relative"[39m
            [36m>[39m
              [36m<div[39m
                [33mclass[39m=[32m"absolute inset-y-0 left-0 pl-3 flex items-center pointer-events-none"[39m
              [36m>[39m
                [36m<svg[39m
                  [33maria-hidden[39m=[32m"true"[39m
                  [33mclass[39m=[32m"h-5 w-5 text-gray-400"[39m
                  [33mdata-slot[39m=[32m"icon"[39m
                  [33mfill[39m=[32m"none"[39m
                  [33mstroke[39m=[32m"currentColor"[39m
                  [33mstroke-width[39m=[32m"1.5"[39m
                  [33mviewBox[39m=[32m"0 0 24 24"[39m
                  [33mxmlns[39m=[32m"http://www.w3.org/2000/svg"[39m
                [36m>[39m
                  [36m<path[39m
                    [33md[39m=[32m"m21 21-5.197-5.197m0 0A7.5 7.5 0 1 0 5.196 5.196a7.5 7.5 0 0 0 10.607 10.607Z
"[39m
                    [33mstroke-linecap[39m=[32m"round"[39m
                    [33mstroke-linejoin[39m=[32m"round"[39m
                  [36m/>[39m
                [36m</svg>[39m
              [36m</div>[39m
              [36m<input[39m
                [33mclass[39m=[32m"block w-full pl-10 pr-3 py-3 border border-gray-300 rounded-lg focus:ring-2 f
ocus:ring-purple-500 focus:border-transparent"[39m
                [33mplaceholder[39m=[32m"H─╛ada┼Ñ pou┼╛├¡vate─╛ov, zru─ìnosti..."[39m
                [33mtype[39m=[32m"text"[39m
                [33mvalue[39m=[32m""[39m
              [36m/>[39m
            [36m</div>[39m
          [36m</div>[39m
          [36m<div[39m
            [33mclass[39m=[32m"text-center py-12"[39m
          [36m>[39m
            [36m<svg[39m
              [33maria-hidden[39m=[32m"true"[39m
              [33mclass[39m=[32m"w-16 h-16 text-gray-300 mx-auto mb-4"[39m
              [33mdata-slot[39m=[32m"icon"[39m
              [33mfill[39m=[32m"none"[39m
              [33mstroke[39m=[32m"currentColor"[39m
              [33mstroke-width[39m=[32m"1.5"[39m
              [33mviewBox[39m=[32m"0 0 24 24"[39m
              [33mxmlns[39m=[32m"http://www.w3.org/2000/svg"[39m
            [36m>[39m
              [36m<path[39m
                [33md[39m=[32m"m21 21-5.197-5.197m0 0A7.5 7.5 0 1 0 5.196 5.196a7.5 7.5 0 0 0 10.607 10.607Z"[3
9m
                [33mstroke-linecap[39m=[32m"round"[39m
                [33mstroke-linejoin[39m=[32m"round"[39m
              [36m/>[39m
            [36m</svg>[39m
            [36m<h3[39m
              [33mclass[39m=[32m"text-lg font-medium text-gray-900 mb-2"[39m
            [36m>[39m
              [0mZa─ìnite vyh─╛ad├íva┼Ñ[0m
            [36m</h3>[39m
            [36m<p[39m
              [33mclass[39m=[32m"text-gray-500"[39m
            [36m>[39m
              [0mN├íjdite pou┼╛├¡vate─╛ov so zru─ìnos┼Ñami, ktor├⌐ potrebujete[0m
            [36m</p>[39m
          [36m</div>[39m
        [36m</div>[39m
      [36m</div>[39m
    [36m</body>[39m

    [0m [90m 83 |[39m     render([33m<[39m[33mSearchModule[39m [33m/[39m[33m>[39m)[33m;[39m
     [90m 84 |[39m     
    [31m[1m>[22m[39m[90m 85 |[39m     [36mconst[39m filterButton [33m=[39m screen[33m.[39mgetByRole([3
2m'button'[39m[33m,[39m { name[33m:[39m [35m/filter/i[39m })[33m;[39m
     [90m    |[39m                                 [31m[1m^[22m[39m
     [90m 86 |[39m     fireEvent[33m.[39mclick(filterButton)[33m;[39m
     [90m 87 |[39m     
     [90m 88 |[39m     [90m// Check category options[39m[0m

      at Object.getElementError (node_modules/@testing-library/react/node_modules/@testing-library/dom/dist/config.
js:37:19)
      at node_modules/@testing-library/react/node_modules/@testing-library/dom/dist/query-helpers.js:76:38
      at node_modules/@testing-library/react/node_modules/@testing-library/dom/dist/query-helpers.js:52:17
      at node_modules/@testing-library/react/node_modules/@testing-library/dom/dist/query-helpers.js:95:19
      at Object.getByRole (src/components/dashboard/__tests__/SearchModule.test.tsx:85:33)

FAIL src/components/dashboard/__tests__/ProfileModule.test.tsx
  ΓùÅ ProfileModule ΓÇ║ renders user name and basic info

    TestingLibraryElementError: Unable to find an element with the text: Test User. This could be because the text 
is broken up by multiple elements. In this case, you can provide a function for your text matcher to make your matc
her more flexible.

    Ignored nodes: comments, script, style
    [36m<body>[39m
      [36m<div>[39m
        [36m<div[39m
          [33mclass[39m=[32m"max-w-2xl mx-auto"[39m
        [36m>[39m
          [36m<div[39m
            [33mclass[39m=[32m"flex items-center gap-6 mb-6"[39m
          [36m>[39m
            [36m<div[39m
              [33mclass[39m=[32m"mb-6 relative inline-block"[39m
            [36m>[39m
              [36m<div[39m
                [33mclass[39m=[32m"w-48 h-48 text-6xl rounded-full mx-auto bg-purple-100 flex items-center justi
fy-center border-4 border-purple-200"[39m
              [36m>[39m
                [36m<span[39m
                  [33mclass[39m=[32m"font-bold text-purple-600"[39m
                [36m>[39m
                  [0mTU[0m
                [36m</span>[39m
              [36m</div>[39m
              [36m<div[39m
                [33mclass[39m=[32m"absolute bottom-0 right-0 z-10"[39m
              [36m>[39m
                [36m<div[39m
                  [33mclass[39m=[32m"relative"[39m
                [36m>[39m
                  [36m<button[39m
                    [33mclass[39m=[32m"bg-purple-600 hover:bg-purple-700 text-white p-2 rounded-full shadow-lg t
ransition-colors disabled:opacity-50 disabled:cursor-not-allowed"[39m
                    [33mtitle[39m=[32m"Prida┼Ñ fotku"[39m
                  [36m>[39m
                    [36m<svg[39m
                      [33maria-hidden[39m=[32m"true"[39m
                      [33mclass[39m=[32m"w-4 h-4"[39m
                      [33mdata-slot[39m=[32m"icon"[39m
                      [33mfill[39m=[32m"none"[39m
                      [33mstroke[39m=[32m"currentColor"[39m
                      [33mstroke-width[39m=[32m"1.5"[39m
                      [33mviewBox[39m=[32m"0 0 24 24"[39m
                      [33mxmlns[39m=[32m"http://www.w3.org/2000/svg"[39m
                    [36m>[39m
                      [36m<path[39m
                        [33md[39m=[32m"M6.827 6.175A2.31 2.31 0 0 1 5.186 7.23c-.38.054-.757.112-1.134.175C2.999
 7.58 2.25 8.507 2.25 9.574V18a2.25 2.25 0 0 0 2.25 2.25h15A2.25 2.25 0 0 0 21.75 18V9.574c0-1.067-.75-1.994-1.802-
2.169a47.865 47.865 0 0 0-1.134-.175 2.31 2.31 0 0 1-1.64-1.055l-.822-1.316a2.192 2.192 0 0 0-1.736-1.039 48.774 48
.774 0 0 0-5.232 0 2.192 2.192 0 0 0-1.736 1.039l-.821 1.316Z"[39m
                        [33mstroke-linecap[39m=[32m"round"[39m
                        [33mstroke-linejoin[39m=[32m"round"[39m
                      [36m/>[39m
                      [36m<path[39m
                        [33md[39m=[32m"M16.5 12.75a4.5 4.5 0 1 1-9 0 4.5 4.5 0 0 1 9 0ZM18.75 10.5h.008v.008h-.0
08V10.5Z"[39m
                        [33mstroke-linecap[39m=[32m"round"[39m
                        [33mstroke-linejoin[39m=[32m"round"[39m
                      [36m/>[39m
                    [36m</svg>[39m
                  [36m</button>[39m
                  [36m<input[39m
                    [33maccept[39m=[32m"image/*"[39m
                    [33mclass[39m=[32m"hidden"[39m
                    [33mtype[39m=[32m"file"[39m
                  [36m/>[39m
                [36m</div>[39m
              [36m</div>[39m
            [36m</div>[39m
            [36m<button[39m
              [33mclass[39m=[32m"px-12 py-2 bg-purple-100 text-purple-800 border border-purple-200 rounded-lg tr
ansition-colors hover:bg-purple-200"[39m
            [36m>[39m
              [0mUpravi┼Ñ profil[0m
            [36m</button>[39m
            [36m<button[39m
              [33mclass[39m=[32m"px-12 py-2 bg-purple-100 text-purple-800 border border-purple-200 rounded-lg tr
ansition-colors hover:bg-purple-200"[39m
            [36m>[39m
              [0mZru─ìnosti[0m
            [36m</button>[39m
          [36m</div>[39m
          [36m<div[39m
            [33mclass[39m=[32m"text-center"[39m
          [36m>[39m
            [36m<p[39m
              [33mclass[39m=[32m"text-gray-500"[39m
            [36m>[39m
              [0m∩┐╜∩┐╜ [0m
              [0mBratislava[0m
            [36m</p>[39m
          [36m</div>[39m
        [36m</div>[39m
      [36m</div>[39m
    [36m</body>[39m

    [0m [90m 35 |[39m     render([33m<[39m[33mProfileModule[39m user[33m=[39m{mockUser} [33m/[39m[33m>
[39m)[33m;[39m
     [90m 36 |[39m     
    [31m[1m>[22m[39m[90m 37 |[39m     expect(screen[33m.[39mgetByText([32m'Test User'[39m))[33m.[39mtoB
eInTheDocument()[33m;[39m
     [90m    |[39m                   [31m[1m^[22m[39m
     [90m 38 |[39m     expect(screen[33m.[39mgetByText([35m/@testuser/[39m))[33m.[39mtoBeInTheDocument()[3
3m;[39m
     [90m 39 |[39m     expect(screen[33m.[39mgetByText([35m/Jednotlivec/[39m))[33m.[39mtoBeInTheDocument()
[33m;[39m
     [90m 40 |[39m   })[33m;[39m[0m

      at Object.getElementError (node_modules/@testing-library/react/node_modules/@testing-library/dom/dist/config.
js:37:19)
      at node_modules/@testing-library/react/node_modules/@testing-library/dom/dist/query-helpers.js:76:38
      at node_modules/@testing-library/react/node_modules/@testing-library/dom/dist/query-helpers.js:52:17
      at node_modules/@testing-library/react/node_modules/@testing-library/dom/dist/query-helpers.js:95:19
      at Object.getByText (src/components/dashboard/__tests__/ProfileModule.test.tsx:37:19)

  ΓùÅ ProfileModule ΓÇ║ shows verified badge for verified users

    TestingLibraryElementError: Unable to find an element with the text: Overen├╜. This could be because the text i
s broken up by multiple elements. In this case, you can provide a function for your text matcher to make your match
er more flexible.

    Ignored nodes: comments, script, style
    [36m<body>[39m
      [36m<div>[39m
        [36m<div[39m
          [33mclass[39m=[32m"max-w-2xl mx-auto"[39m
        [36m>[39m
          [36m<div[39m
            [33mclass[39m=[32m"flex items-center gap-6 mb-6"[39m
          [36m>[39m
            [36m<div[39m
              [33mclass[39m=[32m"mb-6 relative inline-block"[39m
            [36m>[39m
              [36m<div[39m
                [33mclass[39m=[32m"w-48 h-48 text-6xl rounded-full mx-auto bg-purple-100 flex items-center justi
fy-center border-4 border-purple-200"[39m
              [36m>[39m
                [36m<span[39m
                  [33mclass[39m=[32m"font-bold text-purple-600"[39m
                [36m>[39m
                  [0mTU[0m
                [36m</span>[39m
              [36m</div>[39m
              [36m<div[39m
                [33mclass[39m=[32m"absolute bottom-0 right-0 z-10"[39m
              [36m>[39m
                [36m<div[39m
                  [33mclass[39m=[32m"relative"[39m
                [36m>[39m
                  [36m<button[39m
                    [33mclass[39m=[32m"bg-purple-600 hover:bg-purple-700 text-white p-2 rounded-full shadow-lg t
ransition-colors disabled:opacity-50 disabled:cursor-not-allowed"[39m
                    [33mtitle[39m=[32m"Prida┼Ñ fotku"[39m
                  [36m>[39m
                    [36m<svg[39m
                      [33maria-hidden[39m=[32m"true"[39m
                      [33mclass[39m=[32m"w-4 h-4"[39m
                      [33mdata-slot[39m=[32m"icon"[39m
                      [33mfill[39m=[32m"none"[39m
                      [33mstroke[39m=[32m"currentColor"[39m
                      [33mstroke-width[39m=[32m"1.5"[39m
                      [33mviewBox[39m=[32m"0 0 24 24"[39m
                      [33mxmlns[39m=[32m"http://www.w3.org/2000/svg"[39m
                    [36m>[39m
                      [36m<path[39m
                        [33md[39m=[32m"M6.827 6.175A2.31 2.31 0 0 1 5.186 7.23c-.38.054-.757.112-1.134.175C2.999
 7.58 2.25 8.507 2.25 9.574V18a2.25 2.25 0 0 0 2.25 2.25h15A2.25 2.25 0 0 0 21.75 18V9.574c0-1.067-.75-1.994-1.802-
2.169a47.865 47.865 0 0 0-1.134-.175 2.31 2.31 0 0 1-1.64-1.055l-.822-1.316a2.192 2.192 0 0 0-1.736-1.039 48.774 48
.774 0 0 0-5.232 0 2.192 2.192 0 0 0-1.736 1.039l-.821 1.316Z"[39m
                        [33mstroke-linecap[39m=[32m"round"[39m
                        [33mstroke-linejoin[39m=[32m"round"[39m
                      [36m/>[39m
                      [36m<path[39m
                        [33md[39m=[32m"M16.5 12.75a4.5 4.5 0 1 1-9 0 4.5 4.5 0 0 1 9 0ZM18.75 10.5h.008v.008h-.0
08V10.5Z"[39m
                        [33mstroke-linecap[39m=[32m"round"[39m
                        [33mstroke-linejoin[39m=[32m"round"[39m
                      [36m/>[39m
                    [36m</svg>[39m
                  [36m</button>[39m
                  [36m<input[39m
                    [33maccept[39m=[32m"image/*"[39m
                    [33mclass[39m=[32m"hidden"[39m
                    [33mtype[39m=[32m"file"[39m
                  [36m/>[39m
                [36m</div>[39m
              [36m</div>[39m
            [36m</div>[39m
            [36m<button[39m
              [33mclass[39m=[32m"px-12 py-2 bg-purple-100 text-purple-800 border border-purple-200 rounded-lg tr
ansition-colors hover:bg-purple-200"[39m
            [36m>[39m
              [0mUpravi┼Ñ profil[0m
            [36m</button>[39m
            [36m<button[39m
              [33mclass[39m=[32m"px-12 py-2 bg-purple-100 text-purple-800 border border-purple-200 rounded-lg tr
ansition-colors hover:bg-purple-200"[39m
            [36m>[39m
              [0mZru─ìnosti[0m
            [36m</button>[39m
          [36m</div>[39m
          [36m<div[39m
            [33mclass[39m=[32m"text-center"[39m
          [36m>[39m
            [36m<p[39m
              [33mclass[39m=[32m"text-gray-500"[39m
            [36m>[39m
              [0m∩┐╜∩┐╜ [0m
              [0mBratislava[0m
            [36m</p>[39m
          [36m</div>[39m
        [36m</div>[39m
      [36m</div>[39m
    [36m</body>[39m

    [0m [90m 43 |[39m     render([33m<[39m[33mProfileModule[39m user[33m=[39m{mockUser} [33m/[39m[33m>
[39m)[33m;[39m
     [90m 44 |[39m     
    [31m[1m>[22m[39m[90m 45 |[39m     expect(screen[33m.[39mgetByText([32m'Overen├╜'[39m))[33m.[39mtoBe
InTheDocument()[33m;[39m
     [90m    |[39m                   [31m[1m^[22m[39m
     [90m 46 |[39m   })[33m;[39m
     [90m 47 |[39m
     [90m 48 |[39m   it([32m'displays user bio'[39m[33m,[39m () [33m=>[39m {[0m

      at Object.getElementError (node_modules/@testing-library/react/node_modules/@testing-library/dom/dist/config.
js:37:19)
      at node_modules/@testing-library/react/node_modules/@testing-library/dom/dist/query-helpers.js:76:38
      at node_modules/@testing-library/react/node_modules/@testing-library/dom/dist/query-helpers.js:52:17
      at node_modules/@testing-library/react/node_modules/@testing-library/dom/dist/query-helpers.js:95:19
      at Object.getByText (src/components/dashboard/__tests__/ProfileModule.test.tsx:45:19)

  ΓùÅ ProfileModule ΓÇ║ displays user bio

    TestingLibraryElementError: Unable to find an element with the text: Test bio. This could be because the text i
s broken up by multiple elements. In this case, you can provide a function for your text matcher to make your match
er more flexible.

    Ignored nodes: comments, script, style
    [36m<body>[39m
      [36m<div>[39m
        [36m<div[39m
          [33mclass[39m=[32m"max-w-2xl mx-auto"[39m
        [36m>[39m
          [36m<div[39m
            [33mclass[39m=[32m"flex items-center gap-6 mb-6"[39m
          [36m>[39m
            [36m<div[39m
              [33mclass[39m=[32m"mb-6 relative inline-block"[39m
            [36m>[39m
              [36m<div[39m
                [33mclass[39m=[32m"w-48 h-48 text-6xl rounded-full mx-auto bg-purple-100 flex items-center justi
fy-center border-4 border-purple-200"[39m
              [36m>[39m
                [36m<span[39m
                  [33mclass[39m=[32m"font-bold text-purple-600"[39m
                [36m>[39m
                  [0mTU[0m
                [36m</span>[39m
              [36m</div>[39m
              [36m<div[39m
                [33mclass[39m=[32m"absolute bottom-0 right-0 z-10"[39m
              [36m>[39m
                [36m<div[39m
                  [33mclass[39m=[32m"relative"[39m
                [36m>[39m
                  [36m<button[39m
                    [33mclass[39m=[32m"bg-purple-600 hover:bg-purple-700 text-white p-2 rounded-full shadow-lg t
ransition-colors disabled:opacity-50 disabled:cursor-not-allowed"[39m
                    [33mtitle[39m=[32m"Prida┼Ñ fotku"[39m
                  [36m>[39m
                    [36m<svg[39m
                      [33maria-hidden[39m=[32m"true"[39m
                      [33mclass[39m=[32m"w-4 h-4"[39m
                      [33mdata-slot[39m=[32m"icon"[39m
                      [33mfill[39m=[32m"none"[39m
                      [33mstroke[39m=[32m"currentColor"[39m
                      [33mstroke-width[39m=[32m"1.5"[39m
                      [33mviewBox[39m=[32m"0 0 24 24"[39m
                      [33mxmlns[39m=[32m"http://www.w3.org/2000/svg"[39m
                    [36m>[39m
                      [36m<path[39m
                        [33md[39m=[32m"M6.827 6.175A2.31 2.31 0 0 1 5.186 7.23c-.38.054-.757.112-1.134.175C2.999
 7.58 2.25 8.507 2.25 9.574V18a2.25 2.25 0 0 0 2.25 2.25h15A2.25 2.25 0 0 0 21.75 18V9.574c0-1.067-.75-1.994-1.802-
2.169a47.865 47.865 0 0 0-1.134-.175 2.31 2.31 0 0 1-1.64-1.055l-.822-1.316a2.192 2.192 0 0 0-1.736-1.039 48.774 48
.774 0 0 0-5.232 0 2.192 2.192 0 0 0-1.736 1.039l-.821 1.316Z"[39m
                        [33mstroke-linecap[39m=[32m"round"[39m
                        [33mstroke-linejoin[39m=[32m"round"[39m
                      [36m/>[39m
                      [36m<path[39m
                        [33md[39m=[32m"M16.5 12.75a4.5 4.5 0 1 1-9 0 4.5 4.5 0 0 1 9 0ZM18.75 10.5h.008v.008h-.0
08V10.5Z"[39m
                        [33mstroke-linecap[39m=[32m"round"[39m
                        [33mstroke-linejoin[39m=[32m"round"[39m
                      [36m/>[39m
                    [36m</svg>[39m
                  [36m</button>[39m
                  [36m<input[39m
                    [33maccept[39m=[32m"image/*"[39m
                    [33mclass[39m=[32m"hidden"[39m
                    [33mtype[39m=[32m"file"[39m
                  [36m/>[39m
                [36m</div>[39m
              [36m</div>[39m
            [36m</div>[39m
            [36m<button[39m
              [33mclass[39m=[32m"px-12 py-2 bg-purple-100 text-purple-800 border border-purple-200 rounded-lg tr
ansition-colors hover:bg-purple-200"[39m
            [36m>[39m
              [0mUpravi┼Ñ profil[0m
            [36m</button>[39m
            [36m<button[39m
              [33mclass[39m=[32m"px-12 py-2 bg-purple-100 text-purple-800 border border-purple-200 rounded-lg tr
ansition-colors hover:bg-purple-200"[39m
            [36m>[39m
              [0mZru─ìnosti[0m
            [36m</button>[39m
          [36m</div>[39m
          [36m<div[39m
            [33mclass[39m=[32m"text-center"[39m
          [36m>[39m
            [36m<p[39m
              [33mclass[39m=[32m"text-gray-500"[39m
            [36m>[39m
              [0m∩┐╜∩┐╜ [0m
              [0mBratislava[0m
            [36m</p>[39m
          [36m</div>[39m
        [36m</div>[39m
      [36m</div>[39m
    [36m</body>[39m

    [0m [90m 49 |[39m     render([33m<[39m[33mProfileModule[39m user[33m=[39m{mockUser} [33m/[39m[33m>
[39m)[33m;[39m
     [90m 50 |[39m     
    [31m[1m>[22m[39m[90m 51 |[39m     expect(screen[33m.[39mgetByText([32m'Test bio'[39m))[33m.[39mtoBe
InTheDocument()[33m;[39m
     [90m    |[39m                   [31m[1m^[22m[39m
     [90m 52 |[39m   })[33m;[39m
     [90m 53 |[39m
     [90m 54 |[39m   it([32m'shows contact information'[39m[33m,[39m () [33m=>[39m {[0m

      at Object.getElementError (node_modules/@testing-library/react/node_modules/@testing-library/dom/dist/config.
js:37:19)
      at node_modules/@testing-library/react/node_modules/@testing-library/dom/dist/query-helpers.js:76:38
      at node_modules/@testing-library/react/node_modules/@testing-library/dom/dist/query-helpers.js:52:17
      at node_modules/@testing-library/react/node_modules/@testing-library/dom/dist/query-helpers.js:95:19
      at Object.getByText (src/components/dashboard/__tests__/ProfileModule.test.tsx:51:19)

  ΓùÅ ProfileModule ΓÇ║ shows contact information

    TestingLibraryElementError: Unable to find an element with the text: Bratislava. This could be because the text
 is broken up by multiple elements. In this case, you can provide a function for your text matcher to make your mat
cher more flexible.

    Ignored nodes: comments, script, style
    [36m<body>[39m
      [36m<div>[39m
        [36m<div[39m
          [33mclass[39m=[32m"max-w-2xl mx-auto"[39m
        [36m>[39m
          [36m<div[39m
            [33mclass[39m=[32m"flex items-center gap-6 mb-6"[39m
          [36m>[39m
            [36m<div[39m
              [33mclass[39m=[32m"mb-6 relative inline-block"[39m
            [36m>[39m
              [36m<div[39m
                [33mclass[39m=[32m"w-48 h-48 text-6xl rounded-full mx-auto bg-purple-100 flex items-center justi
fy-center border-4 border-purple-200"[39m
              [36m>[39m
                [36m<span[39m
                  [33mclass[39m=[32m"font-bold text-purple-600"[39m
                [36m>[39m
                  [0mTU[0m
                [36m</span>[39m
              [36m</div>[39m
              [36m<div[39m
                [33mclass[39m=[32m"absolute bottom-0 right-0 z-10"[39m
              [36m>[39m
                [36m<div[39m
                  [33mclass[39m=[32m"relative"[39m
                [36m>[39m
                  [36m<button[39m
                    [33mclass[39m=[32m"bg-purple-600 hover:bg-purple-700 text-white p-2 rounded-full shadow-lg t
ransition-colors disabled:opacity-50 disabled:cursor-not-allowed"[39m
                    [33mtitle[39m=[32m"Prida┼Ñ fotku"[39m
                  [36m>[39m
                    [36m<svg[39m
                      [33maria-hidden[39m=[32m"true"[39m
                      [33mclass[39m=[32m"w-4 h-4"[39m
                      [33mdata-slot[39m=[32m"icon"[39m
                      [33mfill[39m=[32m"none"[39m
                      [33mstroke[39m=[32m"currentColor"[39m
                      [33mstroke-width[39m=[32m"1.5"[39m
                      [33mviewBox[39m=[32m"0 0 24 24"[39m
                      [33mxmlns[39m=[32m"http://www.w3.org/2000/svg"[39m
                    [36m>[39m
                      [36m<path[39m
                        [33md[39m=[32m"M6.827 6.175A2.31 2.31 0 0 1 5.186 7.23c-.38.054-.757.112-1.134.175C2.999
 7.58 2.25 8.507 2.25 9.574V18a2.25 2.25 0 0 0 2.25 2.25h15A2.25 2.25 0 0 0 21.75 18V9.574c0-1.067-.75-1.994-1.802-
2.169a47.865 47.865 0 0 0-1.134-.175 2.31 2.31 0 0 1-1.64-1.055l-.822-1.316a2.192 2.192 0 0 0-1.736-1.039 48.774 48
.774 0 0 0-5.232 0 2.192 2.192 0 0 0-1.736 1.039l-.821 1.316Z"[39m
                        [33mstroke-linecap[39m=[32m"round"[39m
                        [33mstroke-linejoin[39m=[32m"round"[39m
                      [36m/>[39m
                      [36m<path[39m
                        [33md[39m=[32m"M16.5 12.75a4.5 4.5 0 1 1-9 0 4.5 4.5 0 0 1 9 0ZM18.75 10.5h.008v.008h-.0
08V10.5Z"[39m
                        [33mstroke-linecap[39m=[32m"round"[39m
                        [33mstroke-linejoin[39m=[32m"round"[39m
                      [36m/>[39m
                    [36m</svg>[39m
                  [36m</button>[39m
                  [36m<input[39m
                    [33maccept[39m=[32m"image/*"[39m
                    [33mclass[39m=[32m"hidden"[39m
                    [33mtype[39m=[32m"file"[39m
                  [36m/>[39m
                [36m</div>[39m
              [36m</div>[39m
            [36m</div>[39m
            [36m<button[39m
              [33mclass[39m=[32m"px-12 py-2 bg-purple-100 text-purple-800 border border-purple-200 rounded-lg tr
ansition-colors hover:bg-purple-200"[39m
            [36m>[39m
              [0mUpravi┼Ñ profil[0m
            [36m</button>[39m
            [36m<button[39m
              [33mclass[39m=[32m"px-12 py-2 bg-purple-100 text-purple-800 border border-purple-200 rounded-lg tr
ansition-colors hover:bg-purple-200"[39m
            [36m>[39m
              [0mZru─ìnosti[0m
            [36m</button>[39m
          [36m</div>[39m
          [36m<div[39m
            [33mclass[39m=[32m"text-center"[39m
          [36m>[39m
            [36m<p[39m
              [33mclass[39m=[32m"text-gray-500"[39m
            [36m>[39m
              [0m∩┐╜∩┐╜ [0m
              [0mBratislava[0m
            [36m</p>[39m
          [36m</div>[39m
        [36m</div>[39m
      [36m</div>[39m
    [36m</body>[39m

    [0m [90m 55 |[39m     render([33m<[39m[33mProfileModule[39m user[33m=[39m{mockUser} [33m/[39m[33m>
[39m)[33m;[39m
     [90m 56 |[39m     
    [31m[1m>[22m[39m[90m 57 |[39m     expect(screen[33m.[39mgetByText([32m'Bratislava'[39m))[33m.[39mto
BeInTheDocument()[33m;[39m
     [90m    |[39m                   [31m[1m^[22m[39m
     [90m 58 |[39m     expect(screen[33m.[39mgetByText([32m'https://test.com'[39m))[33m.[39mtoBeInTheDocume
nt()[33m;[39m
     [90m 59 |[39m   })[33m;[39m
     [90m 60 |[39m[0m

      at Object.getElementError (node_modules/@testing-library/react/node_modules/@testing-library/dom/dist/config.
js:37:19)
      at node_modules/@testing-library/react/node_modules/@testing-library/dom/dist/query-helpers.js:76:38
      at node_modules/@testing-library/react/node_modules/@testing-library/dom/dist/query-helpers.js:52:17
      at node_modules/@testing-library/react/node_modules/@testing-library/dom/dist/query-helpers.js:95:19
      at Object.getByText (src/components/dashboard/__tests__/ProfileModule.test.tsx:57:19)

  ΓùÅ ProfileModule ΓÇ║ renders social media links

    TestingLibraryElementError: Unable to find an element with the text: LinkedIn. This could be because the text i
s broken up by multiple elements. In this case, you can provide a function for your text matcher to make your match
er more flexible.

    Ignored nodes: comments, script, style
    [36m<body>[39m
      [36m<div>[39m
        [36m<div[39m
          [33mclass[39m=[32m"max-w-2xl mx-auto"[39m
        [36m>[39m
          [36m<div[39m
            [33mclass[39m=[32m"flex items-center gap-6 mb-6"[39m
          [36m>[39m
            [36m<div[39m
              [33mclass[39m=[32m"mb-6 relative inline-block"[39m
            [36m>[39m
              [36m<div[39m
                [33mclass[39m=[32m"w-48 h-48 text-6xl rounded-full mx-auto bg-purple-100 flex items-center justi
fy-center border-4 border-purple-200"[39m
              [36m>[39m
                [36m<span[39m
                  [33mclass[39m=[32m"font-bold text-purple-600"[39m
                [36m>[39m
                  [0mTU[0m
                [36m</span>[39m
              [36m</div>[39m
              [36m<div[39m
                [33mclass[39m=[32m"absolute bottom-0 right-0 z-10"[39m
              [36m>[39m
                [36m<div[39m
                  [33mclass[39m=[32m"relative"[39m
                [36m>[39m
                  [36m<button[39m
                    [33mclass[39m=[32m"bg-purple-600 hover:bg-purple-700 text-white p-2 rounded-full shadow-lg t
ransition-colors disabled:opacity-50 disabled:cursor-not-allowed"[39m
                    [33mtitle[39m=[32m"Prida┼Ñ fotku"[39m
                  [36m>[39m
                    [36m<svg[39m
                      [33maria-hidden[39m=[32m"true"[39m
                      [33mclass[39m=[32m"w-4 h-4"[39m
                      [33mdata-slot[39m=[32m"icon"[39m
                      [33mfill[39m=[32m"none"[39m
                      [33mstroke[39m=[32m"currentColor"[39m
                      [33mstroke-width[39m=[32m"1.5"[39m
                      [33mviewBox[39m=[32m"0 0 24 24"[39m
                      [33mxmlns[39m=[32m"http://www.w3.org/2000/svg"[39m
                    [36m>[39m
                      [36m<path[39m
                        [33md[39m=[32m"M6.827 6.175A2.31 2.31 0 0 1 5.186 7.23c-.38.054-.757.112-1.134.175C2.999
 7.58 2.25 8.507 2.25 9.574V18a2.25 2.25 0 0 0 2.25 2.25h15A2.25 2.25 0 0 0 21.75 18V9.574c0-1.067-.75-1.994-1.802-
2.169a47.865 47.865 0 0 0-1.134-.175 2.31 2.31 0 0 1-1.64-1.055l-.822-1.316a2.192 2.192 0 0 0-1.736-1.039 48.774 48
.774 0 0 0-5.232 0 2.192 2.192 0 0 0-1.736 1.039l-.821 1.316Z"[39m
                        [33mstroke-linecap[39m=[32m"round"[39m
                        [33mstroke-linejoin[39m=[32m"round"[39m
                      [36m/>[39m
                      [36m<path[39m
                        [33md[39m=[32m"M16.5 12.75a4.5 4.5 0 1 1-9 0 4.5 4.5 0 0 1 9 0ZM18.75 10.5h.008v.008h-.0
08V10.5Z"[39m
                        [33mstroke-linecap[39m=[32m"round"[39m
                        [33mstroke-linejoin[39m=[32m"round"[39m
                      [36m/>[39m
                    [36m</svg>[39m
                  [36m</button>[39m
                  [36m<input[39m
                    [33maccept[39m=[32m"image/*"[39m
                    [33mclass[39m=[32m"hidden"[39m
                    [33mtype[39m=[32m"file"[39m
                  [36m/>[39m
                [36m</div>[39m
              [36m</div>[39m
            [36m</div>[39m
            [36m<button[39m
              [33mclass[39m=[32m"px-12 py-2 bg-purple-100 text-purple-800 border border-purple-200 rounded-lg tr
ansition-colors hover:bg-purple-200"[39m
            [36m>[39m
              [0mUpravi┼Ñ profil[0m
            [36m</button>[39m
            [36m<button[39m
              [33mclass[39m=[32m"px-12 py-2 bg-purple-100 text-purple-800 border border-purple-200 rounded-lg tr
ansition-colors hover:bg-purple-200"[39m
            [36m>[39m
              [0mZru─ìnosti[0m
            [36m</button>[39m
          [36m</div>[39m
          [36m<div[39m
            [33mclass[39m=[32m"text-center"[39m
          [36m>[39m
            [36m<p[39m
              [33mclass[39m=[32m"text-gray-500"[39m
            [36m>[39m
              [0m∩┐╜∩┐╜ [0m
              [0mBratislava[0m
            [36m</p>[39m
          [36m</div>[39m
        [36m</div>[39m
      [36m</div>[39m
    [36m</body>[39m

    [0m [90m 62 |[39m     render([33m<[39m[33mProfileModule[39m user[33m=[39m{mockUser} [33m/[39m[33m>
[39m)[33m;[39m
     [90m 63 |[39m     
    [31m[1m>[22m[39m[90m 64 |[39m     expect(screen[33m.[39mgetByText([32m'LinkedIn'[39m))[33m.[39mtoBe
InTheDocument()[33m;[39m
     [90m    |[39m                   [31m[1m^[22m[39m
     [90m 65 |[39m     expect(screen[33m.[39mgetByText([32m'Facebook'[39m))[33m.[39mtoBeInTheDocument()[33
m;[39m
     [90m 66 |[39m     expect(screen[33m.[39mgetByText([32m'Instagram'[39m))[33m.[39mtoBeInTheDocument()[3
3m;[39m
     [90m 67 |[39m   })[33m;[39m[0m

      at Object.getElementError (node_modules/@testing-library/react/node_modules/@testing-library/dom/dist/config.
js:37:19)
      at node_modules/@testing-library/react/node_modules/@testing-library/dom/dist/query-helpers.js:76:38
      at node_modules/@testing-library/react/node_modules/@testing-library/dom/dist/query-helpers.js:52:17
      at node_modules/@testing-library/react/node_modules/@testing-library/dom/dist/query-helpers.js:95:19
      at Object.getByText (src/components/dashboard/__tests__/ProfileModule.test.tsx:64:19)

  ΓùÅ ProfileModule ΓÇ║ displays profile completeness

    TestingLibraryElementError: Unable to find an element with the text: Kompletnos┼Ñ profilu. This could be becaus
e the text is broken up by multiple elements. In this case, you can provide a function for your text matcher to mak
e your matcher more flexible.

    Ignored nodes: comments, script, style
    [36m<body>[39m
      [36m<div>[39m
        [36m<div[39m
          [33mclass[39m=[32m"max-w-2xl mx-auto"[39m
        [36m>[39m
          [36m<div[39m
            [33mclass[39m=[32m"flex items-center gap-6 mb-6"[39m
          [36m>[39m
            [36m<div[39m
              [33mclass[39m=[32m"mb-6 relative inline-block"[39m
            [36m>[39m
              [36m<div[39m
                [33mclass[39m=[32m"w-48 h-48 text-6xl rounded-full mx-auto bg-purple-100 flex items-center justi
fy-center border-4 border-purple-200"[39m
              [36m>[39m
                [36m<span[39m
                  [33mclass[39m=[32m"font-bold text-purple-600"[39m
                [36m>[39m
                  [0mTU[0m
                [36m</span>[39m
              [36m</div>[39m
              [36m<div[39m
                [33mclass[39m=[32m"absolute bottom-0 right-0 z-10"[39m
              [36m>[39m
                [36m<div[39m
                  [33mclass[39m=[32m"relative"[39m
                [36m>[39m
                  [36m<button[39m
                    [33mclass[39m=[32m"bg-purple-600 hover:bg-purple-700 text-white p-2 rounded-full shadow-lg t
ransition-colors disabled:opacity-50 disabled:cursor-not-allowed"[39m
                    [33mtitle[39m=[32m"Prida┼Ñ fotku"[39m
                  [36m>[39m
                    [36m<svg[39m
                      [33maria-hidden[39m=[32m"true"[39m
                      [33mclass[39m=[32m"w-4 h-4"[39m
                      [33mdata-slot[39m=[32m"icon"[39m
                      [33mfill[39m=[32m"none"[39m
                      [33mstroke[39m=[32m"currentColor"[39m
                      [33mstroke-width[39m=[32m"1.5"[39m
                      [33mviewBox[39m=[32m"0 0 24 24"[39m
                      [33mxmlns[39m=[32m"http://www.w3.org/2000/svg"[39m
                    [36m>[39m
                      [36m<path[39m
                        [33md[39m=[32m"M6.827 6.175A2.31 2.31 0 0 1 5.186 7.23c-.38.054-.757.112-1.134.175C2.999
 7.58 2.25 8.507 2.25 9.574V18a2.25 2.25 0 0 0 2.25 2.25h15A2.25 2.25 0 0 0 21.75 18V9.574c0-1.067-.75-1.994-1.802-
2.169a47.865 47.865 0 0 0-1.134-.175 2.31 2.31 0 0 1-1.64-1.055l-.822-1.316a2.192 2.192 0 0 0-1.736-1.039 48.774 48
.774 0 0 0-5.232 0 2.192 2.192 0 0 0-1.736 1.039l-.821 1.316Z"[39m
                        [33mstroke-linecap[39m=[32m"round"[39m
                        [33mstroke-linejoin[39m=[32m"round"[39m
                      [36m/>[39m
                      [36m<path[39m
                        [33md[39m=[32m"M16.5 12.75a4.5 4.5 0 1 1-9 0 4.5 4.5 0 0 1 9 0ZM18.75 10.5h.008v.008h-.0
08V10.5Z"[39m
                        [33mstroke-linecap[39m=[32m"round"[39m
                        [33mstroke-linejoin[39m=[32m"round"[39m
                      [36m/>[39m
                    [36m</svg>[39m
                  [36m</button>[39m
                  [36m<input[39m
                    [33maccept[39m=[32m"image/*"[39m
                    [33mclass[39m=[32m"hidden"[39m
                    [33mtype[39m=[32m"file"[39m
                  [36m/>[39m
                [36m</div>[39m
              [36m</div>[39m
            [36m</div>[39m
            [36m<button[39m
              [33mclass[39m=[32m"px-12 py-2 bg-purple-100 text-purple-800 border border-purple-200 rounded-lg tr
ansition-colors hover:bg-purple-200"[39m
            [36m>[39m
              [0mUpravi┼Ñ profil[0m
            [36m</button>[39m
            [36m<button[39m
              [33mclass[39m=[32m"px-12 py-2 bg-purple-100 text-purple-800 border border-purple-200 rounded-lg tr
ansition-colors hover:bg-purple-200"[39m
            [36m>[39m
              [0mZru─ìnosti[0m
            [36m</button>[39m
          [36m</div>[39m
          [36m<div[39m
            [33mclass[39m=[32m"text-center"[39m
          [36m>[39m
            [36m<p[39m
              [33mclass[39m=[32m"text-gray-500"[39m
            [36m>[39m
              [0m∩┐╜∩┐╜ [0m
              [0mBratislava[0m
            [36m</p>[39m
          [36m</div>[39m
        [36m</div>[39m
      [36m</div>[39m
    [36m</body>[39m

    [0m [90m 70 |[39m     render([33m<[39m[33mProfileModule[39m user[33m=[39m{mockUser} [33m/[39m[33m>
[39m)[33m;[39m
     [90m 71 |[39m     
    [31m[1m>[22m[39m[90m 72 |[39m     expect(screen[33m.[39mgetByText([32m'Kompletnos┼Ñ profilu'[39m))[3
3m.[39mtoBeInTheDocument()[33m;[39m
     [90m    |[39m                   [31m[1m^[22m[39m
     [90m 73 |[39m     expect(screen[33m.[39mgetByText([32m'85%'[39m))[33m.[39mtoBeInTheDocument()[33m;[3
9m
     [90m 74 |[39m   })[33m;[39m
     [90m 75 |[39m[0m

      at Object.getElementError (node_modules/@testing-library/react/node_modules/@testing-library/dom/dist/config.
js:37:19)
      at node_modules/@testing-library/react/node_modules/@testing-library/dom/dist/query-helpers.js:76:38
      at node_modules/@testing-library/react/node_modules/@testing-library/dom/dist/query-helpers.js:52:17
      at node_modules/@testing-library/react/node_modules/@testing-library/dom/dist/query-helpers.js:95:19
      at Object.getByText (src/components/dashboard/__tests__/ProfileModule.test.tsx:72:19)

  ΓùÅ ProfileModule ΓÇ║ shows profile completeness warning when less than 100%

    TestingLibraryElementError: Unable to find an element with the text: Dokon─ìite svoj profil pre lep┼íiu vidite─
╛nos┼Ñ a viac mo┼╛nost├¡. This could be because the text is broken up by multiple elements. In this case, you can p
rovide a function for your text matcher to make your matcher more flexible.

    Ignored nodes: comments, script, style
    [36m<body>[39m
      [36m<div>[39m
        [36m<div[39m
          [33mclass[39m=[32m"max-w-2xl mx-auto"[39m
        [36m>[39m
          [36m<div[39m
            [33mclass[39m=[32m"flex items-center gap-6 mb-6"[39m
          [36m>[39m
            [36m<div[39m
              [33mclass[39m=[32m"mb-6 relative inline-block"[39m
            [36m>[39m
              [36m<div[39m
                [33mclass[39m=[32m"w-48 h-48 text-6xl rounded-full mx-auto bg-purple-100 flex items-center justi
fy-center border-4 border-purple-200"[39m
              [36m>[39m
                [36m<span[39m
                  [33mclass[39m=[32m"font-bold text-purple-600"[39m
                [36m>[39m
                  [0mTU[0m
                [36m</span>[39m
              [36m</div>[39m
              [36m<div[39m
                [33mclass[39m=[32m"absolute bottom-0 right-0 z-10"[39m
              [36m>[39m
                [36m<div[39m
                  [33mclass[39m=[32m"relative"[39m
                [36m>[39m
                  [36m<button[39m
                    [33mclass[39m=[32m"bg-purple-600 hover:bg-purple-700 text-white p-2 rounded-full shadow-lg t
ransition-colors disabled:opacity-50 disabled:cursor-not-allowed"[39m
                    [33mtitle[39m=[32m"Prida┼Ñ fotku"[39m
                  [36m>[39m
                    [36m<svg[39m
                      [33maria-hidden[39m=[32m"true"[39m
                      [33mclass[39m=[32m"w-4 h-4"[39m
                      [33mdata-slot[39m=[32m"icon"[39m
                      [33mfill[39m=[32m"none"[39m
                      [33mstroke[39m=[32m"currentColor"[39m
                      [33mstroke-width[39m=[32m"1.5"[39m
                      [33mviewBox[39m=[32m"0 0 24 24"[39m
                      [33mxmlns[39m=[32m"http://www.w3.org/2000/svg"[39m
                    [36m>[39m
                      [36m<path[39m
                        [33md[39m=[32m"M6.827 6.175A2.31 2.31 0 0 1 5.186 7.23c-.38.054-.757.112-1.134.175C2.999
 7.58 2.25 8.507 2.25 9.574V18a2.25 2.25 0 0 0 2.25 2.25h15A2.25 2.25 0 0 0 21.75 18V9.574c0-1.067-.75-1.994-1.802-
2.169a47.865 47.865 0 0 0-1.134-.175 2.31 2.31 0 0 1-1.64-1.055l-.822-1.316a2.192 2.192 0 0 0-1.736-1.039 48.774 48
.774 0 0 0-5.232 0 2.192 2.192 0 0 0-1.736 1.039l-.821 1.316Z"[39m
                        [33mstroke-linecap[39m=[32m"round"[39m
                        [33mstroke-linejoin[39m=[32m"round"[39m
                      [36m/>[39m
                      [36m<path[39m
                        [33md[39m=[32m"M16.5 12.75a4.5 4.5 0 1 1-9 0 4.5 4.5 0 0 1 9 0ZM18.75 10.5h.008v.008h-.0
08V10.5Z"[39m
                        [33mstroke-linecap[39m=[32m"round"[39m
                        [33mstroke-linejoin[39m=[32m"round"[39m
                      [36m/>[39m
                    [36m</svg>[39m
                  [36m</button>[39m
                  [36m<input[39m
                    [33maccept[39m=[32m"image/*"[39m
                    [33mclass[39m=[32m"hidden"[39m
                    [33mtype[39m=[32m"file"[39m
                  [36m/>[39m
                [36m</div>[39m
              [36m</div>[39m
            [36m</div>[39m
            [36m<button[39m
              [33mclass[39m=[32m"px-12 py-2 bg-purple-100 text-purple-800 border border-purple-200 rounded-lg tr
ansition-colors hover:bg-purple-200"[39m
            [36m>[39m
              [0mUpravi┼Ñ profil[0m
            [36m</button>[39m
            [36m<button[39m
              [33mclass[39m=[32m"px-12 py-2 bg-purple-100 text-purple-800 border border-purple-200 rounded-lg tr
ansition-colors hover:bg-purple-200"[39m
            [36m>[39m
              [0mZru─ìnosti[0m
            [36m</button>[39m
          [36m</div>[39m
          [36m<div[39m
            [33mclass[39m=[32m"text-center"[39m
          [36m>[39m
            [36m<p[39m
              [33mclass[39m=[32m"text-gray-500"[39m
            [36m>[39m
              [0m∩┐╜∩┐╜ [0m
              [0mBratislava[0m
            [36m</p>[39m
          [36m</div>[39m
        [36m</div>[39m
      [36m</div>[39m
    [36m</body>[39m

    [0m [90m 77 |[39m     render([33m<[39m[33mProfileModule[39m user[33m=[39m{mockUser} [33m/[39m[33m>
[39m)[33m;[39m
     [90m 78 |[39m     
    [31m[1m>[22m[39m[90m 79 |[39m     expect(screen[33m.[39mgetByText([32m'Dokon─ìite svoj profil pre lep┼
íiu vidite─╛nos┼Ñ a viac mo┼╛nost├¡'[39m))[33m.[39mtoBeInTheDocument()[33m;[39m
     [90m    |[39m                   [31m[1m^[22m[39m
     [90m 80 |[39m   })[33m;[39m
     [90m 81 |[39m
     [90m 82 |[39m   it([32m'renders edit profile button'[39m[33m,[39m () [33m=>[39m {[0m

      at Object.getElementError (node_modules/@testing-library/react/node_modules/@testing-library/dom/dist/config.
js:37:19)
      at node_modules/@testing-library/react/node_modules/@testing-library/dom/dist/query-helpers.js:76:38
      at node_modules/@testing-library/react/node_modules/@testing-library/dom/dist/query-helpers.js:52:17
      at node_modules/@testing-library/react/node_modules/@testing-library/dom/dist/query-helpers.js:95:19
      at Object.getByText (src/components/dashboard/__tests__/ProfileModule.test.tsx:79:19)

  ΓùÅ ProfileModule ΓÇ║ calls onEditProfile when edit button is clicked

    expect(jest.fn()).toHaveBeenCalled()

    Expected number of calls: >= 1
    Received number of calls:    0

    [0m [90m 93 |[39m     fireEvent[33m.[39mclick(editButton)[33m;[39m
     [90m 94 |[39m     
    [31m[1m>[22m[39m[90m 95 |[39m     expect(mockOnEditProfile)[33m.[39mtoHaveBeenCalled()[33m;[39m
     [90m    |[39m                               [31m[1m^[22m[39m
     [90m 96 |[39m   })[33m;[39m
     [90m 97 |[39m
     [90m 98 |[39m   it([32m'renders skills section'[39m[33m,[39m () [33m=>[39m {[0m

      at Object.toHaveBeenCalled (src/components/dashboard/__tests__/ProfileModule.test.tsx:95:31)

  ΓùÅ ProfileModule ΓÇ║ renders skills section

    TestingLibraryElementError: Unable to find an element with the text: Moje zru─ìnosti. This could be because the
 text is broken up by multiple elements. In this case, you can provide a function for your text matcher to make you
r matcher more flexible.

    Ignored nodes: comments, script, style
    [36m<body>[39m
      [36m<div>[39m
        [36m<div[39m
          [33mclass[39m=[32m"max-w-2xl mx-auto"[39m
        [36m>[39m
          [36m<div[39m
            [33mclass[39m=[32m"flex items-center gap-6 mb-6"[39m
          [36m>[39m
            [36m<div[39m
              [33mclass[39m=[32m"mb-6 relative inline-block"[39m
            [36m>[39m
              [36m<div[39m
                [33mclass[39m=[32m"w-48 h-48 text-6xl rounded-full mx-auto bg-purple-100 flex items-center justi
fy-center border-4 border-purple-200"[39m
              [36m>[39m
                [36m<span[39m
                  [33mclass[39m=[32m"font-bold text-purple-600"[39m
                [36m>[39m
                  [0mTU[0m
                [36m</span>[39m
              [36m</div>[39m
              [36m<div[39m
                [33mclass[39m=[32m"absolute bottom-0 right-0 z-10"[39m
              [36m>[39m
                [36m<div[39m
                  [33mclass[39m=[32m"relative"[39m
                [36m>[39m
                  [36m<button[39m
                    [33mclass[39m=[32m"bg-purple-600 hover:bg-purple-700 text-white p-2 rounded-full shadow-lg t
ransition-colors disabled:opacity-50 disabled:cursor-not-allowed"[39m
                    [33mtitle[39m=[32m"Prida┼Ñ fotku"[39m
                  [36m>[39m
                    [36m<svg[39m
                      [33maria-hidden[39m=[32m"true"[39m
                      [33mclass[39m=[32m"w-4 h-4"[39m
                      [33mdata-slot[39m=[32m"icon"[39m
                      [33mfill[39m=[32m"none"[39m
                      [33mstroke[39m=[32m"currentColor"[39m
                      [33mstroke-width[39m=[32m"1.5"[39m
                      [33mviewBox[39m=[32m"0 0 24 24"[39m
                      [33mxmlns[39m=[32m"http://www.w3.org/2000/svg"[39m
                    [36m>[39m
                      [36m<path[39m
                        [33md[39m=[32m"M6.827 6.175A2.31 2.31 0 0 1 5.186 7.23c-.38.054-.757.112-1.134.175C2.999
 7.58 2.25 8.507 2.25 9.574V18a2.25 2.25 0 0 0 2.25 2.25h15A2.25 2.25 0 0 0 21.75 18V9.574c0-1.067-.75-1.994-1.802-
2.169a47.865 47.865 0 0 0-1.134-.175 2.31 2.31 0 0 1-1.64-1.055l-.822-1.316a2.192 2.192 0 0 0-1.736-1.039 48.774 48
.774 0 0 0-5.232 0 2.192 2.192 0 0 0-1.736 1.039l-.821 1.316Z"[39m
                        [33mstroke-linecap[39m=[32m"round"[39m
                        [33mstroke-linejoin[39m=[32m"round"[39m
                      [36m/>[39m
                      [36m<path[39m
                        [33md[39m=[32m"M16.5 12.75a4.5 4.5 0 1 1-9 0 4.5 4.5 0 0 1 9 0ZM18.75 10.5h.008v.008h-.0
08V10.5Z"[39m
                        [33mstroke-linecap[39m=[32m"round"[39m
                        [33mstroke-linejoin[39m=[32m"round"[39m
                      [36m/>[39m
                    [36m</svg>[39m
                  [36m</button>[39m
                  [36m<input[39m
                    [33maccept[39m=[32m"image/*"[39m
                    [33mclass[39m=[32m"hidden"[39m
                    [33mtype[39m=[32m"file"[39m
                  [36m/>[39m
                [36m</div>[39m
              [36m</div>[39m
            [36m</div>[39m
            [36m<button[39m
              [33mclass[39m=[32m"px-12 py-2 bg-purple-100 text-purple-800 border border-purple-200 rounded-lg tr
ansition-colors hover:bg-purple-200"[39m
            [36m>[39m
              [0mUpravi┼Ñ profil[0m
            [36m</button>[39m
            [36m<button[39m
              [33mclass[39m=[32m"px-12 py-2 bg-purple-100 text-purple-800 border border-purple-200 rounded-lg tr
ansition-colors hover:bg-purple-200"[39m
            [36m>[39m
              [0mZru─ìnosti[0m
            [36m</button>[39m
          [36m</div>[39m
          [36m<div[39m
            [33mclass[39m=[32m"text-center"[39m
          [36m>[39m
            [36m<p[39m
              [33mclass[39m=[32m"text-gray-500"[39m
            [36m>[39m
              [0m∩┐╜∩┐╜ [0m
              [0mBratislava[0m
            [36m</p>[39m
          [36m</div>[39m
        [36m</div>[39m
      [36m</div>[39m
    [36m</body>[39m

    [0m [90m  99 |[39m     render([33m<[39m[33mProfileModule[39m user[33m=[39m{mockUser} [33m/[39m[33m>
[39m)[33m;[39m
     [90m 100 |[39m     
    [31m[1m>[22m[39m[90m 101 |[39m     expect(screen[33m.[39mgetByText([32m'Moje zru─ìnosti'[39m))[33m.
[39mtoBeInTheDocument()[33m;[39m
     [90m     |[39m                   [31m[1m^[22m[39m
     [90m 102 |[39m     expect(screen[33m.[39mgetByText([32m'Prida┼Ñ zru─ìnos┼Ñ'[39m))[33m.[39mtoBeInTheDoc
ument()[33m;[39m
     [90m 103 |[39m   })[33m;[39m
     [90m 104 |[39m[0m

      at Object.getElementError (node_modules/@testing-library/react/node_modules/@testing-library/dom/dist/config.
js:37:19)
      at node_modules/@testing-library/react/node_modules/@testing-library/dom/dist/query-helpers.js:76:38
      at node_modules/@testing-library/react/node_modules/@testing-library/dom/dist/query-helpers.js:52:17
      at node_modules/@testing-library/react/node_modules/@testing-library/dom/dist/query-helpers.js:95:19
      at Object.getByText (src/components/dashboard/__tests__/ProfileModule.test.tsx:101:19)

  ΓùÅ ProfileModule ΓÇ║ shows empty skills state

    TestingLibraryElementError: Unable to find an element with the text: Zatia─╛ nem├íte pridan├⌐ ┼╛iadne zru─ìnost
i. This could be because the text is broken up by multiple elements. In this case, you can provide a function for y
our text matcher to make your matcher more flexible.

    Ignored nodes: comments, script, style
    [36m<body>[39m
      [36m<div>[39m
        [36m<div[39m
          [33mclass[39m=[32m"max-w-2xl mx-auto"[39m
        [36m>[39m
          [36m<div[39m
            [33mclass[39m=[32m"flex items-center gap-6 mb-6"[39m
          [36m>[39m
            [36m<div[39m
              [33mclass[39m=[32m"mb-6 relative inline-block"[39m
            [36m>[39m
              [36m<div[39m
                [33mclass[39m=[32m"w-48 h-48 text-6xl rounded-full mx-auto bg-purple-100 flex items-center justi
fy-center border-4 border-purple-200"[39m
              [36m>[39m
                [36m<span[39m
                  [33mclass[39m=[32m"font-bold text-purple-600"[39m
                [36m>[39m
                  [0mTU[0m
                [36m</span>[39m
              [36m</div>[39m
              [36m<div[39m
                [33mclass[39m=[32m"absolute bottom-0 right-0 z-10"[39m
              [36m>[39m
                [36m<div[39m
                  [33mclass[39m=[32m"relative"[39m
                [36m>[39m
                  [36m<button[39m
                    [33mclass[39m=[32m"bg-purple-600 hover:bg-purple-700 text-white p-2 rounded-full shadow-lg t
ransition-colors disabled:opacity-50 disabled:cursor-not-allowed"[39m
                    [33mtitle[39m=[32m"Prida┼Ñ fotku"[39m
                  [36m>[39m
                    [36m<svg[39m
                      [33maria-hidden[39m=[32m"true"[39m
                      [33mclass[39m=[32m"w-4 h-4"[39m
                      [33mdata-slot[39m=[32m"icon"[39m
                      [33mfill[39m=[32m"none"[39m
                      [33mstroke[39m=[32m"currentColor"[39m
                      [33mstroke-width[39m=[32m"1.5"[39m
                      [33mviewBox[39m=[32m"0 0 24 24"[39m
                      [33mxmlns[39m=[32m"http://www.w3.org/2000/svg"[39m
                    [36m>[39m
                      [36m<path[39m
                        [33md[39m=[32m"M6.827 6.175A2.31 2.31 0 0 1 5.186 7.23c-.38.054-.757.112-1.134.175C2.999
 7.58 2.25 8.507 2.25 9.574V18a2.25 2.25 0 0 0 2.25 2.25h15A2.25 2.25 0 0 0 21.75 18V9.574c0-1.067-.75-1.994-1.802-
2.169a47.865 47.865 0 0 0-1.134-.175 2.31 2.31 0 0 1-1.64-1.055l-.822-1.316a2.192 2.192 0 0 0-1.736-1.039 48.774 48
.774 0 0 0-5.232 0 2.192 2.192 0 0 0-1.736 1.039l-.821 1.316Z"[39m
                        [33mstroke-linecap[39m=[32m"round"[39m
                        [33mstroke-linejoin[39m=[32m"round"[39m
                      [36m/>[39m
                      [36m<path[39m
                        [33md[39m=[32m"M16.5 12.75a4.5 4.5 0 1 1-9 0 4.5 4.5 0 0 1 9 0ZM18.75 10.5h.008v.008h-.0
08V10.5Z"[39m
                        [33mstroke-linecap[39m=[32m"round"[39m
                        [33mstroke-linejoin[39m=[32m"round"[39m
                      [36m/>[39m
                    [36m</svg>[39m
                  [36m</button>[39m
                  [36m<input[39m
                    [33maccept[39m=[32m"image/*"[39m
                    [33mclass[39m=[32m"hidden"[39m
                    [33mtype[39m=[32m"file"[39m
                  [36m/>[39m
                [36m</div>[39m
              [36m</div>[39m
            [36m</div>[39m
            [36m<button[39m
              [33mclass[39m=[32m"px-12 py-2 bg-purple-100 text-purple-800 border border-purple-200 rounded-lg tr
ansition-colors hover:bg-purple-200"[39m
            [36m>[39m
              [0mUpravi┼Ñ profil[0m
            [36m</button>[39m
            [36m<button[39m
              [33mclass[39m=[32m"px-12 py-2 bg-purple-100 text-purple-800 border border-purple-200 rounded-lg tr
ansition-colors hover:bg-purple-200"[39m
            [36m>[39m
              [0mZru─ìnosti[0m
            [36m</button>[39m
          [36m</div>[39m
          [36m<div[39m
            [33mclass[39m=[32m"text-center"[39m
          [36m>[39m
            [36m<p[39m
              [33mclass[39m=[32m"text-gray-500"[39m
            [36m>[39m
              [0m∩┐╜∩┐╜ [0m
              [0mBratislava[0m
            [36m</p>[39m
          [36m</div>[39m
        [36m</div>[39m
      [36m</div>[39m
    [36m</body>[39m

    [0m [90m 106 |[39m     render([33m<[39m[33mProfileModule[39m user[33m=[39m{mockUser} [33m/[39m[33m>
[39m)[33m;[39m
     [90m 107 |[39m     
    [31m[1m>[22m[39m[90m 108 |[39m     expect(screen[33m.[39mgetByText([32m'Zatia─╛ nem├íte pridan├⌐ ┼╛iad
ne zru─ìnosti'[39m))[33m.[39mtoBeInTheDocument()[33m;[39m
     [90m     |[39m                   [31m[1m^[22m[39m
     [90m 109 |[39m   })[33m;[39m
     [90m 110 |[39m
     [90m 111 |[39m   it([32m'renders avatar placeholder when no avatar'[39m[33m,[39m () [33m=>[39m {[0m

      at Object.getElementError (node_modules/@testing-library/react/node_modules/@testing-library/dom/dist/config.
js:37:19)
      at node_modules/@testing-library/react/node_modules/@testing-library/dom/dist/query-helpers.js:76:38
      at node_modules/@testing-library/react/node_modules/@testing-library/dom/dist/query-helpers.js:52:17
      at node_modules/@testing-library/react/node_modules/@testing-library/dom/dist/query-helpers.js:95:19
      at Object.getByText (src/components/dashboard/__tests__/ProfileModule.test.tsx:108:19)

  ΓùÅ ProfileModule ΓÇ║ renders actual avatar when provided

    TestingLibraryElementError: Unable to find an element with the alt text: Test

    Ignored nodes: comments, script, style
    [36m<body>[39m
      [36m<div>[39m
        [36m<div[39m
          [33mclass[39m=[32m"max-w-2xl mx-auto"[39m
        [36m>[39m
          [36m<div[39m
            [33mclass[39m=[32m"flex items-center gap-6 mb-6"[39m
          [36m>[39m
            [36m<div[39m
              [33mclass[39m=[32m"mb-6 relative inline-block"[39m
            [36m>[39m
              [36m<img[39m
                [33malt[39m=[32m"Test User"[39m
                [33mclass[39m=[32m"w-48 h-48 text-6xl rounded-full mx-auto object-cover border-4 border-purple-1
00"[39m
                [33msrc[39m=[32m"https://example.com/avatar.jpg?t=1760207338742"[39m
                [33mstyle[39m=[32m"cursor: pointer;"[39m
              [36m/>[39m
            [36m</div>[39m
            [36m<button[39m
              [33mclass[39m=[32m"px-12 py-2 bg-purple-100 text-purple-800 border border-purple-200 rounded-lg tr
ansition-colors hover:bg-purple-200"[39m
            [36m>[39m
              [0mUpravi┼Ñ profil[0m
            [36m</button>[39m
            [36m<button[39m
              [33mclass[39m=[32m"px-12 py-2 bg-purple-100 text-purple-800 border border-purple-200 rounded-lg tr
ansition-colors hover:bg-purple-200"[39m
            [36m>[39m
              [0mZru─ìnosti[0m
            [36m</button>[39m
          [36m</div>[39m
          [36m<div[39m
            [33mclass[39m=[32m"text-center"[39m
          [36m>[39m
            [36m<p[39m
              [33mclass[39m=[32m"text-gray-500"[39m
            [36m>[39m
              [0m∩┐╜∩┐╜ [0m
              [0mBratislava[0m
            [36m</p>[39m
          [36m</div>[39m
        [36m</div>[39m
      [36m</div>[39m
    [36m</body>[39m

    [0m [90m 122 |[39m     render([33m<[39m[33mProfileModule[39m user[33m=[39m{userWithAvatar} [33m/[39m
[33m>[39m)[33m;[39m
     [90m 123 |[39m     
    [31m[1m>[22m[39m[90m 124 |[39m     [36mconst[39m avatarImage [33m=[39m screen[33m.[39mgetByAltText(
[32m'Test'[39m)[33m;[39m
     [90m     |[39m                                [31m[1m^[22m[39m
     [90m 125 |[39m     expect(avatarImage)[33m.[39mtoBeInTheDocument()[33m;[39m
     [90m 126 |[39m     expect(avatarImage)[33m.[39mtoHaveAttribute([32m'src'[39m[33m,[39m [32m'https://ex
ample.com/avatar.jpg'[39m)[33m;[39m
     [90m 127 |[39m   })[33m;[39m[0m

      at Object.getElementError (node_modules/@testing-library/react/node_modules/@testing-library/dom/dist/config.
js:37:19)
      at node_modules/@testing-library/react/node_modules/@testing-library/dom/dist/query-helpers.js:76:38
      at node_modules/@testing-library/react/node_modules/@testing-library/dom/dist/query-helpers.js:52:17
      at node_modules/@testing-library/react/node_modules/@testing-library/dom/dist/query-helpers.js:95:19
      at Object.getByAltText (src/components/dashboard/__tests__/ProfileModule.test.tsx:124:32)

FAIL src/components/dashboard/modules/profile/__tests__/ProfileCard.test.tsx
  ΓùÅ ProfileCard ΓÇ║ renders without crashing

    TestingLibraryElementError: Unable to find an element with the text: John Doe. This could be because the text i
s broken up by multiple elements. In this case, you can provide a function for your text matcher to make your match
er more flexible.

    Ignored nodes: comments, script, style
    [36m<body>[39m
      [36m<div>[39m
        [36m<div[39m
          [33mclass[39m=[32m"bg-white rounded-lg shadow-sm border border-gray-200 p-8"[39m
        [36m>[39m
          [36m<div[39m
            [33mclass[39m=[32m"mb-6 relative inline-block"[39m
          [36m>[39m
            [36m<div[39m
              [33mclass[39m=[32m"w-48 h-48 text-6xl rounded-full mx-auto bg-purple-100 flex items-center justify
-center border-4 border-purple-200"[39m
            [36m>[39m
              [36m<span[39m
                [33mclass[39m=[32m"font-bold text-purple-600"[39m
              [36m>[39m
                [0mJD[0m
              [36m</span>[39m
            [36m</div>[39m
          [36m</div>[39m
          [36m<div[39m
            [33mclass[39m=[32m"text-center"[39m
          [36m/>[39m
        [36m</div>[39m
      [36m</div>[39m
    [36m</body>[39m

    [0m [90m 20 |[39m   it([32m'renders without crashing'[39m[33m,[39m () [33m=>[39m {
     [90m 21 |[39m     render([33m<[39m[33mProfileCard[39m user[33m=[39m{mockUser} [33m/[39m[33m>[39m)
[33m;[39m
    [31m[1m>[22m[39m[90m 22 |[39m     expect(screen[33m.[39mgetByText([32m'John Doe'[39m))[33m.[39mtoBe
InTheDocument()[33m;[39m
     [90m    |[39m                   [31m[1m^[22m[39m
     [90m 23 |[39m   })[33m;[39m
     [90m 24 |[39m
     [90m 25 |[39m   it([32m'renders UserAvatar component'[39m[33m,[39m () [33m=>[39m {[0m

      at Object.getElementError (node_modules/@testing-library/react/node_modules/@testing-library/dom/dist/config.
js:37:19)
      at node_modules/@testing-library/react/node_modules/@testing-library/dom/dist/query-helpers.js:76:38
      at node_modules/@testing-library/react/node_modules/@testing-library/dom/dist/query-helpers.js:52:17
      at node_modules/@testing-library/react/node_modules/@testing-library/dom/dist/query-helpers.js:95:19
      at Object.getByText (src/components/dashboard/modules/profile/__tests__/ProfileCard.test.tsx:22:19)

  ΓùÅ ProfileCard ΓÇ║ handles user with profile picture

    TestingLibraryElementError: Unable to find an element with the alt text: John Doe

    Ignored nodes: comments, script, style
    [36m<body>[39m
      [36m<div>[39m
        [36m<div[39m
          [33mclass[39m=[32m"bg-white rounded-lg shadow-sm border border-gray-200 p-8"[39m
        [36m>[39m
          [36m<div[39m
            [33mclass[39m=[32m"mb-6 relative inline-block"[39m
          [36m>[39m
            [36m<div[39m
              [33mclass[39m=[32m"w-48 h-48 text-6xl rounded-full mx-auto bg-purple-100 flex items-center justify
-center border-4 border-purple-200"[39m
            [36m>[39m
              [36m<span[39m
                [33mclass[39m=[32m"font-bold text-purple-600"[39m
              [36m>[39m
                [0mJD[0m
              [36m</span>[39m
            [36m</div>[39m
          [36m</div>[39m
          [36m<div[39m
            [33mclass[39m=[32m"text-center"[39m
          [36m/>[39m
        [36m</div>[39m
      [36m</div>[39m
    [36m</body>[39m

    [0m [90m 47 |[39m     
     [90m 48 |[39m     render([33m<[39m[33mProfileCard[39m user[33m=[39m{userWithPicture} [33m/[39m[33m>
[39m)[33m;[39m
    [31m[1m>[22m[39m[90m 49 |[39m     [36mconst[39m img [33m=[39m screen[33m.[39mgetByAltText([32m'Joh
n Doe'[39m)[33m;[39m
     [90m    |[39m                        [31m[1m^[22m[39m
     [90m 50 |[39m     expect(img)[33m.[39mtoBeInTheDocument()[33m;[39m
     [90m 51 |[39m   })[33m;[39m
     [90m 52 |[39m[0m

      at Object.getElementError (node_modules/@testing-library/react/node_modules/@testing-library/dom/dist/config.
js:37:19)
      at node_modules/@testing-library/react/node_modules/@testing-library/dom/dist/query-helpers.js:76:38
      at node_modules/@testing-library/react/node_modules/@testing-library/dom/dist/query-helpers.js:52:17
      at node_modules/@testing-library/react/node_modules/@testing-library/dom/dist/query-helpers.js:95:19
      at Object.getByAltText (src/components/dashboard/modules/profile/__tests__/ProfileCard.test.tsx:49:24)

FAIL src/components/dashboard/modules/profile/__tests__/UserAvatar.test.tsx
  ΓùÅ UserAvatar ΓÇ║ renders profile picture when available

    TestingLibraryElementError: Unable to find an element with the alt text: John Doe

    Ignored nodes: comments, script, style
    [36m<body>[39m
      [36m<div>[39m
        [36m<div[39m
          [33mclass[39m=[32m"mb-6 relative inline-block"[39m
        [36m>[39m
          [36m<div[39m
            [33mclass[39m=[32m"w-48 h-48 text-6xl rounded-full mx-auto bg-purple-100 flex items-center justify-c
enter border-4 border-purple-200"[39m
          [36m>[39m
            [36m<span[39m
              [33mclass[39m=[32m"font-bold text-purple-600"[39m
            [36m>[39m
              [0mJD[0m
            [36m</span>[39m
          [36m</div>[39m
        [36m</div>[39m
      [36m</div>[39m
    [36m</body>[39m

    [0m [90m 30 |[39m     
     [90m 31 |[39m     render([33m<[39m[33mUserAvatar[39m user[33m=[39m{userWithPicture} [33m/[39m[33m>
[39m)[33m;[39m
    [31m[1m>[22m[39m[90m 32 |[39m     [36mconst[39m img [33m=[39m screen[33m.[39mgetByAltText([32m'Joh
n Doe'[39m)[33m;[39m
     [90m    |[39m                        [31m[1m^[22m[39m
     [90m 33 |[39m     expect(img)[33m.[39mtoBeInTheDocument()[33m;[39m
     [90m 34 |[39m     expect(img)[33m.[39mtoHaveAttribute([32m'src'[39m[33m,[39m [32m'https://example.com
/avatar.jpg'[39m)[33m;[39m
     [90m 35 |[39m   })[33m;[39m[0m

      at Object.getElementError (node_modules/@testing-library/react/node_modules/@testing-library/dom/dist/config.
js:37:19)
      at node_modules/@testing-library/react/node_modules/@testing-library/dom/dist/query-helpers.js:76:38
      at node_modules/@testing-library/react/node_modules/@testing-library/dom/dist/query-helpers.js:52:17
      at node_modules/@testing-library/react/node_modules/@testing-library/dom/dist/query-helpers.js:95:19
      at Object.getByAltText (src/components/dashboard/modules/profile/__tests__/UserAvatar.test.tsx:32:24)

  ΓùÅ UserAvatar ΓÇ║ renders correct size classes

    expect(element).toHaveClass("w-32 h-32 text-4xl")

    Expected the element to have class:
      w-32 h-32 text-4xl
    Received:
      w-48 h-48 text-6xl rounded-full mx-auto bg-purple-100 flex items-center justify-center border-4 border-purple
-200

    [0m [90m 43 |[39m
     [90m 44 |[39m     rerender([33m<[39m[33mUserAvatar[39m user[33m=[39m{mockUser} size[33m=[39m[32m"la
rge"[39m [33m/[39m[33m>[39m)[33m;[39m
    [31m[1m>[22m[39m[90m 45 |[39m     expect(screen[33m.[39mgetByText([32m'JD'[39m)[33m.[39mparentEleme
nt)[33m.[39mtoHaveClass([32m'w-32'[39m[33m,[39m [32m'h-32'[39m[33m,[39m [32m'text-4xl'[39m)[33m;[39m
     [90m    |[39m                                                  [31m[1m^[22m[39m
     [90m 46 |[39m   })[33m;[39m
     [90m 47 |[39m
     [90m 48 |[39m   it([32m'handles image load error by showing initials'[39m[33m,[39m () [33m=>[39m {[0m

      at Object.toHaveClass (src/components/dashboard/modules/profile/__tests__/UserAvatar.test.tsx:45:50)

  ΓùÅ UserAvatar ΓÇ║ handles image load error by showing initials

    TestingLibraryElementError: Unable to find an element with the alt text: John Doe

    Ignored nodes: comments, script, style
    [36m<body>[39m
      [36m<div>[39m
        [36m<div[39m
          [33mclass[39m=[32m"mb-6 relative inline-block"[39m
        [36m>[39m
          [36m<div[39m
            [33mclass[39m=[32m"w-48 h-48 text-6xl rounded-full mx-auto bg-purple-100 flex items-center justify-c
enter border-4 border-purple-200"[39m
          [36m>[39m
            [36m<span[39m
              [33mclass[39m=[32m"font-bold text-purple-600"[39m
            [36m>[39m
              [0mJD[0m
            [36m</span>[39m
          [36m</div>[39m
        [36m</div>[39m
      [36m</div>[39m
    [36m</body>[39m

    [0m [90m 53 |[39m     
     [90m 54 |[39m     render([33m<[39m[33mUserAvatar[39m user[33m=[39m{userWithPicture} [33m/[39m[33m>
[39m)[33m;[39m
    [31m[1m>[22m[39m[90m 55 |[39m     [36mconst[39m img [33m=[39m screen[33m.[39mgetByAltText([32m'Joh
n Doe'[39m)[33m;[39m
     [90m    |[39m                        [31m[1m^[22m[39m
     [90m 56 |[39m     
     [90m 57 |[39m     [90m// Simulate image load error[39m
     [90m 58 |[39m     img[33m.[39mdispatchEvent([36mnew[39m [33mEvent[39m([32m'error'[39m))[33m;[39m[
0m

      at Object.getElementError (node_modules/@testing-library/react/node_modules/@testing-library/dom/dist/config.
js:37:19)
      at node_modules/@testing-library/react/node_modules/@testing-library/dom/dist/query-helpers.js:76:38
      at node_modules/@testing-library/react/node_modules/@testing-library/dom/dist/query-helpers.js:52:17
      at node_modules/@testing-library/react/node_modules/@testing-library/dom/dist/query-helpers.js:95:19
      at Object.getByAltText (src/components/dashboard/modules/profile/__tests__/UserAvatar.test.tsx:55:24)

FAIL src/components/dashboard/__tests__/Dashboard.test.tsx (5.501 s)
  ΓùÅ Dashboard ΓÇ║ switches modules when sidebar items are clicked

    Found multiple elements with the text: Vyh─╛ad├ívanie

    Here are the matching elements:

    Ignored nodes: comments, script, style
    [36m<button[39m
      [33mclass[39m=[32m"w-full flex items-center px-3 py-2.5 text-sm font-medium rounded-lg transition-all dura
tion-200 bg-purple-100 text-purple-800 border border-purple-200"[39m
    [36m>[39m
      [36m<svg[39m
        [33maria-hidden[39m=[32m"true"[39m
        [33mclass[39m=[32m"w-5 h-5 mr-3 text-purple-600"[39m
        [33mdata-slot[39m=[32m"icon"[39m
        [33mfill[39m=[32m"none"[39m
        [33mstroke[39m=[32m"currentColor"[39m
        [33mstroke-width[39m=[32m"1.5"[39m
        [33mviewBox[39m=[32m"0 0 24 24"[39m
        [33mxmlns[39m=[32m"http://www.w3.org/2000/svg"[39m
      [36m>[39m
        [36m<path[39m
          [33md[39m=[32m"m21 21-5.197-5.197m0 0A7.5 7.5 0 1 0 5.196 5.196a7.5 7.5 0 0 0 10.607 10.607Z"[39m
          [33mstroke-linecap[39m=[32m"round"[39m
          [33mstroke-linejoin[39m=[32m"round"[39m
        [36m/>[39m
      [36m</svg>[39m
      [0mVyh─╛ad├ívanie[0m
    [36m</button>[39m

    Ignored nodes: comments, script, style
    [36m<h2[39m
      [33mclass[39m=[32m"text-2xl font-bold text-gray-900 mb-6"[39m
    [36m>[39m
      [0mVyh─╛ad├ívanie[0m
    [36m</h2>[39m

    (If this is intentional, then use the `*AllBy*` variant of the query (like `queryAllByText`, `getAllByText`, or
 `findAllByText`)).

    Ignored nodes: comments, script, style
    [36m<body>[39m
      [36m<div>[39m
        [36m<div[39m
          [33mclass[39m=[32m"min-h-screen bg-gray-50 flex"[39m
        [36m>[39m
          [36m<div[39m
            [33mclass[39m=[32m"hidden lg:block"[39m
          [36m>[39m
            [36m<div[39m
              [33mclass[39m=[32m"w-96 h-full"[39m
            [36m>[39m
              [36m<div[39m
                [33mclass[39m=[32m"flex flex-col h-full bg-white border-r border-gray-200"[39m
              [36m>[39m
                [36m<div[39m
                  [33mclass[39m=[32m"flex items-center justify-between p-4 border-b border-gray-200"[39m
                [36m>[39m
                  [36m<h1[39m
                    [33mclass[39m=[32m"text-xl font-bold text-purple-800"[39m
                  [36m>[39m
                    [0mSwaply[0m
                  [36m</h1>[39m
                [36m</div>[39m
                [36m<nav[39m
                  [33mclass[39m=[32m"flex-1 px-4 py-4 space-y-2"[39m
                [36m>[39m
                  [36m<button[39m
                    [33mclass[39m=[32m"w-full flex items-center px-3 py-2.5 text-sm font-medium rounded-lg trans
ition-all duration-200 text-gray-700 hover:bg-gray-100 hover:text-gray-900"[39m
                  [36m>[39m
                    [36m<svg[39m
                      [33maria-hidden[39m=[32m"true"[39m
                      [33mclass[39m=[32m"w-5 h-5 mr-3 text-gray-500"[39m
                      [33mdata-slot[39m=[32m"icon"[39m
                      [33mfill[39m=[32m"none"[39m
                      [33mstroke[39m=[32m"currentColor"[39m
                      [33mstroke-width[39m=[32m"1.5"[39m
                      [33mviewBox[39m=[32m"0 0 24 24"[39m
                      [33mxmlns[39m=[32m"http://www.w3.org/2000/svg"[39m
                    [36m>[39m
                      [36m<path[39m
                        [33md[39m=[32m"m2.25 12 8.954-8.955c.44-.439 1.152-.439 1.591 0L21.75 12M4.5 9.75v10.125
c0 .621.504 1.125 1.125 1.125H9.75v-4.875c0-.621.504-1.125 1.125-1.125h2.25c.621 0 1.125.504 1.125 1.125V21h4.125c.
621 0 1.125-.504 1.125-1.125V9.75M8.25 21h8.25"[39m
                        [33mstroke-linecap[39m=[32m"round"[39m
                        [33mstroke-linejoin[39m=[32m"round"[39m
                      [36m/>[39m
                    [36m</svg>[39m
                    [0mN├ístenka[0m
                  [36m</button>[39m
                  [36m<button[39m
                    [33mclass[39m=[32m"w-full flex items-center px-3 py-2.5 text-sm font-medium rounded-lg trans
ition-all duration-200 bg-purple-100 text-purple-800 border border-purple-200"[39m
                  [36m>[39m
                    [36m<svg[39m
                      [33maria-hidden[39m=[32m"true"[39m
                      [33mclass[39m=[32m"w-5 h-5 mr-3 text-purple-600"[39m
                      [33mdata-slot[39m=[32m"icon"[39m
                      [33mfill[39m=[32m"none"[39m
                      [33mstroke[39m=[32m"currentColor"[39m
                      [33mstroke-width[39m=[32m"1.5"[39m
                      [33mviewBox[39m=[32m"0 0 24 24"[39m
                      [33mxmlns[39m=[32m"http://www.w3.org/2000/svg"[39m
                    [36m>[39m
                      [36m<path[39m
                        [33md[39m=[32m"m21 21-5.197-5.197m0 0A7.5 7.5 0 1 0 5.196 5.196a7.5 7.5 0 0 0 10.607 10.
607Z"[39m
                        [33mstroke-linecap[39m=[32m"round"[39m
                        [33mstroke-linejoin[39m=[32m"round"[39m
                      [36m/>[39m
                    [36m</svg>[39m
                    [0mVyh─╛ad├ívanie[0m
                  [36m</button>[39m
                  [36m<button[39m
                    [33mclass[39m=[32m"w-full flex items-center px-3 py-2.5 text-sm font-medium rounded-lg trans
ition-all duration-200 text-gray-700 hover:bg-gray-100 hover:text-gray-900"[39m
                  [36m>[39m
                    [36m<svg[39m
                      [33maria-hidden[39m=[32m"true"[39m
                      [33mclass[39m=[32m"w-5 h-5 mr-3 text-gray-500"[39m
                      [33mdata-slot[39m=[32m"icon"[39m
                      [33mfill[39m=[32m"none"[39m
                      [33mstroke[39m=[32m"currentColor"[39m
                      [33mstroke-width[39m=[32m"1.5"[39m
                      [33mviewBox[39m=[32m"0 0 24 24"[39m
                      [33mxmlns[39m=[32m"http://www.w3.org/2000/svg"[39m
                    [36m>[39m
                      [36m<path[39m
                        [33md[39m=[32m"M21 8.25c0-2.485-2.099-4.5-4.688-4.5-1.935 0-3.597 1.126-4.312 2.733-.715
-1.607-2.377-2.733-4.313-2.733C5.1 3.75 3 5.765 3 8.25c0 7.22 9 12 9 12s9-4.78 9-12Z"[39m
                        [33mstroke-linecap[39m=[32m"round"[39m
                        [33mstroke-linejoin[39m=[32m"round"[39m
                      [36m/>[39m
                    [36m</svg>[39m
                    [0mObl├║ben├⌐[0m
                  [36m</button>[39m
                  [36m<button[39m
                    [33mclass[39m=[32m"w-full flex items-center px-3 py-2.5 text-sm font-medium rounded-lg trans
ition-all duration-200 text-gray-700 hover:bg-gray-100 hover:text-gray-900"[39m
                  [36m>[39m
                    [36m<svg[39m
                      [33maria-hidden[39m=[32m"true"[39m
                      [33mclass[39m=[32m"w-5 h-5 mr-3 text-gray-500"[39m
                      [33mdata-slot[39m=[32m"icon"[39m
                      [33mfill[39m=[32m"none"[39m
                      [33mstroke[39m=[32m"currentColor"[39m
                      [33mstroke-width[39m=[32m"1.5"[39m
                      [33mviewBox[39m=[32m"0 0 24 24"[39m
                      [33mxmlns[39m=[32m"http://www.w3.org/2000/svg"[39m
                    [36m>[39m
                      [36m<path[39m
                        [33md[39m=[32m"M15.75 6a3.75 3.75 0 1 1-7.5 0 3.75 3.75 0 0 1 7.5 0ZM4.501 20.118a7.5 7.
5 0 0 1 14.998 0A17.933 17.933 0 0 1 12 21.75c-2.676 0-5.216-.584-7.499-1.632Z"[39m
                        [33mstroke-linecap[39m=[32m"round"[39m
                        [33mstroke-linejoin[39m=[32m"round"[39m
                      [36m/>[39m
                    [36m</svg>[39m
                    [0mProfil[0m
                  [36m</button>[39m
                  [36m<button[39m
                    [33mclass[39m=[32m"w-full flex items-center px-3 py-2.5 text-sm font-medium rounded-lg trans
ition-all duration-200 text-gray-700 hover:bg-gray-100 hover:text-gray-900"[39m
                  [36m>[39m
                    [36m<svg[39m
                      [33maria-hidden[39m=[32m"true"[39m
                      [33mclass[39m=[32m"w-5 h-5 mr-3 text-gray-500"[39m
                      [33mdata-slot[39m=[32m"icon"[39m
                      [33mfill[39m=[32m"none"[39m
                      [33mstroke[39m=[32m"currentColor"[39m
                      [33mstroke-width[39m=[32m"1.5"[39m
                      [33mviewBox[39m=[32m"0 0 24 24"[39m
                      [33mxmlns[39m=[32m"http://www.w3.org/2000/svg"[39m
                    [36m>[39m
                      [36m<path[39m
                        [33md[39m=[32m"M9.594 3.94c.09-.542.56-.94 1.11-.94h...

    [0m [90m 127 |[39m     fireEvent[33m.[39mclick(searchButton)[33m;[39m
     [90m 128 |[39m     
    [31m[1m>[22m[39m[90m 129 |[39m     [36mawait[39m waitFor(() [33m=>[39m {
     [90m     |[39m                  [31m[1m^[22m[39m
     [90m 130 |[39m       expect(screen[33m.[39mgetByText([32m'Vyh─╛ad├ívanie'[39m))[33m.[39mtoBeInTheDocum
ent()[33m;[39m
     [90m 131 |[39m     })[33m;[39m
     [90m 132 |[39m   })[33m;[39m[0m

      at waitForWrapper (node_modules/@testing-library/react/node_modules/@testing-library/dom/dist/wait-for.js:166
:27)
      at Object.<anonymous> (src/components/dashboard/__tests__/Dashboard.test.tsx:129:18)

  ΓùÅ Dashboard ΓÇ║ switches to Favorites/Profile/Settings modules

    Unable to find role="heading" and name "Obl├║ben├⌐"

    Ignored nodes: comments, script, style
    [36m<body>[39m
      [36m<div>[39m
        [36m<div[39m
          [33mclass[39m=[32m"min-h-screen bg-gray-50 flex"[39m
        [36m>[39m
          [36m<div[39m
            [33mclass[39m=[32m"hidden lg:block"[39m
          [36m>[39m
            [36m<div[39m
              [33mclass[39m=[32m"w-96 h-full"[39m
            [36m>[39m
              [36m<div[39m
                [33mclass[39m=[32m"flex flex-col h-full bg-white border-r border-gray-200"[39m
              [36m>[39m
                [36m<div[39m
                  [33mclass[39m=[32m"flex items-center justify-between p-4 border-b border-gray-200"[39m
                [36m>[39m
                  [36m<h1[39m
                    [33mclass[39m=[32m"text-xl font-bold text-purple-800"[39m
                  [36m>[39m
                    [0mSwaply[0m
                  [36m</h1>[39m
                [36m</div>[39m
                [36m<nav[39m
                  [33mclass[39m=[32m"flex-1 px-4 py-4 space-y-2"[39m
                [36m>[39m
                  [36m<button[39m
                    [33mclass[39m=[32m"w-full flex items-center px-3 py-2.5 text-sm font-medium rounded-lg trans
ition-all duration-200 text-gray-700 hover:bg-gray-100 hover:text-gray-900"[39m
                  [36m>[39m
                    [36m<svg[39m
                      [33maria-hidden[39m=[32m"true"[39m
                      [33mclass[39m=[32m"w-5 h-5 mr-3 text-gray-500"[39m
                      [33mdata-slot[39m=[32m"icon"[39m
                      [33mfill[39m=[32m"none"[39m
                      [33mstroke[39m=[32m"currentColor"[39m
                      [33mstroke-width[39m=[32m"1.5"[39m
                      [33mviewBox[39m=[32m"0 0 24 24"[39m
                      [33mxmlns[39m=[32m"http://www.w3.org/2000/svg"[39m
                    [36m>[39m
                      [36m<path[39m
                        [33md[39m=[32m"m2.25 12 8.954-8.955c.44-.439 1.152-.439 1.591 0L21.75 12M4.5 9.75v10.125
c0 .621.504 1.125 1.125 1.125H9.75v-4.875c0-.621.504-1.125 1.125-1.125h2.25c.621 0 1.125.504 1.125 1.125V21h4.125c.
621 0 1.125-.504 1.125-1.125V9.75M8.25 21h8.25"[39m
                        [33mstroke-linecap[39m=[32m"round"[39m
                        [33mstroke-linejoin[39m=[32m"round"[39m
                      [36m/>[39m
                    [36m</svg>[39m
                    [0mN├ístenka[0m
                  [36m</button>[39m
                  [36m<button[39m
                    [33mclass[39m=[32m"w-full flex items-center px-3 py-2.5 text-sm font-medium rounded-lg trans
ition-all duration-200 text-gray-700 hover:bg-gray-100 hover:text-gray-900"[39m
                  [36m>[39m
                    [36m<svg[39m
                      [33maria-hidden[39m=[32m"true"[39m
                      [33mclass[39m=[32m"w-5 h-5 mr-3 text-gray-500"[39m
                      [33mdata-slot[39m=[32m"icon"[39m
                      [33mfill[39m=[32m"none"[39m
                      [33mstroke[39m=[32m"currentColor"[39m
                      [33mstroke-width[39m=[32m"1.5"[39m
                      [33mviewBox[39m=[32m"0 0 24 24"[39m
                      [33mxmlns[39m=[32m"http://www.w3.org/2000/svg"[39m
                    [36m>[39m
                      [36m<path[39m
                        [33md[39m=[32m"m21 21-5.197-5.197m0 0A7.5 7.5 0 1 0 5.196 5.196a7.5 7.5 0 0 0 10.607 10.
607Z"[39m
                        [33mstroke-linecap[39m=[32m"round"[39m
                        [33mstroke-linejoin[39m=[32m"round"[39m
                      [36m/>[39m
                    [36m</svg>[39m
                    [0mVyh─╛ad├ívanie[0m
                  [36m</button>[39m
                  [36m<button[39m
                    [33mclass[39m=[32m"w-full flex items-center px-3 py-2.5 text-sm font-medium rounded-lg trans
ition-all duration-200 bg-purple-100 text-purple-800 border border-purple-200"[39m
                  [36m>[39m
                    [36m<svg[39m
                      [33maria-hidden[39m=[32m"true"[39m
                      [33mclass[39m=[32m"w-5 h-5 mr-3 text-purple-600"[39m
                      [33mdata-slot[39m=[32m"icon"[39m
                      [33mfill[39m=[32m"none"[39m
                      [33mstroke[39m=[32m"currentColor"[39m
                      [33mstroke-width[39m=[32m"1.5"[39m
                      [33mviewBox[39m=[32m"0 0 24 24"[39m
                      [33mxmlns[39m=[32m"http://www.w3.org/2000/svg"[39m
                    [36m>[39m
                      [36m<path[39m
                        [33md[39m=[32m"M21 8.25c0-2.485-2.099-4.5-4.688-4.5-1.935 0-3.597 1.126-4.312 2.733-.715
-1.607-2.377-2.733-4.313-2.733C5.1 3.75 3 5.765 3 8.25c0 7.22 9 12 9 12s9-4.78 9-12Z"[39m
                        [33mstroke-linecap[39m=[32m"round"[39m
                        [33mstroke-linejoin[39m=[32m"round"[39m
                      [36m/>[39m
                    [36m</svg>[39m
                    [0mObl├║ben├⌐[0m
                  [36m</button>[39m
                  [36m<button[39m
                    [33mclass[39m=[32m"w-full flex items-center px-3 py-2.5 text-sm font-medium rounded-lg trans
ition-all duration-200 text-gray-700 hover:bg-gray-100 hover:text-gray-900"[39m
                  [36m>[39m
                    [36m<svg[39m
                      [33maria-hidden[39m=[32m"true"[39m
                      [33mclass[39m=[32m"w-5 h-5 mr-3 text-gray-500"[39m
                      [33mdata-slot[39m=[32m"icon"[39m
                      [33mfill[39m=[32m"none"[39m
                      [33mstroke[39m=[32m"currentColor"[39m
                      [33mstroke-width[39m=[32m"1.5"[39m
                      [33mviewBox[39m=[32m"0 0 24 24"[39m
                      [33mxmlns[39m=[32m"http://www.w3.org/2000/svg"[39m
                    [36m>[39m
                      [36m<path[39m
                        [33md[39m=[32m"M15.75 6a3.75 3.75 0 1 1-7.5 0 3.75 3.75 0 0 1 7.5 0ZM4.501 20.118a7.5 7.
5 0 0 1 14.998 0A17.933 17.933 0 0 1 12 21.75c-2.676 0-5.216-.584-7.499-1.632Z"[39m
                        [33mstroke-linecap[39m=[32m"round"[39m
                        [33mstroke-linejoin[39m=[32m"round"[39m
                      [36m/>[39m
                    [36m</svg>[39m
                    [0mProfil[0m
                  [36m</button>[39m
                  [36m<button[39m
                    [33mclass[39m=[32m"w-full flex items-center px-3 py-2.5 text-sm font-medium rounded-lg trans
ition-all duration-200 text-gray-700 hover:bg-gray-100 hover:text-gray-900"[39m
                  [36m>[39m
                    [36m<svg[39m
                      [33maria-hidden[39m=[32m"true"[39m
                      [33mclass[39m=[32m"w-5 h-5 mr-3 text-gray-500"[39m
                      [33mdata-slot[39m=[32m"icon"[39m
                      [33mfill[39m=[32m"none"[39m
                      [33mstroke[39m=[32m"currentColor"[39m
                      [33mstroke-width[39m=[32m"1.5"[39m
                      [33mviewBox[39m=[32m"0 0 24 24"[39m
                      [33mxmlns[39m=[32m"http://www.w3.org/2000/svg"[39m
                    [36m>[39m
                      [36m<path[39m
                        [33md[39m=[32m"M9.594 3.94c.09-.542.56-.94 1.11-.94h...

    [0m [90m 139 |[39m
     [90m 140 |[39m     fireEvent[33m.[39mclick(screen[33m.[39mgetByText([32m'Obl├║ben├⌐'[39m))[33m;[39m
    [31m[1m>[22m[39m[90m 141 |[39m     [36mawait[39m waitFor(() [33m=>[39m {
     [90m     |[39m                  [31m[1m^[22m[39m
     [90m 142 |[39m       expect(screen[33m.[39mgetByRole([32m'heading'[39m[33m,[39m { name[33m:[39m [32
m'Obl├║ben├⌐'[39m }))[33m.[39mtoBeInTheDocument()[33m;[39m
     [90m 143 |[39m     })[33m;[39m
     [90m 144 |[39m[0m

      at waitForWrapper (node_modules/@testing-library/react/node_modules/@testing-library/dom/dist/wait-for.js:166
:27)
      at Object.<anonymous> (src/components/dashboard/__tests__/Dashboard.test.tsx:141:18)

FAIL src/components/__tests__/RegisterForm.test.tsx (9.333 s)
  ΓùÅ RegisterForm ΓÇ║ handles successful registration

    expect(jest.fn()).toHaveBeenCalledWith(...expected)

    Expected: "/auth/register/", ObjectContaining {"birth_day": "15", "birth_month": "06", "birth_year": "1990", "e
mail": "test@example.com", "gender": "male", "password": "password123", "user_type": "individual", "username": "tes
tuser"}

    Number of calls: 0

    Ignored nodes: comments, script, style
    [36m<html>[39m
      [36m<head />[39m
      [36m<body>[39m
        [36m<div>[39m
          [36m<div[39m
            [33mclass[39m=[32m"min-h-screen flex flex-col relative"[39m
          [36m>[39m
            [36m<div[39m
              [33mclass[39m=[32m"flex-1 flex items-center justify-center p-4 relative z-10"[39m
            [36m>[39m
              [36m<div[39m
                [33manimate[39m=[32m"[object Object]"[39m
                [33mclass[39m=[32m"bg-white rounded-2xl shadow-xl border border-gray-200"[39m
                [33minitial[39m=[32m"[object Object]"[39m
                [33mstyle[39m=[32m"width: 100%; max-width: 580px;"[39m
                [33mtransition[39m=[32m"[object Object]"[39m
              [36m>[39m
                [36m<div[39m
                  [33mstyle[39m=[32m"margin: 24px 32px 24px 32px;"[39m
                [36m>[39m
                  [36m<h1[39m
                    [33manimate[39m=[32m"[object Object]"[39m
                    [33mclass[39m=[32m"text-3xl font-medium text-center mb-6 text-black tracking-wider max-lg:te
xt-2xl max-lg:mb-8"[39m
                    [33minitial[39m=[32m"[object Object]"[39m
                    [33mtransition[39m=[32m"[object Object]"[39m
                  [36m>[39m
                    [0mRegistr├ícia[0m
                  [36m</h1>[39m
                  [36m<div[39m
                    [33manimate[39m=[32m"[object Object]"[39m
                    [33mclass[39m=[32m"bg-red-100 border border-red-400 text-red-700 px-4 py-3 rounded mb-6"[39
m
                    [33minitial[39m=[32m"[object Object]"[39m
                    [33mtransition[39m=[32m"[object Object]"[39m
                  [36m>[39m
                    [0mChyba pri overovan├¡ reCAPTCHA. Sk├║ste to znova.[0m
                  [36m</div>[39m
                  [36m<form[39m
                    [33manimate[39m=[32m"[object Object]"[39m
                    [33mclass[39m=[32m"space-y-4 max-lg:space-y-4"[39m
                    [33minitial[39m=[32m"[object Object]"[39m
                    [33mtransition[39m=[32m"[object Object]"[39m
                  [36m>[39m
                    [36m<div>[39m
                      [36m<label[39m
                        [33mclass[39m=[32m"block text-base font-normal text-gray-600 mb-1.5 max-lg:text-base max
-lg:mb-1"[39m
                      [36m>[39m
                        [0mTyp ├║─ìtu[0m
                      [36m</label>[39m
                      [36m<select[39m
                        [33maria-describedby[39m=[32m"user-type-help"[39m
                        [33maria-label[39m=[32m"Vyberte typ ├║─ìtu"[39m
                        [33maria-required[39m=[32m"true"[39m
                        [33mclass[39m=[32m"w-full px-16 py-12 text-xl border border-gray-300 rounded-lg focus:ri
ng-2 focus:ring-purple-500 focus:border-transparent outline-none transition-all max-lg:px-4 max-lg:py-3 max-lg:text
-base"[39m
                        [33mid[39m=[32m"user_type"[39m
                        [33mname[39m=[32m"user_type"[39m
                        [33mstyle[39m=[32m"padding: 16px 12px 16px 12px;"[39m
                        [33mtabindex[39m=[32m"1"[39m
                      [36m>[39m
                        [36m<option[39m
                          [33mvalue[39m=[32m"individual"[39m
                        [36m>[39m
                          [0mOsoba[0m
                        [36m</option>[39m
                        [36m<option[39m
                          [33mvalue[39m=[32m"company"[39m
                        [36m>[39m
                          [0mFirma[0m
                        [36m</option>[39m
                      [36m</select>[39m
                      [36m<div[39m
                        [33mclass[39m=[32m"sr-only"[39m
                        [33mid[39m=[32m"user-type-help"[39m
                      [36m>[39m
                        [0mVyberte, ─ìi sa registrujete ako osoba alebo firma[0m
                      [36m</div>[39m
                    [36m</div>[39m
                    [36m<div[39m
                      [33mstyle[39m=[32m"margin-top: 12px;"[39m
                    [36m/>[39m
                    [36m<div[39m
                      [33mclass[39m=[32m"grid grid-cols-1 md:grid-cols-2 gap-4"[39m
                    [36m>[39m
                      [36m<div>[39m
                        [36m<label[39m
                          [33mclass[39m=[32m"block text-base font-normal text-gray-600 mb-1.5 max-lg:text-base m
ax-lg:mb-1"[39m
                          [33mfor[39m=[32m"username"[39m
                        [36m>[39m
                          [0mPou┼╛├¡vate─╛sk├⌐ meno *[0m
                        [36m</label>[39m
                        [36m<input[39m
                          [33maria-describedby[39m=[32m"username-help"[39m
                          [33maria-invalid[39m=[32m"false"[39m
                          [33maria-label[39m=[32m"Zadajte svoje pou┼╛├¡vate─╛sk├⌐ meno"[39m
                          [33maria-required[39m=[32m"true"[39m
                          [33mautocomplete[39m=[32m"username"[39m
                          [33mclass[39m=[32m"w-full px-16 py-12 text-xl border rounded-lg focus:ring-2 focus:rin
g-purple-500 focus:border-transparent outline-none transition-all max-lg:px-4 max-lg:py-3 max-lg:text-base border-g
ray-300"[39m
                          [33mid[39m=[32m"username"[39m
                          [33mname[39m=[32m"username"[39m
                          [33mplaceholder[39m=[32m"Pou┼╛├¡vate─╛sk├⌐ meno"[39m
                          [33mstyle[39m=[32m"padding: 16px 12px 16px 12px;"[39m
                          [33mtabindex[39m=[32m"2"[39m
                          [33mtype[39m=[32m"text"[39m
                          [33mvalue[39m=[32m"testuser"[39m
                        [36m/>[39m
                        [36m<div[39m
                          [33mclass[39m=[32m"sr-only"[39m
                          [33mid[39m=[32m"username-help"[39m
                        [36m>[39m
                          [0mZadajte jedine─ìn├⌐ pou┼╛├¡vate─╛sk├⌐ meno pre v├í┼í ├║─ìet[0m
                        [36m</div>[39m
                      [36m</div>[39m
                      [36m<div>[39m
                        [36m<label[39m
                          [33mclass[39m=[32m"block text-base font-normal text-gray-600 mb-1.5 max-lg:text-base m
ax-lg:mb-1"[39m
                          [33mfor[39m=[32m"email"[39m
                        [36m>[39m
                          [0mEmail *[0m
                        [36m</label>[39m
                        [36m<input[39m
                          [33maria-describedby[39m=[32m"email-help"[39m
                          [33maria-invalid[39m=[32m"false"[39m
                          [33maria-label[39m=[32m"Zadajte svoju emailov├║ adresu"[39m
                          [33maria-required[39m=[32m"true"[39m
                          [33mautocomplete[39m=[32m"email"[39m
                          [33mclass[39m=[32m"w-full px-16 py-12 text-xl border rounded-lg focus:ring-2 focus:rin
g-purple-500 focus:border-transparent outline-none transition-all max-lg:px-4 max-lg:py-3 max-lg:text-base border-g
ray-300"[39m
                          [33mid[39m=[32m"email"...

    [0m [90m 209 |[39m     
     [90m 210 |[39m     [36mawait[39m waitFor(() [33m=>[39m {
    [31m[1m>[22m[39m[90m 211 |[39m       expect(mockApiPost)[33m.[39mtoHaveBeenCalledWith([32m'/auth/regis
ter/'[39m[33m,[39m expect[33m.[39mobjectContaining({
     [90m     |[39m                           [31m[1m^[22m[39m
     [90m 212 |[39m         username[33m:[39m [32m'testuser'[39m[33m,[39m
     [90m 213 |[39m         email[33m:[39m [32m'test@example.com'[39m[33m,[39m
     [90m 214 |[39m         password[33m:[39m [32m'password123'[39m[33m,[39m[0m

      at toHaveBeenCalledWith (src/components/__tests__/RegisterForm.test.tsx:211:27)
      at runWithExpensiveErrorDiagnosticsDisabled (node_modules/@testing-library/react/node_modules/@testing-librar
y/dom/dist/config.js:47:12)
      at checkCallback (node_modules/@testing-library/react/node_modules/@testing-library/dom/dist/wait-for.js:127:
77)
      at checkRealTimersCallback (node_modules/@testing-library/react/node_modules/@testing-library/dom/dist/wait-f
or.js:121:16)
      at Timeout.task [as _onTimeout] (node_modules/jsdom/lib/jsdom/browser/Window.js:520:19)

  ΓùÅ RegisterForm ΓÇ║ handles registration error

    Unable to find an element with the text: Email u┼╛ existuje. This could be because the text is broken up by mul
tiple elements. In this case, you can provide a function for your text matcher to make your matcher more flexible.

    Ignored nodes: comments, script, style
    [36m<body>[39m
      [36m<div>[39m
        [36m<div[39m
          [33mclass[39m=[32m"min-h-screen flex flex-col relative"[39m
        [36m>[39m
          [36m<div[39m
            [33mclass[39m=[32m"flex-1 flex items-center justify-center p-4 relative z-10"[39m
          [36m>[39m
            [36m<div[39m
              [33manimate[39m=[32m"[object Object]"[39m
              [33mclass[39m=[32m"bg-white rounded-2xl shadow-xl border border-gray-200"[39m
              [33minitial[39m=[32m"[object Object]"[39m
              [33mstyle[39m=[32m"width: 100%; max-width: 580px;"[39m
              [33mtransition[39m=[32m"[object Object]"[39m
            [36m>[39m
              [36m<div[39m
                [33mstyle[39m=[32m"margin: 24px 32px 24px 32px;"[39m
              [36m>[39m
                [36m<h1[39m
                  [33manimate[39m=[32m"[object Object]"[39m
                  [33mclass[39m=[32m"text-3xl font-medium text-center mb-6 text-black tracking-wider max-lg:text
-2xl max-lg:mb-8"[39m
                  [33minitial[39m=[32m"[object Object]"[39m
                  [33mtransition[39m=[32m"[object Object]"[39m
                [36m>[39m
                  [0mRegistr├ícia[0m
                [36m</h1>[39m
                [36m<div[39m
                  [33manimate[39m=[32m"[object Object]"[39m
                  [33mclass[39m=[32m"bg-red-100 border border-red-400 text-red-700 px-4 py-3 rounded mb-6"[39m
                  [33minitial[39m=[32m"[object Object]"[39m
                  [33mtransition[39m=[32m"[object Object]"[39m
                [36m>[39m
                  [0mChyba pri overovan├¡ reCAPTCHA. Sk├║ste to znova.[0m
                [36m</div>[39m
                [36m<form[39m
                  [33manimate[39m=[32m"[object Object]"[39m
                  [33mclass[39m=[32m"space-y-4 max-lg:space-y-4"[39m
                  [33minitial[39m=[32m"[object Object]"[39m
                  [33mtransition[39m=[32m"[object Object]"[39m
                [36m>[39m
                  [36m<div>[39m
                    [36m<label[39m
                      [33mclass[39m=[32m"block text-base font-normal text-gray-600 mb-1.5 max-lg:text-base max-l
g:mb-1"[39m
                    [36m>[39m
                      [0mTyp ├║─ìtu[0m
                    [36m</label>[39m
                    [36m<select[39m
                      [33maria-describedby[39m=[32m"user-type-help"[39m
                      [33maria-label[39m=[32m"Vyberte typ ├║─ìtu"[39m
                      [33maria-required[39m=[32m"true"[39m
                      [33mclass[39m=[32m"w-full px-16 py-12 text-xl border border-gray-300 rounded-lg focus:ring
-2 focus:ring-purple-500 focus:border-transparent outline-none transition-all max-lg:px-4 max-lg:py-3 max-lg:text-b
ase"[39m
                      [33mid[39m=[32m"user_type"[39m
                      [33mname[39m=[32m"user_type"[39m
                      [33mstyle[39m=[32m"padding: 16px 12px 16px 12px;"[39m
                      [33mtabindex[39m=[32m"1"[39m
                    [36m>[39m
                      [36m<option[39m
                        [33mvalue[39m=[32m"individual"[39m
                      [36m>[39m
                        [0mOsoba[0m
                      [36m</option>[39m
                      [36m<option[39m
                        [33mvalue[39m=[32m"company"[39m
                      [36m>[39m
                        [0mFirma[0m
                      [36m</option>[39m
                    [36m</select>[39m
                    [36m<div[39m
                      [33mclass[39m=[32m"sr-only"[39m
                      [33mid[39m=[32m"user-type-help"[39m
                    [36m>[39m
                      [0mVyberte, ─ìi sa registrujete ako osoba alebo firma[0m
                    [36m</div>[39m
                  [36m</div>[39m
                  [36m<div[39m
                    [33mstyle[39m=[32m"margin-top: 12px;"[39m
                  [36m/>[39m
                  [36m<div[39m
                    [33mclass[39m=[32m"grid grid-cols-1 md:grid-cols-2 gap-4"[39m
                  [36m>[39m
                    [36m<div>[39m
                      [36m<label[39m
                        [33mclass[39m=[32m"block text-base font-normal text-gray-600 mb-1.5 max-lg:text-base max
-lg:mb-1"[39m
                        [33mfor[39m=[32m"username"[39m
                      [36m>[39m
                        [0mPou┼╛├¡vate─╛sk├⌐ meno *[0m
                      [36m</label>[39m
                      [36m<input[39m
                        [33maria-describedby[39m=[32m"username-help"[39m
                        [33maria-invalid[39m=[32m"false"[39m
                        [33maria-label[39m=[32m"Zadajte svoje pou┼╛├¡vate─╛sk├⌐ meno"[39m
                        [33maria-required[39m=[32m"true"[39m
                        [33mautocomplete[39m=[32m"username"[39m
                        [33mclass[39m=[32m"w-full px-16 py-12 text-xl border rounded-lg focus:ring-2 focus:ring-
purple-500 focus:border-transparent outline-none transition-all max-lg:px-4 max-lg:py-3 max-lg:text-base border-gra
y-300"[39m
                        [33mid[39m=[32m"username"[39m
                        [33mname[39m=[32m"username"[39m
                        [33mplaceholder[39m=[32m"Pou┼╛├¡vate─╛sk├⌐ meno"[39m
                        [33mstyle[39m=[32m"padding: 16px 12px 16px 12px;"[39m
                        [33mtabindex[39m=[32m"2"[39m
                        [33mtype[39m=[32m"text"[39m
                        [33mvalue[39m=[32m"testuser"[39m
                      [36m/>[39m
                      [36m<div[39m
                        [33mclass[39m=[32m"sr-only"[39m
                        [33mid[39m=[32m"username-help"[39m
                      [36m>[39m
                        [0mZadajte jedine─ìn├⌐ pou┼╛├¡vate─╛sk├⌐ meno pre v├í┼í ├║─ìet[0m
                      [36m</div>[39m
                    [36m</div>[39m
                    [36m<div>[39m
                      [36m<label[39m
                        [33mclass[39m=[32m"block text-base font-normal text-gray-600 mb-1.5 max-lg:text-base max
-lg:mb-1"[39m
                        [33mfor[39m=[32m"email"[39m
                      [36m>[39m
                        [0mEmail *[0m
                      [36m</label>[39m
                      [36m<input[39m
                        [33maria-describedby[39m=[32m"email-help"[39m
                        [33maria-invalid[39m=[32m"false"[39m
                        [33maria-label[39m=[32m"Zadajte svoju emailov├║ adresu"[39m
                        [33maria-required[39m=[32m"true"[39m
                        [33mautocomplete[39m=[32m"email"[39m
                        [33mclass[39m=[32m"w-full px-16 py-12 text-xl border rounded-lg focus:ring-2 focus:ring-
purple-500 focus:border-transparent outline-none transition-all max-lg:px-4 max-lg:py-3 max-lg:text-base border-gra
y-300"[39m
                        [33mid[39m=[32m"email"[39m
                        [33mname[39m=[32m"email"[39m
                        [33mplaceholder[39m=[32m"vas@email.sk"[39m
                        [33mstyle[39m=[32m"padding: 16px 12px 16px 12px;"[39m
                        [33mtabindex[39m=[32m"3"[39m
                        [33mtype...

    [0m [90m 270 |[39m     fireEvent[33m.[39mclick(submitButton)[33m;[39m
     [90m 271 |[39m     
    [31m[1m>[22m[39m[90m 272 |[39m     [36mawait[39m waitFor(() [33m=>[39m {
     [90m     |[39m                  [31m[1m^[22m[39m
     [90m 273 |[39m       expect(screen[33m.[39mgetByText([32m'Email u┼╛ existuje'[39m))[33m.[39mtoBeInTheD
ocument()[33m;[39m
     [90m 274 |[39m     })[33m;[39m
     [90m 275 |[39m   })[33m;[39m[0m

      at waitForWrapper (node_modules/@testing-library/react/node_modules/@testing-library/dom/dist/wait-for.js:166
:27)
      at Object.<anonymous> (src/components/__tests__/RegisterForm.test.tsx:272:18)

  ΓùÅ RegisterForm ΓÇ║ shows success message after successful registration

    Unable to find an element with the text: Registr├ícia ├║spe┼ín├í!. This could be because the text is broken up 
by multiple elements. In this case, you can provide a function for your text matcher to make your matcher more flex
ible.

    Ignored nodes: comments, script, style
    [36m<body>[39m
      [36m<div>[39m
        [36m<div[39m
          [33mclass[39m=[32m"min-h-screen flex flex-col relative"[39m
        [36m>[39m
          [36m<div[39m
            [33mclass[39m=[32m"flex-1 flex items-center justify-center p-4 relative z-10"[39m
          [36m>[39m
            [36m<div[39m
              [33manimate[39m=[32m"[object Object]"[39m
              [33mclass[39m=[32m"bg-white rounded-2xl shadow-xl border border-gray-200"[39m
              [33minitial[39m=[32m"[object Object]"[39m
              [33mstyle[39m=[32m"width: 100%; max-width: 580px;"[39m
              [33mtransition[39m=[32m"[object Object]"[39m
            [36m>[39m
              [36m<div[39m
                [33mstyle[39m=[32m"margin: 24px 32px 24px 32px;"[39m
              [36m>[39m
                [36m<h1[39m
                  [33manimate[39m=[32m"[object Object]"[39m
                  [33mclass[39m=[32m"text-3xl font-medium text-center mb-6 text-black tracking-wider max-lg:text
-2xl max-lg:mb-8"[39m
                  [33minitial[39m=[32m"[object Object]"[39m
                  [33mtransition[39m=[32m"[object Object]"[39m
                [36m>[39m
                  [0mRegistr├ícia[0m
                [36m</h1>[39m
                [36m<div[39m
                  [33manimate[39m=[32m"[object Object]"[39m
                  [33mclass[39m=[32m"bg-red-100 border border-red-400 text-red-700 px-4 py-3 rounded mb-6"[39m
                  [33minitial[39m=[32m"[object Object]"[39m
                  [33mtransition[39m=[32m"[object Object]"[39m
                [36m>[39m
                  [0mChyba pri overovan├¡ reCAPTCHA. Sk├║ste to znova.[0m
                [36m</div>[39m
                [36m<form[39m
                  [33manimate[39m=[32m"[object Object]"[39m
                  [33mclass[39m=[32m"space-y-4 max-lg:space-y-4"[39m
                  [33minitial[39m=[32m"[object Object]"[39m
                  [33mtransition[39m=[32m"[object Object]"[39m
                [36m>[39m
                  [36m<div>[39m
                    [36m<label[39m
                      [33mclass[39m=[32m"block text-base font-normal text-gray-600 mb-1.5 max-lg:text-base max-l
g:mb-1"[39m
                    [36m>[39m
                      [0mTyp ├║─ìtu[0m
                    [36m</label>[39m
                    [36m<select[39m
                      [33maria-describedby[39m=[32m"user-type-help"[39m
                      [33maria-label[39m=[32m"Vyberte typ ├║─ìtu"[39m
                      [33maria-required[39m=[32m"true"[39m
                      [33mclass[39m=[32m"w-full px-16 py-12 text-xl border border-gray-300 rounded-lg focus:ring
-2 focus:ring-purple-500 focus:border-transparent outline-none transition-all max-lg:px-4 max-lg:py-3 max-lg:text-b
ase"[39m
                      [33mid[39m=[32m"user_type"[39m
                      [33mname[39m=[32m"user_type"[39m
                      [33mstyle[39m=[32m"padding: 16px 12px 16px 12px;"[39m
                      [33mtabindex[39m=[32m"1"[39m
                    [36m>[39m
                      [36m<option[39m
                        [33mvalue[39m=[32m"individual"[39m
                      [36m>[39m
                        [0mOsoba[0m
                      [36m</option>[39m
                      [36m<option[39m
                        [33mvalue[39m=[32m"company"[39m
                      [36m>[39m
                        [0mFirma[0m
                      [36m</option>[39m
                    [36m</select>[39m
                    [36m<div[39m
                      [33mclass[39m=[32m"sr-only"[39m
                      [33mid[39m=[32m"user-type-help"[39m
                    [36m>[39m
                      [0mVyberte, ─ìi sa registrujete ako osoba alebo firma[0m
                    [36m</div>[39m
                  [36m</div>[39m
                  [36m<div[39m
                    [33mstyle[39m=[32m"margin-top: 12px;"[39m
                  [36m/>[39m
                  [36m<div[39m
                    [33mclass[39m=[32m"grid grid-cols-1 md:grid-cols-2 gap-4"[39m
                  [36m>[39m
                    [36m<div>[39m
                      [36m<label[39m
                        [33mclass[39m=[32m"block text-base font-normal text-gray-600 mb-1.5 max-lg:text-base max
-lg:mb-1"[39m
                        [33mfor[39m=[32m"username"[39m
                      [36m>[39m
                        [0mPou┼╛├¡vate─╛sk├⌐ meno *[0m
                      [36m</label>[39m
                      [36m<input[39m
                        [33maria-describedby[39m=[32m"username-help"[39m
                        [33maria-invalid[39m=[32m"false"[39m
                        [33maria-label[39m=[32m"Zadajte svoje pou┼╛├¡vate─╛sk├⌐ meno"[39m
                        [33maria-required[39m=[32m"true"[39m
                        [33mautocomplete[39m=[32m"username"[39m
                        [33mclass[39m=[32m"w-full px-16 py-12 text-xl border rounded-lg focus:ring-2 focus:ring-
purple-500 focus:border-transparent outline-none transition-all max-lg:px-4 max-lg:py-3 max-lg:text-base border-gra
y-300"[39m
                        [33mid[39m=[32m"username"[39m
                        [33mname[39m=[32m"username"[39m
                        [33mplaceholder[39m=[32m"Pou┼╛├¡vate─╛sk├⌐ meno"[39m
                        [33mstyle[39m=[32m"padding: 16px 12px 16px 12px;"[39m
                        [33mtabindex[39m=[32m"2"[39m
                        [33mtype[39m=[32m"text"[39m
                        [33mvalue[39m=[32m"testuser"[39m
                      [36m/>[39m
                      [36m<div[39m
                        [33mclass[39m=[32m"sr-only"[39m
                        [33mid[39m=[32m"username-help"[39m
                      [36m>[39m
                        [0mZadajte jedine─ìn├⌐ pou┼╛├¡vate─╛sk├⌐ meno pre v├í┼í ├║─ìet[0m
                      [36m</div>[39m
                    [36m</div>[39m
                    [36m<div>[39m
                      [36m<label[39m
                        [33mclass[39m=[32m"block text-base font-normal text-gray-600 mb-1.5 max-lg:text-base max
-lg:mb-1"[39m
                        [33mfor[39m=[32m"email"[39m
                      [36m>[39m
                        [0mEmail *[0m
                      [36m</label>[39m
                      [36m<input[39m
                        [33maria-describedby[39m=[32m"email-help"[39m
                        [33maria-invalid[39m=[32m"false"[39m
                        [33maria-label[39m=[32m"Zadajte svoju emailov├║ adresu"[39m
                        [33maria-required[39m=[32m"true"[39m
                        [33mautocomplete[39m=[32m"email"[39m
                        [33mclass[39m=[32m"w-full px-16 py-12 text-xl border rounded-lg focus:ring-2 focus:ring-
purple-500 focus:border-transparent outline-none transition-all max-lg:px-4 max-lg:py-3 max-lg:text-base border-gra
y-300"[39m
                        [33mid[39m=[32m"email"[39m
                        [33mname[39m=[32m"email"[39m
                        [33mplaceholder[39m=[32m"vas@email.sk"[39m
                        [33mstyle[39m=[32m"padding: 16px 12px 16px 12px;"[39m
                        [33mtabindex[39m=[32m"3"[39m
                        [33mtype...

    [0m [90m 331 |[39m     fireEvent[33m.[39mclick(submitButton)[33m;[39m
     [90m 332 |[39m     
    [31m[1m>[22m[39m[90m 333 |[39m     [36mawait[39m waitFor(() [33m=>[39m {
     [90m     |[39m                  [31m[1m^[22m[39m
     [90m 334 |[39m       expect(screen[33m.[39mgetByText([32m'Registr├ícia ├║spe┼ín├í!'[39m))[33m.[39mtoBe
InTheDocument()[33m;[39m
     [90m 335 |[39m       expect(screen[33m.[39mgetByText([32m'├Üspe┼ín├í registr├ícia!'[39m))[33m.[39mtoBe
InTheDocument()[33m;[39m
     [90m 336 |[39m       expect(screen[33m.[39mgetByText([32m'Skontrolujte si email a potvr─Åte registr├íciu 
kliknut├¡m na odkaz v emaile.'[39m))[33m.[39mtoBeInTheDocument()[33m;[39m[0m

      at waitForWrapper (node_modules/@testing-library/react/node_modules/@testing-library/dom/dist/wait-for.js:166
:27)
      at Object.<anonymous> (src/components/__tests__/RegisterForm.test.tsx:333:18)

  ΓùÅ RegisterForm ΓÇ║ does not redirect after successful registration

    Unable to find an element with the text: Registr├ícia ├║spe┼ín├í!. This could be because the text is broken up 
by multiple elements. In this case, you can provide a function for your text matcher to make your matcher more flex
ible.

    Ignored nodes: comments, script, style
    [36m<body>[39m
      [36m<div>[39m
        [36m<div[39m
          [33mclass[39m=[32m"min-h-screen flex flex-col relative"[39m
        [36m>[39m
          [36m<div[39m
            [33mclass[39m=[32m"flex-1 flex items-center justify-center p-4 relative z-10"[39m
          [36m>[39m
            [36m<div[39m
              [33manimate[39m=[32m"[object Object]"[39m
              [33mclass[39m=[32m"bg-white rounded-2xl shadow-xl border border-gray-200"[39m
              [33minitial[39m=[32m"[object Object]"[39m
              [33mstyle[39m=[32m"width: 100%; max-width: 580px;"[39m
              [33mtransition[39m=[32m"[object Object]"[39m
            [36m>[39m
              [36m<div[39m
                [33mstyle[39m=[32m"margin: 24px 32px 24px 32px;"[39m
              [36m>[39m
                [36m<h1[39m
                  [33manimate[39m=[32m"[object Object]"[39m
                  [33mclass[39m=[32m"text-3xl font-medium text-center mb-6 text-black tracking-wider max-lg:text
-2xl max-lg:mb-8"[39m
                  [33minitial[39m=[32m"[object Object]"[39m
                  [33mtransition[39m=[32m"[object Object]"[39m
                [36m>[39m
                  [0mRegistr├ícia[0m
                [36m</h1>[39m
                [36m<div[39m
                  [33manimate[39m=[32m"[object Object]"[39m
                  [33mclass[39m=[32m"bg-red-100 border border-red-400 text-red-700 px-4 py-3 rounded mb-6"[39m
                  [33minitial[39m=[32m"[object Object]"[39m
                  [33mtransition[39m=[32m"[object Object]"[39m
                [36m>[39m
                  [0mChyba pri overovan├¡ reCAPTCHA. Sk├║ste to znova.[0m
                [36m</div>[39m
                [36m<form[39m
                  [33manimate[39m=[32m"[object Object]"[39m
                  [33mclass[39m=[32m"space-y-4 max-lg:space-y-4"[39m
                  [33minitial[39m=[32m"[object Object]"[39m
                  [33mtransition[39m=[32m"[object Object]"[39m
                [36m>[39m
                  [36m<div>[39m
                    [36m<label[39m
                      [33mclass[39m=[32m"block text-base font-normal text-gray-600 mb-1.5 max-lg:text-base max-l
g:mb-1"[39m
                    [36m>[39m
                      [0mTyp ├║─ìtu[0m
                    [36m</label>[39m
                    [36m<select[39m
                      [33maria-describedby[39m=[32m"user-type-help"[39m
                      [33maria-label[39m=[32m"Vyberte typ ├║─ìtu"[39m
                      [33maria-required[39m=[32m"true"[39m
                      [33mclass[39m=[32m"w-full px-16 py-12 text-xl border border-gray-300 rounded-lg focus:ring
-2 focus:ring-purple-500 focus:border-transparent outline-none transition-all max-lg:px-4 max-lg:py-3 max-lg:text-b
ase"[39m
                      [33mid[39m=[32m"user_type"[39m
                      [33mname[39m=[32m"user_type"[39m
                      [33mstyle[39m=[32m"padding: 16px 12px 16px 12px;"[39m
                      [33mtabindex[39m=[32m"1"[39m
                    [36m>[39m
                      [36m<option[39m
                        [33mvalue[39m=[32m"individual"[39m
                      [36m>[39m
                        [0mOsoba[0m
                      [36m</option>[39m
                      [36m<option[39m
                        [33mvalue[39m=[32m"company"[39m
                      [36m>[39m
                        [0mFirma[0m
                      [36m</option>[39m
                    [36m</select>[39m
                    [36m<div[39m
                      [33mclass[39m=[32m"sr-only"[39m
                      [33mid[39m=[32m"user-type-help"[39m
                    [36m>[39m
                      [0mVyberte, ─ìi sa registrujete ako osoba alebo firma[0m
                    [36m</div>[39m
                  [36m</div>[39m
                  [36m<div[39m
                    [33mstyle[39m=[32m"margin-top: 12px;"[39m
                  [36m/>[39m
                  [36m<div[39m
                    [33mclass[39m=[32m"grid grid-cols-1 md:grid-cols-2 gap-4"[39m
                  [36m>[39m
                    [36m<div>[39m
                      [36m<label[39m
                        [33mclass[39m=[32m"block text-base font-normal text-gray-600 mb-1.5 max-lg:text-base max
-lg:mb-1"[39m
                        [33mfor[39m=[32m"username"[39m
                      [36m>[39m
                        [0mPou┼╛├¡vate─╛sk├⌐ meno *[0m
                      [36m</label>[39m
                      [36m<input[39m
                        [33maria-describedby[39m=[32m"username-help"[39m
                        [33maria-invalid[39m=[32m"false"[39m
                        [33maria-label[39m=[32m"Zadajte svoje pou┼╛├¡vate─╛sk├⌐ meno"[39m
                        [33maria-required[39m=[32m"true"[39m
                        [33mautocomplete[39m=[32m"username"[39m
                        [33mclass[39m=[32m"w-full px-16 py-12 text-xl border rounded-lg focus:ring-2 focus:ring-
purple-500 focus:border-transparent outline-none transition-all max-lg:px-4 max-lg:py-3 max-lg:text-base border-gra
y-300"[39m
                        [33mid[39m=[32m"username"[39m
                        [33mname[39m=[32m"username"[39m
                        [33mplaceholder[39m=[32m"Pou┼╛├¡vate─╛sk├⌐ meno"[39m
                        [33mstyle[39m=[32m"padding: 16px 12px 16px 12px;"[39m
                        [33mtabindex[39m=[32m"2"[39m
                        [33mtype[39m=[32m"text"[39m
                        [33mvalue[39m=[32m"testuser"[39m
                      [36m/>[39m
                      [36m<div[39m
                        [33mclass[39m=[32m"sr-only"[39m
                        [33mid[39m=[32m"username-help"[39m
                      [36m>[39m
                        [0mZadajte jedine─ìn├⌐ pou┼╛├¡vate─╛sk├⌐ meno pre v├í┼í ├║─ìet[0m
                      [36m</div>[39m
                    [36m</div>[39m
                    [36m<div>[39m
                      [36m<label[39m
                        [33mclass[39m=[32m"block text-base font-normal text-gray-600 mb-1.5 max-lg:text-base max
-lg:mb-1"[39m
                        [33mfor[39m=[32m"email"[39m
                      [36m>[39m
                        [0mEmail *[0m
                      [36m</label>[39m
                      [36m<input[39m
                        [33maria-describedby[39m=[32m"email-help"[39m
                        [33maria-invalid[39m=[32m"false"[39m
                        [33maria-label[39m=[32m"Zadajte svoju emailov├║ adresu"[39m
                        [33maria-required[39m=[32m"true"[39m
                        [33mautocomplete[39m=[32m"email"[39m
                        [33mclass[39m=[32m"w-full px-16 py-12 text-xl border rounded-lg focus:ring-2 focus:ring-
purple-500 focus:border-transparent outline-none transition-all max-lg:px-4 max-lg:py-3 max-lg:text-base border-gra
y-300"[39m
                        [33mid[39m=[32m"email"[39m
                        [33mname[39m=[32m"email"[39m
                        [33mplaceholder[39m=[32m"vas@email.sk"[39m
                        [33mstyle[39m=[32m"padding: 16px 12px 16px 12px;"[39m
                        [33mtabindex[39m=[32m"3"[39m
                        [33mtype...

    [0m [90m 386 |[39m     fireEvent[33m.[39mclick(submitButton)[33m;[39m
     [90m 387 |[39m     
    [31m[1m>[22m[39m[90m 388 |[39m     [36mawait[39m waitFor(() [33m=>[39m {
     [90m     |[39m                  [31m[1m^[22m[39m
     [90m 389 |[39m       expect(screen[33m.[39mgetByText([32m'Registr├ícia ├║spe┼ín├í!'[39m))[33m.[39mtoBe
InTheDocument()[33m;[39m
     [90m 390 |[39m     })[33m;[39m
     [90m 391 |[39m[0m

      at waitForWrapper (node_modules/@testing-library/react/node_modules/@testing-library/dom/dist/wait-for.js:166
:27)
      at Object.<anonymous> (src/components/__tests__/RegisterForm.test.tsx:388:18)


Test Suites: 7 failed, 17 passed, 24 total
Tests:       32 failed, 175 passed, 207 total
Snapshots:   0 total
Time:        12.972 s
Ran all test suites.
